Route M app/src/test/java/com/whip/app/ui/HabitPresentationTest.kt -> jvm:com.whip.app.ui.HabitPresentationTest (exact JVM test class)
Route M app/src/test/java/com/whip/app/ui/UiDesignArchitectureTest.kt -> jvm:com.whip.app.ui.UiDesignArchitectureTest (exact JVM test class)
Route M app/src/test/java/com/whip/app/ui/InteractionConsistencyTest.kt -> jvm:com.whip.app.ui.InteractionConsistencyTest (exact JVM test class)
Route M app/src/test/java/com/whip/app/ui/EditorFeatureIntegrityTest.kt -> jvm:com.whip.app.ui.EditorFeatureIntegrityTest (exact JVM test class)
Route M app/src/test/java/com/whip/app/ui/SurfaceRoleArchitectureTest.kt -> jvm:com.whip.app.ui.SurfaceRoleArchitectureTest (exact JVM test class)
Route M app/src/androidTest/java/com/whip/app/ui/ActivityActionLayoutUiTest.kt -> android:com.whip.app.ui.ActivityActionLayoutUiTest (exact Android test class)
JVM selector: com.whip.app.ui.EditorFeatureIntegrityTest
JVM selector: com.whip.app.ui.HabitPresentationTest
JVM selector: com.whip.app.ui.InteractionConsistencyTest
JVM selector: com.whip.app.ui.SurfaceRoleArchitectureTest
JVM selector: com.whip.app.ui.UiDesignArchitectureTest
Android selector: com.whip.app.ui.ActivityActionLayoutUiTest
All JVM tests: false
All Android tests: false
Static checks: false
Frozen candidate required: false
Calculating task graph as no cached configuration is available for tasks: :app:testDebugUnitTest --tests com.whip.app.ui.EditorFeatureIntegrityTest --tests com.whip.app.ui.HabitPresentationTest --tests com.whip.app.ui.InteractionConsistencyTest --tests com.whip.app.ui.SurfaceRoleArchitectureTest --tests com.whip.app.ui.UiDesignArchitectureTest
> Task :app:preBuild UP-TO-DATE
> Task :app:preDebugBuild UP-TO-DATE
> Task :app:preDebugUnitTestBuild UP-TO-DATE
> Task :app:createDebugCompatibleScreenManifests UP-TO-DATE
> Task :app:generateDebugJacocoPropertiesFile UP-TO-DATE
> Task :app:generateDebugResValues UP-TO-DATE
> Task :app:generateDebugBuildConfig UP-TO-DATE
> Task :app:javaPreCompileDebug UP-TO-DATE
> Task :app:javaPreCompileDebugUnitTest UP-TO-DATE
> Task :app:generateDebugResources UP-TO-DATE
> Task :app:mapDebugSourceSetPaths UP-TO-DATE
> Task :app:extractDeepLinksDebug UP-TO-DATE
> Task :app:packageDebugResources UP-TO-DATE
> Task :app:processDebugNavigationResources UP-TO-DATE
> Task :app:checkDebugAarMetadata UP-TO-DATE
> Task :app:compileDebugNavigationResources UP-TO-DATE
> Task :app:parseDebugLocalResources UP-TO-DATE
> Task :app:mergeDebugResources UP-TO-DATE
> Task :app:generateDebugRFile UP-TO-DATE
> Task :app:processDebugMainManifest UP-TO-DATE
> Task :app:processDebugManifest UP-TO-DATE
> Task :app:processDebugManifestForPackage UP-TO-DATE
> Task :app:processDebugResources UP-TO-DATE
> Task :app:kspDebugKotlin

> Task :app:compileDebugKotlin
w: file:///root/repos/whip/app/src/main/java/com/whip/app/ui/GoalScreens.kt:1749:54 Unnecessary safe call on a non-null receiver of type 'GoalProjection'.
w: file:///root/repos/whip/app/src/main/java/com/whip/app/ui/GoalScreens.kt:1749:54 Unnecessary safe call on a non-null receiver of type 'GoalProjection'.
w: file:///root/repos/whip/app/src/main/java/com/whip/app/ui/RoutineBuilder.kt:3259:77 Unnecessary safe call on a non-null receiver of type 'Exercise'.
w: file:///root/repos/whip/app/src/main/java/com/whip/app/ui/RoutineBuilder.kt:3262:29 Unnecessary safe call on a non-null receiver of type 'Exercise'.
w: file:///root/repos/whip/app/src/main/java/com/whip/app/ui/RoutineBuilder.kt:3263:89 Unnecessary safe call on a non-null receiver of type 'Exercise'.
w: file:///root/repos/whip/app/src/main/java/com/whip/app/ui/RoutineBuilder.kt:3294:45 Unnecessary safe call on a non-null receiver of type 'Exercise'.
w: file:///root/repos/whip/app/src/main/java/com/whip/app/ui/RoutineBuilder.kt:3295:124 Unnecessary safe call on a non-null receiver of type 'Exercise'.
w: file:///root/repos/whip/app/src/main/java/com/whip/app/ui/RoutineBuilder.kt:3296:119 Unnecessary safe call on a non-null receiver of type 'Exercise'.

> Task :app:processDebugJavaRes UP-TO-DATE
> Task :app:compileDebugJavaWithJavac UP-TO-DATE
> Task :app:bundleDebugClassesToRuntimeJar
> Task :app:bundleDebugClassesToCompileJar
> Task :app:kspDebugUnitTestKotlin SKIPPED
> Task :app:compileDebugUnitTestKotlin
> Task :app:compileDebugUnitTestJavaWithJavac NO-SOURCE
> Task :app:copyRoomSchemas NO-SOURCE
> Task :app:processDebugUnitTestJavaRes UP-TO-DATE
> Task :app:testDebugUnitTest

[Incubating] Problems report is available at: file:///root/repos/whip/build/reports/problems/problems-report.html

BUILD SUCCESSFUL in 43s
29 actionable tasks: 6 executed, 23 up-to-date
Configuration cache entry stored.
Targeted development checks passed; selected Android tests were compiled but not executed.
Affected-change readiness gate passed. Frozen-candidate evidence was not created.
Play Store assets verified: 512x512 icon, 1024x500 feature graphic, and 5 phone screenshots
Calculating task graph as no cached configuration is available for tasks: :app:compileDebugAndroidTestKotlin :app:lintDebug :app:assembleDebug :app:assembleDebugAndroidTest
> Task :app:preBuild UP-TO-DATE
> Task :app:generateDebugAssets UP-TO-DATE
> Task :app:generateDebugAndroidTestAssets UP-TO-DATE
> Task :app:preDebugBuild UP-TO-DATE
> Task :app:copyRoomSchemasToAndroidTestAssetsDebugAndroidTest UP-TO-DATE
> Task :app:preDebugAndroidTestBuild SKIPPED
> Task :app:preDebugUnitTestBuild UP-TO-DATE
> Task :app:javaPreCompileDebug UP-TO-DATE
> Task :app:createDebugCompatibleScreenManifests UP-TO-DATE
> Task :app:generateDebugResValues UP-TO-DATE
> Task :app:mergeDebugNativeDebugMetadata NO-SOURCE
> Task :app:generateDebugBuildConfig UP-TO-DATE
> Task :app:extractProguardFiles UP-TO-DATE
> Task :app:generateDebugGlobalSynthetics UP-TO-DATE
> Task :app:mapDebugSourceSetPaths UP-TO-DATE
> Task :app:generateDebugAndroidTestResValues UP-TO-DATE
> Task :app:mergeDebugJniLibFolders UP-TO-DATE
> Task :app:validateSigningDebug UP-TO-DATE
> Task :app:processDebugAndroidTestNavigationResources UP-TO-DATE
> Task :app:desugarDebugFileDependencies UP-TO-DATE
> Task :app:writeDebugAppMetadata UP-TO-DATE
> Task :app:extractDeepLinksDebug UP-TO-DATE
> Task :app:generateDebugResources UP-TO-DATE
> Task :app:writeDebugSigningConfigVersions UP-TO-DATE
> Task :app:generateDebugJacocoPropertiesFile UP-TO-DATE
> Task :app:generateDebugAndroidTestGlobalSynthetics UP-TO-DATE
> Task :app:processDebugNavigationResources UP-TO-DATE
> Task :app:javaPreCompileDebugAndroidTest UP-TO-DATE
> Task :app:mergeDebugAndroidTestJniLibFolders UP-TO-DATE
> Task :app:checkDebugAarMetadata UP-TO-DATE
> Task :app:generateDebugAndroidTestResources UP-TO-DATE
> Task :app:desugarDebugAndroidTestFileDependencies UP-TO-DATE
> Task :app:validateSigningDebugAndroidTest UP-TO-DATE
> Task :app:checkDebugDuplicateClasses UP-TO-DATE
> Task :app:writeDebugAndroidTestSigningConfigVersions UP-TO-DATE
> Task :app:mergeDebugAssets UP-TO-DATE
> Task :app:compressDebugAssets UP-TO-DATE
> Task :app:packageDebugResources UP-TO-DATE
> Task :app:parseDebugLocalResources UP-TO-DATE
> Task :app:generateDebugRFile UP-TO-DATE
> Task :app:compileDebugNavigationResources UP-TO-DATE
> Task :app:mergeLibDexDebug UP-TO-DATE
> Task :app:kspDebugKotlin UP-TO-DATE
> Task :app:mapDebugAndroidTestSourceSetPaths UP-TO-DATE
> Task :app:compileDebugAndroidTestNavigationResources UP-TO-DATE
> Task :app:mergeDebugResources UP-TO-DATE
> Task :app:packageDebugAndroidTestResources UP-TO-DATE
> Task :app:parseDebugAndroidTestLocalResources UP-TO-DATE
> Task :app:generateDebugAndroidTestRFile UP-TO-DATE
> Task :app:processDebugMainManifest UP-TO-DATE
> Task :app:processDebugManifest UP-TO-DATE
> Task :app:mergeDebugNativeLibs UP-TO-DATE
> Task :app:processDebugManifestForPackage UP-TO-DATE
> Task :app:stripDebugDebugSymbols UP-TO-DATE
> Task :app:mergeDebugAndroidTestAssets UP-TO-DATE
> Task :app:checkDebugAndroidTestAarMetadata UP-TO-DATE
> Task :app:compressDebugAndroidTestAssets UP-TO-DATE
> Task :app:compileDebugKotlin UP-TO-DATE
> Task :app:checkDebugAndroidTestDuplicateClasses UP-TO-DATE
> Task :app:mergeDebugAndroidTestResources UP-TO-DATE
> Task :app:compileDebugJavaWithJavac UP-TO-DATE
> Task :app:processDebugJavaRes UP-TO-DATE
> Task :app:processDebugResources UP-TO-DATE
> Task :app:bundleDebugClassesToCompileJar UP-TO-DATE
> Task :app:mergeDebugJavaResource UP-TO-DATE
> Task :app:mergeLibDexDebugAndroidTest UP-TO-DATE
> Task :app:mergeExtDexDebug UP-TO-DATE
> Task :app:mergeDebugAndroidTestNativeLibs NO-SOURCE
> Task :app:mergeDebugAndroidTestManifest UP-TO-DATE
> Task :app:stripDebugAndroidTestDebugSymbols NO-SOURCE
> Task :app:processDebugAndroidTestManifest UP-TO-DATE
> Task :app:generateDebugAndroidTestBuildConfig UP-TO-DATE
> Task :app:kspDebugAndroidTestKotlin SKIPPED
> Task :app:mergeExtDexDebugAndroidTest UP-TO-DATE
> Task :app:processDebugAndroidTestResources UP-TO-DATE
> Task :app:generateDebugUnitTestLintModel
> Task :app:generateDebugLintReportModel
> Task :app:generateDebugAndroidTestLintModel

> Task :app:compileDebugAndroidTestKotlin FAILED
e: file:///root/repos/whip/app/src/androidTest/java/com/whip/app/ui/ActivityActionLayoutUiTest.kt:161:63 No parameter with name 'progressBaseline' found.

> Task :app:copyRoomSchemas NO-SOURCE
> Task :app:jacocoDebug
> Task :app:lintAnalyzeDebugUnitTest
> Task :app:lintAnalyzeDebug
> Task :app:lintAnalyzeDebugAndroidTest

[Incubating] Problems report is available at: file:///root/repos/whip/build/reports/problems/problems-report.html

FAILURE: Build failed with an exception.

* What went wrong:
Execution failed for task ':app:compileDebugAndroidTestKotlin' (registered by plugin 'com.android.internal.application').
> A failure occurred while executing org.jetbrains.kotlin.compilerRunner.btapi.BuildToolsApiCompilationWork
   > Compilation error. See log for more details

* Try:
> Run with --stacktrace option to get the stack trace.
> Run with --info or --debug option to get more log output.
> Run with --scan to get full insights from a Build Scan (powered by Develocity).
> Get more help at https://help.gradle.org.

BUILD FAILED in 4m 2s
73 actionable tasks: 8 executed, 65 up-to-date
Configuration cache entry stored.
