INSTRUMENTATION_STATUS: numtests=6
INSTRUMENTATION_STATUS: stream=
com.whip.app.TrackDefinitionReviewJourneyE2ETest:
INSTRUMENTATION_STATUS: id=AndroidJUnitRunner
INSTRUMENTATION_STATUS: test=parentValidationRevealsEveryFailedSaveAndAllowsCorrection
INSTRUMENTATION_STATUS: class=com.whip.app.TrackDefinitionReviewJourneyE2ETest
INSTRUMENTATION_STATUS: current=1
INSTRUMENTATION_STATUS_CODE: 1
INSTRUMENTATION_STATUS: numtests=6
INSTRUMENTATION_STATUS: stream=.
INSTRUMENTATION_STATUS: id=AndroidJUnitRunner
INSTRUMENTATION_STATUS: test=parentValidationRevealsEveryFailedSaveAndAllowsCorrection
INSTRUMENTATION_STATUS: class=com.whip.app.TrackDefinitionReviewJourneyE2ETest
INSTRUMENTATION_STATUS: current=1
INSTRUMENTATION_STATUS_CODE: 0
INSTRUMENTATION_STATUS: numtests=6
INSTRUMENTATION_STATUS: stream=
INSTRUMENTATION_STATUS: id=AndroidJUnitRunner
INSTRUMENTATION_STATUS: test=destructiveReviewPreservesReplacementAndRejectsChangedHistoryAtLargeText
INSTRUMENTATION_STATUS: class=com.whip.app.TrackDefinitionReviewJourneyE2ETest
INSTRUMENTATION_STATUS: current=2
INSTRUMENTATION_STATUS_CODE: 1
INSTRUMENTATION_STATUS: numtests=6
INSTRUMENTATION_STATUS: stream=.
INSTRUMENTATION_STATUS: id=AndroidJUnitRunner
INSTRUMENTATION_STATUS: test=destructiveReviewPreservesReplacementAndRejectsChangedHistoryAtLargeText
INSTRUMENTATION_STATUS: class=com.whip.app.TrackDefinitionReviewJourneyE2ETest
INSTRUMENTATION_STATUS: current=2
INSTRUMENTATION_STATUS_CODE: 0
INSTRUMENTATION_STATUS: numtests=6
INSTRUMENTATION_STATUS: stream=
INSTRUMENTATION_STATUS: id=AndroidJUnitRunner
INSTRUMENTATION_STATUS: test=normalizedAuthorshipCompletesExistingTrackSave
INSTRUMENTATION_STATUS: class=com.whip.app.TrackDefinitionReviewJourneyE2ETest
INSTRUMENTATION_STATUS: current=3
INSTRUMENTATION_STATUS_CODE: 1
INSTRUMENTATION_STATUS: numtests=6
INSTRUMENTATION_STATUS: stream=.
INSTRUMENTATION_STATUS: id=AndroidJUnitRunner
INSTRUMENTATION_STATUS: test=normalizedAuthorshipCompletesExistingTrackSave
INSTRUMENTATION_STATUS: class=com.whip.app.TrackDefinitionReviewJourneyE2ETest
INSTRUMENTATION_STATUS: current=3
INSTRUMENTATION_STATUS_CODE: 0
INSTRUMENTATION_STATUS: numtests=6
INSTRUMENTATION_STATUS: stream=
INSTRUMENTATION_STATUS: id=AndroidJUnitRunner
INSTRUMENTATION_STATUS: test=parentValidationRevealsEveryFailedSaveAndAllowsCorrectionAtLargeText
INSTRUMENTATION_STATUS: class=com.whip.app.TrackDefinitionReviewJourneyE2ETest
INSTRUMENTATION_STATUS: current=4
INSTRUMENTATION_STATUS_CODE: 1
INSTRUMENTATION_STATUS: numtests=6
INSTRUMENTATION_STATUS: stream=.
INSTRUMENTATION_STATUS: id=AndroidJUnitRunner
INSTRUMENTATION_STATUS: test=parentValidationRevealsEveryFailedSaveAndAllowsCorrectionAtLargeText
INSTRUMENTATION_STATUS: class=com.whip.app.TrackDefinitionReviewJourneyE2ETest
INSTRUMENTATION_STATUS: current=4
INSTRUMENTATION_STATUS_CODE: 0
INSTRUMENTATION_STATUS: numtests=6
INSTRUMENTATION_STATUS: stream=
INSTRUMENTATION_STATUS: id=AndroidJUnitRunner
INSTRUMENTATION_STATUS: test=destructiveReviewPreservesReplacementAndRejectsChangedHistory
INSTRUMENTATION_STATUS: class=com.whip.app.TrackDefinitionReviewJourneyE2ETest
INSTRUMENTATION_STATUS: current=5
INSTRUMENTATION_STATUS_CODE: 1
INSTRUMENTATION_STATUS: numtests=6
INSTRUMENTATION_STATUS: stream=.
INSTRUMENTATION_STATUS: id=AndroidJUnitRunner
INSTRUMENTATION_STATUS: test=destructiveReviewPreservesReplacementAndRejectsChangedHistory
INSTRUMENTATION_STATUS: class=com.whip.app.TrackDefinitionReviewJourneyE2ETest
INSTRUMENTATION_STATUS: current=5
INSTRUMENTATION_STATUS_CODE: 0
INSTRUMENTATION_STATUS: numtests=6
INSTRUMENTATION_STATUS: stream=
INSTRUMENTATION_STATUS: id=AndroidJUnitRunner
INSTRUMENTATION_STATUS: test=normalizedAuthorshipCompletesExistingTrackSaveAtLargeText
INSTRUMENTATION_STATUS: class=com.whip.app.TrackDefinitionReviewJourneyE2ETest
INSTRUMENTATION_STATUS: current=6
INSTRUMENTATION_STATUS_CODE: 1
INSTRUMENTATION_STATUS: numtests=6
INSTRUMENTATION_STATUS: stream=.
INSTRUMENTATION_STATUS: id=AndroidJUnitRunner
INSTRUMENTATION_STATUS: test=normalizedAuthorshipCompletesExistingTrackSaveAtLargeText
INSTRUMENTATION_STATUS: class=com.whip.app.TrackDefinitionReviewJourneyE2ETest
INSTRUMENTATION_STATUS: current=6
INSTRUMENTATION_STATUS_CODE: 0
INSTRUMENTATION_RESULT: stream=

Time: 99.129

OK (6 tests)


INSTRUMENTATION_CODE: -1
