INSTRUMENTATION_STATUS: numtests=6
INSTRUMENTATION_STATUS: stream=
com.whip.app.TrackDefinitionReviewJourneyE2ETest:
INSTRUMENTATION_STATUS: id=AndroidJUnitRunner
INSTRUMENTATION_STATUS: test=parentValidationRevealsEveryFailedSaveAndAllowsCorrection
INSTRUMENTATION_STATUS: class=com.whip.app.TrackDefinitionReviewJourneyE2ETest
INSTRUMENTATION_STATUS: current=1
INSTRUMENTATION_STATUS_CODE: 1
INSTRUMENTATION_STATUS: numtests=6
INSTRUMENTATION_STATUS: stream=.
INSTRUMENTATION_STATUS: id=AndroidJUnitRunner
INSTRUMENTATION_STATUS: test=parentValidationRevealsEveryFailedSaveAndAllowsCorrection
INSTRUMENTATION_STATUS: class=com.whip.app.TrackDefinitionReviewJourneyE2ETest
INSTRUMENTATION_STATUS: current=1
INSTRUMENTATION_STATUS_CODE: 0
INSTRUMENTATION_STATUS: numtests=6
INSTRUMENTATION_STATUS: stream=
INSTRUMENTATION_STATUS: id=AndroidJUnitRunner
INSTRUMENTATION_STATUS: test=destructiveReviewPreservesReplacementAndRejectsChangedHistoryAtLargeText
INSTRUMENTATION_STATUS: class=com.whip.app.TrackDefinitionReviewJourneyE2ETest
INSTRUMENTATION_STATUS: current=2
INSTRUMENTATION_STATUS_CODE: 1
INSTRUMENTATION_STATUS: numtests=6
INSTRUMENTATION_STATUS: stream=.
INSTRUMENTATION_STATUS: id=AndroidJUnitRunner
INSTRUMENTATION_STATUS: test=destructiveReviewPreservesReplacementAndRejectsChangedHistoryAtLargeText
INSTRUMENTATION_STATUS: class=com.whip.app.TrackDefinitionReviewJourneyE2ETest
INSTRUMENTATION_STATUS: current=2
INSTRUMENTATION_STATUS_CODE: 0
INSTRUMENTATION_STATUS: numtests=6
INSTRUMENTATION_STATUS: stream=
INSTRUMENTATION_STATUS: id=AndroidJUnitRunner
INSTRUMENTATION_STATUS: test=normalizedAuthorshipCompletesExistingTrackSave
INSTRUMENTATION_STATUS: class=com.whip.app.TrackDefinitionReviewJourneyE2ETest
INSTRUMENTATION_STATUS: current=3
INSTRUMENTATION_STATUS_CODE: 1
INSTRUMENTATION_STATUS: numtests=6
INSTRUMENTATION_STATUS: stream=
Error in normalizedAuthorshipCompletesExistingTrackSave(com.whip.app.TrackDefinitionReviewJourneyE2ETest):
androidx.test.espresso.base.RootViewPicker$RootViewWithoutFocusException: Waited for the root of the view hierarchy to have window focus and not request layout for 10 seconds. If you specified a non default root matcher, it may be picking a root that never takes focus. Root:
Root{application-window-token=android.view.ViewRootImpl$W@d115ab3, window-token=android.view.ViewRootImpl$W@d115ab3, has-window-focus=false, layout-params-type=1, layout-params-string=WM.LayoutParams{(0,0)(fillxfill) sim=#110 ty=1 fl=#80810100 pfl=0x20000 wanim=0x10302f6 vsysui=0x2710 needsMenuKey=2 colorMode=0}, decor-view-string=DecorView{id=-1, visibility=VISIBLE, width=480, height=800, has-focus=true, has-focusable=true, has-window-focus=false, is-clickable=false, is-enabled=true, is-focused=false, is-focusable=false, is-layout-requested=false, is-selected=false, layout-params=WM.LayoutParams{(0,0)(fillxfill) sim=#110 ty=1 fl=#80810100 pfl=0x20000 wanim=0x10302f6 vsysui=0x2710 needsMenuKey=2 colorMode=0}, tag=null, root-is-layout-requested=false, has-input-connection=false, x=0.0, y=0.0, child-count=3}}
	at dalvik.system.VMStack.getThreadStackTrace(Native Method)
	at java.lang.Thread.getStackTrace(Thread.java:1536)
	at androidx.test.espresso.base.EspressoExceptionHandler.handleSafely(EspressoExceptionHandler.java:34)
	at androidx.test.espresso.base.EspressoExceptionHandler.handleSafely(EspressoExceptionHandler.java:26)
	at androidx.test.espresso.base.DefaultFailureHandler$TypedFailureHandler.handle(DefaultFailureHandler.java:158)
	at androidx.test.espresso.base.DefaultFailureHandler.handle(DefaultFailureHandler.java:120)
	at androidx.test.espresso.ViewInteraction.waitForAndHandleInteractionResults(ViewInteraction.java:385)
	at androidx.test.espresso.ViewInteraction.desugaredPerform(ViewInteraction.java:212)
	at androidx.test.espresso.ViewInteraction.perform(ViewInteraction.java:140)
	at androidx.test.espresso.Espresso.closeSoftKeyboard(Espresso.java:206)
	at com.whip.app.TrackDefinitionReviewJourneyE2ETest.reopenEditor(TrackDefinitionReviewJourneyE2ETest.kt:206)
	at com.whip.app.TrackDefinitionReviewJourneyE2ETest.normalization(TrackDefinitionReviewJourneyE2ETest.kt:113)
	at com.whip.app.TrackDefinitionReviewJourneyE2ETest.normalizedAuthorshipCompletesExistingTrackSave(TrackDefinitionReviewJourneyE2ETest.kt:31)

INSTRUMENTATION_STATUS: id=AndroidJUnitRunner
INSTRUMENTATION_STATUS: test=normalizedAuthorshipCompletesExistingTrackSave
INSTRUMENTATION_STATUS: class=com.whip.app.TrackDefinitionReviewJourneyE2ETest
INSTRUMENTATION_STATUS: stack=androidx.test.espresso.base.RootViewPicker$RootViewWithoutFocusException: Waited for the root of the view hierarchy to have window focus and not request layout for 10 seconds. If you specified a non default root matcher, it may be picking a root that never takes focus. Root:
Root{application-window-token=android.view.ViewRootImpl$W@d115ab3, window-token=android.view.ViewRootImpl$W@d115ab3, has-window-focus=false, layout-params-type=1, layout-params-string=WM.LayoutParams{(0,0)(fillxfill) sim=#110 ty=1 fl=#80810100 pfl=0x20000 wanim=0x10302f6 vsysui=0x2710 needsMenuKey=2 colorMode=0}, decor-view-string=DecorView{id=-1, visibility=VISIBLE, width=480, height=800, has-focus=true, has-focusable=true, has-window-focus=false, is-clickable=false, is-enabled=true, is-focused=false, is-focusable=false, is-layout-requested=false, is-selected=false, layout-params=WM.LayoutParams{(0,0)(fillxfill) sim=#110 ty=1 fl=#80810100 pfl=0x20000 wanim=0x10302f6 vsysui=0x2710 needsMenuKey=2 colorMode=0}, tag=null, root-is-layout-requested=false, has-input-connection=false, x=0.0, y=0.0, child-count=3}}
	at dalvik.system.VMStack.getThreadStackTrace(Native Method)
	at java.lang.Thread.getStackTrace(Thread.java:1536)
	at androidx.test.espresso.base.EspressoExceptionHandler.handleSafely(EspressoExceptionHandler.java:34)
	at androidx.test.espresso.base.EspressoExceptionHandler.handleSafely(EspressoExceptionHandler.java:26)
	at androidx.test.espresso.base.DefaultFailureHandler$TypedFailureHandler.handle(DefaultFailureHandler.java:158)
	at androidx.test.espresso.base.DefaultFailureHandler.handle(DefaultFailureHandler.java:120)
	at androidx.test.espresso.ViewInteraction.waitForAndHandleInteractionResults(ViewInteraction.java:385)
	at androidx.test.espresso.ViewInteraction.desugaredPerform(ViewInteraction.java:212)
	at androidx.test.espresso.ViewInteraction.perform(ViewInteraction.java:140)
	at androidx.test.espresso.Espresso.closeSoftKeyboard(Espresso.java:206)
	at com.whip.app.TrackDefinitionReviewJourneyE2ETest.reopenEditor(TrackDefinitionReviewJourneyE2ETest.kt:206)
	at com.whip.app.TrackDefinitionReviewJourneyE2ETest.normalization(TrackDefinitionReviewJourneyE2ETest.kt:113)
	at com.whip.app.TrackDefinitionReviewJourneyE2ETest.normalizedAuthorshipCompletesExistingTrackSave(TrackDefinitionReviewJourneyE2ETest.kt:31)

INSTRUMENTATION_STATUS: current=3
INSTRUMENTATION_STATUS_CODE: -2
INSTRUMENTATION_STATUS: numtests=6
INSTRUMENTATION_STATUS: stream=
INSTRUMENTATION_STATUS: id=AndroidJUnitRunner
INSTRUMENTATION_STATUS: test=parentValidationRevealsEveryFailedSaveAndAllowsCorrectionAtLargeText
INSTRUMENTATION_STATUS: class=com.whip.app.TrackDefinitionReviewJourneyE2ETest
INSTRUMENTATION_STATUS: current=4
INSTRUMENTATION_STATUS_CODE: 1
INSTRUMENTATION_STATUS: numtests=6
INSTRUMENTATION_STATUS: stream=.
INSTRUMENTATION_STATUS: id=AndroidJUnitRunner
INSTRUMENTATION_STATUS: test=parentValidationRevealsEveryFailedSaveAndAllowsCorrectionAtLargeText
INSTRUMENTATION_STATUS: class=com.whip.app.TrackDefinitionReviewJourneyE2ETest
INSTRUMENTATION_STATUS: current=4
INSTRUMENTATION_STATUS_CODE: 0
INSTRUMENTATION_STATUS: numtests=6
INSTRUMENTATION_STATUS: stream=
INSTRUMENTATION_STATUS: id=AndroidJUnitRunner
INSTRUMENTATION_STATUS: test=destructiveReviewPreservesReplacementAndRejectsChangedHistory
INSTRUMENTATION_STATUS: class=com.whip.app.TrackDefinitionReviewJourneyE2ETest
INSTRUMENTATION_STATUS: current=5
INSTRUMENTATION_STATUS_CODE: 1
INSTRUMENTATION_STATUS: numtests=6
INSTRUMENTATION_STATUS: stream=.
INSTRUMENTATION_STATUS: id=AndroidJUnitRunner
INSTRUMENTATION_STATUS: test=destructiveReviewPreservesReplacementAndRejectsChangedHistory
INSTRUMENTATION_STATUS: class=com.whip.app.TrackDefinitionReviewJourneyE2ETest
INSTRUMENTATION_STATUS: current=5
INSTRUMENTATION_STATUS_CODE: 0
INSTRUMENTATION_STATUS: numtests=6
INSTRUMENTATION_STATUS: stream=
INSTRUMENTATION_STATUS: id=AndroidJUnitRunner
INSTRUMENTATION_STATUS: test=normalizedAuthorshipCompletesExistingTrackSaveAtLargeText
INSTRUMENTATION_STATUS: class=com.whip.app.TrackDefinitionReviewJourneyE2ETest
INSTRUMENTATION_STATUS: current=6
INSTRUMENTATION_STATUS_CODE: 1
INSTRUMENTATION_STATUS: numtests=6
INSTRUMENTATION_STATUS: stream=
Error in normalizedAuthorshipCompletesExistingTrackSaveAtLargeText(com.whip.app.TrackDefinitionReviewJourneyE2ETest):
androidx.test.espresso.base.RootViewPicker$RootViewWithoutFocusException: Waited for the root of the view hierarchy to have window focus and not request layout for 10 seconds. If you specified a non default root matcher, it may be picking a root that never takes focus. Root:
Root{application-window-token=android.view.ViewRootImpl$W@27d7e0d, window-token=android.view.ViewRootImpl$W@27d7e0d, has-window-focus=false, layout-params-type=1, layout-params-string=WM.LayoutParams{(0,0)(fillxfill) sim=#110 ty=1 fl=#80810100 pfl=0x20000 wanim=0x10302f6 vsysui=0x2710 needsMenuKey=2 colorMode=0}, decor-view-string=DecorView{id=-1, visibility=VISIBLE, width=480, height=800, has-focus=true, has-focusable=true, has-window-focus=false, is-clickable=false, is-enabled=true, is-focused=false, is-focusable=false, is-layout-requested=false, is-selected=false, layout-params=WM.LayoutParams{(0,0)(fillxfill) sim=#110 ty=1 fl=#80810100 pfl=0x20000 wanim=0x10302f6 vsysui=0x2710 needsMenuKey=2 colorMode=0}, tag=null, root-is-layout-requested=false, has-input-connection=false, x=0.0, y=0.0, child-count=3}}
	at dalvik.system.VMStack.getThreadStackTrace(Native Method)
	at java.lang.Thread.getStackTrace(Thread.java:1536)
	at androidx.test.espresso.base.EspressoExceptionHandler.handleSafely(EspressoExceptionHandler.java:34)
	at androidx.test.espresso.base.EspressoExceptionHandler.handleSafely(EspressoExceptionHandler.java:26)
	at androidx.test.espresso.base.DefaultFailureHandler$TypedFailureHandler.handle(DefaultFailureHandler.java:158)
	at androidx.test.espresso.base.DefaultFailureHandler.handle(DefaultFailureHandler.java:120)
	at androidx.test.espresso.ViewInteraction.waitForAndHandleInteractionResults(ViewInteraction.java:385)
	at androidx.test.espresso.ViewInteraction.desugaredPerform(ViewInteraction.java:212)
	at androidx.test.espresso.ViewInteraction.perform(ViewInteraction.java:140)
	at androidx.test.espresso.Espresso.closeSoftKeyboard(Espresso.java:206)
	at com.whip.app.TrackDefinitionReviewJourneyE2ETest.reopenEditor(TrackDefinitionReviewJourneyE2ETest.kt:206)
	at com.whip.app.TrackDefinitionReviewJourneyE2ETest.normalization(TrackDefinitionReviewJourneyE2ETest.kt:113)
	at com.whip.app.TrackDefinitionReviewJourneyE2ETest.normalizedAuthorshipCompletesExistingTrackSaveAtLargeText(TrackDefinitionReviewJourneyE2ETest.kt:33)

INSTRUMENTATION_STATUS: id=AndroidJUnitRunner
INSTRUMENTATION_STATUS: test=normalizedAuthorshipCompletesExistingTrackSaveAtLargeText
INSTRUMENTATION_STATUS: class=com.whip.app.TrackDefinitionReviewJourneyE2ETest
INSTRUMENTATION_STATUS: stack=androidx.test.espresso.base.RootViewPicker$RootViewWithoutFocusException: Waited for the root of the view hierarchy to have window focus and not request layout for 10 seconds. If you specified a non default root matcher, it may be picking a root that never takes focus. Root:
Root{application-window-token=android.view.ViewRootImpl$W@27d7e0d, window-token=android.view.ViewRootImpl$W@27d7e0d, has-window-focus=false, layout-params-type=1, layout-params-string=WM.LayoutParams{(0,0)(fillxfill) sim=#110 ty=1 fl=#80810100 pfl=0x20000 wanim=0x10302f6 vsysui=0x2710 needsMenuKey=2 colorMode=0}, decor-view-string=DecorView{id=-1, visibility=VISIBLE, width=480, height=800, has-focus=true, has-focusable=true, has-window-focus=false, is-clickable=false, is-enabled=true, is-focused=false, is-focusable=false, is-layout-requested=false, is-selected=false, layout-params=WM.LayoutParams{(0,0)(fillxfill) sim=#110 ty=1 fl=#80810100 pfl=0x20000 wanim=0x10302f6 vsysui=0x2710 needsMenuKey=2 colorMode=0}, tag=null, root-is-layout-requested=false, has-input-connection=false, x=0.0, y=0.0, child-count=3}}
	at dalvik.system.VMStack.getThreadStackTrace(Native Method)
	at java.lang.Thread.getStackTrace(Thread.java:1536)
	at androidx.test.espresso.base.EspressoExceptionHandler.handleSafely(EspressoExceptionHandler.java:34)
	at androidx.test.espresso.base.EspressoExceptionHandler.handleSafely(EspressoExceptionHandler.java:26)
	at androidx.test.espresso.base.DefaultFailureHandler$TypedFailureHandler.handle(DefaultFailureHandler.java:158)
	at androidx.test.espresso.base.DefaultFailureHandler.handle(DefaultFailureHandler.java:120)
	at androidx.test.espresso.ViewInteraction.waitForAndHandleInteractionResults(ViewInteraction.java:385)
	at androidx.test.espresso.ViewInteraction.desugaredPerform(ViewInteraction.java:212)
	at androidx.test.espresso.ViewInteraction.perform(ViewInteraction.java:140)
	at androidx.test.espresso.Espresso.closeSoftKeyboard(Espresso.java:206)
	at com.whip.app.TrackDefinitionReviewJourneyE2ETest.reopenEditor(TrackDefinitionReviewJourneyE2ETest.kt:206)
	at com.whip.app.TrackDefinitionReviewJourneyE2ETest.normalization(TrackDefinitionReviewJourneyE2ETest.kt:113)
	at com.whip.app.TrackDefinitionReviewJourneyE2ETest.normalizedAuthorshipCompletesExistingTrackSaveAtLargeText(TrackDefinitionReviewJourneyE2ETest.kt:33)

INSTRUMENTATION_STATUS: current=6
INSTRUMENTATION_STATUS_CODE: -2
INSTRUMENTATION_RESULT: stream=

Time: 96.363
There were 2 failures:
1) normalizedAuthorshipCompletesExistingTrackSave(com.whip.app.TrackDefinitionReviewJourneyE2ETest)
androidx.test.espresso.base.RootViewPicker$RootViewWithoutFocusException: Waited for the root of the view hierarchy to have window focus and not request layout for 10 seconds. If you specified a non default root matcher, it may be picking a root that never takes focus. Root:
Root{application-window-token=android.view.ViewRootImpl$W@d115ab3, window-token=android.view.ViewRootImpl$W@d115ab3, has-window-focus=false, layout-params-type=1, layout-params-string=WM.LayoutParams{(0,0)(fillxfill) sim=#110 ty=1 fl=#80810100 pfl=0x20000 wanim=0x10302f6 vsysui=0x2710 needsMenuKey=2 colorMode=0}, decor-view-string=DecorView{id=-1, visibility=VISIBLE, width=480, height=800, has-focus=true, has-focusable=true, has-window-focus=false, is-clickable=false, is-enabled=true, is-focused=false, is-focusable=false, is-layout-requested=false, is-selected=false, layout-params=WM.LayoutParams{(0,0)(fillxfill) sim=#110 ty=1 fl=#80810100 pfl=0x20000 wanim=0x10302f6 vsysui=0x2710 needsMenuKey=2 colorMode=0}, tag=null, root-is-layout-requested=false, has-input-connection=false, x=0.0, y=0.0, child-count=3}}
	at dalvik.system.VMStack.getThreadStackTrace(Native Method)
	at java.lang.Thread.getStackTrace(Thread.java:1536)
	at androidx.test.espresso.base.EspressoExceptionHandler.handleSafely(EspressoExceptionHandler.java:34)
	at androidx.test.espresso.base.EspressoExceptionHandler.handleSafely(EspressoExceptionHandler.java:26)
	at androidx.test.espresso.base.DefaultFailureHandler$TypedFailureHandler.handle(DefaultFailureHandler.java:158)
	at androidx.test.espresso.base.DefaultFailureHandler.handle(DefaultFailureHandler.java:120)
	at androidx.test.espresso.ViewInteraction.waitForAndHandleInteractionResults(ViewInteraction.java:385)
	at androidx.test.espresso.ViewInteraction.desugaredPerform(ViewInteraction.java:212)
	at androidx.test.espresso.ViewInteraction.perform(ViewInteraction.java:140)
	at androidx.test.espresso.Espresso.closeSoftKeyboard(Espresso.java:206)
	at com.whip.app.TrackDefinitionReviewJourneyE2ETest.reopenEditor(TrackDefinitionReviewJourneyE2ETest.kt:206)
	at com.whip.app.TrackDefinitionReviewJourneyE2ETest.normalization(TrackDefinitionReviewJourneyE2ETest.kt:113)
	at com.whip.app.TrackDefinitionReviewJourneyE2ETest.normalizedAuthorshipCompletesExistingTrackSave(TrackDefinitionReviewJourneyE2ETest.kt:31)
2) normalizedAuthorshipCompletesExistingTrackSaveAtLargeText(com.whip.app.TrackDefinitionReviewJourneyE2ETest)
androidx.test.espresso.base.RootViewPicker$RootViewWithoutFocusException: Waited for the root of the view hierarchy to have window focus and not request layout for 10 seconds. If you specified a non default root matcher, it may be picking a root that never takes focus. Root:
Root{application-window-token=android.view.ViewRootImpl$W@27d7e0d, window-token=android.view.ViewRootImpl$W@27d7e0d, has-window-focus=false, layout-params-type=1, layout-params-string=WM.LayoutParams{(0,0)(fillxfill) sim=#110 ty=1 fl=#80810100 pfl=0x20000 wanim=0x10302f6 vsysui=0x2710 needsMenuKey=2 colorMode=0}, decor-view-string=DecorView{id=-1, visibility=VISIBLE, width=480, height=800, has-focus=true, has-focusable=true, has-window-focus=false, is-clickable=false, is-enabled=true, is-focused=false, is-focusable=false, is-layout-requested=false, is-selected=false, layout-params=WM.LayoutParams{(0,0)(fillxfill) sim=#110 ty=1 fl=#80810100 pfl=0x20000 wanim=0x10302f6 vsysui=0x2710 needsMenuKey=2 colorMode=0}, tag=null, root-is-layout-requested=false, has-input-connection=false, x=0.0, y=0.0, child-count=3}}
	at dalvik.system.VMStack.getThreadStackTrace(Native Method)
	at java.lang.Thread.getStackTrace(Thread.java:1536)
	at androidx.test.espresso.base.EspressoExceptionHandler.handleSafely(EspressoExceptionHandler.java:34)
	at androidx.test.espresso.base.EspressoExceptionHandler.handleSafely(EspressoExceptionHandler.java:26)
	at androidx.test.espresso.base.DefaultFailureHandler$TypedFailureHandler.handle(DefaultFailureHandler.java:158)
	at androidx.test.espresso.base.DefaultFailureHandler.handle(DefaultFailureHandler.java:120)
	at androidx.test.espresso.ViewInteraction.waitForAndHandleInteractionResults(ViewInteraction.java:385)
	at androidx.test.espresso.ViewInteraction.desugaredPerform(ViewInteraction.java:212)
	at androidx.test.espresso.ViewInteraction.perform(ViewInteraction.java:140)
	at androidx.test.espresso.Espresso.closeSoftKeyboard(Espresso.java:206)
	at com.whip.app.TrackDefinitionReviewJourneyE2ETest.reopenEditor(TrackDefinitionReviewJourneyE2ETest.kt:206)
	at com.whip.app.TrackDefinitionReviewJourneyE2ETest.normalization(TrackDefinitionReviewJourneyE2ETest.kt:113)
	at com.whip.app.TrackDefinitionReviewJourneyE2ETest.normalizedAuthorshipCompletesExistingTrackSaveAtLargeText(TrackDefinitionReviewJourneyE2ETest.kt:33)

FAILURES!!!
Tests run: 6,  Failures: 2


INSTRUMENTATION_CODE: -1
