INSTRUMENTATION_STATUS: class=com.whip.app.TrackDefinitionReviewJourneyE2ETest
INSTRUMENTATION_STATUS: current=1
INSTRUMENTATION_STATUS: id=AndroidJUnitRunner
INSTRUMENTATION_STATUS: numtests=1
INSTRUMENTATION_STATUS: stream=
com.whip.app.TrackDefinitionReviewJourneyE2ETest:
INSTRUMENTATION_STATUS: test=destructiveReviewPreservesReplacementAndRejectsChangedHistory
INSTRUMENTATION_STATUS_CODE: 1
INSTRUMENTATION_STATUS: class=com.whip.app.TrackDefinitionReviewJourneyE2ETest
INSTRUMENTATION_STATUS: current=1
INSTRUMENTATION_STATUS: id=AndroidJUnitRunner
INSTRUMENTATION_STATUS: numtests=1
INSTRUMENTATION_STATUS: stack=java.lang.AssertionError: Text=Before Save, Whip will review the current exact impact on values.; size=920 x 48; paragraph=1024.0x48.0; widthOverflow=true; heightOverflow=false
	at org.junit.Assert.fail(Assert.java:89)
	at org.junit.Assert.assertTrue(Assert.java:42)
	at org.junit.Assert.assertFalse(Assert.java:65)
	at com.whip.app.TrackDefinitionReviewJourneyE2ETest.assertCompleteText$lambda$0(TrackDefinitionReviewJourneyE2ETest.kt:242)
	at com.whip.app.TrackDefinitionReviewJourneyE2ETest$$ExternalSyntheticLambda1.invoke(D8$$SyntheticClass:0)
	at androidx.compose.ui.test.ActionsKt.performSemanticsAction$lambda$1(Actions.kt:638)
	at androidx.compose.ui.test.ActionsKt$$ExternalSyntheticLambda13.invoke(D8$$SyntheticClass:0)
	at androidx.compose.ui.test.AndroidSynchronization_androidKt.runOnUiThread$lambda$0(AndroidSynchronization.android.kt:39)
	at androidx.compose.ui.test.AndroidSynchronization_androidKt$$ExternalSyntheticLambda0.call(D8$$SyntheticClass:0)
	at java.util.concurrent.FutureTask.run(FutureTask.java:328)
	at java.util.concurrent.Executors$RunnableAdapter.call(Executors.java:520)
	at java.util.concurrent.FutureTask.run(FutureTask.java:328)
	at android.app.Instrumentation$SyncRunnable.run(Instrumentation.java:2657)
	at android.os.Handler.handleCallback(Handler.java:1095)
	at android.os.Handler.dispatchMessageImpl(Handler.java:135)
	at android.os.Handler.dispatchMessage(Handler.java:125)
	at android.os.Looper.loopOnce(Looper.java:296)
	at android.os.Looper.loop(Looper.java:397)
	at android.app.ActivityThread.main(ActivityThread.java:9523)
	at java.lang.reflect.Method.invoke(Native Method)
	at com.android.internal.os.RuntimeInit$MethodAndArgsCaller.run(RuntimeInit.java:575)
	at com.android.internal.os.ZygoteInit.main(ZygoteInit.java:939)
	Suppressed: java.util.concurrent.ExecutionException: An Exception occurred on the UI thread during runOnUiThread()
		at androidx.compose.ui.test.AndroidSynchronization_androidKt.runOnUiThread(AndroidSynchronization.android.kt:50)
		at androidx.compose.ui.test.AndroidComposeUiTestEnvironment$AndroidComposeUiTestImpl.runOnUiThread(ComposeUiTest.android.kt:844)
		at androidx.compose.ui.test.AndroidComposeUiTestEnvironment$AndroidTestOwner.runOnUiThread(ComposeUiTest.android.kt:984)
		at androidx.compose.ui.test.ActionsKt.performSemanticsAction(Actions.kt:638)
		at com.whip.app.TrackDefinitionReviewJourneyE2ETest.assertCompleteText(TrackDefinitionReviewJourneyE2ETest.kt:237)
		at com.whip.app.TrackDefinitionReviewJourneyE2ETest.removal(TrackDefinitionReviewJourneyE2ETest.kt:145)
		at com.whip.app.TrackDefinitionReviewJourneyE2ETest.destructiveReviewPreservesReplacementAndRejectsChangedHistory(TrackDefinitionReviewJourneyE2ETest.kt:34)
		at java.lang.reflect.Method.invoke(Native Method)
		at org.junit.runners.model.FrameworkMethod$1.runReflectiveCall(FrameworkMethod.java:59)
		at org.junit.internal.runners.model.ReflectiveCallable.run(ReflectiveCallable.java:12)
		at org.junit.runners.model.FrameworkMethod.invokeExplosively(FrameworkMethod.java:56)
		at org.junit.internal.runners.statements.InvokeMethod.evaluate(InvokeMethod.java:17)
		at androidx.test.internal.runner.junit4.statement.RunAfters.evaluate(RunAfters.java:61)
		at androidx.compose.ui.test.junit4.AndroidComposeTestRule$apply$testWithDisposal$1.evaluate(AndroidComposeTestRule.android.kt:426)
		at androidx.compose.ui.test.junit4.AndroidComposeTestRule$apply$1$evaluate$1.invokeSuspend(AndroidComposeTestRule.android.kt:448)
		at androidx.compose.ui.test.junit4.AndroidComposeTestRule$apply$1$evaluate$1.invoke(AndroidComposeTestRule.android.kt:8)
		at androidx.compose.ui.test.junit4.AndroidComposeTestRule$apply$1$evaluate$1.invoke(AndroidComposeTestRule.android.kt:4)
		at androidx.compose.ui.test.AndroidComposeUiTestEnvironment$runTest$1$1$1$1$1.invokeSuspend(ComposeUiTest.android.kt:689)
		at androidx.compose.ui.test.AndroidComposeUiTestEnvironment$runTest$1$1$1$1$1.invoke(ComposeUiTest.android.kt:8)
		at androidx.compose.ui.test.AndroidComposeUiTestEnvironment$runTest$1$1$1$1$1.invoke(ComposeUiTest.android.kt:2)
		at androidx.compose.ui.test.EspressoLink.withStrategy(EspressoLink.android.kt:69)
		at androidx.compose.ui.test.AndroidComposeUiTestEnvironment$runTest$1$1.invokeSuspend(ComposeUiTest.android.kt:686)
		at androidx.compose.ui.test.AndroidComposeUiTestEnvironment$runTest$1$1.invoke(ComposeUiTest.android.kt:8)
		at androidx.compose.ui.test.AndroidComposeUiTestEnvironment$runTest$1$1.invoke(ComposeUiTest.android.kt:4)
		at kotlinx.coroutines.test.TestBuildersKt__TestBuildersKt$runTest$2$1$1.invokeSuspend(TestBuilders.kt:318)
		at kotlin.coroutines.jvm.internal.BaseContinuationImpl.resumeWith(ContinuationImpl.kt:34)
		at kotlinx.coroutines.DispatchedTask.run(DispatchedTask.kt:101)
		at kotlinx.coroutines.test.TestDispatcher.processEvent$kotlinx_coroutines_test(TestDispatcher.kt:24)
		at kotlinx.coroutines.test.TestCoroutineScheduler.tryRunNextTaskUnless$kotlinx_coroutines_test(TestCoroutineScheduler.kt:99)
		at kotlinx.coroutines.test.TestBuildersKt__TestBuildersKt$runTest$2$1$workRunner$1.invokeSuspend(TestBuilders.kt:327)
		at kotlin.coroutines.jvm.internal.BaseContinuationImpl.resumeWith(ContinuationImpl.kt:34)
		at kotlinx.coroutines.DispatchedTask.run(DispatchedTask.kt:101)
		at kotlinx.coroutines.EventLoopImplBase.processNextEvent(EventLoop.common.kt:263)
		at kotlinx.coroutines.BlockingCoroutine.joinBlocking(Builders.kt:95)
		at kotlinx.coroutines.BuildersKt__BuildersKt.runBlocking(Builders.kt:69)
		at kotlinx.coroutines.BuildersKt.runBlocking(dex-id-d633305fddee54c554c63601d3e06cd3c92f49b9:1)
		at kotlinx.coroutines.BuildersKt__BuildersKt.runBlocking$default(Builders.kt:47)
		at kotlinx.coroutines.BuildersKt.runBlocking$default(dex-id-d633305fddee54c554c63601d3e06cd3c92f49b9:1)
		at kotlinx.coroutines.test.TestBuildersJvmKt.createTestResult(TestBuildersJvm.kt:10)
		at kotlinx.coroutines.test.TestBuildersKt__TestBuildersKt.runTest-8Mi8wO0(TestBuilders.kt:310)
		at kotlinx.coroutines.test.TestBuildersKt.runTest-8Mi8wO0(dex-id-50402d79ff2e30c63f10c1ed1ba7eba958c04bdc:1)
		at kotlinx.coroutines.test.TestBuildersKt__TestBuildersKt.runTest-8Mi8wO0(TestBuilders.kt:168)
		at kotlinx.coroutines.test.TestBuildersKt.runTest-8Mi8wO0(dex-id-50402d79ff2e30c63f10c1ed1ba7eba958c04bdc:1)
		at androidx.compose.ui.test.AndroidComposeUiTestEnvironment.runTest(ComposeUiTest.android.kt:665)
		at androidx.compose.ui.test.junit4.AndroidComposeTestRule$apply$1.evaluate(AndroidComposeTestRule.android.kt:447)
		at org.junit.rules.RunRules.evaluate(RunRules.java:20)
		at org.junit.runners.ParentRunner$3.evaluate(ParentRunner.java:306)
		at org.junit.runners.BlockJUnit4ClassRunner$1.evaluate(BlockJUnit4ClassRunner.java:100)
		at org.junit.runners.ParentRunner.runLeaf(ParentRunner.java:366)
		at org.junit.runners.BlockJUnit4ClassRunner.runChild(BlockJUnit4ClassRunner.java:103)
		at org.junit.runners.BlockJUnit4ClassRunner.runChild(BlockJUnit4ClassRunner.java:63)
		at org.junit.runners.ParentRunner$4.run(ParentRunner.java:331)
		at org.junit.runners.ParentRunner$1.schedule(ParentRunner.java:79)
		at org.junit.runners.ParentRunner.runChildren(ParentRunner.java:329)
		at org.junit.runners.ParentRunner.access$100(ParentRunner.java:66)
		at org.junit.runners.ParentRunner$2.evaluate(ParentRunner.java:293)
		at org.junit.runners.ParentRunner$3.evaluate(ParentRunner.java:306)
		at org.junit.runners.ParentRunner.run(ParentRunner.java:413)
		at androidx.test.ext.junit.runners.AndroidJUnit4.run(AndroidJUnit4.java:162)
		at org.junit.runners.Suite.runChild(Suite.java:128)
		at org.junit.runners.Suite.runChild(Suite.java:27)
		at org.junit.runners.ParentRunner$4.run(ParentRunner.java:331)
		at org.junit.runners.ParentRunner$1.schedule(ParentRunner.java:79)
		at org.junit.runners.ParentRunner.runChildren(ParentRunner.java:329)
		at org.junit.runners.ParentRunner.access$100(ParentRunner.java:66)
		at org.junit.runners.ParentRunner$2.evaluate(ParentRunner.java:293)
		at org.junit.runners.ParentRunner$3.evaluate(ParentRunner.java:306)
		at org.junit.runners.ParentRunner.run(ParentRunner.java:413)
		at org.junit.runner.JUnitCore.run(JUnitCore.java:137)
		at org.junit.runner.JUnitCore.run(JUnitCore.java:115)
		at androidx.test.internal.runner.TestExecutor.execute(TestExecutor.java:68)
		at androidx.test.internal.runner.TestExecutor.execute(TestExecutor.java:59)
		at androidx.test.runner.AndroidJUnitRunner.onStart(AndroidJUnitRunner.java:467)
		at android.app.Instrumentation$InstrumentationThread.run(Instrumentation.java:2637)

INSTRUMENTATION_STATUS: stream=
Error in destructiveReviewPreservesReplacementAndRejectsChangedHistory(com.whip.app.TrackDefinitionReviewJourneyE2ETest):
java.lang.AssertionError: Text=Before Save, Whip will review the current exact impact on values.; size=920 x 48; paragraph=1024.0x48.0; widthOverflow=true; heightOverflow=false
	at org.junit.Assert.fail(Assert.java:89)
	at org.junit.Assert.assertTrue(Assert.java:42)
	at org.junit.Assert.assertFalse(Assert.java:65)
	at com.whip.app.TrackDefinitionReviewJourneyE2ETest.assertCompleteText$lambda$0(TrackDefinitionReviewJourneyE2ETest.kt:242)
	at com.whip.app.TrackDefinitionReviewJourneyE2ETest$$ExternalSyntheticLambda1.invoke(D8$$SyntheticClass:0)
	at androidx.compose.ui.test.ActionsKt.performSemanticsAction$lambda$1(Actions.kt:638)
	at androidx.compose.ui.test.ActionsKt$$ExternalSyntheticLambda13.invoke(D8$$SyntheticClass:0)
	at androidx.compose.ui.test.AndroidSynchronization_androidKt.runOnUiThread$lambda$0(AndroidSynchronization.android.kt:39)
	at androidx.compose.ui.test.AndroidSynchronization_androidKt$$ExternalSyntheticLambda0.call(D8$$SyntheticClass:0)
	at java.util.concurrent.FutureTask.run(FutureTask.java:328)
	at java.util.concurrent.Executors$RunnableAdapter.call(Executors.java:520)
	at java.util.concurrent.FutureTask.run(FutureTask.java:328)
	at android.app.Instrumentation$SyncRunnable.run(Instrumentation.java:2657)
	at android.os.Handler.handleCallback(Handler.java:1095)
	at android.os.Handler.dispatchMessageImpl(Handler.java:135)
	at android.os.Handler.dispatchMessage(Handler.java:125)
	at android.os.Looper.loopOnce(Looper.java:296)
	at android.os.Looper.loop(Looper.java:397)
	at android.app.ActivityThread.main(ActivityThread.java:9523)
	at java.lang.reflect.Method.invoke(Native Method)
	at com.android.internal.os.RuntimeInit$MethodAndArgsCaller.run(RuntimeInit.java:575)
	at com.android.internal.os.ZygoteInit.main(ZygoteInit.java:939)
	Suppressed: java.util.concurrent.ExecutionException: An Exception occurred on the UI thread during runOnUiThread()
		at androidx.compose.ui.test.AndroidSynchronization_androidKt.runOnUiThread(AndroidSynchronization.android.kt:50)
		at androidx.compose.ui.test.AndroidComposeUiTestEnvironment$AndroidComposeUiTestImpl.runOnUiThread(ComposeUiTest.android.kt:844)
		at androidx.compose.ui.test.AndroidComposeUiTestEnvironment$AndroidTestOwner.runOnUiThread(ComposeUiTest.android.kt:984)
		at androidx.compose.ui.test.ActionsKt.performSemanticsAction(Actions.kt:638)
		at com.whip.app.TrackDefinitionReviewJourneyE2ETest.assertCompleteText(TrackDefinitionReviewJourneyE2ETest.kt:237)
		at com.whip.app.TrackDefinitionReviewJourneyE2ETest.removal(TrackDefinitionReviewJourneyE2ETest.kt:145)
		at com.whip.app.TrackDefinitionReviewJourneyE2ETest.destructiveReviewPreservesReplacementAndRejectsChangedHistory(TrackDefinitionReviewJourneyE2ETest.kt:34)
		at java.lang.reflect.Method.invoke(Native Method)
		at org.junit.runners.model.FrameworkMethod$1.runReflectiveCall(FrameworkMethod.java:59)
		at org.junit.internal.runners.model.ReflectiveCallable.run(ReflectiveCallable.java:12)
		at org.junit.runners.model.FrameworkMethod.invokeExplosively(FrameworkMethod.java:56)
		at org.junit.internal.runners.statements.InvokeMethod.evaluate(InvokeMethod.java:17)
		at androidx.test.internal.runner.junit4.statement.RunAfters.evaluate(RunAfters.java:61)
		at androidx.compose.ui.test.junit4.AndroidComposeTestRule$apply$testWithDisposal$1.evaluate(AndroidComposeTestRule.android.kt:426)
		at androidx.compose.ui.test.junit4.AndroidComposeTestRule$apply$1$evaluate$1.invokeSuspend(AndroidComposeTestRule.android.kt:448)
		at androidx.compose.ui.test.junit4.AndroidComposeTestRule$apply$1$evaluate$1.invoke(AndroidComposeTestRule.android.kt:8)
		at androidx.compose.ui.test.junit4.AndroidComposeTestRule$apply$1$evaluate$1.invoke(AndroidComposeTestRule.android.kt:4)
		at androidx.compose.ui.test.AndroidComposeUiTestEnvironment$runTest$1$1$1$1$1.invokeSuspend(ComposeUiTest.android.kt:689)
		at androidx.compose.ui.test.AndroidComposeUiTestEnvironment$runTest$1$1$1$1$1.invoke(ComposeUiTest.android.kt:8)
		at androidx.compose.ui.test.AndroidComposeUiTestEnvironment$runTest$1$1$1$1$1.invoke(ComposeUiTest.android.kt:2)
		at androidx.compose.ui.test.EspressoLink.withStrategy(EspressoLink.android.kt:69)
		at androidx.compose.ui.test.AndroidComposeUiTestEnvironment$runTest$1$1.invokeSuspend(ComposeUiTest.android.kt:686)
		at androidx.compose.ui.test.AndroidComposeUiTestEnvironment$runTest$1$1.invoke(ComposeUiTest.android.kt:8)
		at androidx.compose.ui.test.AndroidComposeUiTestEnvironment$runTest$1$1.invoke(ComposeUiTest.android.kt:4)
		at kotlinx.coroutines.test.TestBuildersKt__TestBuildersKt$runTest$2$1$1.invokeSuspend(TestBuilders.kt:318)
		at kotlin.coroutines.jvm.internal.BaseContinuationImpl.resumeWith(ContinuationImpl.kt:34)
		at kotlinx.coroutines.DispatchedTask.run(DispatchedTask.kt:101)
		at kotlinx.coroutines.test.TestDispatcher.processEvent$kotlinx_coroutines_test(TestDispatcher.kt:24)
		at kotlinx.coroutines.test.TestCoroutineScheduler.tryRunNextTaskUnless$kotlinx_coroutines_test(TestCoroutineScheduler.kt:99)
		at kotlinx.coroutines.test.TestBuildersKt__TestBuildersKt$runTest$2$1$workRunner$1.invokeSuspend(TestBuilders.kt:327)
		at kotlin.coroutines.jvm.internal.BaseContinuationImpl.resumeWith(ContinuationImpl.kt:34)
		at kotlinx.coroutines.DispatchedTask.run(DispatchedTask.kt:101)
		at kotlinx.coroutines.EventLoopImplBase.processNextEvent(EventLoop.common.kt:263)
		at kotlinx.coroutines.BlockingCoroutine.joinBlocking(Builders.kt:95)
		at kotlinx.coroutines.BuildersKt__BuildersKt.runBlocking(Builders.kt:69)
		at kotlinx.coroutines.BuildersKt.runBlocking(dex-id-d633305fddee54c554c63601d3e06cd3c92f49b9:1)
		at kotlinx.coroutines.BuildersKt__BuildersKt.runBlocking$default(Builders.kt:47)
		at kotlinx.coroutines.BuildersKt.runBlocking$default(dex-id-d633305fddee54c554c63601d3e06cd3c92f49b9:1)
		at kotlinx.coroutines.test.TestBuildersJvmKt.createTestResult(TestBuildersJvm.kt:10)
		at kotlinx.coroutines.test.TestBuildersKt__TestBuildersKt.runTest-8Mi8wO0(TestBuilders.kt:310)
		at kotlinx.coroutines.test.TestBuildersKt.runTest-8Mi8wO0(dex-id-50402d79ff2e30c63f10c1ed1ba7eba958c04bdc:1)
		at kotlinx.coroutines.test.TestBuildersKt__TestBuildersKt.runTest-8Mi8wO0(TestBuilders.kt:168)
		at kotlinx.coroutines.test.TestBuildersKt.runTest-8Mi8wO0(dex-id-50402d79ff2e30c63f10c1ed1ba7eba958c04bdc:1)
		at androidx.compose.ui.test.AndroidComposeUiTestEnvironment.runTest(ComposeUiTest.android.kt:665)
		at androidx.compose.ui.test.junit4.AndroidComposeTestRule$apply$1.evaluate(AndroidComposeTestRule.android.kt:447)
		at org.junit.rules.RunRules.evaluate(RunRules.java:20)
		at org.junit.runners.ParentRunner$3.evaluate(ParentRunner.java:306)
		at org.junit.runners.BlockJUnit4ClassRunner$1.evaluate(BlockJUnit4ClassRunner.java:100)
		at org.junit.runners.ParentRunner.runLeaf(ParentRunner.java:366)
		at org.junit.runners.BlockJUnit4ClassRunner.runChild(BlockJUnit4ClassRunner.java:103)
		at org.junit.runners.BlockJUnit4ClassRunner.runChild(BlockJUnit4ClassRunner.java:63)
		at org.junit.runners.ParentRunner$4.run(ParentRunner.java:331)
		at org.junit.runners.ParentRunner$1.schedule(ParentRunner.java:79)
		at org.junit.runners.ParentRunner.runChildren(ParentRunner.java:329)
		at org.junit.runners.ParentRunner.access$100(ParentRunner.java:66)
		at org.junit.runners.ParentRunner$2.evaluate(ParentRunner.java:293)
		at org.junit.runners.ParentRunner$3.evaluate(ParentRunner.java:306)
		at org.junit.runners.ParentRunner.run(ParentRunner.java:413)
		at androidx.test.ext.junit.runners.AndroidJUnit4.run(AndroidJUnit4.java:162)
		at org.junit.runners.Suite.runChild(Suite.java:128)
		at org.junit.runners.Suite.runChild(Suite.java:27)
		at org.junit.runners.ParentRunner$4.run(ParentRunner.java:331)
		at org.junit.runners.ParentRunner$1.schedule(ParentRunner.java:79)
		at org.junit.runners.ParentRunner.runChildren(ParentRunner.java:329)
		at org.junit.runners.ParentRunner.access$100(ParentRunner.java:66)
		at org.junit.runners.ParentRunner$2.evaluate(ParentRunner.java:293)
		at org.junit.runners.ParentRunner$3.evaluate(ParentRunner.java:306)
		at org.junit.runners.ParentRunner.run(ParentRunner.java:413)
		at org.junit.runner.JUnitCore.run(JUnitCore.java:137)
		at org.junit.runner.JUnitCore.run(JUnitCore.java:115)
		at androidx.test.internal.runner.TestExecutor.execute(TestExecutor.java:68)
		at androidx.test.internal.runner.TestExecutor.execute(TestExecutor.java:59)
		at androidx.test.runner.AndroidJUnitRunner.onStart(AndroidJUnitRunner.java:467)
		at android.app.Instrumentation$InstrumentationThread.run(Instrumentation.java:2637)

INSTRUMENTATION_STATUS: test=destructiveReviewPreservesReplacementAndRejectsChangedHistory
INSTRUMENTATION_STATUS_CODE: -2
INSTRUMENTATION_RESULT: stream=

Time: 16.384
There was 1 failure:
1) destructiveReviewPreservesReplacementAndRejectsChangedHistory(com.whip.app.TrackDefinitionReviewJourneyE2ETest)
java.lang.AssertionError: Text=Before Save, Whip will review the current exact impact on values.; size=920 x 48; paragraph=1024.0x48.0; widthOverflow=true; heightOverflow=false
	at org.junit.Assert.fail(Assert.java:89)
	at org.junit.Assert.assertTrue(Assert.java:42)
	at org.junit.Assert.assertFalse(Assert.java:65)
	at com.whip.app.TrackDefinitionReviewJourneyE2ETest.assertCompleteText$lambda$0(TrackDefinitionReviewJourneyE2ETest.kt:242)
	at com.whip.app.TrackDefinitionReviewJourneyE2ETest$$ExternalSyntheticLambda1.invoke(D8$$SyntheticClass:0)
	at androidx.compose.ui.test.ActionsKt.performSemanticsAction$lambda$1(Actions.kt:638)
	at androidx.compose.ui.test.ActionsKt$$ExternalSyntheticLambda13.invoke(D8$$SyntheticClass:0)
	at androidx.compose.ui.test.AndroidSynchronization_androidKt.runOnUiThread$lambda$0(AndroidSynchronization.android.kt:39)
	at androidx.compose.ui.test.AndroidSynchronization_androidKt$$ExternalSyntheticLambda0.call(D8$$SyntheticClass:0)
	at java.util.concurrent.FutureTask.run(FutureTask.java:328)
	at java.util.concurrent.Executors$RunnableAdapter.call(Executors.java:520)
	at java.util.concurrent.FutureTask.run(FutureTask.java:328)
	at android.app.Instrumentation$SyncRunnable.run(Instrumentation.java:2657)
	at android.os.Handler.handleCallback(Handler.java:1095)
	at android.os.Handler.dispatchMessageImpl(Handler.java:135)
	at android.os.Handler.dispatchMessage(Handler.java:125)
	at android.os.Looper.loopOnce(Looper.java:296)
	at android.os.Looper.loop(Looper.java:397)
	at android.app.ActivityThread.main(ActivityThread.java:9523)
	at java.lang.reflect.Method.invoke(Native Method)
	at com.android.internal.os.RuntimeInit$MethodAndArgsCaller.run(RuntimeInit.java:575)
	at com.android.internal.os.ZygoteInit.main(ZygoteInit.java:939)
	Suppressed: java.util.concurrent.ExecutionException: An Exception occurred on the UI thread during runOnUiThread()
		at androidx.compose.ui.test.AndroidSynchronization_androidKt.runOnUiThread(AndroidSynchronization.android.kt:50)
		at androidx.compose.ui.test.AndroidComposeUiTestEnvironment$AndroidComposeUiTestImpl.runOnUiThread(ComposeUiTest.android.kt:844)
		at androidx.compose.ui.test.AndroidComposeUiTestEnvironment$AndroidTestOwner.runOnUiThread(ComposeUiTest.android.kt:984)
		at androidx.compose.ui.test.ActionsKt.performSemanticsAction(Actions.kt:638)
		at com.whip.app.TrackDefinitionReviewJourneyE2ETest.assertCompleteText(TrackDefinitionReviewJourneyE2ETest.kt:237)
		at com.whip.app.TrackDefinitionReviewJourneyE2ETest.removal(TrackDefinitionReviewJourneyE2ETest.kt:145)
		at com.whip.app.TrackDefinitionReviewJourneyE2ETest.destructiveReviewPreservesReplacementAndRejectsChangedHistory(TrackDefinitionReviewJourneyE2ETest.kt:34)
		at java.lang.reflect.Method.invoke(Native Method)
		at org.junit.runners.model.FrameworkMethod$1.runReflectiveCall(FrameworkMethod.java:59)
		at org.junit.internal.runners.model.ReflectiveCallable.run(ReflectiveCallable.java:12)
		at org.junit.runners.model.FrameworkMethod.invokeExplosively(FrameworkMethod.java:56)
		at org.junit.internal.runners.statements.InvokeMethod.evaluate(InvokeMethod.java:17)
		at androidx.test.internal.runner.junit4.statement.RunAfters.evaluate(RunAfters.java:61)
		at androidx.compose.ui.test.junit4.AndroidComposeTestRule$apply$testWithDisposal$1.evaluate(AndroidComposeTestRule.android.kt:426)
		at androidx.compose.ui.test.junit4.AndroidComposeTestRule$apply$1$evaluate$1.invokeSuspend(AndroidComposeTestRule.android.kt:448)
		at androidx.compose.ui.test.junit4.AndroidComposeTestRule$apply$1$evaluate$1.invoke(AndroidComposeTestRule.android.kt:8)
		at androidx.compose.ui.test.junit4.AndroidComposeTestRule$apply$1$evaluate$1.invoke(AndroidComposeTestRule.android.kt:4)
		at androidx.compose.ui.test.AndroidComposeUiTestEnvironment$runTest$1$1$1$1$1.invokeSuspend(ComposeUiTest.android.kt:689)
		at androidx.compose.ui.test.AndroidComposeUiTestEnvironment$runTest$1$1$1$1$1.invoke(ComposeUiTest.android.kt:8)
		at androidx.compose.ui.test.AndroidComposeUiTestEnvironment$runTest$1$1$1$1$1.invoke(ComposeUiTest.android.kt:2)
		at androidx.compose.ui.test.EspressoLink.withStrategy(EspressoLink.android.kt:69)
		at androidx.compose.ui.test.AndroidComposeUiTestEnvironment$runTest$1$1.invokeSuspend(ComposeUiTest.android.kt:686)
		at androidx.compose.ui.test.AndroidComposeUiTestEnvironment$runTest$1$1.invoke(ComposeUiTest.android.kt:8)
		at androidx.compose.ui.test.AndroidComposeUiTestEnvironment$runTest$1$1.invoke(ComposeUiTest.android.kt:4)
		at kotlinx.coroutines.test.TestBuildersKt__TestBuildersKt$runTest$2$1$1.invokeSuspend(TestBuilders.kt:318)
		at kotlin.coroutines.jvm.internal.BaseContinuationImpl.resumeWith(ContinuationImpl.kt:34)
		at kotlinx.coroutines.DispatchedTask.run(DispatchedTask.kt:101)
		at kotlinx.coroutines.test.TestDispatcher.processEvent$kotlinx_coroutines_test(TestDispatcher.kt:24)
		at kotlinx.coroutines.test.TestCoroutineScheduler.tryRunNextTaskUnless$kotlinx_coroutines_test(TestCoroutineScheduler.kt:99)
		at kotlinx.coroutines.test.TestBuildersKt__TestBuildersKt$runTest$2$1$workRunner$1.invokeSuspend(TestBuilders.kt:327)
		at kotlin.coroutines.jvm.internal.BaseContinuationImpl.resumeWith(ContinuationImpl.kt:34)
		at kotlinx.coroutines.DispatchedTask.run(DispatchedTask.kt:101)
		at kotlinx.coroutines.EventLoopImplBase.processNextEvent(EventLoop.common.kt:263)
		at kotlinx.coroutines.BlockingCoroutine.joinBlocking(Builders.kt:95)
		at kotlinx.coroutines.BuildersKt__BuildersKt.runBlocking(Builders.kt:69)
		at kotlinx.coroutines.BuildersKt.runBlocking(dex-id-d633305fddee54c554c63601d3e06cd3c92f49b9:1)
		at kotlinx.coroutines.BuildersKt__BuildersKt.runBlocking$default(Builders.kt:47)
		at kotlinx.coroutines.BuildersKt.runBlocking$default(dex-id-d633305fddee54c554c63601d3e06cd3c92f49b9:1)
		at kotlinx.coroutines.test.TestBuildersJvmKt.createTestResult(TestBuildersJvm.kt:10)
		at kotlinx.coroutines.test.TestBuildersKt__TestBuildersKt.runTest-8Mi8wO0(TestBuilders.kt:310)
		at kotlinx.coroutines.test.TestBuildersKt.runTest-8Mi8wO0(dex-id-50402d79ff2e30c63f10c1ed1ba7eba958c04bdc:1)
		at kotlinx.coroutines.test.TestBuildersKt__TestBuildersKt.runTest-8Mi8wO0(TestBuilders.kt:168)
		at kotlinx.coroutines.test.TestBuildersKt.runTest-8Mi8wO0(dex-id-50402d79ff2e30c63f10c1ed1ba7eba958c04bdc:1)
		at androidx.compose.ui.test.AndroidComposeUiTestEnvironment.runTest(ComposeUiTest.android.kt:665)
		at androidx.compose.ui.test.junit4.AndroidComposeTestRule$apply$1.evaluate(AndroidComposeTestRule.android.kt:447)
		at org.junit.rules.RunRules.evaluate(RunRules.java:20)
		at org.junit.runners.ParentRunner$3.evaluate(ParentRunner.java:306)
		at org.junit.runners.BlockJUnit4ClassRunner$1.evaluate(BlockJUnit4ClassRunner.java:100)
		at org.junit.runners.ParentRunner.runLeaf(ParentRunner.java:366)
		at org.junit.runners.BlockJUnit4ClassRunner.runChild(BlockJUnit4ClassRunner.java:103)
		at org.junit.runners.BlockJUnit4ClassRunner.runChild(BlockJUnit4ClassRunner.java:63)
		at org.junit.runners.ParentRunner$4.run(ParentRunner.java:331)
		at org.junit.runners.ParentRunner$1.schedule(ParentRunner.java:79)
		at org.junit.runners.ParentRunner.runChildren(ParentRunner.java:329)
		at org.junit.runners.ParentRunner.access$100(ParentRunner.java:66)
		at org.junit.runners.ParentRunner$2.evaluate(ParentRunner.java:293)
		at org.junit.runners.ParentRunner$3.evaluate(ParentRunner.java:306)
		at org.junit.runners.ParentRunner.run(ParentRunner.java:413)
		at androidx.test.ext.junit.runners.AndroidJUnit4.run(AndroidJUnit4.java:162)
		at org.junit.runners.Suite.runChild(Suite.java:128)
		at org.junit.runners.Suite.runChild(Suite.java:27)
		at org.junit.runners.ParentRunner$4.run(ParentRunner.java:331)
		at org.junit.runners.ParentRunner$1.schedule(ParentRunner.java:79)
		at org.junit.runners.ParentRunner.runChildren(ParentRunner.java:329)
		at org.junit.runners.ParentRunner.access$100(ParentRunner.java:66)
		at org.junit.runners.ParentRunner$2.evaluate(ParentRunner.java:293)
		at org.junit.runners.ParentRunner$3.evaluate(ParentRunner.java:306)
		at org.junit.runners.ParentRunner.run(ParentRunner.java:413)
		at org.junit.runner.JUnitCore.run(JUnitCore.java:137)
		at org.junit.runner.JUnitCore.run(JUnitCore.java:115)
		at androidx.test.internal.runner.TestExecutor.execute(TestExecutor.java:68)
		at androidx.test.internal.runner.TestExecutor.execute(TestExecutor.java:59)
		at androidx.test.runner.AndroidJUnitRunner.onStart(AndroidJUnitRunner.java:467)
		at android.app.Instrumentation$InstrumentationThread.run(Instrumentation.java:2637)

FAILURES!!!
Tests run: 1,  Failures: 1


INSTRUMENTATION_CODE: -1
