Route A app/src/androidTest/java/com/whip/app/TrackDefinitionReviewJourneyE2ETest.kt -> android:com.whip.app.TrackDefinitionReviewJourneyE2ETest (exact Android test class)
Route A artifacts/astra-audit/2026-09-09/definition-review/api26-initial/tracks.definition-review.remove-field.large.png -> candidate:required (unclassified repository path)
Route A artifacts/astra-audit/2026-09-09/definition-review/api26-initial/tracks.definition-review.replace-choice.large.png -> candidate:required (unclassified repository path)
Route A artifacts/astra-audit/2026-09-09/definition-review/api26.log -> candidate:required (unclassified repository path)
Route A artifacts/astra-audit/2026-09-09/definition-review/api37-large.log -> candidate:required (unclassified repository path)
Route A artifacts/astra-audit/2026-09-09/definition-review/api37-ordinary-resumed.log -> candidate:required (unclassified repository path)
Route A artifacts/astra-audit/2026-09-09/definition-review/api37-ordinary.log -> candidate:required (unclassified repository path)
Route A artifacts/astra-audit/2026-09-09/definition-review/baseline.log -> candidate:required (unclassified repository path)
Route A artifacts/astra-audit/2026-09-09/definition-review/baseline2.log -> candidate:required (unclassified repository path)
Route A artifacts/astra-audit/2026-09-09/definition-review/catalog-fixtures.log -> candidate:required (unclassified repository path)
Route A artifacts/astra-audit/2026-09-09/definition-review/catalog-lint.log -> candidate:required (unclassified repository path)
Route A artifacts/astra-audit/2026-09-09/definition-review/check-fixtures.log -> candidate:required (unclassified repository path)
Route A artifacts/astra-audit/2026-09-09/definition-review/corrected.log -> candidate:required (unclassified repository path)
Route A artifacts/astra-audit/2026-09-09/definition-review/corrected2.log -> candidate:required (unclassified repository path)
Route A artifacts/astra-audit/2026-09-09/definition-review/corrected3.log -> candidate:required (unclassified repository path)
Route A artifacts/astra-audit/2026-09-09/definition-review/corrected4.log -> candidate:required (unclassified repository path)
Route A artifacts/astra-audit/2026-09-09/definition-review/initial-api34/capture-files.json -> candidate:required (unclassified repository path)
Route A artifacts/astra-audit/2026-09-09/definition-review/initial-api34/tracks.definition-review.replace-choice.ordinary.png -> candidate:required (unclassified repository path)
Route A artifacts/astra-audit/2026-09-09/definition-review/initial-api34/tracks.definition-review.replace-choice.ordinary.xml -> candidate:required (unclassified repository path)
Route A artifacts/astra-audit/2026-09-09/definition-review/initial-api37/capture-files.json -> candidate:required (unclassified repository path)
Route A artifacts/astra-audit/2026-09-09/definition-review/initial-api37/tracks.definition-review.replace-choice.ordinary.png -> candidate:required (unclassified repository path)
Route A artifacts/astra-audit/2026-09-09/definition-review/initial-api37/tracks.definition-review.replace-choice.ordinary.xml -> candidate:required (unclassified repository path)
Route A artifacts/astra-audit/2026-09-09/definition-review/initial-readiness-jvm/TEST-com.whip.app.core.AppSettingsTest.xml -> candidate:required (unclassified repository path)
Route A artifacts/astra-audit/2026-09-09/definition-review/initial-readiness-jvm/TEST-com.whip.app.core.HabitTimerClockTest.xml -> candidate:required (unclassified repository path)
Route A artifacts/astra-audit/2026-09-09/definition-review/initial-readiness-jvm/TEST-com.whip.app.core.SettingsCauseEffectContractTest.xml -> candidate:required (unclassified repository path)
Route A artifacts/astra-audit/2026-09-09/definition-review/initial-readiness-jvm/TEST-com.whip.app.data.PortableBackupPolicyTest.xml -> candidate:required (unclassified repository path)
Route A artifacts/astra-audit/2026-09-09/definition-review/initial-readiness-jvm/TEST-com.whip.app.data.RoutineProgrammingTest.xml -> candidate:required (unclassified repository path)
Route A artifacts/astra-audit/2026-09-09/definition-review/initial-readiness-jvm/TEST-com.whip.app.domain.FiveThreeOneProgressionTest.xml -> candidate:required (unclassified repository path)
Route A artifacts/astra-audit/2026-09-09/definition-review/initial-readiness-jvm/TEST-com.whip.app.domain.GoalRulesTest.xml -> candidate:required (unclassified repository path)
Route A artifacts/astra-audit/2026-09-09/definition-review/initial-readiness-jvm/TEST-com.whip.app.domain.GymAnalyticsTest.xml -> candidate:required (unclassified repository path)
Route A artifacts/astra-audit/2026-09-09/definition-review/initial-readiness-jvm/TEST-com.whip.app.domain.GymCalculationsTest.xml -> candidate:required (unclassified repository path)
Route A artifacts/astra-audit/2026-09-09/definition-review/initial-readiness-jvm/TEST-com.whip.app.domain.HabitRulesTest.xml -> candidate:required (unclassified repository path)
Route A artifacts/astra-audit/2026-09-09/definition-review/initial-readiness-jvm/TEST-com.whip.app.domain.HabitTimerDomainTest.xml -> candidate:required (unclassified repository path)
Route A artifacts/astra-audit/2026-09-09/definition-review/initial-readiness-jvm/TEST-com.whip.app.domain.RecurrenceEngineTest.xml -> candidate:required (unclassified repository path)
Route A artifacts/astra-audit/2026-09-09/definition-review/initial-readiness-jvm/TEST-com.whip.app.domain.TaskProgressTest.xml -> candidate:required (unclassified repository path)
Route A artifacts/astra-audit/2026-09-09/definition-review/initial-readiness-jvm/TEST-com.whip.app.domain.TaskQuickCaptureParserTest.xml -> candidate:required (unclassified repository path)
Route A artifacts/astra-audit/2026-09-09/definition-review/initial-readiness-jvm/TEST-com.whip.app.domain.TrackCsvBatchIdentityTest.xml -> candidate:required (unclassified repository path)
Route A artifacts/astra-audit/2026-09-09/definition-review/initial-readiness-jvm/TEST-com.whip.app.domain.TrackDomainTest.xml -> candidate:required (unclassified repository path)
Route A artifacts/astra-audit/2026-09-09/definition-review/initial-readiness-jvm/TEST-com.whip.app.ui.ElapsedGoalPresentationTest.xml -> candidate:required (unclassified repository path)
Route A artifacts/astra-audit/2026-09-09/definition-review/initial-readiness-jvm/TEST-com.whip.app.ui.FiveThreeOneCycleReviewTest.xml -> candidate:required (unclassified repository path)
Route A artifacts/astra-audit/2026-09-09/definition-review/initial-readiness-jvm/TEST-com.whip.app.ui.GoalMutationCommitTest.xml -> candidate:required (unclassified repository path)
Route A artifacts/astra-audit/2026-09-09/definition-review/initial-readiness-jvm/TEST-com.whip.app.ui.GymQuickSetFlowTest.xml -> candidate:required (unclassified repository path)
Route A artifacts/astra-audit/2026-09-09/definition-review/initial-readiness-jvm/TEST-com.whip.app.ui.GymUxRulesTest.xml -> candidate:required (unclassified repository path)
Route A artifacts/astra-audit/2026-09-09/definition-review/initial-readiness-jvm/TEST-com.whip.app.ui.HabitMutationCommitTest.xml -> candidate:required (unclassified repository path)
Route A artifacts/astra-audit/2026-09-09/definition-review/initial-readiness-jvm/TEST-com.whip.app.ui.HabitTimerPresentationTest.xml -> candidate:required (unclassified repository path)
Route A artifacts/astra-audit/2026-09-09/definition-review/initial-readiness-jvm/TEST-com.whip.app.ui.InteractionConsistencyTest.xml -> candidate:required (unclassified repository path)
Route A artifacts/astra-audit/2026-09-09/definition-review/initial-readiness-jvm/TEST-com.whip.app.ui.RoutineBuilderStateTest.xml -> candidate:required (unclassified repository path)
Route A artifacts/astra-audit/2026-09-09/definition-review/initial-readiness-jvm/TEST-com.whip.app.ui.SettingsPresentationPolicyTest.xml -> candidate:required (unclassified repository path)
Route A artifacts/astra-audit/2026-09-09/definition-review/initial-readiness-jvm/TEST-com.whip.app.ui.TaskMutationCommitTest.xml -> candidate:required (unclassified repository path)
Route A artifacts/astra-audit/2026-09-09/definition-review/initial-readiness-jvm/TEST-com.whip.app.ui.TaskWorkspacePolicyTest.xml -> candidate:required (unclassified repository path)
Route A artifacts/astra-audit/2026-09-09/definition-review/initial-readiness-jvm/TEST-com.whip.app.ui.TrackCsvReliabilityPolicyTest.xml -> candidate:required (unclassified repository path)
Route A artifacts/astra-audit/2026-09-09/definition-review/initial-readiness-jvm/TEST-com.whip.app.ui.TrackEditorStateTest.xml -> candidate:required (unclassified repository path)
Route A artifacts/astra-audit/2026-09-09/definition-review/initial-readiness-jvm/TEST-com.whip.app.ui.UiDesignArchitectureTest.xml -> candidate:required (unclassified repository path)
Route A artifacts/astra-audit/2026-09-09/definition-review/initial-readiness-jvm/TEST-com.whip.app.ui.UnifiedSearchRulesTest.xml -> candidate:required (unclassified repository path)
Route A artifacts/astra-audit/2026-09-09/definition-review/initial-readiness-jvm/TEST-com.whip.app.ui.WhipNavigationPolicyTest.xml -> candidate:required (unclassified repository path)
Route A artifacts/astra-audit/2026-09-09/definition-review/initial-readiness-jvm/TEST-com.whip.app.ui.theme.WhipVisualLanguageTest.xml -> candidate:required (unclassified repository path)
Route A artifacts/astra-audit/2026-09-09/definition-review/instrumentation-GA4Q3E/aggregate.tsv -> candidate:required (unclassified repository path)
Route A artifacts/astra-audit/2026-09-09/definition-review/instrumentation-GA4Q3E/batch-1.started -> candidate:required (unclassified repository path)
Route A artifacts/astra-audit/2026-09-09/definition-review/instrumentation-GA4Q3E/batch-1/executed-classes.txt -> candidate:required (unclassified repository path)
Route A artifacts/astra-audit/2026-09-09/definition-review/instrumentation-GA4Q3E/batch-1/expected-classes.txt -> candidate:required (unclassified repository path)
Route A artifacts/astra-audit/2026-09-09/definition-review/instrumentation-GA4Q3E/batch-1/result-1.xml -> candidate:required (unclassified repository path)
Route A artifacts/astra-audit/2026-09-09/definition-review/instrumentation-HgT9Tu/aggregate.tsv -> candidate:required (unclassified repository path)
Route A artifacts/astra-audit/2026-09-09/definition-review/instrumentation-HgT9Tu/batch-1.started -> candidate:required (unclassified repository path)
Route A artifacts/astra-audit/2026-09-09/definition-review/instrumentation-HgT9Tu/batch-1/executed-classes.txt -> candidate:required (unclassified repository path)
Route A artifacts/astra-audit/2026-09-09/definition-review/instrumentation-HgT9Tu/batch-1/expected-classes.txt -> candidate:required (unclassified repository path)
Route A artifacts/astra-audit/2026-09-09/definition-review/instrumentation-HgT9Tu/batch-1/result-1.xml -> candidate:required (unclassified repository path)
Route A artifacts/astra-audit/2026-09-09/definition-review/instrumentation-TkNsDY/aggregate.tsv -> candidate:required (unclassified repository path)
Route A artifacts/astra-audit/2026-09-09/definition-review/instrumentation-TkNsDY/batch-1.started -> candidate:required (unclassified repository path)
Route A artifacts/astra-audit/2026-09-09/definition-review/instrumentation-TkNsDY/batch-1/executed-classes.txt -> candidate:required (unclassified repository path)
Route A artifacts/astra-audit/2026-09-09/definition-review/instrumentation-TkNsDY/batch-1/expected-classes.txt -> candidate:required (unclassified repository path)
Route A artifacts/astra-audit/2026-09-09/definition-review/instrumentation-TkNsDY/batch-1/result-1.xml -> candidate:required (unclassified repository path)
Route A artifacts/astra-audit/2026-09-09/definition-review/instrumentation-TkNsDY/batch-rows/batch-1.tsv -> candidate:required (unclassified repository path)
Route A artifacts/astra-audit/2026-09-09/definition-review/instrumentation-UFbJ5S/aggregate.tsv -> candidate:required (unclassified repository path)
Route A artifacts/astra-audit/2026-09-09/definition-review/instrumentation-UFbJ5S/batch-1.started -> candidate:required (unclassified repository path)
Route A artifacts/astra-audit/2026-09-09/definition-review/instrumentation-UFbJ5S/batch-1/executed-classes.txt -> candidate:required (unclassified repository path)
Route A artifacts/astra-audit/2026-09-09/definition-review/instrumentation-UFbJ5S/batch-1/expected-classes.txt -> candidate:required (unclassified repository path)
Route A artifacts/astra-audit/2026-09-09/definition-review/instrumentation-UFbJ5S/batch-1/result-1.xml -> candidate:required (unclassified repository path)
Route A artifacts/astra-audit/2026-09-09/definition-review/instrumentation-V3ZUh8/aggregate.tsv -> candidate:required (unclassified repository path)
Route A artifacts/astra-audit/2026-09-09/definition-review/instrumentation-V3ZUh8/batch-1.started -> candidate:required (unclassified repository path)
Route A artifacts/astra-audit/2026-09-09/definition-review/instrumentation-V3ZUh8/batch-1/executed-classes.txt -> candidate:required (unclassified repository path)
Route A artifacts/astra-audit/2026-09-09/definition-review/instrumentation-V3ZUh8/batch-1/expected-classes.txt -> candidate:required (unclassified repository path)
Route A artifacts/astra-audit/2026-09-09/definition-review/instrumentation-V3ZUh8/batch-1/result-1.xml -> candidate:required (unclassified repository path)
Route A artifacts/astra-audit/2026-09-09/definition-review/instrumentation-ihnCg7/aggregate.tsv -> candidate:required (unclassified repository path)
Route A artifacts/astra-audit/2026-09-09/definition-review/instrumentation-ihnCg7/batch-1.started -> candidate:required (unclassified repository path)
Route A artifacts/astra-audit/2026-09-09/definition-review/instrumentation-ihnCg7/batch-1/executed-classes.txt -> candidate:required (unclassified repository path)
Route A artifacts/astra-audit/2026-09-09/definition-review/instrumentation-ihnCg7/batch-1/expected-classes.txt -> candidate:required (unclassified repository path)
Route A artifacts/astra-audit/2026-09-09/definition-review/instrumentation-ihnCg7/batch-1/result-1.xml -> candidate:required (unclassified repository path)
Route A artifacts/astra-audit/2026-09-09/definition-review/instrumentation-ihnCg7/batch-2.started -> candidate:required (unclassified repository path)
Route A artifacts/astra-audit/2026-09-09/definition-review/instrumentation-ihnCg7/batch-2/executed-classes.txt -> candidate:required (unclassified repository path)
Route A artifacts/astra-audit/2026-09-09/definition-review/instrumentation-ihnCg7/batch-2/expected-classes.txt -> candidate:required (unclassified repository path)
Route A artifacts/astra-audit/2026-09-09/definition-review/instrumentation-ihnCg7/batch-2/result-1.xml -> candidate:required (unclassified repository path)
Route A artifacts/astra-audit/2026-09-09/definition-review/instrumentation-ihnCg7/batch-rows/batch-1.tsv -> candidate:required (unclassified repository path)
Route A artifacts/astra-audit/2026-09-09/definition-review/instrumentation-ihnCg7/batch-rows/batch-2.tsv -> candidate:required (unclassified repository path)
Route A artifacts/astra-audit/2026-09-09/definition-review/instrumentation-mOuCdx/aggregate.tsv -> candidate:required (unclassified repository path)
Route A artifacts/astra-audit/2026-09-09/definition-review/instrumentation-mOuCdx/batch-1.started -> candidate:required (unclassified repository path)
Route A artifacts/astra-audit/2026-09-09/definition-review/instrumentation-mOuCdx/batch-1/executed-classes.txt -> candidate:required (unclassified repository path)
Route A artifacts/astra-audit/2026-09-09/definition-review/instrumentation-mOuCdx/batch-1/expected-classes.txt -> candidate:required (unclassified repository path)
Route A artifacts/astra-audit/2026-09-09/definition-review/instrumentation-mOuCdx/batch-1/result-1.xml -> candidate:required (unclassified repository path)
Route A artifacts/astra-audit/2026-09-09/definition-review/neighbors-jvm/TEST-com.whip.app.domain.TrackCsvBatchIdentityTest.xml -> candidate:required (unclassified repository path)
Route A artifacts/astra-audit/2026-09-09/definition-review/neighbors-jvm/TEST-com.whip.app.domain.TrackDomainTest.xml -> candidate:required (unclassified repository path)
Route A artifacts/astra-audit/2026-09-09/definition-review/neighbors-jvm/TEST-com.whip.app.ui.TrackCsvReliabilityPolicyTest.xml -> candidate:required (unclassified repository path)
Route A artifacts/astra-audit/2026-09-09/definition-review/neighbors-jvm/TEST-com.whip.app.ui.TrackEditorStateTest.xml -> candidate:required (unclassified repository path)
Route A artifacts/astra-audit/2026-09-09/definition-review/neighbors-jvm/TEST-com.whip.app.ui.UnifiedSearchRulesTest.xml -> candidate:required (unclassified repository path)
Route A artifacts/astra-audit/2026-09-09/definition-review/neighbors.log -> candidate:required (unclassified repository path)
Route A artifacts/astra-audit/2026-09-09/definition-review/normalization-baseline.png -> candidate:required (unclassified repository path)
Route A artifacts/astra-audit/2026-09-09/definition-review/normalization-baseline.xml -> candidate:required (unclassified repository path)
Route A artifacts/astra-audit/2026-09-09/definition-review/parent-validation-baseline.png -> candidate:required (unclassified repository path)
Route A artifacts/astra-audit/2026-09-09/definition-review/parent-validation-baseline.xml -> candidate:required (unclassified repository path)
Route A artifacts/astra-audit/2026-09-09/definition-review/parent-validation-corrected.png -> candidate:required (unclassified repository path)
Route A artifacts/astra-audit/2026-09-09/definition-review/parent-validation-corrected.xml -> candidate:required (unclassified repository path)
Route A artifacts/astra-audit/2026-09-09/definition-review/ready.log -> candidate:required (unclassified repository path)
Route A artifacts/astra-audit/2026-09-09/definition-review/stale-field-baseline.png -> candidate:required (unclassified repository path)
Route A artifacts/astra-audit/2026-09-09/definition-review/stale-field-baseline.xml -> candidate:required (unclassified repository path)
Route M app/src/main/java/com/whip/app/ui/ItemControlPatterns.kt -> candidate:required (unknown production path)
Route M app/src/main/java/com/whip/app/ui/TrackScreens.kt -> profile:tracks (feature-owned production path)
Route M docs/product-memory/DECISIONS.md -> profile:docs (documentation-only path)
Route M docs/product-memory/FINDINGS.md -> profile:docs (documentation-only path)
Route M docs/product-memory/VERIFICATION.md -> profile:docs (documentation-only path)
Route M docs/quality/astra-dialog-font-review-2026-09-09.tsv -> candidate:required (machine-checked quality harness path)
Route M docs/quality/astra-surface-review-2026-09-08.tsv -> candidate:required (machine-checked quality harness path)
Route M docs/quality/ui-surface-catalog.tsv -> candidate:required (machine-checked quality harness path)
Route M scripts/qa-targeted -> candidate:required (test or release harness integrity path)
Profile: all
Profile: docs
Profile: tracks
Android selector: com.whip.app.TrackDefinitionReviewJourneyE2ETest
Harness check: scripts/test-check-fast
Harness check: scripts/test-check-full
All JVM tests: false
All Android tests: false
Static checks: true
Frozen candidate required: true
Reusing configuration cache.
> Task :app:preBuild UP-TO-DATE
> Task :app:preDebugUnitTestBuild UP-TO-DATE
> Task :app:preDebugBuild UP-TO-DATE
> Task :app:generateDebugResValues UP-TO-DATE
> Task :app:generateDebugBuildConfig UP-TO-DATE
> Task :app:javaPreCompileDebug UP-TO-DATE
> Task :app:generateDebugJacocoPropertiesFile UP-TO-DATE
> Task :app:javaPreCompileDebugUnitTest UP-TO-DATE
> Task :app:extractDeepLinksDebug UP-TO-DATE
> Task :app:createDebugCompatibleScreenManifests UP-TO-DATE
> Task :app:mapDebugSourceSetPaths UP-TO-DATE
> Task :app:generateDebugResources UP-TO-DATE
> Task :app:packageDebugResources UP-TO-DATE
> Task :app:processDebugNavigationResources UP-TO-DATE
> Task :app:checkDebugAarMetadata UP-TO-DATE
> Task :app:parseDebugLocalResources UP-TO-DATE
> Task :app:compileDebugNavigationResources UP-TO-DATE
> Task :app:mergeDebugResources UP-TO-DATE
> Task :app:generateDebugRFile UP-TO-DATE
> Task :app:processDebugMainManifest UP-TO-DATE
> Task :app:processDebugManifest UP-TO-DATE
> Task :app:processDebugManifestForPackage UP-TO-DATE
> Task :app:kspDebugKotlin UP-TO-DATE
> Task :app:compileDebugKotlin UP-TO-DATE
> Task :app:processDebugResources UP-TO-DATE
> Task :app:compileDebugJavaWithJavac UP-TO-DATE
> Task :app:bundleDebugClassesToCompileJar UP-TO-DATE
> Task :app:kspDebugUnitTestKotlin SKIPPED
> Task :app:processDebugJavaRes UP-TO-DATE
> Task :app:bundleDebugClassesToRuntimeJar
> Task :app:compileDebugUnitTestKotlin
> Task :app:compileDebugUnitTestJavaWithJavac NO-SOURCE
> Task :app:copyRoomSchemas NO-SOURCE
> Task :app:processDebugUnitTestJavaRes UP-TO-DATE
> Task :app:testDebugUnitTest

BUILD SUCCESSFUL in 4s
29 actionable tasks: 3 executed, 26 up-to-date
Configuration cache entry reused.
Targeted JVM checks passed; Android-test compilation was intentionally deferred.
PASS fast-default-explicit-readiness-and-store-boundary
PASS check-full-without-android-serial
All complete-local-gate fixtures passed.
Play Store assets verified: 512x512 icon, 1024x500 feature graphic, and 5 phone screenshots
Reusing configuration cache.
> Task :app:generateDebugAssets UP-TO-DATE
> Task :app:preBuild UP-TO-DATE
> Task :app:preDebugBuild UP-TO-DATE
> Task :app:preDebugAndroidTestBuild SKIPPED
> Task :app:generateDebugResValues UP-TO-DATE
> Task :app:generateDebugBuildConfig UP-TO-DATE
> Task :app:javaPreCompileDebug UP-TO-DATE
> Task :app:createDebugCompatibleScreenManifests UP-TO-DATE
> Task :app:generateDebugAndroidTestResValues UP-TO-DATE
> Task :app:preDebugUnitTestBuild UP-TO-DATE
> Task :app:extractProguardFiles UP-TO-DATE
> Task :app:extractDeepLinksDebug UP-TO-DATE
> Task :app:processDebugAndroidTestNavigationResources UP-TO-DATE
> Task :app:mapDebugSourceSetPaths UP-TO-DATE
> Task :app:mergeDebugNativeDebugMetadata NO-SOURCE
> Task :app:generateDebugAndroidTestResources UP-TO-DATE
> Task :app:generateDebugJacocoPropertiesFile UP-TO-DATE
> Task :app:writeDebugAppMetadata UP-TO-DATE
> Task :app:desugarDebugFileDependencies UP-TO-DATE
> Task :app:validateSigningDebug UP-TO-DATE
> Task :app:writeDebugSigningConfigVersions UP-TO-DATE
> Task :app:mergeDebugJniLibFolders UP-TO-DATE
> Task :app:packageDebugAndroidTestResources UP-TO-DATE
> Task :app:generateDebugGlobalSynthetics UP-TO-DATE
> Task :app:generateDebugResources UP-TO-DATE
> Task :app:parseDebugAndroidTestLocalResources UP-TO-DATE
> Task :app:packageDebugResources UP-TO-DATE
> Task :app:checkDebugAarMetadata UP-TO-DATE
> Task :app:processDebugNavigationResources UP-TO-DATE
> Task :app:checkDebugDuplicateClasses UP-TO-DATE
> Task :app:parseDebugLocalResources UP-TO-DATE
> Task :app:compileDebugNavigationResources UP-TO-DATE
> Task :app:generateDebugAndroidTestRFile UP-TO-DATE
> Task :app:mergeLibDexDebug UP-TO-DATE
> Task :app:mergeDebugNativeLibs UP-TO-DATE
> Task :app:mergeDebugAndroidTestManifest UP-TO-DATE
> Task :app:processDebugMainManifest UP-TO-DATE
> Task :app:mergeDebugResources UP-TO-DATE
> Task :app:generateDebugRFile UP-TO-DATE
> Task :app:stripDebugDebugSymbols UP-TO-DATE
> Task :app:processDebugAndroidTestManifest UP-TO-DATE
> Task :app:processDebugManifest UP-TO-DATE
> Task :app:generateDebugAndroidTestBuildConfig UP-TO-DATE
> Task :app:processDebugManifestForPackage UP-TO-DATE
> Task :app:kspDebugKotlin UP-TO-DATE
> Task :app:mergeDebugAssets UP-TO-DATE
> Task :app:compressDebugAssets UP-TO-DATE
> Task :app:compileDebugKotlin UP-TO-DATE
> Task :app:compileDebugJavaWithJavac UP-TO-DATE
> Task :app:processDebugResources UP-TO-DATE
> Task :app:bundleDebugClassesToCompileJar UP-TO-DATE
> Task :app:kspDebugAndroidTestKotlin SKIPPED
> Task :app:copyRoomSchemas NO-SOURCE
> Task :app:compileDebugAndroidTestKotlin UP-TO-DATE
> Task :app:mergeExtDexDebug UP-TO-DATE
> Task :app:processDebugJavaRes UP-TO-DATE
> Task :app:jacocoDebug UP-TO-DATE
> Task :app:dexBuilderDebug UP-TO-DATE
> Task :app:mergeProjectDexDebug UP-TO-DATE
> Task :app:mergeDebugJavaResource UP-TO-DATE
> Task :app:packageDebug UP-TO-DATE
> Task :app:assembleDebug UP-TO-DATE
> Task :app:createDebugApkListingFileRedirect UP-TO-DATE
> Task :app:generateDebugUnitTestLintModel
> Task :app:generateDebugLintReportModel
> Task :app:generateDebugAndroidTestLintModel
> Task :app:lintAnalyzeDebugUnitTest
> Task :app:lintAnalyzeDebug
> Task :app:lintAnalyzeDebugAndroidTest

> Task :app:lintReportDebug
Wrote HTML report to file:///root/repos/whip/app/build/reports/lint-results-debug.html
Wrote SARIF report to file:///root/repos/whip/app/build/reports/lint-results-debug.sarif

> Task :app:lintDebug

BUILD SUCCESSFUL in 2m 36s
62 actionable tasks: 8 executed, 54 up-to-date
Configuration cache entry reused.
Affected-change readiness gate passed. Frozen-candidate evidence was not created.
Play Store note: qualify these inputs with a fresh scripts/candidate run only when preparing a store release.
