Calculating task graph as configuration cache cannot be reused because file 'app/build.gradle.kts' has changed.
> Task :app:generateReleaseAssets UP-TO-DATE
> Task :app:preBuild UP-TO-DATE
> Task :app:preReleaseBuild UP-TO-DATE
> Task :app:mergeReleaseJniLibFolders UP-TO-DATE
> Task :app:mergeReleaseStartupProfile UP-TO-DATE
> Task :app:generateReleaseResValues UP-TO-DATE
> Task :app:writeReleaseAppMetadata UP-TO-DATE
> Task :app:parseReleaseIntegrityConfig UP-TO-DATE
> Task :app:javaPreCompileRelease UP-TO-DATE
> Task :app:extractProguardFiles UP-TO-DATE
> Task :app:createReleaseCompatibleScreenManifests
> Task :app:validateSigningRelease UP-TO-DATE
> Task :app:collectReleaseDependencies UP-TO-DATE
> Task :app:extractDeepLinksRelease UP-TO-DATE
> Task :app:writeReleaseSigningConfigVersions UP-TO-DATE
> Task :app:sdkReleaseDependencyData UP-TO-DATE
> Task :app:generateReleaseBuildConfig
> Task :app:configureReleaseDependencies UP-TO-DATE
> Task :app:mapReleaseSourceSetPaths
> Task :app:checkReleaseDuplicateClasses UP-TO-DATE
> Task :app:mergeReleaseArtProfile UP-TO-DATE
> Task :app:processReleaseNavigationResources
> Task :app:generateReleaseResources FROM-CACHE
> Task :app:compileReleaseNavigationResources UP-TO-DATE
> Task :app:mergeReleaseAssets UP-TO-DATE
> Task :app:checkReleaseAarMetadata UP-TO-DATE
> Task :app:compressReleaseAssets UP-TO-DATE
> Task :app:mergeReleaseNativeLibs UP-TO-DATE
> Task :app:stripReleaseDebugSymbols UP-TO-DATE
> Task :app:extractReleaseNativeSymbolTables UP-TO-DATE
> Task :app:mergeReleaseNativeDebugMetadata NO-SOURCE
> Task :app:packageReleaseResources
> Task :app:processReleaseMainManifest
> Task :app:processReleaseManifest
> Task :app:extractReleaseVersionControlInfo
> Task :app:processReleaseManifestForPackage
> Task :app:parseReleaseLocalResources
> Task :app:generateReleaseRFile UP-TO-DATE
> Task :app:mergeReleaseResources
> Task :app:processReleaseResources
> Task :app:kspReleaseKotlin

> Task :app:compileReleaseKotlin
w: file:///root/repos/whip/app/src/main/java/com/whip/app/ui/GoalScreens.kt:1591:54 Unnecessary safe call on a non-null receiver of type 'GoalProjection'.
w: file:///root/repos/whip/app/src/main/java/com/whip/app/ui/GoalScreens.kt:1591:54 Unnecessary safe call on a non-null receiver of type 'GoalProjection'.

> Task :app:processReleaseJavaRes
> Task :app:mergeReleaseJavaResource
> Task :app:compileReleaseJavaWithJavac
> Task :app:copyRoomSchemas NO-SOURCE
> Task :app:mergeReleaseGeneratedProguardFiles UP-TO-DATE
> Task :app:generateReleaseLintVitalReportModel
> Task :app:expandReleaseArtProfileWildcards
> Task :app:produceReleaseComposeMapping
> Task :app:reportReleaseComposeMappingErrors
> Task :app:lintVitalAnalyzeRelease
> Task :app:minifyReleaseWithR8
> Task :app:lintVitalReportRelease
> Task :app:lintVitalRelease
> Task :app:convertShrunkResourcesToBinaryRelease
> Task :app:buildReleasePreBundle
> Task :app:optimizeReleaseResources
> Task :app:mergeReleaseComposeMapping
> Task :app:compileReleaseArtProfile
> Task :app:packageRelease
> Task :app:assembleRelease
> Task :app:createReleaseApkListingFileRedirect
> Task :app:packageReleaseBundle
> Task :app:signReleaseBundle
> Task :app:bundleRelease
> Task :app:produceReleaseBundleIdeListingFile
> Task :app:createReleaseBundleListingFileRedirect UP-TO-DATE

[Incubating] Problems report is available at: file:///root/repos/whip/build/reports/problems/problems-report.html

BUILD SUCCESSFUL in 1m 37s
61 actionable tasks: 35 executed, 1 from cache, 25 up-to-date
Configuration cache entry stored.
