INSTRUMENTATION_STATUS: class=com.whip.app.RoutineAuthoringJourneyE2ETest
INSTRUMENTATION_STATUS: current=1
INSTRUMENTATION_STATUS: id=AndroidJUnitRunner
INSTRUMENTATION_STATUS: numtests=5
INSTRUMENTATION_STATUS: stream=
com.whip.app.RoutineAuthoringJourneyE2ETest:
INSTRUMENTATION_STATUS: test=twoDayRoutinePreservesContextAndStartsTheChosenDay
INSTRUMENTATION_STATUS_CODE: 1
INSTRUMENTATION_STATUS: class=com.whip.app.RoutineAuthoringJourneyE2ETest
INSTRUMENTATION_STATUS: current=1
INSTRUMENTATION_STATUS: id=AndroidJUnitRunner
INSTRUMENTATION_STATUS: numtests=5
INSTRUMENTATION_STATUS: stream=.
INSTRUMENTATION_STATUS: test=twoDayRoutinePreservesContextAndStartsTheChosenDay
INSTRUMENTATION_STATUS_CODE: 0
INSTRUMENTATION_STATUS: class=com.whip.app.GymFiveThreeOneJourneyE2ETest
INSTRUMENTATION_STATUS: current=2
INSTRUMENTATION_STATUS: id=AndroidJUnitRunner
INSTRUMENTATION_STATUS: numtests=5
INSTRUMENTATION_STATUS: stream=
com.whip.app.GymFiveThreeOneJourneyE2ETest:
INSTRUMENTATION_STATUS: test=generatedProgramPersistsStartsNextDayAndRendersProgrammedWorkout
INSTRUMENTATION_STATUS_CODE: 1
INSTRUMENTATION_STATUS: class=com.whip.app.GymFiveThreeOneJourneyE2ETest
INSTRUMENTATION_STATUS: current=2
INSTRUMENTATION_STATUS: id=AndroidJUnitRunner
INSTRUMENTATION_STATUS: numtests=5
INSTRUMENTATION_STATUS: stream=.
INSTRUMENTATION_STATUS: test=generatedProgramPersistsStartsNextDayAndRendersProgrammedWorkout
INSTRUMENTATION_STATUS_CODE: 0
INSTRUMENTATION_STATUS: class=com.whip.app.RoutineBuilderUiTest
INSTRUMENTATION_STATUS: current=3
INSTRUMENTATION_STATUS: id=AndroidJUnitRunner
INSTRUMENTATION_STATUS: numtests=5
INSTRUMENTATION_STATUS: stream=
com.whip.app.RoutineBuilderUiTest:
INSTRUMENTATION_STATUS: test=blankRoutineSurfacesTopLevelFiveThreeOneEntry
INSTRUMENTATION_STATUS_CODE: 1
INSTRUMENTATION_STATUS: class=com.whip.app.RoutineBuilderUiTest
INSTRUMENTATION_STATUS: current=3
INSTRUMENTATION_STATUS: id=AndroidJUnitRunner
INSTRUMENTATION_STATUS: numtests=5
INSTRUMENTATION_STATUS: stream=.
INSTRUMENTATION_STATUS: test=blankRoutineSurfacesTopLevelFiveThreeOneEntry
INSTRUMENTATION_STATUS_CODE: 0
INSTRUMENTATION_STATUS: class=com.whip.app.RoutineBuilderUiTest
INSTRUMENTATION_STATUS: current=4
INSTRUMENTATION_STATUS: id=AndroidJUnitRunner
INSTRUMENTATION_STATUS: numtests=5
INSTRUMENTATION_STATUS: stream=
INSTRUMENTATION_STATUS: test=exerciseListUsesTheRoutinePaneInsteadOfAOneRowNestedViewport
INSTRUMENTATION_STATUS_CODE: 1
INSTRUMENTATION_STATUS: class=com.whip.app.RoutineBuilderUiTest
INSTRUMENTATION_STATUS: current=4
INSTRUMENTATION_STATUS: id=AndroidJUnitRunner
INSTRUMENTATION_STATUS: numtests=5
INSTRUMENTATION_STATUS: stream=.
INSTRUMENTATION_STATUS: test=exerciseListUsesTheRoutinePaneInsteadOfAOneRowNestedViewport
INSTRUMENTATION_STATUS_CODE: 0
INSTRUMENTATION_STATUS: class=com.whip.app.RoutineBuilderUiTest
INSTRUMENTATION_STATUS: current=5
INSTRUMENTATION_STATUS: id=AndroidJUnitRunner
INSTRUMENTATION_STATUS: numtests=5
INSTRUMENTATION_STATUS: stream=
INSTRUMENTATION_STATUS: test=addingExerciseToExistingRoutineSavesWithoutLeavingTheEditedDay
INSTRUMENTATION_STATUS_CODE: 1
INSTRUMENTATION_STATUS: class=com.whip.app.RoutineBuilderUiTest
INSTRUMENTATION_STATUS: current=5
INSTRUMENTATION_STATUS: id=AndroidJUnitRunner
INSTRUMENTATION_STATUS: numtests=5
INSTRUMENTATION_STATUS: stream=.
INSTRUMENTATION_STATUS: test=addingExerciseToExistingRoutineSavesWithoutLeavingTheEditedDay
INSTRUMENTATION_STATUS_CODE: 0
INSTRUMENTATION_RESULT: stream=

Time: 90.044

OK (5 tests)


INSTRUMENTATION_CODE: -1
