INSTRUMENTATION_STATUS: class=com.whip.app.TrackInsightRecoveryJourneyE2ETest
INSTRUMENTATION_STATUS: current=1
INSTRUMENTATION_STATUS: id=AndroidJUnitRunner
INSTRUMENTATION_STATUS: numtests=10
INSTRUMENTATION_STATUS: stream=
com.whip.app.TrackInsightRecoveryJourneyE2ETest:
INSTRUMENTATION_STATUS: test=archivedEntrylessTrackOffersReadOnlyRecovery
INSTRUMENTATION_STATUS_CODE: 1
INSTRUMENTATION_STATUS: class=com.whip.app.TrackInsightRecoveryJourneyE2ETest
INSTRUMENTATION_STATUS: current=1
INSTRUMENTATION_STATUS: id=AndroidJUnitRunner
INSTRUMENTATION_STATUS: numtests=10
INSTRUMENTATION_STATUS: stream=.
INSTRUMENTATION_STATUS: test=archivedEntrylessTrackOffersReadOnlyRecovery
INSTRUMENTATION_STATUS_CODE: 0
INSTRUMENTATION_STATUS: class=com.whip.app.TrackInsightRecoveryJourneyE2ETest
INSTRUMENTATION_STATUS: current=2
INSTRUMENTATION_STATUS: id=AndroidJUnitRunner
INSTRUMENTATION_STATUS: numtests=10
INSTRUMENTATION_STATUS: stream=
INSTRUMENTATION_STATUS: test=unmatchedInsightFiltersCanRecoverExactHistory
INSTRUMENTATION_STATUS_CODE: 1
INSTRUMENTATION_STATUS: class=com.whip.app.TrackInsightRecoveryJourneyE2ETest
INSTRUMENTATION_STATUS: current=2
INSTRUMENTATION_STATUS: id=AndroidJUnitRunner
INSTRUMENTATION_STATUS: numtests=10
INSTRUMENTATION_STATUS: stream=.
INSTRUMENTATION_STATUS: test=unmatchedInsightFiltersCanRecoverExactHistory
INSTRUMENTATION_STATUS_CODE: 0
INSTRUMENTATION_STATUS: class=com.whip.app.TrackInsightRecoveryJourneyE2ETest
INSTRUMENTATION_STATUS: current=3
INSTRUMENTATION_STATUS: id=AndroidJUnitRunner
INSTRUMENTATION_STATUS: numtests=10
INSTRUMENTATION_STATUS: stream=
INSTRUMENTATION_STATUS: test=areaWithoutActiveTracksRetainsArchivedAndOtherAreaEvidence
INSTRUMENTATION_STATUS_CODE: 1
INSTRUMENTATION_STATUS: class=com.whip.app.TrackInsightRecoveryJourneyE2ETest
INSTRUMENTATION_STATUS: current=3
INSTRUMENTATION_STATUS: id=AndroidJUnitRunner
INSTRUMENTATION_STATUS: numtests=10
INSTRUMENTATION_STATUS: stream=.
INSTRUMENTATION_STATUS: test=areaWithoutActiveTracksRetainsArchivedAndOtherAreaEvidence
INSTRUMENTATION_STATUS_CODE: 0
INSTRUMENTATION_STATUS: class=com.whip.app.TrackInsightRecoveryJourneyE2ETest
INSTRUMENTATION_STATUS: current=4
INSTRUMENTATION_STATUS: id=AndroidJUnitRunner
INSTRUMENTATION_STATUS: numtests=10
INSTRUMENTATION_STATUS: stream=
INSTRUMENTATION_STATUS: test=entrylessTrackCanReturnToRecording
INSTRUMENTATION_STATUS_CODE: 1
INSTRUMENTATION_STATUS: class=com.whip.app.TrackInsightRecoveryJourneyE2ETest
INSTRUMENTATION_STATUS: current=4
INSTRUMENTATION_STATUS: id=AndroidJUnitRunner
INSTRUMENTATION_STATUS: numtests=10
INSTRUMENTATION_STATUS: stream=.
INSTRUMENTATION_STATUS: test=entrylessTrackCanReturnToRecording
INSTRUMENTATION_STATUS_CODE: 0
INSTRUMENTATION_STATUS: class=com.whip.app.TrackInsightsJourneyE2ETest
INSTRUMENTATION_STATUS: current=5
INSTRUMENTATION_STATUS: id=AndroidJUnitRunner
INSTRUMENTATION_STATUS: numtests=10
INSTRUMENTATION_STATUS: stream=
com.whip.app.TrackInsightsJourneyE2ETest:
INSTRUMENTATION_STATUS: test=temperatureAndFineScaleInsightsPreserveReadingsWithoutTotals
INSTRUMENTATION_STATUS_CODE: 1
INSTRUMENTATION_STATUS: class=com.whip.app.TrackInsightsJourneyE2ETest
INSTRUMENTATION_STATUS: current=5
INSTRUMENTATION_STATUS: id=AndroidJUnitRunner
INSTRUMENTATION_STATUS: numtests=10
INSTRUMENTATION_STATUS: stream=.
INSTRUMENTATION_STATUS: test=temperatureAndFineScaleInsightsPreserveReadingsWithoutTotals
INSTRUMENTATION_STATUS_CODE: 0
INSTRUMENTATION_STATUS: class=com.whip.app.TrackInsightsJourneyE2ETest
INSTRUMENTATION_STATUS: current=6
INSTRUMENTATION_STATUS: id=AndroidJUnitRunner
INSTRUMENTATION_STATUS: numtests=10
INSTRUMENTATION_STATUS: stream=
INSTRUMENTATION_STATUS: test=mixedDistanceUnitsUseTheFieldUnitAndPrecisionAcrossInsights
INSTRUMENTATION_STATUS_CODE: 1
INSTRUMENTATION_STATUS: class=com.whip.app.TrackInsightsJourneyE2ETest
INSTRUMENTATION_STATUS: current=6
INSTRUMENTATION_STATUS: id=AndroidJUnitRunner
INSTRUMENTATION_STATUS: numtests=10
INSTRUMENTATION_STATUS: stream=.
INSTRUMENTATION_STATUS: test=mixedDistanceUnitsUseTheFieldUnitAndPrecisionAcrossInsights
INSTRUMENTATION_STATUS_CODE: 0
INSTRUMENTATION_STATUS: class=com.whip.app.ReviewJourneyE2ETest
INSTRUMENTATION_STATUS: current=7
INSTRUMENTATION_STATUS: id=AndroidJUnitRunner
INSTRUMENTATION_STATUS: numtests=10
INSTRUMENTATION_STATUS: stream=
com.whip.app.ReviewJourneyE2ETest:
INSTRUMENTATION_STATUS: test=trackOnlyHistoryOffersReviewWithoutInventingOutcomes
INSTRUMENTATION_STATUS_CODE: 1
INSTRUMENTATION_STATUS: class=com.whip.app.ReviewJourneyE2ETest
INSTRUMENTATION_STATUS: current=7
INSTRUMENTATION_STATUS: id=AndroidJUnitRunner
INSTRUMENTATION_STATUS: numtests=10
INSTRUMENTATION_STATUS: stream=.
INSTRUMENTATION_STATUS: test=trackOnlyHistoryOffersReviewWithoutInventingOutcomes
INSTRUMENTATION_STATUS_CODE: 0
INSTRUMENTATION_STATUS: class=com.whip.app.ReviewJourneyE2ETest
INSTRUMENTATION_STATUS: current=8
INSTRUMENTATION_STATUS: id=AndroidJUnitRunner
INSTRUMENTATION_STATUS: numtests=10
INSTRUMENTATION_STATUS: stream=
INSTRUMENTATION_STATUS: test=archivedTaskAndHabitOutcomesRemainInReviewHistory
INSTRUMENTATION_STATUS_CODE: 1
INSTRUMENTATION_STATUS: class=com.whip.app.ReviewJourneyE2ETest
INSTRUMENTATION_STATUS: current=8
INSTRUMENTATION_STATUS: id=AndroidJUnitRunner
INSTRUMENTATION_STATUS: numtests=10
INSTRUMENTATION_STATUS: stream=.
INSTRUMENTATION_STATUS: test=archivedTaskAndHabitOutcomesRemainInReviewHistory
INSTRUMENTATION_STATUS_CODE: 0
INSTRUMENTATION_STATUS: class=com.whip.app.ReviewJourneyE2ETest
INSTRUMENTATION_STATUS: current=9
INSTRUMENTATION_STATUS: id=AndroidJUnitRunner
INSTRUMENTATION_STATUS: numtests=10
INSTRUMENTATION_STATUS: stream=
INSTRUMENTATION_STATUS: test=changingReviewOptionsRevealsSavedOutcomesWithoutLosingTheView
INSTRUMENTATION_STATUS_CODE: 1
INSTRUMENTATION_STATUS: class=com.whip.app.ReviewJourneyE2ETest
INSTRUMENTATION_STATUS: current=9
INSTRUMENTATION_STATUS: id=AndroidJUnitRunner
INSTRUMENTATION_STATUS: numtests=10
INSTRUMENTATION_STATUS: stream=.
INSTRUMENTATION_STATUS: test=changingReviewOptionsRevealsSavedOutcomesWithoutLosingTheView
INSTRUMENTATION_STATUS_CODE: 0
INSTRUMENTATION_STATUS: class=com.whip.app.ReviewJourneyE2ETest
INSTRUMENTATION_STATUS: current=10
INSTRUMENTATION_STATUS: id=AndroidJUnitRunner
INSTRUMENTATION_STATUS: numtests=10
INSTRUMENTATION_STATUS: stream=
INSTRUMENTATION_STATUS: test=allTrackEvidenceKeepsItsScopeAcrossAreaReviewAndRecreation
INSTRUMENTATION_STATUS_CODE: 1
INSTRUMENTATION_STATUS: class=com.whip.app.ReviewJourneyE2ETest
INSTRUMENTATION_STATUS: current=10
INSTRUMENTATION_STATUS: id=AndroidJUnitRunner
INSTRUMENTATION_STATUS: numtests=10
INSTRUMENTATION_STATUS: stream=.
INSTRUMENTATION_STATUS: test=allTrackEvidenceKeepsItsScopeAcrossAreaReviewAndRecreation
INSTRUMENTATION_STATUS_CODE: 0
INSTRUMENTATION_RESULT: stream=

Time: 112.764

OK (10 tests)


INSTRUMENTATION_CODE: -1
