Reusing configuration cache.
> Task :app:preBuild UP-TO-DATE
> Task :app:preDebugBuild UP-TO-DATE
> Task :app:preDebugAndroidTestBuild SKIPPED
> Task :app:createDebugCompatibleScreenManifests UP-TO-DATE
> Task :app:generateDebugResValues UP-TO-DATE
> Task :app:generateDebugBuildConfig UP-TO-DATE
> Task :app:generateDebugAndroidTestResValues UP-TO-DATE
> Task :app:processDebugAndroidTestNavigationResources UP-TO-DATE
> Task :app:javaPreCompileDebug UP-TO-DATE
> Task :app:extractDeepLinksDebug UP-TO-DATE
> Task :app:generateDebugAndroidTestResources UP-TO-DATE
> Task :app:packageDebugAndroidTestResources UP-TO-DATE
> Task :app:checkDebugAarMetadata UP-TO-DATE
> Task :app:mapDebugSourceSetPaths
> Task :app:generateDebugResources
> Task :app:parseDebugAndroidTestLocalResources UP-TO-DATE
> Task :app:generateDebugAndroidTestRFile UP-TO-DATE
> Task :app:processDebugNavigationResources
> Task :app:processDebugMainManifest UP-TO-DATE
> Task :app:compileDebugNavigationResources UP-TO-DATE
> Task :app:mergeDebugAndroidTestManifest UP-TO-DATE
> Task :app:processDebugManifest UP-TO-DATE
> Task :app:processDebugAndroidTestManifest UP-TO-DATE
> Task :app:processDebugManifestForPackage UP-TO-DATE
> Task :app:generateDebugAndroidTestBuildConfig UP-TO-DATE
> Task :app:packageDebugResources
> Task :app:parseDebugLocalResources
> Task :app:generateDebugRFile UP-TO-DATE
> Task :app:mergeDebugResources
> Task :app:processDebugResources
> Task :app:kspDebugKotlin

> Task :app:compileDebugKotlin
e: file:///root/repos/whip/app/src/main/java/com/whip/app/ui/TrackScreens.kt:1500:25 Mixing named and positional arguments is not allowed unless the order of the arguments matches the order of the parameters.
e: file:///root/repos/whip/app/src/main/java/com/whip/app/ui/TrackScreens.kt:1500:31 Mixing named and positional arguments is not allowed unless the order of the arguments matches the order of the parameters.
e: file:///root/repos/whip/app/src/main/java/com/whip/app/ui/TrackScreens.kt:1500:39 Mixing named and positional arguments is not allowed unless the order of the arguments matches the order of the parameters.
e: file:///root/repos/whip/app/src/main/java/com/whip/app/ui/TrackScreens.kt:1500:47 Mixing named and positional arguments is not allowed unless the order of the arguments matches the order of the parameters.
e: file:///root/repos/whip/app/src/main/java/com/whip/app/ui/TrackScreens.kt:1511:25 No value passed for parameter 'projection'.
e: file:///root/repos/whip/app/src/main/java/com/whip/app/ui/TrackScreens.kt:1511:25 No value passed for parameter 'onOpen'.
e: file:///root/repos/whip/app/src/main/java/com/whip/app/ui/TrackScreens.kt:1511:25 No value passed for parameter 'onEdit'.
e: file:///root/repos/whip/app/src/main/java/com/whip/app/ui/TrackScreens.kt:1511:25 No value passed for parameter 'onAddEntry'.
e: file:///root/repos/whip/app/src/main/java/com/whip/app/ui/TrackScreens.kt:1519:21 Mixing named and positional arguments is not allowed unless the order of the arguments matches the order of the parameters.
e: file:///root/repos/whip/app/src/main/java/com/whip/app/ui/TrackScreens.kt:1519:27 Mixing named and positional arguments is not allowed unless the order of the arguments matches the order of the parameters.
e: file:///root/repos/whip/app/src/main/java/com/whip/app/ui/TrackScreens.kt:1519:35 Mixing named and positional arguments is not allowed unless the order of the arguments matches the order of the parameters.
e: file:///root/repos/whip/app/src/main/java/com/whip/app/ui/TrackScreens.kt:1519:43 Mixing named and positional arguments is not allowed unless the order of the arguments matches the order of the parameters.
e: file:///root/repos/whip/app/src/main/java/com/whip/app/ui/TrackScreens.kt:1530:21 No value passed for parameter 'projection'.
e: file:///root/repos/whip/app/src/main/java/com/whip/app/ui/TrackScreens.kt:1530:21 No value passed for parameter 'onOpen'.
e: file:///root/repos/whip/app/src/main/java/com/whip/app/ui/TrackScreens.kt:1530:21 No value passed for parameter 'onEdit'.
e: file:///root/repos/whip/app/src/main/java/com/whip/app/ui/TrackScreens.kt:1530:21 No value passed for parameter 'onAddEntry'.
e: file:///root/repos/whip/app/src/main/java/com/whip/app/ui/UnifiedSearchDialog.kt:388:48 Unresolved reference 'editableNumericValue'.

> Task :app:compileDebugKotlin FAILED
> Task :app:copyRoomSchemas NO-SOURCE

[Incubating] Problems report is available at: file:///root/repos/whip/build/reports/problems/problems-report.html

FAILURE: Build failed with an exception.

* What went wrong:
Execution failed for task ':app:compileDebugKotlin' (registered by plugin 'com.android.internal.application').
> A failure occurred while executing org.jetbrains.kotlin.compilerRunner.btapi.BuildToolsApiCompilationWork
   > Compilation error. See log for more details

* Try:
> Run with --stacktrace option to get the stack trace.
> Run with --info or --debug option to get more log output.
> Run with --scan to get full insights from a Build Scan (powered by Develocity).
> Get more help at https://help.gradle.org.

BUILD FAILED in 8s
29 actionable tasks: 9 executed, 20 up-to-date
Configuration cache entry reused.
