Calculating task graph as no cached configuration is available for tasks: :app:testDebugUnitTest --tests com.whip.app.core.AppSettingsTest --tests com.whip.app.data.RoutineProgrammingTest --tests com.whip.app.domain.FiveThreeOneProgressionTest --tests com.whip.app.domain.GymAnalyticsTest --tests com.whip.app.domain.GymCalculationsTest --tests com.whip.app.reminders.ReminderWorkerRulesTest --tests com.whip.app.ui.FiveThreeOneCycleReviewTest --tests com.whip.app.ui.GymQuickSetFlowTest --tests com.whip.app.ui.GymUxRulesTest --tests com.whip.app.ui.RoutineBuilderStateTest
> Task :app:preBuild UP-TO-DATE
> Task :app:preDebugBuild UP-TO-DATE
> Task :app:preDebugUnitTestBuild UP-TO-DATE
> Task :app:generateDebugJacocoPropertiesFile UP-TO-DATE
> Task :app:generateDebugBuildConfig UP-TO-DATE
> Task :app:generateDebugResValues UP-TO-DATE
> Task :app:createDebugCompatibleScreenManifests UP-TO-DATE
> Task :app:generateDebugResources UP-TO-DATE
> Task :app:javaPreCompileDebugUnitTest UP-TO-DATE
> Task :app:mapDebugSourceSetPaths UP-TO-DATE
> Task :app:extractDeepLinksDebug UP-TO-DATE
> Task :app:packageDebugResources UP-TO-DATE
> Task :app:javaPreCompileDebug UP-TO-DATE
> Task :app:checkDebugAarMetadata UP-TO-DATE
> Task :app:mergeDebugResources UP-TO-DATE
> Task :app:processDebugNavigationResources UP-TO-DATE
> Task :app:parseDebugLocalResources UP-TO-DATE
> Task :app:compileDebugNavigationResources UP-TO-DATE
> Task :app:generateDebugRFile UP-TO-DATE
> Task :app:processDebugMainManifest UP-TO-DATE
> Task :app:processDebugManifest UP-TO-DATE
> Task :app:processDebugManifestForPackage UP-TO-DATE
> Task :app:kspDebugKotlin UP-TO-DATE
> Task :app:processDebugResources UP-TO-DATE
> Task :app:compileDebugKotlin UP-TO-DATE
> Task :app:compileDebugJavaWithJavac UP-TO-DATE
> Task :app:bundleDebugClassesToCompileJar UP-TO-DATE
> Task :app:bundleDebugClassesToRuntimeJar UP-TO-DATE
> Task :app:kspDebugUnitTestKotlin SKIPPED
> Task :app:processDebugJavaRes UP-TO-DATE
> Task :app:compileDebugUnitTestKotlin UP-TO-DATE
> Task :app:processDebugUnitTestJavaRes UP-TO-DATE
> Task :app:compileDebugUnitTestJavaWithJavac NO-SOURCE
> Task :app:copyRoomSchemas NO-SOURCE
> Task :app:testDebugUnitTest

BUILD SUCCESSFUL in 2s
29 actionable tasks: 1 executed, 28 up-to-date
Configuration cache entry stored.
Reusing configuration cache.
> Task :app:preBuild UP-TO-DATE
> Task :app:preDebugBuild UP-TO-DATE
> Task :app:preDebugAndroidTestBuild SKIPPED
> Task :app:generateDebugBuildConfig UP-TO-DATE
> Task :app:generateDebugResValues UP-TO-DATE
> Task :app:createDebugCompatibleScreenManifests UP-TO-DATE
> Task :app:javaPreCompileDebug UP-TO-DATE
> Task :app:generateDebugAndroidTestResValues UP-TO-DATE
> Task :app:mapDebugSourceSetPaths UP-TO-DATE
> Task :app:generateDebugResources UP-TO-DATE
> Task :app:extractDeepLinksDebug UP-TO-DATE
> Task :app:generateDebugAndroidTestResources UP-TO-DATE
> Task :app:processDebugAndroidTestNavigationResources UP-TO-DATE
> Task :app:packageDebugResources UP-TO-DATE
> Task :app:packageDebugAndroidTestResources UP-TO-DATE
> Task :app:parseDebugAndroidTestLocalResources UP-TO-DATE
> Task :app:generateDebugAndroidTestRFile UP-TO-DATE
> Task :app:processDebugNavigationResources UP-TO-DATE
> Task :app:checkDebugAarMetadata UP-TO-DATE
> Task :app:mergeDebugResources UP-TO-DATE
> Task :app:parseDebugLocalResources UP-TO-DATE
> Task :app:compileDebugNavigationResources UP-TO-DATE
> Task :app:generateDebugRFile UP-TO-DATE
> Task :app:processDebugMainManifest UP-TO-DATE
> Task :app:mergeDebugAndroidTestManifest UP-TO-DATE
> Task :app:processDebugManifest UP-TO-DATE
> Task :app:processDebugAndroidTestManifest UP-TO-DATE
> Task :app:processDebugManifestForPackage UP-TO-DATE
> Task :app:generateDebugAndroidTestBuildConfig UP-TO-DATE
> Task :app:kspDebugKotlin UP-TO-DATE
> Task :app:compileDebugKotlin UP-TO-DATE
> Task :app:processDebugResources UP-TO-DATE
> Task :app:compileDebugJavaWithJavac UP-TO-DATE
> Task :app:bundleDebugClassesToCompileJar UP-TO-DATE
> Task :app:kspDebugAndroidTestKotlin SKIPPED
> Task :app:copyRoomSchemas NO-SOURCE
> Task :app:compileDebugAndroidTestKotlin UP-TO-DATE

BUILD SUCCESSFUL in 398ms
32 actionable tasks: 32 up-to-date
Configuration cache entry reused.
Targeted Android run 1/1.
Reusing configuration cache.
> Task :app:preBuild UP-TO-DATE
> Task :app:generateDebugAndroidTestAssets UP-TO-DATE
> Task :app:generateDebugAssets UP-TO-DATE
> Task :app:preDebugBuild UP-TO-DATE
> Task :app:copyRoomSchemasToAndroidTestAssetsDebugAndroidTest UP-TO-DATE
> Task :app:mergeDebugNativeDebugMetadata NO-SOURCE
> Task :app:preDebugAndroidTestBuild SKIPPED
> Task :app:generateDebugBuildConfig UP-TO-DATE
> Task :app:generateDebugResValues UP-TO-DATE
> Task :app:javaPreCompileDebug UP-TO-DATE
> Task :app:extractDeepLinksDebug UP-TO-DATE
> Task :app:generateDebugResources UP-TO-DATE
> Task :app:generateDebugAndroidTestResValues UP-TO-DATE
> Task :app:mapDebugSourceSetPaths UP-TO-DATE
> Task :app:javaPreCompileDebugAndroidTest UP-TO-DATE
> Task :app:createDebugCompatibleScreenManifests UP-TO-DATE
> Task :app:generateDebugAndroidTestResources UP-TO-DATE
> Task :app:generateDebugJacocoPropertiesFile UP-TO-DATE
> Task :app:generateDebugGlobalSynthetics UP-TO-DATE
> Task :app:desugarDebugFileDependencies UP-TO-DATE
> Task :app:processDebugAndroidTestNavigationResources UP-TO-DATE
> Task :app:mergeDebugJniLibFolders UP-TO-DATE
> Task :app:validateSigningDebug UP-TO-DATE
> Task :app:writeDebugAppMetadata UP-TO-DATE
> Task :app:writeDebugSigningConfigVersions UP-TO-DATE
> Task :app:generateDebugAndroidTestGlobalSynthetics UP-TO-DATE
> Task :app:packageDebugResources UP-TO-DATE
> Task :app:packageDebugAndroidTestResources UP-TO-DATE
> Task :app:desugarDebugAndroidTestFileDependencies UP-TO-DATE
> Task :app:mapDebugAndroidTestSourceSetPaths UP-TO-DATE
> Task :app:compileDebugAndroidTestNavigationResources UP-TO-DATE
> Task :app:mergeDebugAndroidTestJniLibFolders UP-TO-DATE
> Task :app:validateSigningDebugAndroidTest UP-TO-DATE
> Task :app:writeDebugAndroidTestSigningConfigVersions UP-TO-DATE
> Task :app:parseDebugAndroidTestLocalResources UP-TO-DATE
> Task :app:generateDebugAndroidTestRFile UP-TO-DATE
> Task :app:checkDebugAarMetadata UP-TO-DATE
> Task :app:mergeDebugResources UP-TO-DATE
> Task :app:processDebugNavigationResources UP-TO-DATE
> Task :app:compileDebugNavigationResources UP-TO-DATE
> Task :app:parseDebugLocalResources UP-TO-DATE
> Task :app:generateDebugRFile UP-TO-DATE
> Task :app:processDebugMainManifest UP-TO-DATE
> Task :app:mergeDebugAndroidTestManifest UP-TO-DATE
> Task :app:processDebugAndroidTestManifest UP-TO-DATE
> Task :app:processDebugManifest UP-TO-DATE
> Task :app:generateDebugAndroidTestBuildConfig UP-TO-DATE
> Task :app:processDebugManifestForPackage UP-TO-DATE
> Task :app:kspDebugKotlin UP-TO-DATE
> Task :app:mergeDebugAssets UP-TO-DATE
> Task :app:mergeDebugAndroidTestAssets UP-TO-DATE
> Task :app:compressDebugAssets UP-TO-DATE
> Task :app:compressDebugAndroidTestAssets UP-TO-DATE
> Task :app:checkDebugAndroidTestAarMetadata UP-TO-DATE
> Task :app:checkDebugDuplicateClasses UP-TO-DATE
> Task :app:mergeLibDexDebug UP-TO-DATE
> Task :app:compileDebugKotlin UP-TO-DATE
> Task :app:processDebugResources UP-TO-DATE
> Task :app:mergeDebugAndroidTestResources UP-TO-DATE
> Task :app:mergeDebugNativeLibs UP-TO-DATE
> Task :app:checkDebugAndroidTestDuplicateClasses UP-TO-DATE
> Task :app:compileDebugJavaWithJavac UP-TO-DATE
> Task :app:stripDebugDebugSymbols UP-TO-DATE
> Task :app:mergeLibDexDebugAndroidTest UP-TO-DATE
> Task :app:bundleDebugClassesToCompileJar UP-TO-DATE
> Task :app:kspDebugAndroidTestKotlin SKIPPED
> Task :app:processDebugJavaRes UP-TO-DATE
> Task :app:mergeDebugJavaResource UP-TO-DATE
> Task :app:jacocoDebug UP-TO-DATE
> Task :app:dexBuilderDebug UP-TO-DATE
> Task :app:mergeProjectDexDebug UP-TO-DATE
> Task :app:compileDebugAndroidTestKotlin UP-TO-DATE
> Task :app:compileDebugAndroidTestJavaWithJavac UP-TO-DATE
> Task :app:copyRoomSchemas NO-SOURCE
> Task :app:processDebugAndroidTestJavaRes UP-TO-DATE
> Task :app:mergeExtDexDebug UP-TO-DATE
> Task :app:packageDebug UP-TO-DATE
> Task :app:createDebugApkListingFileRedirect UP-TO-DATE
> Task :app:assembleDebug UP-TO-DATE
> Task :app:mergeDebugAndroidTestNativeLibs NO-SOURCE
> Task :app:stripDebugAndroidTestDebugSymbols NO-SOURCE
> Task :app:mergeDebugAndroidTestJavaResource UP-TO-DATE
> Task :app:processDebugAndroidTestResources UP-TO-DATE
> Task :app:dexBuilderDebugAndroidTest UP-TO-DATE
> Task :app:mergeExtDexDebugAndroidTest UP-TO-DATE
> Task :app:mergeProjectDexDebugAndroidTest UP-TO-DATE
> Task :app:packageDebugAndroidTest UP-TO-DATE
> Task :app:assembleDebugAndroidTest UP-TO-DATE
> Task :app:createDebugAndroidTestApkListingFileRedirect UP-TO-DATE

BUILD SUCCESSFUL in 430ms
77 actionable tasks: 77 up-to-date
Configuration cache entry reused.
Android batch 1/2 (ordinary, 10 selector(s)).
> Task :app:preBuild UP-TO-DATE
> Task :app:preDebugBuild UP-TO-DATE
> Task :app:generateDebugBuildConfig UP-TO-DATE
> Task :app:generateDebugResValues UP-TO-DATE
> Task :app:generateDebugResources UP-TO-DATE
> Task :app:packageDebugResources UP-TO-DATE
> Task :app:processDebugNavigationResources UP-TO-DATE
> Task :app:parseDebugLocalResources UP-TO-DATE
> Task :app:generateDebugRFile UP-TO-DATE
> Task :app:kspDebugKotlin UP-TO-DATE
> Task :app:compileDebugKotlin UP-TO-DATE
> Task :app:javaPreCompileDebug UP-TO-DATE
> Task :app:compileDebugJavaWithJavac UP-TO-DATE
> Task :app:checkDebugAarMetadata UP-TO-DATE
> Task :app:mapDebugSourceSetPaths UP-TO-DATE
> Task :app:compileDebugNavigationResources UP-TO-DATE
> Task :app:mergeDebugResources UP-TO-DATE
> Task :app:createDebugCompatibleScreenManifests UP-TO-DATE
> Task :app:extractDeepLinksDebug UP-TO-DATE
> Task :app:processDebugMainManifest UP-TO-DATE
> Task :app:processDebugManifest UP-TO-DATE
> Task :app:processDebugManifestForPackage UP-TO-DATE
> Task :app:processDebugResources UP-TO-DATE
> Task :app:bundleDebugClassesToCompileJar UP-TO-DATE
> Task :app:preDebugAndroidTestBuild SKIPPED
> Task :app:mergeDebugAndroidTestManifest UP-TO-DATE
> Task :app:processDebugAndroidTestManifest UP-TO-DATE
> Task :app:generateDebugAndroidTestBuildConfig UP-TO-DATE
> Task :app:generateDebugAndroidTestResValues UP-TO-DATE
> Task :app:generateDebugAndroidTestResources UP-TO-DATE
> Task :app:packageDebugAndroidTestResources UP-TO-DATE
> Task :app:processDebugAndroidTestNavigationResources UP-TO-DATE
> Task :app:parseDebugAndroidTestLocalResources UP-TO-DATE
> Task :app:generateDebugAndroidTestRFile UP-TO-DATE
> Task :app:kspDebugAndroidTestKotlin SKIPPED
> Task :app:compileDebugAndroidTestKotlin UP-TO-DATE
> Task :app:javaPreCompileDebugAndroidTest UP-TO-DATE
> Task :app:compileDebugAndroidTestJavaWithJavac UP-TO-DATE
> Task :app:copyRoomSchemas NO-SOURCE
> Task :app:generateDebugAssets UP-TO-DATE
> Task :app:mergeDebugAssets UP-TO-DATE
> Task :app:compressDebugAssets UP-TO-DATE
> Task :app:generateDebugGlobalSynthetics UP-TO-DATE
> Task :app:generateDebugJacocoPropertiesFile UP-TO-DATE
> Task :app:processDebugJavaRes UP-TO-DATE
> Task :app:mergeDebugJavaResource UP-TO-DATE
> Task :app:checkDebugDuplicateClasses UP-TO-DATE
> Task :app:desugarDebugFileDependencies UP-TO-DATE
> Task :app:mergeExtDexDebug UP-TO-DATE
> Task :app:mergeLibDexDebug UP-TO-DATE
> Task :app:jacocoDebug UP-TO-DATE
> Task :app:dexBuilderDebug UP-TO-DATE
> Task :app:mergeProjectDexDebug UP-TO-DATE
> Task :app:mergeDebugJniLibFolders UP-TO-DATE
> Task :app:mergeDebugNativeLibs UP-TO-DATE
> Task :app:stripDebugDebugSymbols UP-TO-DATE
> Task :app:validateSigningDebug UP-TO-DATE
> Task :app:writeDebugAppMetadata UP-TO-DATE
> Task :app:writeDebugSigningConfigVersions UP-TO-DATE
> Task :app:packageDebug UP-TO-DATE
> Task :app:createDebugApkListingFileRedirect UP-TO-DATE
> Task :app:copyRoomSchemasToAndroidTestAssetsDebugAndroidTest UP-TO-DATE
> Task :app:generateDebugAndroidTestAssets UP-TO-DATE
> Task :app:mergeDebugAndroidTestAssets UP-TO-DATE
> Task :app:compressDebugAndroidTestAssets UP-TO-DATE
> Task :app:generateDebugAndroidTestGlobalSynthetics UP-TO-DATE
> Task :app:processDebugAndroidTestJavaRes UP-TO-DATE
> Task :app:mergeDebugAndroidTestJavaResource UP-TO-DATE
> Task :app:checkDebugAndroidTestDuplicateClasses UP-TO-DATE
> Task :app:desugarDebugAndroidTestFileDependencies UP-TO-DATE
> Task :app:mergeExtDexDebugAndroidTest UP-TO-DATE
> Task :app:mergeLibDexDebugAndroidTest UP-TO-DATE
> Task :app:checkDebugAndroidTestAarMetadata UP-TO-DATE
> Task :app:mapDebugAndroidTestSourceSetPaths UP-TO-DATE
> Task :app:compileDebugAndroidTestNavigationResources UP-TO-DATE
> Task :app:mergeDebugAndroidTestResources UP-TO-DATE
> Task :app:processDebugAndroidTestResources UP-TO-DATE
> Task :app:dexBuilderDebugAndroidTest UP-TO-DATE
> Task :app:mergeProjectDexDebugAndroidTest UP-TO-DATE
> Task :app:mergeDebugAndroidTestJniLibFolders UP-TO-DATE
> Task :app:mergeDebugAndroidTestNativeLibs NO-SOURCE
> Task :app:stripDebugAndroidTestDebugSymbols NO-SOURCE
> Task :app:validateSigningDebugAndroidTest UP-TO-DATE
> Task :app:writeDebugAndroidTestSigningConfigVersions UP-TO-DATE
> Task :app:packageDebugAndroidTest UP-TO-DATE
> Task :app:createDebugAndroidTestApkListingFileRedirect UP-TO-DATE
Starting 192 tests on whip_api34(AVD) - 14
whip_api34(AVD) - 14 Tests 2/192 completed. (0 skipped) (0 failed)

com.whip.app.EditorStateRecreationTest > dirtyRoutineEditorSurvivesActivityRecreation[whip_api34(AVD) - 14] [31mFAILED [0m
	java.lang.AssertionError: Failed to assert the following: (Text + InputText + EditableText contains 'Keep routine draft' (ignoreCase: false))
	Semantics of the node:
whip_api34(AVD) - 14 Tests 5/192 completed. (0 skipped) (1 failed)
> Task :app:connectedDebugAndroidTest

whip_api34(AVD) - 14 Tests 6/192 completed. (0 skipped) (1 failed)
whip_api34(AVD) - 14 Tests 8/192 completed. (0 skipped) (1 failed)
whip_api34(AVD) - 14 Tests 9/192 completed. (0 skipped) (1 failed)
whip_api34(AVD) - 14 Tests 10/192 completed. (0 skipped) (1 failed)
whip_api34(AVD) - 14 Tests 11/192 completed. (0 skipped) (1 failed)
whip_api34(AVD) - 14 Tests 12/192 completed. (0 skipped) (1 failed)
whip_api34(AVD) - 14 Tests 13/192 completed. (0 skipped) (1 failed)
whip_api34(AVD) - 14 Tests 14/192 completed. (0 skipped) (1 failed)
whip_api34(AVD) - 14 Tests 16/192 completed. (0 skipped) (1 failed)
whip_api34(AVD) - 14 Tests 17/192 completed. (0 skipped) (1 failed)
whip_api34(AVD) - 14 Tests 18/192 completed. (0 skipped) (1 failed)
whip_api34(AVD) - 14 Tests 19/192 completed. (0 skipped) (1 failed)
whip_api34(AVD) - 14 Tests 20/192 completed. (0 skipped) (1 failed)
whip_api34(AVD) - 14 Tests 22/192 completed. (0 skipped) (1 failed)
whip_api34(AVD) - 14 Tests 27/192 completed. (0 skipped) (1 failed)
whip_api34(AVD) - 14 Tests 34/192 completed. (0 skipped) (1 failed)
whip_api34(AVD) - 14 Tests 38/192 completed. (0 skipped) (1 failed)
whip_api34(AVD) - 14 Tests 44/192 completed. (0 skipped) (1 failed)
whip_api34(AVD) - 14 Tests 50/192 completed. (0 skipped) (1 failed)
whip_api34(AVD) - 14 Tests 53/192 completed. (0 skipped) (1 failed)
whip_api34(AVD) - 14 Tests 54/192 completed. (0 skipped) (1 failed)
whip_api34(AVD) - 14 Tests 56/192 completed. (0 skipped) (1 failed)
whip_api34(AVD) - 14 Tests 93/192 completed. (0 skipped) (1 failed)
whip_api34(AVD) - 14 Tests 110/192 completed. (0 skipped) (1 failed)
whip_api34(AVD) - 14 Tests 111/192 completed. (0 skipped) (1 failed)
whip_api34(AVD) - 14 Tests 112/192 completed. (0 skipped) (1 failed)
whip_api34(AVD) - 14 Tests 116/192 completed. (0 skipped) (1 failed)
whip_api34(AVD) - 14 Tests 119/192 completed. (0 skipped) (1 failed)
whip_api34(AVD) - 14 Tests 121/192 completed. (0 skipped) (1 failed)
whip_api34(AVD) - 14 Tests 126/192 completed. (0 skipped) (1 failed)
whip_api34(AVD) - 14 Tests 127/192 completed. (0 skipped) (1 failed)
whip_api34(AVD) - 14 Tests 131/192 completed. (0 skipped) (1 failed)
whip_api34(AVD) - 14 Tests 134/192 completed. (0 skipped) (1 failed)
whip_api34(AVD) - 14 Tests 136/192 completed. (0 skipped) (1 failed)
whip_api34(AVD) - 14 Tests 138/192 completed. (0 skipped) (1 failed)
whip_api34(AVD) - 14 Tests 141/192 completed. (0 skipped) (1 failed)
whip_api34(AVD) - 14 Tests 158/192 completed. (0 skipped) (1 failed)
Tests on whip_api34(AVD) - 14 failed: There was 1 failure(s).
Finished 192 tests on whip_api34(AVD) - 14
Execute com.whip.app.EditorStateRecreationTest.dirtyRoutineEditorSurvivesActivityRecreation: FAILED
java.lang.AssertionError: java.lang.AssertionError: Failed to assert the following: (Text + InputText + EditableText contains 'Keep routine draft' (ignoreCase: false))
Semantics of the node:
Node #3178 at (l=42.0, t=340.0, r=1038.0, b=561.0)px, Tag: 'routine-editor-name'
ContentDataType = 'AndroidContentDataType(androidAutofillType=1)'
EditableText = ''
FillableData = 'androidx.compose.ui.autofill.AndroidFillableData@e6d653e'
Focused = 'false'
ImeAction = 'Default'
InputText = ''
IsEditable = 'true'
Text = '[Routine name *, 0/100]'
TextSelectionRange = 'TextRange(0, 0)'
Actions = [ClearTextSubstitution, GetTextLayoutResult, InsertTextAtCursor, OnClick, OnFillData, OnLongClick, PasteText, PerformImeAction, RequestFocus, SetSelection, SetText, SetTextSubstitution, ShowTextSubstitution]
MergeDescendants = 'true'
Has 14 siblings
Selector used: (TestTag = 'routine-editor-name')

at androidx.compose.ui.test.AssertionsKt.assert(Assertions.kt:293)
at androidx.compose.ui.test.AssertionsKt.assert$default(Assertions.kt:283)
at androidx.compose.ui.test.AssertionsKt.assertTextContains(Assertions.kt:237)
at androidx.compose.ui.test.AssertionsKt.assertTextContains$default(Assertions.kt:233)
at com.whip.app.EditorStateRecreationTest.dirtyRoutineEditorSurvivesActivityRecreation$lambda$0(EditorStateRecreationTest.kt:209)
at com.whip.app.EditorStateRecreationTest$$ExternalSyntheticLambda0.invoke(D8$$SyntheticClass:0)
at com.whip.app.EditorStateRecreationTest.withActivity(EditorStateRecreationTest.kt:319)
at com.whip.app.EditorStateRecreationTest.dirtyRoutineEditorSurvivesActivityRecreation(EditorStateRecreationTest.kt:203)

java.lang.AssertionError: Failed to assert the following: (Text + InputText + EditableText contains 'Keep routine draft' (ignoreCase: false))
Semantics of the node:
Node #3178 at (l=42.0, t=340.0, r=1038.0, b=561.0)px, Tag: 'routine-editor-name'
ContentDataType = 'AndroidContentDataType(androidAutofillType=1)'
EditableText = ''
FillableData = 'androidx.compose.ui.autofill.AndroidFillableData@e6d653e'
Focused = 'false'
ImeAction = 'Default'
InputText = ''
IsEditable = 'true'
Text = '[Routine name *, 0/100]'
TextSelectionRange = 'TextRange(0, 0)'
Actions = [ClearTextSubstitution, GetTextLayoutResult, InsertTextAtCursor, OnClick, OnFillData, OnLongClick, PasteText, PerformImeAction, RequestFocus, SetSelection, SetText, SetTextSubstitution, ShowTextSubstitution]
MergeDescendants = 'true'
Has 14 siblings
Selector used: (TestTag = 'routine-editor-name')

at androidx.compose.ui.test.AssertionsKt.assert(Assertions.kt:293)
at androidx.compose.ui.test.AssertionsKt.assert$default(Assertions.kt:283)
at androidx.compose.ui.test.AssertionsKt.assertTextContains(Assertions.kt:237)
at androidx.compose.ui.test.AssertionsKt.assertTextContains$default(Assertions.kt:233)
at com.whip.app.EditorStateRecreationTest.dirtyRoutineEditorSurvivesActivityRecreation$lambda$0(EditorStateRecreationTest.kt:209)
at com.whip.app.EditorStateRecreationTest$$ExternalSyntheticLambda0.invoke(D8$$SyntheticClass:0)
at com.whip.app.EditorStateRecreationTest.withActivity(EditorStateRecreationTest.kt:319)
at com.whip.app.EditorStateRecreationTest.dirtyRoutineEditorSurvivesActivityRecreation(EditorStateRecreationTest.kt:203)

> Task :app:connectedDebugAndroidTest FAILED

FAILURE: Build failed with an exception.

* What went wrong:
Execution failed for task ':app:connectedDebugAndroidTest' (registered by plugin 'com.android.internal.application').
> There were failing tests. See the report at: file:///root/repos/whip/app/build/whip-android-workers/instrumentation-results-0qgkh1-worker-1/reports/index.html

* Try:
> Run with --stacktrace option to get the stack trace.
> Run with --info or --debug option to get more log output.
> Run with --scan to get full insights from a Build Scan (powered by Develocity).
> Get more help at https://help.gradle.org.

BUILD FAILED in 7m 40s
78 actionable tasks: 1 executed, 77 up-to-date
error: Android batch 1 requires a successful Gradle task, nonzero tests, and zero failures/skips; got status/tests/failures/skips 1/192/1/0; results retained in /root/repos/whip/build/instrumentation-results-0qgkH1
