Reusing configuration cache.
> Task :app:preBuild UP-TO-DATE
> Task :app:preDebugBuild UP-TO-DATE
> Task :app:preDebugAndroidTestBuild SKIPPED
> Task :app:generateDebugResValues UP-TO-DATE
> Task :app:generateDebugBuildConfig UP-TO-DATE
> Task :app:generateDebugAndroidTestResValues UP-TO-DATE
> Task :app:createDebugCompatibleScreenManifests UP-TO-DATE
> Task :app:generateDebugAndroidTestResources UP-TO-DATE
> Task :app:generateDebugResources UP-TO-DATE
> Task :app:javaPreCompileDebug UP-TO-DATE
> Task :app:processDebugAndroidTestNavigationResources UP-TO-DATE
> Task :app:mapDebugSourceSetPaths UP-TO-DATE
> Task :app:extractDeepLinksDebug UP-TO-DATE
> Task :app:packageDebugAndroidTestResources UP-TO-DATE
> Task :app:packageDebugResources UP-TO-DATE
> Task :app:parseDebugAndroidTestLocalResources UP-TO-DATE
> Task :app:generateDebugAndroidTestRFile UP-TO-DATE
> Task :app:processDebugNavigationResources UP-TO-DATE
> Task :app:checkDebugAarMetadata UP-TO-DATE
> Task :app:mergeDebugResources UP-TO-DATE
> Task :app:parseDebugLocalResources UP-TO-DATE
> Task :app:compileDebugNavigationResources UP-TO-DATE
> Task :app:generateDebugRFile UP-TO-DATE
> Task :app:processDebugMainManifest UP-TO-DATE
> Task :app:processDebugManifest UP-TO-DATE
> Task :app:processDebugManifestForPackage UP-TO-DATE
> Task :app:kspDebugKotlin UP-TO-DATE
> Task :app:mergeDebugAndroidTestManifest UP-TO-DATE
> Task :app:processDebugAndroidTestManifest UP-TO-DATE
> Task :app:generateDebugAndroidTestBuildConfig UP-TO-DATE
> Task :app:compileDebugKotlin UP-TO-DATE
> Task :app:processDebugResources UP-TO-DATE
> Task :app:compileDebugJavaWithJavac UP-TO-DATE
> Task :app:bundleDebugClassesToCompileJar UP-TO-DATE
> Task :app:kspDebugAndroidTestKotlin SKIPPED
> Task :app:copyRoomSchemas NO-SOURCE
> Task :app:compileDebugAndroidTestKotlin

BUILD SUCCESSFUL in 1s
32 actionable tasks: 1 executed, 31 up-to-date
Configuration cache entry reused.
Targeted Android run 1/1.
Reusing configuration cache.
> Task :app:preBuild UP-TO-DATE
> Task :app:generateDebugAndroidTestAssets UP-TO-DATE
> Task :app:generateDebugAssets UP-TO-DATE
> Task :app:preDebugBuild UP-TO-DATE
> Task :app:mergeDebugNativeDebugMetadata NO-SOURCE
> Task :app:generateDebugBuildConfig UP-TO-DATE
> Task :app:preDebugAndroidTestBuild SKIPPED
> Task :app:generateDebugResValues UP-TO-DATE
> Task :app:copyRoomSchemasToAndroidTestAssetsDebugAndroidTest UP-TO-DATE
> Task :app:javaPreCompileDebug UP-TO-DATE
> Task :app:createDebugCompatibleScreenManifests UP-TO-DATE
> Task :app:generateDebugResources UP-TO-DATE
> Task :app:mapDebugSourceSetPaths UP-TO-DATE
> Task :app:extractDeepLinksDebug UP-TO-DATE
> Task :app:processDebugAndroidTestNavigationResources UP-TO-DATE
> Task :app:javaPreCompileDebugAndroidTest UP-TO-DATE
> Task :app:generateDebugJacocoPropertiesFile UP-TO-DATE
> Task :app:generateDebugAndroidTestResValues UP-TO-DATE
> Task :app:generateDebugGlobalSynthetics UP-TO-DATE
> Task :app:mergeDebugJniLibFolders UP-TO-DATE
> Task :app:generateDebugAndroidTestResources UP-TO-DATE
> Task :app:desugarDebugFileDependencies UP-TO-DATE
> Task :app:validateSigningDebug UP-TO-DATE
> Task :app:writeDebugAppMetadata UP-TO-DATE
> Task :app:packageDebugResources UP-TO-DATE
> Task :app:writeDebugSigningConfigVersions UP-TO-DATE
> Task :app:generateDebugAndroidTestGlobalSynthetics UP-TO-DATE
> Task :app:packageDebugAndroidTestResources UP-TO-DATE
> Task :app:mapDebugAndroidTestSourceSetPaths UP-TO-DATE
> Task :app:desugarDebugAndroidTestFileDependencies UP-TO-DATE
> Task :app:compileDebugAndroidTestNavigationResources UP-TO-DATE
> Task :app:parseDebugAndroidTestLocalResources UP-TO-DATE
> Task :app:mergeDebugAndroidTestJniLibFolders UP-TO-DATE
> Task :app:validateSigningDebugAndroidTest UP-TO-DATE
> Task :app:generateDebugAndroidTestRFile UP-TO-DATE
> Task :app:mergeDebugResources UP-TO-DATE
> Task :app:writeDebugAndroidTestSigningConfigVersions UP-TO-DATE
> Task :app:processDebugNavigationResources UP-TO-DATE
> Task :app:checkDebugAarMetadata UP-TO-DATE
> Task :app:compileDebugNavigationResources UP-TO-DATE
> Task :app:parseDebugLocalResources UP-TO-DATE
> Task :app:generateDebugRFile UP-TO-DATE
> Task :app:processDebugMainManifest UP-TO-DATE
> Task :app:mergeDebugAndroidTestManifest UP-TO-DATE
> Task :app:processDebugAndroidTestManifest UP-TO-DATE
> Task :app:processDebugManifest UP-TO-DATE
> Task :app:processDebugManifestForPackage UP-TO-DATE
> Task :app:generateDebugAndroidTestBuildConfig UP-TO-DATE
> Task :app:kspDebugKotlin UP-TO-DATE
> Task :app:checkDebugAndroidTestAarMetadata UP-TO-DATE
> Task :app:processDebugResources UP-TO-DATE
> Task :app:checkDebugDuplicateClasses UP-TO-DATE
> Task :app:mergeDebugNativeLibs UP-TO-DATE
> Task :app:mergeDebugAndroidTestResources UP-TO-DATE
> Task :app:mergeLibDexDebug UP-TO-DATE
> Task :app:compileDebugKotlin UP-TO-DATE
> Task :app:stripDebugDebugSymbols UP-TO-DATE
> Task :app:mergeDebugAndroidTestAssets UP-TO-DATE
> Task :app:compressDebugAndroidTestAssets UP-TO-DATE
> Task :app:compileDebugJavaWithJavac UP-TO-DATE
> Task :app:bundleDebugClassesToCompileJar UP-TO-DATE
> Task :app:checkDebugAndroidTestDuplicateClasses UP-TO-DATE
> Task :app:mergeDebugAssets UP-TO-DATE
> Task :app:processDebugJavaRes UP-TO-DATE
> Task :app:kspDebugAndroidTestKotlin SKIPPED
> Task :app:mergeLibDexDebugAndroidTest UP-TO-DATE
> Task :app:compressDebugAssets UP-TO-DATE
> Task :app:mergeDebugJavaResource UP-TO-DATE
> Task :app:mergeDebugAndroidTestNativeLibs NO-SOURCE
> Task :app:stripDebugAndroidTestDebugSymbols NO-SOURCE
> Task :app:compileDebugAndroidTestKotlin UP-TO-DATE
> Task :app:processDebugAndroidTestJavaRes UP-TO-DATE
> Task :app:mergeExtDexDebug UP-TO-DATE
> Task :app:mergeDebugAndroidTestJavaResource UP-TO-DATE
> Task :app:mergeExtDexDebugAndroidTest UP-TO-DATE
> Task :app:processDebugAndroidTestResources UP-TO-DATE
> Task :app:compileDebugAndroidTestJavaWithJavac UP-TO-DATE
> Task :app:copyRoomSchemas NO-SOURCE
> Task :app:dexBuilderDebugAndroidTest
> Task :app:mergeProjectDexDebugAndroidTest
> Task :app:packageDebugAndroidTest
> Task :app:assembleDebugAndroidTest
> Task :app:createDebugAndroidTestApkListingFileRedirect UP-TO-DATE
> Task :app:jacocoDebug
> Task :app:dexBuilderDebug
> Task :app:mergeProjectDexDebug
> Task :app:packageDebug
> Task :app:assembleDebug
> Task :app:createDebugApkListingFileRedirect UP-TO-DATE

BUILD SUCCESSFUL in 10s
77 actionable tasks: 7 executed, 70 up-to-date
Configuration cache entry reused.
Android batch 1/1 (ordinary, 3 selector(s)).
> Task :app:preBuild UP-TO-DATE
> Task :app:preDebugBuild UP-TO-DATE
> Task :app:generateDebugBuildConfig UP-TO-DATE
> Task :app:generateDebugResValues UP-TO-DATE
> Task :app:generateDebugResources UP-TO-DATE
> Task :app:packageDebugResources UP-TO-DATE
> Task :app:processDebugNavigationResources UP-TO-DATE
> Task :app:parseDebugLocalResources UP-TO-DATE
> Task :app:generateDebugRFile UP-TO-DATE
> Task :app:kspDebugKotlin UP-TO-DATE
> Task :app:compileDebugKotlin UP-TO-DATE
> Task :app:javaPreCompileDebug UP-TO-DATE
> Task :app:compileDebugJavaWithJavac UP-TO-DATE
> Task :app:checkDebugAarMetadata UP-TO-DATE
> Task :app:mapDebugSourceSetPaths UP-TO-DATE
> Task :app:compileDebugNavigationResources UP-TO-DATE
> Task :app:mergeDebugResources UP-TO-DATE
> Task :app:createDebugCompatibleScreenManifests UP-TO-DATE
> Task :app:extractDeepLinksDebug UP-TO-DATE
> Task :app:processDebugMainManifest UP-TO-DATE
> Task :app:processDebugManifest UP-TO-DATE
> Task :app:processDebugManifestForPackage UP-TO-DATE
> Task :app:processDebugResources UP-TO-DATE
> Task :app:bundleDebugClassesToCompileJar UP-TO-DATE
> Task :app:preDebugAndroidTestBuild SKIPPED
> Task :app:mergeDebugAndroidTestManifest UP-TO-DATE
> Task :app:processDebugAndroidTestManifest UP-TO-DATE
> Task :app:generateDebugAndroidTestBuildConfig UP-TO-DATE
> Task :app:generateDebugAndroidTestResValues UP-TO-DATE
> Task :app:generateDebugAndroidTestResources UP-TO-DATE
> Task :app:packageDebugAndroidTestResources UP-TO-DATE
> Task :app:processDebugAndroidTestNavigationResources UP-TO-DATE
> Task :app:parseDebugAndroidTestLocalResources UP-TO-DATE
> Task :app:generateDebugAndroidTestRFile UP-TO-DATE
> Task :app:kspDebugAndroidTestKotlin SKIPPED
> Task :app:compileDebugAndroidTestKotlin UP-TO-DATE
> Task :app:javaPreCompileDebugAndroidTest UP-TO-DATE
> Task :app:compileDebugAndroidTestJavaWithJavac UP-TO-DATE
> Task :app:copyRoomSchemas NO-SOURCE
> Task :app:generateDebugAssets UP-TO-DATE
> Task :app:mergeDebugAssets UP-TO-DATE
> Task :app:compressDebugAssets UP-TO-DATE
> Task :app:generateDebugGlobalSynthetics UP-TO-DATE
> Task :app:generateDebugJacocoPropertiesFile UP-TO-DATE
> Task :app:processDebugJavaRes UP-TO-DATE
> Task :app:mergeDebugJavaResource UP-TO-DATE
> Task :app:checkDebugDuplicateClasses UP-TO-DATE
> Task :app:desugarDebugFileDependencies UP-TO-DATE
> Task :app:mergeExtDexDebug UP-TO-DATE
> Task :app:mergeLibDexDebug UP-TO-DATE
> Task :app:jacocoDebug UP-TO-DATE
> Task :app:dexBuilderDebug UP-TO-DATE
> Task :app:mergeProjectDexDebug UP-TO-DATE
> Task :app:mergeDebugJniLibFolders UP-TO-DATE
> Task :app:mergeDebugNativeLibs UP-TO-DATE
> Task :app:stripDebugDebugSymbols UP-TO-DATE
> Task :app:validateSigningDebug UP-TO-DATE
> Task :app:writeDebugAppMetadata UP-TO-DATE
> Task :app:writeDebugSigningConfigVersions UP-TO-DATE
> Task :app:packageDebug UP-TO-DATE
> Task :app:createDebugApkListingFileRedirect UP-TO-DATE
> Task :app:copyRoomSchemasToAndroidTestAssetsDebugAndroidTest UP-TO-DATE
> Task :app:generateDebugAndroidTestAssets UP-TO-DATE
> Task :app:mergeDebugAndroidTestAssets UP-TO-DATE
> Task :app:compressDebugAndroidTestAssets UP-TO-DATE
> Task :app:generateDebugAndroidTestGlobalSynthetics UP-TO-DATE
> Task :app:processDebugAndroidTestJavaRes UP-TO-DATE
> Task :app:mergeDebugAndroidTestJavaResource UP-TO-DATE
> Task :app:checkDebugAndroidTestDuplicateClasses UP-TO-DATE
> Task :app:desugarDebugAndroidTestFileDependencies UP-TO-DATE
> Task :app:mergeExtDexDebugAndroidTest UP-TO-DATE
> Task :app:mergeLibDexDebugAndroidTest UP-TO-DATE
> Task :app:checkDebugAndroidTestAarMetadata UP-TO-DATE
> Task :app:mapDebugAndroidTestSourceSetPaths UP-TO-DATE
> Task :app:compileDebugAndroidTestNavigationResources UP-TO-DATE
> Task :app:mergeDebugAndroidTestResources UP-TO-DATE
> Task :app:processDebugAndroidTestResources UP-TO-DATE
> Task :app:dexBuilderDebugAndroidTest UP-TO-DATE
> Task :app:mergeProjectDexDebugAndroidTest UP-TO-DATE
> Task :app:mergeDebugAndroidTestJniLibFolders UP-TO-DATE
> Task :app:mergeDebugAndroidTestNativeLibs NO-SOURCE
> Task :app:stripDebugAndroidTestDebugSymbols NO-SOURCE
> Task :app:validateSigningDebugAndroidTest UP-TO-DATE
> Task :app:writeDebugAndroidTestSigningConfigVersions UP-TO-DATE
> Task :app:packageDebugAndroidTest UP-TO-DATE
> Task :app:createDebugAndroidTestApkListingFileRedirect UP-TO-DATE
Starting 13 tests on whip_api34(AVD) - 14
whip_api34(AVD) - 14 Tests 2/13 completed. (0 skipped) (0 failed)
whip_api34(AVD) - 14 Tests 4/13 completed. (0 skipped) (0 failed)
> Task :app:connectedDebugAndroidTest

whip_api34(AVD) - 14 Tests 6/13 completed. (0 skipped) (0 failed)
whip_api34(AVD) - 14 Tests 7/13 completed. (0 skipped) (0 failed)

com.whip.app.ReviewOutcomeJourneyE2ETest > archivedTaskOutcomesOpenTheirOriginalTask[whip_api34(AVD) - 14] [31mFAILED [0m
	java.lang.AssertionError: Failed to assert the following: (Text + EditableText = [Archived])
	Semantics of the node:

com.whip.app.ReviewOutcomeJourneyE2ETest > mixedTaskHistoryKeepsAreaScopeAndDistinctOccurrences[whip_api34(AVD) - 14] [31mFAILED [0m
	java.lang.AssertionError: Action performScrollTo() failed.
	Reason: Expected exactly '1' node but could not find any node that satisfies: (TestTag = 'review-outcome-Tasks:7:none:2026-09-10')
whip_api34(AVD) - 14 Tests 10/13 completed. (0 skipped) (2 failed)

com.whip.app.ReviewOutcomeJourneyE2ETest > archivedGoalProgressOpensItsOriginalGoal[whip_api34(AVD) - 14] [31mFAILED [0m
	java.lang.AssertionError: Failed to assert the following: (Text + EditableText = [Archived])
	Semantics of the node:

com.whip.app.ReviewOutcomeJourneyE2ETest > archivedHabitOutcomesOpenTheirOriginalHabit[whip_api34(AVD) - 14] [31mFAILED [0m
	java.lang.AssertionError: Failed to assert the following: (Text + EditableText = [Archived])
	Semantics of the node:
whip_api34(AVD) - 14 Tests 13/13 completed. (0 skipped) (4 failed)
Tests on whip_api34(AVD) - 14 failed: There was 4 failure(s).
Finished 13 tests on whip_api34(AVD) - 14
Execute com.whip.app.ReviewOutcomeJourneyE2ETest.archivedTaskOutcomesOpenTheirOriginalTask: FAILED
java.lang.AssertionError: java.lang.AssertionError: Failed to assert the following: (Text + EditableText = [Archived])
Semantics of the node:
Node #3919 at (l=191.0, t=313.0, r=355.0, b=366.0)px, Tag: 'entity-inspector-status'
IsContainer = 'true'
Shape = 'RoundedCornerShape(topStart = CornerSize(size = 6.0.dp), topEnd = CornerSize(size = 6.0.dp), bottomEnd = CornerSize(size = 6.0.dp), bottomStart = CornerSize(size = 6.0.dp))'
Has 1 child, 5 siblings
Selector used: (TestTag = 'entity-inspector-status')

at androidx.compose.ui.test.AssertionsKt.assert(Assertions.kt:293)
at androidx.compose.ui.test.AssertionsKt.assert$default(Assertions.kt:283)
at androidx.compose.ui.test.AssertionsKt.assertTextEquals(Assertions.kt:207)
at androidx.compose.ui.test.AssertionsKt.assertTextEquals$default(Assertions.kt:203)
at com.whip.app.ReviewOutcomeJourneyE2ETest.sourceJourney(ReviewOutcomeJourneyE2ETest.kt:124)
at com.whip.app.ReviewOutcomeJourneyE2ETest.archivedTaskOutcomesOpenTheirOriginalTask(ReviewOutcomeJourneyE2ETest.kt:21)

java.lang.AssertionError: Failed to assert the following: (Text + EditableText = [Archived])
Semantics of the node:
Node #3919 at (l=191.0, t=313.0, r=355.0, b=366.0)px, Tag: 'entity-inspector-status'
IsContainer = 'true'
Shape = 'RoundedCornerShape(topStart = CornerSize(size = 6.0.dp), topEnd = CornerSize(size = 6.0.dp), bottomEnd = CornerSize(size = 6.0.dp), bottomStart = CornerSize(size = 6.0.dp))'
Has 1 child, 5 siblings
Selector used: (TestTag = 'entity-inspector-status')

at androidx.compose.ui.test.AssertionsKt.assert(Assertions.kt:293)
at androidx.compose.ui.test.AssertionsKt.assert$default(Assertions.kt:283)
at androidx.compose.ui.test.AssertionsKt.assertTextEquals(Assertions.kt:207)
at androidx.compose.ui.test.AssertionsKt.assertTextEquals$default(Assertions.kt:203)
at com.whip.app.ReviewOutcomeJourneyE2ETest.sourceJourney(ReviewOutcomeJourneyE2ETest.kt:124)
at com.whip.app.ReviewOutcomeJourneyE2ETest.archivedTaskOutcomesOpenTheirOriginalTask(ReviewOutcomeJourneyE2ETest.kt:21)
Execute com.whip.app.ReviewOutcomeJourneyE2ETest.mixedTaskHistoryKeepsAreaScopeAndDistinctOccurrences: FAILED
java.lang.AssertionError: java.lang.AssertionError: Action performScrollTo() failed.
Reason: Expected exactly '1' node but could not find any node that satisfies: (TestTag = 'review-outcome-Tasks:7:none:2026-09-10')

at androidx.compose.ui.test.SemanticsNodeInteraction.fetchOneOrThrow(SemanticsNodeInteraction.kt:178)
at androidx.compose.ui.test.SemanticsNodeInteraction.fetchOneOrThrow$default(SemanticsNodeInteraction.kt:150)
at androidx.compose.ui.test.SemanticsNodeInteraction.fetchSemanticsNode(SemanticsNodeInteraction.kt:84)
at androidx.compose.ui.test.ActionsKt.performScrollTo(Actions.kt:82)
at com.whip.app.ReviewOutcomeJourneyE2ETest.mixedTaskHistoryKeepsAreaScopeAndDistinctOccurrences$lambda$0$assertRows(ReviewOutcomeJourneyE2ETest.kt:58)
at com.whip.app.ReviewOutcomeJourneyE2ETest.mixedTaskHistoryKeepsAreaScopeAndDistinctOccurrences(ReviewOutcomeJourneyE2ETest.kt:61)

java.lang.AssertionError: Action performScrollTo() failed.
Reason: Expected exactly '1' node but could not find any node that satisfies: (TestTag = 'review-outcome-Tasks:7:none:2026-09-10')

at androidx.compose.ui.test.SemanticsNodeInteraction.fetchOneOrThrow(SemanticsNodeInteraction.kt:178)
at androidx.compose.ui.test.SemanticsNodeInteraction.fetchOneOrThrow$default(SemanticsNodeInteraction.kt:150)
at androidx.compose.ui.test.SemanticsNodeInteraction.fetchSemanticsNode(SemanticsNodeInteraction.kt:84)
at androidx.compose.ui.test.ActionsKt.performScrollTo(Actions.kt:82)
at com.whip.app.ReviewOutcomeJourneyE2ETest.mixedTaskHistoryKeepsAreaScopeAndDistinctOccurrences$lambda$0$assertRows(ReviewOutcomeJourneyE2ETest.kt:58)
at com.whip.app.ReviewOutcomeJourneyE2ETest.mixedTaskHistoryKeepsAreaScopeAndDistinctOccurrences(ReviewOutcomeJourneyE2ETest.kt:61)
Execute com.whip.app.ReviewOutcomeJourneyE2ETest.archivedGoalProgressOpensItsOriginalGoal: FAILED
java.lang.AssertionError: java.lang.AssertionError: Failed to assert the following: (Text + EditableText = [Archived])
Semantics of the node:
Node #4836 at (l=191.0, t=313.0, r=355.0, b=366.0)px, Tag: 'entity-inspector-status'
IsContainer = 'true'
Shape = 'RoundedCornerShape(topStart = CornerSize(size = 6.0.dp), topEnd = CornerSize(size = 6.0.dp), bottomEnd = CornerSize(size = 6.0.dp), bottomStart = CornerSize(size = 6.0.dp))'
Has 1 child, 5 siblings
Selector used: (TestTag = 'entity-inspector-status')

at androidx.compose.ui.test.AssertionsKt.assert(Assertions.kt:293)
at androidx.compose.ui.test.AssertionsKt.assert$default(Assertions.kt:283)
at androidx.compose.ui.test.AssertionsKt.assertTextEquals(Assertions.kt:207)
at androidx.compose.ui.test.AssertionsKt.assertTextEquals$default(Assertions.kt:203)
at com.whip.app.ReviewOutcomeJourneyE2ETest.sourceJourney(ReviewOutcomeJourneyE2ETest.kt:124)
at com.whip.app.ReviewOutcomeJourneyE2ETest.archivedGoalProgressOpensItsOriginalGoal(ReviewOutcomeJourneyE2ETest.kt:23)

java.lang.AssertionError: Failed to assert the following: (Text + EditableText = [Archived])
Semantics of the node:
Node #4836 at (l=191.0, t=313.0, r=355.0, b=366.0)px, Tag: 'entity-inspector-status'
IsContainer = 'true'
Shape = 'RoundedCornerShape(topStart = CornerSize(size = 6.0.dp), topEnd = CornerSize(size = 6.0.dp), bottomEnd = CornerSize(size = 6.0.dp), bottomStart = CornerSize(size = 6.0.dp))'
Has 1 child, 5 siblings
Selector used: (TestTag = 'entity-inspector-status')

at androidx.compose.ui.test.AssertionsKt.assert(Assertions.kt:293)
at androidx.compose.ui.test.AssertionsKt.assert$default(Assertions.kt:283)
at androidx.compose.ui.test.AssertionsKt.assertTextEquals(Assertions.kt:207)
at androidx.compose.ui.test.AssertionsKt.assertTextEquals$default(Assertions.kt:203)
at com.whip.app.ReviewOutcomeJourneyE2ETest.sourceJourney(ReviewOutcomeJourneyE2ETest.kt:124)
at com.whip.app.ReviewOutcomeJourneyE2ETest.archivedGoalProgressOpensItsOriginalGoal(ReviewOutcomeJourneyE2ETest.kt:23)
Execute com.whip.app.ReviewOutcomeJourneyE2ETest.archivedHabitOutcomesOpenTheirOriginalHabit: FAILED
java.lang.AssertionError: java.lang.AssertionError: Failed to assert the following: (Text + EditableText = [Archived])
Semantics of the node:
Node #5462 at (l=191.0, t=313.0, r=355.0, b=366.0)px, Tag: 'entity-inspector-status'
IsContainer = 'true'
Shape = 'RoundedCornerShape(topStart = CornerSize(size = 6.0.dp), topEnd = CornerSize(size = 6.0.dp), bottomEnd = CornerSize(size = 6.0.dp), bottomStart = CornerSize(size = 6.0.dp))'
Has 1 child, 5 siblings
Selector used: (TestTag = 'entity-inspector-status')

at androidx.compose.ui.test.AssertionsKt.assert(Assertions.kt:293)
at androidx.compose.ui.test.AssertionsKt.assert$default(Assertions.kt:283)
at androidx.compose.ui.test.AssertionsKt.assertTextEquals(Assertions.kt:207)
at androidx.compose.ui.test.AssertionsKt.assertTextEquals$default(Assertions.kt:203)
at com.whip.app.ReviewOutcomeJourneyE2ETest.sourceJourney(ReviewOutcomeJourneyE2ETest.kt:124)
at com.whip.app.ReviewOutcomeJourneyE2ETest.archivedHabitOutcomesOpenTheirOriginalHabit(ReviewOutcomeJourneyE2ETest.kt:22)

java.lang.AssertionError: Failed to assert the following: (Text + EditableText = [Archived])
Semantics of the node:
Node #5462 at (l=191.0, t=313.0, r=355.0, b=366.0)px, Tag: 'entity-inspector-status'
IsContainer = 'true'
Shape = 'RoundedCornerShape(topStart = CornerSize(size = 6.0.dp), topEnd = CornerSize(size = 6.0.dp), bottomEnd = CornerSize(size = 6.0.dp), bottomStart = CornerSize(size = 6.0.dp))'
Has 1 child, 5 siblings
Selector used: (TestTag = 'entity-inspector-status')

at androidx.compose.ui.test.AssertionsKt.assert(Assertions.kt:293)
at androidx.compose.ui.test.AssertionsKt.assert$default(Assertions.kt:283)
at androidx.compose.ui.test.AssertionsKt.assertTextEquals(Assertions.kt:207)
at androidx.compose.ui.test.AssertionsKt.assertTextEquals$default(Assertions.kt:203)
at com.whip.app.ReviewOutcomeJourneyE2ETest.sourceJourney(ReviewOutcomeJourneyE2ETest.kt:124)
at com.whip.app.ReviewOutcomeJourneyE2ETest.archivedHabitOutcomesOpenTheirOriginalHabit(ReviewOutcomeJourneyE2ETest.kt:22)

> Task :app:connectedDebugAndroidTest FAILED

FAILURE: Build failed with an exception.

* What went wrong:
Execution failed for task ':app:connectedDebugAndroidTest' (registered by plugin 'com.android.internal.application').
> There were failing tests. See the report at: file:///root/repos/whip/app/build/whip-android-workers/instrumentation-results-cura9v-worker-1/reports/index.html

* Try:
> Run with --stacktrace option to get the stack trace.
> Run with --info or --debug option to get more log output.
> Run with --scan to get full insights from a Build Scan (powered by Develocity).
> Get more help at https://help.gradle.org.

BUILD FAILED in 1m 6s
78 actionable tasks: 1 executed, 77 up-to-date
error: Android batch 1 requires a successful Gradle task, nonzero tests, and zero failures/skips; got status/tests/failures/skips 1/13/4/0; results retained in /root/repos/whip/build/instrumentation-results-cura9v
