Route A app/src/androidTest/java/com/whip/app/WorkspaceLayoutTestSupport.kt -> android:all (shared or unresolved Android test source)
Route A app/src/main/java/com/whip/app/ui/WhipWorkspaceLayout.kt -> candidate:required (unknown production path)
Route M app/src/androidTest/java/com/whip/app/AdaptiveWhipScreenTest.kt -> android:com.whip.app.AdaptiveWhipScreenTest (exact Android test class)
Route M app/src/androidTest/java/com/whip/app/FiveThreeOneCycleJourneyE2ETest.kt -> android:com.whip.app.FiveThreeOneCycleJourneyE2ETest (exact Android test class)
Route M app/src/androidTest/java/com/whip/app/ProductivityItemBuilderJourneyE2ETest.kt -> android:com.whip.app.ProductivityItemBuilderJourneyE2ETest (exact Android test class)
Route M app/src/androidTest/java/com/whip/app/RecordItemBuilderJourneyE2ETest.kt -> android:com.whip.app.RecordItemBuilderJourneyE2ETest (exact Android test class)
Route M app/src/androidTest/java/com/whip/app/SettingItemBuilderJourneyE2ETest.kt -> android:com.whip.app.SettingItemBuilderJourneyE2ETest (exact Android test class)
Route M app/src/main/java/com/whip/app/ui/TrackScreens.kt -> profile:tracks (feature-owned production path)
Route M app/src/main/java/com/whip/app/ui/WhipApp.kt -> profile:all (shared UI/core production path)
Route M app/src/main/res/values/strings.xml -> profile:shell (application resource or manifest path)
Route M app/src/test/java/com/whip/app/ui/AuditUiStringResourcePolicyTest.kt -> jvm:com.whip.app.ui.AuditUiStringResourcePolicyTest (exact JVM test class)
Route M docs/product-memory/DECISIONS.md -> profile:docs (documentation-only path)
Route M docs/product-memory/FINDINGS.md -> profile:docs (documentation-only path)
Route M docs/product-memory/IMPLEMENTATION_LOG.md -> profile:docs (documentation-only path)
Route M docs/product-memory/VERIFICATION.md -> profile:docs (documentation-only path)
Route M docs/quality/WHIP_ITEM_BUILDERS_2026-09-10.md -> candidate:required (machine-checked quality harness path)
Route M docs/quality/astra-surface-review-2026-09-08.tsv -> candidate:required (machine-checked quality harness path)
Route M docs/quality/ui-surface-catalog.tsv -> candidate:required (machine-checked quality harness path)
Profile: all
Profile: docs
Profile: shell
Profile: tracks
JVM selector: com.whip.app.ui.AuditUiStringResourcePolicyTest
Android selector: com.whip.app.AdaptiveWhipScreenTest
Android selector: com.whip.app.FiveThreeOneCycleJourneyE2ETest
Android selector: com.whip.app.ProductivityItemBuilderJourneyE2ETest
Android selector: com.whip.app.RecordItemBuilderJourneyE2ETest
Android selector: com.whip.app.SettingItemBuilderJourneyE2ETest
All JVM tests: false
All Android tests: true
Static checks: true
Frozen candidate required: true
Calculating task graph as no cached configuration is available for tasks: :app:testDebugUnitTest --tests com.whip.app.core.AppSettingsTest --tests com.whip.app.core.HabitTimerClockTest --tests com.whip.app.core.SettingsCauseEffectContractTest --tests com.whip.app.data.PortableBackupPolicyTest --tests com.whip.app.data.RoutineProgrammingTest --tests com.whip.app.domain.CrossDomainInsightsTest --tests com.whip.app.domain.FiveThreeOneProgressionTest --tests com.whip.app.domain.GoalRulesTest --tests com.whip.app.domain.GymAnalyticsTest --tests com.whip.app.domain.GymCalculationsTest --tests com.whip.app.domain.HabitRulesTest --tests com.whip.app.domain.HabitTimerDomainTest --tests com.whip.app.domain.RecurrenceEngineTest --tests com.whip.app.domain.TaskProgressTest --tests com.whip.app.domain.TaskQuickCaptureParserTest --tests com.whip.app.domain.TrackCsvBatchIdentityTest --tests com.whip.app.domain.TrackDomainTest --tests com.whip.app.ui.AreaScopeFilterRelationshipsTest --tests com.whip.app.ui.AuditUiStringResourcePolicyTest --tests com.whip.app.ui.ElapsedGoalPresentationTest --tests com.whip.app.ui.FiveThreeOneCycleReviewTest --tests com.whip.app.ui.FiveThreeOneExerciseSetupStateTest --tests com.whip.app.ui.GoalMutationCommitTest --tests com.whip.app.ui.GoalProgressPresentationTest --tests com.whip.app.ui.GymQuickSetFlowTest --tests com.whip.app.ui.GymUxRulesTest --tests com.whip.app.ui.HabitMutationCommitTest --tests com.whip.app.ui.HabitTimerPresentationTest --tests com.whip.app.ui.InteractionConsistencyTest --tests com.whip.app.ui.ReviewAvailabilityTest --tests com.whip.app.ui.ReviewCopyTest --tests com.whip.app.ui.ReviewEvidenceTest --tests com.whip.app.ui.ReviewOutcomesTest --tests com.whip.app.ui.RoutineBuilderStateTest --tests com.whip.app.ui.SettingsPresentationPolicyTest --tests com.whip.app.ui.TaskMutationCommitTest --tests com.whip.app.ui.TaskWorkspacePolicyTest --tests com.whip.app.ui.TrackCsvReliabilityPolicyTest --tests com.whip.app.ui.TrackEditorStateTest --tests com.whip.app.ui.UiDesignArchitectureTest --tests com.whip.app.ui.UnifiedSearchRulesTest --tests com.whip.app.ui.WhipNavigationPolicyTest --tests com.whip.app.ui.theme.WhipVisualLanguageTest
> Task :app:preBuild UP-TO-DATE
> Task :app:preDebugBuild UP-TO-DATE
> Task :app:preDebugUnitTestBuild UP-TO-DATE
> Task :app:generateDebugResValues UP-TO-DATE
> Task :app:generateDebugJacocoPropertiesFile UP-TO-DATE
> Task :app:javaPreCompileDebug UP-TO-DATE
> Task :app:generateDebugBuildConfig UP-TO-DATE
> Task :app:javaPreCompileDebugUnitTest UP-TO-DATE
> Task :app:generateDebugResources UP-TO-DATE
> Task :app:extractDeepLinksDebug UP-TO-DATE
> Task :app:mapDebugSourceSetPaths UP-TO-DATE
> Task :app:createDebugCompatibleScreenManifests UP-TO-DATE
> Task :app:packageDebugResources UP-TO-DATE
> Task :app:mergeDebugResources UP-TO-DATE
> Task :app:checkDebugAarMetadata UP-TO-DATE
> Task :app:processDebugNavigationResources UP-TO-DATE
> Task :app:compileDebugNavigationResources UP-TO-DATE
> Task :app:parseDebugLocalResources UP-TO-DATE
> Task :app:generateDebugRFile UP-TO-DATE
> Task :app:processDebugMainManifest UP-TO-DATE
> Task :app:processDebugManifest UP-TO-DATE
> Task :app:processDebugManifestForPackage UP-TO-DATE
> Task :app:kspDebugKotlin UP-TO-DATE
> Task :app:compileDebugKotlin UP-TO-DATE
> Task :app:compileDebugJavaWithJavac UP-TO-DATE
> Task :app:processDebugJavaRes UP-TO-DATE
> Task :app:processDebugResources UP-TO-DATE
> Task :app:bundleDebugClassesToCompileJar UP-TO-DATE
> Task :app:bundleDebugClassesToRuntimeJar UP-TO-DATE
> Task :app:kspDebugUnitTestKotlin SKIPPED
> Task :app:compileDebugUnitTestKotlin UP-TO-DATE
> Task :app:compileDebugUnitTestJavaWithJavac NO-SOURCE
> Task :app:processDebugUnitTestJavaRes UP-TO-DATE
> Task :app:copyRoomSchemas NO-SOURCE
> Task :app:testDebugUnitTest

BUILD SUCCESSFUL in 3s
29 actionable tasks: 1 executed, 28 up-to-date
Configuration cache entry stored.
Targeted JVM checks passed; Android-test compilation was intentionally deferred.
Play Store assets verified: 512x512 icon, 1024x500 feature graphic, and 5 phone screenshots
Reusing configuration cache.
> Task :app:preBuild UP-TO-DATE
> Task :app:generateDebugAssets UP-TO-DATE
> Task :app:preDebugBuild UP-TO-DATE
> Task :app:generateDebugBuildConfig UP-TO-DATE
> Task :app:preDebugAndroidTestBuild SKIPPED
> Task :app:preDebugUnitTestBuild UP-TO-DATE
> Task :app:generateDebugResValues UP-TO-DATE
> Task :app:createDebugCompatibleScreenManifests UP-TO-DATE
> Task :app:javaPreCompileDebug UP-TO-DATE
> Task :app:extractProguardFiles UP-TO-DATE
> Task :app:mergeDebugNativeDebugMetadata NO-SOURCE
> Task :app:generateDebugAndroidTestResValues UP-TO-DATE
> Task :app:generateDebugResources UP-TO-DATE
> Task :app:mapDebugSourceSetPaths UP-TO-DATE
> Task :app:extractDeepLinksDebug UP-TO-DATE
> Task :app:processDebugAndroidTestNavigationResources UP-TO-DATE
> Task :app:generateDebugJacocoPropertiesFile UP-TO-DATE
> Task :app:generateDebugGlobalSynthetics UP-TO-DATE
> Task :app:generateDebugAndroidTestResources UP-TO-DATE
> Task :app:mergeDebugJniLibFolders UP-TO-DATE
> Task :app:validateSigningDebug UP-TO-DATE
> Task :app:writeDebugAppMetadata UP-TO-DATE
> Task :app:desugarDebugFileDependencies UP-TO-DATE
> Task :app:writeDebugSigningConfigVersions UP-TO-DATE
> Task :app:packageDebugResources UP-TO-DATE
> Task :app:packageDebugAndroidTestResources UP-TO-DATE
> Task :app:parseDebugAndroidTestLocalResources UP-TO-DATE
> Task :app:generateDebugAndroidTestRFile UP-TO-DATE
> Task :app:mergeDebugAssets UP-TO-DATE
> Task :app:compressDebugAssets UP-TO-DATE
> Task :app:checkDebugAarMetadata UP-TO-DATE
> Task :app:processDebugNavigationResources UP-TO-DATE
> Task :app:checkDebugDuplicateClasses UP-TO-DATE
> Task :app:parseDebugLocalResources UP-TO-DATE
> Task :app:compileDebugNavigationResources UP-TO-DATE
> Task :app:mergeDebugResources UP-TO-DATE
> Task :app:generateDebugRFile UP-TO-DATE
> Task :app:processDebugMainManifest UP-TO-DATE
> Task :app:mergeDebugNativeLibs UP-TO-DATE
> Task :app:processDebugManifest UP-TO-DATE
> Task :app:stripDebugDebugSymbols UP-TO-DATE
> Task :app:processDebugManifestForPackage UP-TO-DATE
> Task :app:mergeLibDexDebug UP-TO-DATE
> Task :app:mergeDebugAndroidTestManifest UP-TO-DATE
> Task :app:processDebugAndroidTestManifest UP-TO-DATE
> Task :app:generateDebugAndroidTestBuildConfig UP-TO-DATE
> Task :app:kspDebugKotlin UP-TO-DATE
> Task :app:mergeExtDexDebug UP-TO-DATE
> Task :app:compileDebugKotlin UP-TO-DATE
> Task :app:processDebugResources UP-TO-DATE
> Task :app:compileDebugJavaWithJavac UP-TO-DATE
> Task :app:bundleDebugClassesToCompileJar UP-TO-DATE
> Task :app:jacocoDebug UP-TO-DATE
> Task :app:kspDebugAndroidTestKotlin SKIPPED
> Task :app:copyRoomSchemas NO-SOURCE
> Task :app:processDebugJavaRes UP-TO-DATE
> Task :app:dexBuilderDebug UP-TO-DATE
> Task :app:mergeProjectDexDebug UP-TO-DATE
> Task :app:mergeDebugJavaResource UP-TO-DATE
> Task :app:compileDebugAndroidTestKotlin UP-TO-DATE
> Task :app:packageDebug UP-TO-DATE
> Task :app:createDebugApkListingFileRedirect UP-TO-DATE
> Task :app:assembleDebug UP-TO-DATE
> Task :app:generateDebugUnitTestLintModel
> Task :app:generateDebugAndroidTestLintModel
> Task :app:generateDebugLintReportModel
> Task :app:lintAnalyzeDebugUnitTest
> Task :app:lintAnalyzeDebug
> Task :app:lintAnalyzeDebugAndroidTest

> Task :app:lintReportDebug
Wrote HTML report to file:///root/repos/whip/app/build/reports/lint-results-debug.html
Wrote SARIF report to file:///root/repos/whip/app/build/reports/lint-results-debug.sarif

> Task :app:lintDebug

BUILD SUCCESSFUL in 2m 38s
62 actionable tasks: 8 executed, 54 up-to-date
Configuration cache entry reused.
Affected-change readiness gate passed. Frozen-candidate evidence was not created.
Play Store note: qualify these inputs with a fresh scripts/candidate run only when preparing a store release.
