Reusing configuration cache.
> Task :app:preBuild UP-TO-DATE
> Task :app:preDebugBuild UP-TO-DATE
> Task :app:preDebugAndroidTestBuild SKIPPED
> Task :app:generateDebugBuildConfig UP-TO-DATE
> Task :app:generateDebugResValues UP-TO-DATE
> Task :app:createDebugCompatibleScreenManifests UP-TO-DATE
> Task :app:javaPreCompileDebug UP-TO-DATE
> Task :app:generateDebugAndroidTestResValues UP-TO-DATE
> Task :app:extractDeepLinksDebug UP-TO-DATE
> Task :app:generateDebugResources UP-TO-DATE
> Task :app:processDebugAndroidTestNavigationResources UP-TO-DATE
> Task :app:mapDebugSourceSetPaths UP-TO-DATE
> Task :app:generateDebugAndroidTestResources UP-TO-DATE
> Task :app:packageDebugResources UP-TO-DATE
> Task :app:packageDebugAndroidTestResources UP-TO-DATE
> Task :app:parseDebugAndroidTestLocalResources UP-TO-DATE
> Task :app:generateDebugAndroidTestRFile UP-TO-DATE
> Task :app:checkDebugAarMetadata UP-TO-DATE
> Task :app:mergeDebugResources UP-TO-DATE
> Task :app:processDebugNavigationResources UP-TO-DATE
> Task :app:parseDebugLocalResources UP-TO-DATE
> Task :app:compileDebugNavigationResources UP-TO-DATE
> Task :app:generateDebugRFile UP-TO-DATE
> Task :app:processDebugMainManifest UP-TO-DATE
> Task :app:mergeDebugAndroidTestManifest UP-TO-DATE
> Task :app:processDebugAndroidTestManifest UP-TO-DATE
> Task :app:processDebugManifest UP-TO-DATE
> Task :app:generateDebugAndroidTestBuildConfig UP-TO-DATE
> Task :app:processDebugManifestForPackage UP-TO-DATE
> Task :app:kspDebugKotlin UP-TO-DATE
> Task :app:compileDebugKotlin UP-TO-DATE
> Task :app:compileDebugJavaWithJavac UP-TO-DATE
> Task :app:processDebugResources UP-TO-DATE
> Task :app:bundleDebugClassesToCompileJar UP-TO-DATE
> Task :app:kspDebugAndroidTestKotlin SKIPPED
> Task :app:copyRoomSchemas NO-SOURCE

> Task :app:compileDebugAndroidTestKotlin FAILED
e: file:///root/repos/whip/app/src/androidTest/java/com/whip/app/ReviewAvailabilityUiTest.kt:27:23 This testing API is experimental and is likely to be changed or removed entirely
e: file:///root/repos/whip/app/src/androidTest/java/com/whip/app/ReviewAvailabilityUiTest.kt:27:46 Argument type mismatch: actual type is 'ComposeContentTestRule', but 'ComposeUiTest' was expected.
e: file:///root/repos/whip/app/src/androidTest/java/com/whip/app/ReviewAvailabilityUiTest.kt:28:9 This testing API is experimental and is likely to be changed or removed entirely
e: file:///root/repos/whip/app/src/androidTest/java/com/whip/app/ReviewAvailabilityUiTest.kt:52:9 This testing API is experimental and is likely to be changed or removed entirely
e: file:///root/repos/whip/app/src/androidTest/java/com/whip/app/ReviewAvailabilityUiTest.kt:52:17 Unresolved reference 'emulateSavedInstanceStateRestore'.
e: file:///root/repos/whip/app/src/androidTest/java/com/whip/app/ReviewAvailabilityUiTest.kt:116:63 Null cannot be a value of a non-null type 'String'.

[Incubating] Problems report is available at: file:///root/repos/whip/build/reports/problems/problems-report.html

FAILURE: Build failed with an exception.

* What went wrong:
Execution failed for task ':app:compileDebugAndroidTestKotlin' (registered by plugin 'com.android.internal.application').
> A failure occurred while executing org.jetbrains.kotlin.compilerRunner.btapi.BuildToolsApiCompilationWork
   > Compilation error. See log for more details

* Try:
> Run with --stacktrace option to get the stack trace.
> Run with --info or --debug option to get more log output.
> Run with --scan to get full insights from a Build Scan (powered by Develocity).
> Get more help at https://help.gradle.org.

BUILD FAILED in 544ms
32 actionable tasks: 1 executed, 31 up-to-date
Configuration cache entry reused.
