INSTRUMENTATION_STATUS: class=com.whip.app.ProductivityDefaultsUiTest
INSTRUMENTATION_STATUS: current=1
INSTRUMENTATION_STATUS: id=AndroidJUnitRunner
INSTRUMENTATION_STATUS: numtests=2
INSTRUMENTATION_STATUS: stream=
com.whip.app.ProductivityDefaultsUiTest:
INSTRUMENTATION_STATUS: test=todayAndInboxQuickCaptureUseMatchingDestinationCopyAndDefaults
INSTRUMENTATION_STATUS_CODE: 1
INSTRUMENTATION_STATUS: class=com.whip.app.ProductivityDefaultsUiTest
INSTRUMENTATION_STATUS: current=1
INSTRUMENTATION_STATUS: id=AndroidJUnitRunner
INSTRUMENTATION_STATUS: numtests=2
INSTRUMENTATION_STATUS: stream=.
INSTRUMENTATION_STATUS: test=todayAndInboxQuickCaptureUseMatchingDestinationCopyAndDefaults
INSTRUMENTATION_STATUS_CODE: 0
INSTRUMENTATION_STATUS: class=com.whip.app.ProductivityDefaultsUiTest
INSTRUMENTATION_STATUS: current=2
INSTRUMENTATION_STATUS: id=AndroidJUnitRunner
INSTRUMENTATION_STATUS: numtests=2
INSTRUMENTATION_STATUS: stream=
INSTRUMENTATION_STATUS: test=emptyTaskWorkspacesKeepClearStateVisibleBelowQuickCapture
INSTRUMENTATION_STATUS_CODE: 1
