Calculating task graph as configuration cache cannot be reused because file 'app/build.gradle.kts' has changed.
> Task :app:preBuild UP-TO-DATE
> Task :app:preDebugBuild UP-TO-DATE
> Task :app:generateDebugResValues UP-TO-DATE
> Task :app:generateDebugResources UP-TO-DATE
> Task :app:packageDebugResources UP-TO-DATE
> Task :app:generateDebugBuildConfig
> Task :app:processDebugNavigationResources UP-TO-DATE
> Task :app:parseDebugLocalResources UP-TO-DATE
> Task :app:generateDebugRFile UP-TO-DATE
> Task :app:kspDebugKotlin
> Task :app:copyRoomSchemas NO-SOURCE

> Task :app:compileDebugKotlin
e: file:///root/repos/whip/app/src/main/java/com/whip/app/ui/TrackScreens.kt:1091:47 'fun Modifier.align(alignment: Alignment): Modifier' cannot be called in this context with an implicit receiver. Use an explicit receiver if necessary.
e: file:///root/repos/whip/app/src/main/java/com/whip/app/ui/TrackScreens.kt:1263:47 'fun Modifier.align(alignment: Alignment): Modifier' cannot be called in this context with an implicit receiver. Use an explicit receiver if necessary.

> Task :app:compileDebugKotlin FAILED

[Incubating] Problems report is available at: file:///root/repos/whip/build/reports/problems/problems-report.html

FAILURE: Build failed with an exception.

* What went wrong:
Execution failed for task ':app:compileDebugKotlin' (registered by plugin 'com.android.internal.application').
> A failure occurred while executing org.jetbrains.kotlin.compilerRunner.btapi.BuildToolsApiCompilationWork
   > Compilation error. See log for more details

* Try:
> Run with --stacktrace option to get the stack trace.
> Run with --info or --debug option to get more log output.
> Run with --scan to get full insights from a Build Scan (powered by Develocity).
> Get more help at https://help.gradle.org.

BUILD FAILED in 10s
9 actionable tasks: 3 executed, 6 up-to-date
Configuration cache entry stored.
