Route A app/src/androidTest/java/com/whip/app/TrackAuthoringJourneyE2ETest.kt -> android:com.whip.app.TrackAuthoringJourneyE2ETest (exact Android test class)
Route A artifacts/astra-audit/2026-09-09/track-authoring/api26-date-timeout-bounded.xml -> candidate:required (unclassified repository path)
Route A artifacts/astra-audit/2026-09-09/track-authoring/api26-date-timeout-corrected.xml -> candidate:required (unclassified repository path)
Route A artifacts/astra-audit/2026-09-09/track-authoring/api26-tests.xml -> candidate:required (unclassified repository path)
Route A artifacts/astra-audit/2026-09-09/track-authoring/api26/tracks.authoring.definition.large.png -> candidate:required (unclassified repository path)
Route A artifacts/astra-audit/2026-09-09/track-authoring/api26/tracks.authoring.definition.large.xml -> candidate:required (unclassified repository path)
Route A artifacts/astra-audit/2026-09-09/track-authoring/api26/tracks.authoring.definition.ordinary.png -> candidate:required (unclassified repository path)
Route A artifacts/astra-audit/2026-09-09/track-authoring/api26/tracks.authoring.definition.ordinary.xml -> candidate:required (unclassified repository path)
Route A artifacts/astra-audit/2026-09-09/track-authoring/api26/tracks.authoring.entry-date.large.png -> candidate:required (unclassified repository path)
Route A artifacts/astra-audit/2026-09-09/track-authoring/api26/tracks.authoring.entry-date.large.xml -> candidate:required (unclassified repository path)
Route A artifacts/astra-audit/2026-09-09/track-authoring/api26/tracks.authoring.entry-date.ordinary.png -> candidate:required (unclassified repository path)
Route A artifacts/astra-audit/2026-09-09/track-authoring/api26/tracks.authoring.entry-date.ordinary.xml -> candidate:required (unclassified repository path)
Route A artifacts/astra-audit/2026-09-09/track-authoring/api26/tracks.authoring.entry-number.large.png -> candidate:required (unclassified repository path)
Route A artifacts/astra-audit/2026-09-09/track-authoring/api26/tracks.authoring.entry-number.large.xml -> candidate:required (unclassified repository path)
Route A artifacts/astra-audit/2026-09-09/track-authoring/api26/tracks.authoring.entry-number.ordinary.png -> candidate:required (unclassified repository path)
Route A artifacts/astra-audit/2026-09-09/track-authoring/api26/tracks.authoring.entry-number.ordinary.xml -> candidate:required (unclassified repository path)
Route A artifacts/astra-audit/2026-09-09/track-authoring/api26/tracks.authoring.entry-reopened.large.png -> candidate:required (unclassified repository path)
Route A artifacts/astra-audit/2026-09-09/track-authoring/api26/tracks.authoring.entry-reopened.large.xml -> candidate:required (unclassified repository path)
Route A artifacts/astra-audit/2026-09-09/track-authoring/api26/tracks.authoring.entry-reopened.ordinary.png -> candidate:required (unclassified repository path)
Route A artifacts/astra-audit/2026-09-09/track-authoring/api26/tracks.authoring.entry-reopened.ordinary.xml -> candidate:required (unclassified repository path)
Route A artifacts/astra-audit/2026-09-09/track-authoring/api26/tracks.authoring.entry-types.large.png -> candidate:required (unclassified repository path)
Route A artifacts/astra-audit/2026-09-09/track-authoring/api26/tracks.authoring.entry-types.large.xml -> candidate:required (unclassified repository path)
Route A artifacts/astra-audit/2026-09-09/track-authoring/api26/tracks.authoring.entry-types.ordinary.png -> candidate:required (unclassified repository path)
Route A artifacts/astra-audit/2026-09-09/track-authoring/api26/tracks.authoring.entry-types.ordinary.xml -> candidate:required (unclassified repository path)
Route A artifacts/astra-audit/2026-09-09/track-authoring/api26/tracks.authoring.entry-validation.large.png -> candidate:required (unclassified repository path)
Route A artifacts/astra-audit/2026-09-09/track-authoring/api26/tracks.authoring.entry-validation.large.xml -> candidate:required (unclassified repository path)
Route A artifacts/astra-audit/2026-09-09/track-authoring/api26/tracks.authoring.entry-validation.ordinary.png -> candidate:required (unclassified repository path)
Route A artifacts/astra-audit/2026-09-09/track-authoring/api26/tracks.authoring.entry-validation.ordinary.xml -> candidate:required (unclassified repository path)
Route A artifacts/astra-audit/2026-09-09/track-authoring/api26/tracks.authoring.field-choice.large.png -> candidate:required (unclassified repository path)
Route A artifacts/astra-audit/2026-09-09/track-authoring/api26/tracks.authoring.field-choice.large.xml -> candidate:required (unclassified repository path)
Route A artifacts/astra-audit/2026-09-09/track-authoring/api26/tracks.authoring.field-choice.ordinary.png -> candidate:required (unclassified repository path)
Route A artifacts/astra-audit/2026-09-09/track-authoring/api26/tracks.authoring.field-choice.ordinary.xml -> candidate:required (unclassified repository path)
Route A artifacts/astra-audit/2026-09-09/track-authoring/api26/tracks.authoring.field-number.large.png -> candidate:required (unclassified repository path)
Route A artifacts/astra-audit/2026-09-09/track-authoring/api26/tracks.authoring.field-number.large.xml -> candidate:required (unclassified repository path)
Route A artifacts/astra-audit/2026-09-09/track-authoring/api26/tracks.authoring.field-number.ordinary.png -> candidate:required (unclassified repository path)
Route A artifacts/astra-audit/2026-09-09/track-authoring/api26/tracks.authoring.field-number.ordinary.xml -> candidate:required (unclassified repository path)
Route A artifacts/astra-audit/2026-09-09/track-authoring/api26/tracks.authoring.field-scale.large.png -> candidate:required (unclassified repository path)
Route A artifacts/astra-audit/2026-09-09/track-authoring/api26/tracks.authoring.field-scale.large.xml -> candidate:required (unclassified repository path)
Route A artifacts/astra-audit/2026-09-09/track-authoring/api26/tracks.authoring.field-scale.ordinary.png -> candidate:required (unclassified repository path)
Route A artifacts/astra-audit/2026-09-09/track-authoring/api26/tracks.authoring.field-scale.ordinary.xml -> candidate:required (unclassified repository path)
Route A artifacts/astra-audit/2026-09-09/track-authoring/api34-tests.xml -> candidate:required (unclassified repository path)
Route A artifacts/astra-audit/2026-09-09/track-authoring/api34/catalog.tsv -> candidate:required (unclassified repository path)
Route A artifacts/astra-audit/2026-09-09/track-authoring/api34/manifest.tsv -> candidate:required (unclassified repository path)
Route A artifacts/astra-audit/2026-09-09/track-authoring/api34/tracks.authoring.definition.large.png -> candidate:required (unclassified repository path)
Route A artifacts/astra-audit/2026-09-09/track-authoring/api34/tracks.authoring.definition.large.xml -> candidate:required (unclassified repository path)
Route A artifacts/astra-audit/2026-09-09/track-authoring/api34/tracks.authoring.definition.ordinary.png -> candidate:required (unclassified repository path)
Route A artifacts/astra-audit/2026-09-09/track-authoring/api34/tracks.authoring.definition.ordinary.xml -> candidate:required (unclassified repository path)
Route A artifacts/astra-audit/2026-09-09/track-authoring/api34/tracks.authoring.entry-date.large.png -> candidate:required (unclassified repository path)
Route A artifacts/astra-audit/2026-09-09/track-authoring/api34/tracks.authoring.entry-date.large.xml -> candidate:required (unclassified repository path)
Route A artifacts/astra-audit/2026-09-09/track-authoring/api34/tracks.authoring.entry-date.ordinary.png -> candidate:required (unclassified repository path)
Route A artifacts/astra-audit/2026-09-09/track-authoring/api34/tracks.authoring.entry-date.ordinary.xml -> candidate:required (unclassified repository path)
Route A artifacts/astra-audit/2026-09-09/track-authoring/api34/tracks.authoring.entry-number.large.png -> candidate:required (unclassified repository path)
Route A artifacts/astra-audit/2026-09-09/track-authoring/api34/tracks.authoring.entry-number.large.xml -> candidate:required (unclassified repository path)
Route A artifacts/astra-audit/2026-09-09/track-authoring/api34/tracks.authoring.entry-number.ordinary.png -> candidate:required (unclassified repository path)
Route A artifacts/astra-audit/2026-09-09/track-authoring/api34/tracks.authoring.entry-number.ordinary.xml -> candidate:required (unclassified repository path)
Route A artifacts/astra-audit/2026-09-09/track-authoring/api34/tracks.authoring.entry-reopened.large.png -> candidate:required (unclassified repository path)
Route A artifacts/astra-audit/2026-09-09/track-authoring/api34/tracks.authoring.entry-reopened.large.xml -> candidate:required (unclassified repository path)
Route A artifacts/astra-audit/2026-09-09/track-authoring/api34/tracks.authoring.entry-reopened.ordinary.png -> candidate:required (unclassified repository path)
Route A artifacts/astra-audit/2026-09-09/track-authoring/api34/tracks.authoring.entry-reopened.ordinary.xml -> candidate:required (unclassified repository path)
Route A artifacts/astra-audit/2026-09-09/track-authoring/api34/tracks.authoring.entry-types.large.png -> candidate:required (unclassified repository path)
Route A artifacts/astra-audit/2026-09-09/track-authoring/api34/tracks.authoring.entry-types.large.xml -> candidate:required (unclassified repository path)
Route A artifacts/astra-audit/2026-09-09/track-authoring/api34/tracks.authoring.entry-types.ordinary.png -> candidate:required (unclassified repository path)
Route A artifacts/astra-audit/2026-09-09/track-authoring/api34/tracks.authoring.entry-types.ordinary.xml -> candidate:required (unclassified repository path)
Route A artifacts/astra-audit/2026-09-09/track-authoring/api34/tracks.authoring.entry-validation.large.png -> candidate:required (unclassified repository path)
Route A artifacts/astra-audit/2026-09-09/track-authoring/api34/tracks.authoring.entry-validation.large.xml -> candidate:required (unclassified repository path)
Route A artifacts/astra-audit/2026-09-09/track-authoring/api34/tracks.authoring.entry-validation.ordinary.png -> candidate:required (unclassified repository path)
Route A artifacts/astra-audit/2026-09-09/track-authoring/api34/tracks.authoring.entry-validation.ordinary.xml -> candidate:required (unclassified repository path)
Route A artifacts/astra-audit/2026-09-09/track-authoring/api34/tracks.authoring.field-choice.large.png -> candidate:required (unclassified repository path)
Route A artifacts/astra-audit/2026-09-09/track-authoring/api34/tracks.authoring.field-choice.large.xml -> candidate:required (unclassified repository path)
Route A artifacts/astra-audit/2026-09-09/track-authoring/api34/tracks.authoring.field-choice.ordinary.png -> candidate:required (unclassified repository path)
Route A artifacts/astra-audit/2026-09-09/track-authoring/api34/tracks.authoring.field-choice.ordinary.xml -> candidate:required (unclassified repository path)
Route A artifacts/astra-audit/2026-09-09/track-authoring/api34/tracks.authoring.field-number.large.png -> candidate:required (unclassified repository path)
Route A artifacts/astra-audit/2026-09-09/track-authoring/api34/tracks.authoring.field-number.large.xml -> candidate:required (unclassified repository path)
Route A artifacts/astra-audit/2026-09-09/track-authoring/api34/tracks.authoring.field-number.ordinary.png -> candidate:required (unclassified repository path)
Route A artifacts/astra-audit/2026-09-09/track-authoring/api34/tracks.authoring.field-number.ordinary.xml -> candidate:required (unclassified repository path)
Route A artifacts/astra-audit/2026-09-09/track-authoring/api34/tracks.authoring.field-scale.large.png -> candidate:required (unclassified repository path)
Route A artifacts/astra-audit/2026-09-09/track-authoring/api34/tracks.authoring.field-scale.large.xml -> candidate:required (unclassified repository path)
Route A artifacts/astra-audit/2026-09-09/track-authoring/api34/tracks.authoring.field-scale.ordinary.png -> candidate:required (unclassified repository path)
Route A artifacts/astra-audit/2026-09-09/track-authoring/api34/tracks.authoring.field-scale.ordinary.xml -> candidate:required (unclassified repository path)
Route A artifacts/astra-audit/2026-09-09/track-authoring/api37-tests.xml -> candidate:required (unclassified repository path)
Route A artifacts/astra-audit/2026-09-09/track-authoring/api37/catalog.tsv -> candidate:required (unclassified repository path)
Route A artifacts/astra-audit/2026-09-09/track-authoring/api37/manifest.tsv -> candidate:required (unclassified repository path)
Route A artifacts/astra-audit/2026-09-09/track-authoring/api37/tracks.authoring.definition.large.png -> candidate:required (unclassified repository path)
Route A artifacts/astra-audit/2026-09-09/track-authoring/api37/tracks.authoring.definition.large.xml -> candidate:required (unclassified repository path)
Route A artifacts/astra-audit/2026-09-09/track-authoring/api37/tracks.authoring.definition.ordinary.png -> candidate:required (unclassified repository path)
Route A artifacts/astra-audit/2026-09-09/track-authoring/api37/tracks.authoring.definition.ordinary.xml -> candidate:required (unclassified repository path)
Route A artifacts/astra-audit/2026-09-09/track-authoring/api37/tracks.authoring.entry-date.large.png -> candidate:required (unclassified repository path)
Route A artifacts/astra-audit/2026-09-09/track-authoring/api37/tracks.authoring.entry-date.large.xml -> candidate:required (unclassified repository path)
Route A artifacts/astra-audit/2026-09-09/track-authoring/api37/tracks.authoring.entry-date.ordinary.png -> candidate:required (unclassified repository path)
Route A artifacts/astra-audit/2026-09-09/track-authoring/api37/tracks.authoring.entry-date.ordinary.xml -> candidate:required (unclassified repository path)
Route A artifacts/astra-audit/2026-09-09/track-authoring/api37/tracks.authoring.entry-number.large.png -> candidate:required (unclassified repository path)
Route A artifacts/astra-audit/2026-09-09/track-authoring/api37/tracks.authoring.entry-number.large.xml -> candidate:required (unclassified repository path)
Route A artifacts/astra-audit/2026-09-09/track-authoring/api37/tracks.authoring.entry-number.ordinary.png -> candidate:required (unclassified repository path)
Route A artifacts/astra-audit/2026-09-09/track-authoring/api37/tracks.authoring.entry-number.ordinary.xml -> candidate:required (unclassified repository path)
Route A artifacts/astra-audit/2026-09-09/track-authoring/api37/tracks.authoring.entry-reopened.large.png -> candidate:required (unclassified repository path)
Route A artifacts/astra-audit/2026-09-09/track-authoring/api37/tracks.authoring.entry-reopened.large.xml -> candidate:required (unclassified repository path)
Route A artifacts/astra-audit/2026-09-09/track-authoring/api37/tracks.authoring.entry-reopened.ordinary.png -> candidate:required (unclassified repository path)
Route A artifacts/astra-audit/2026-09-09/track-authoring/api37/tracks.authoring.entry-reopened.ordinary.xml -> candidate:required (unclassified repository path)
Route A artifacts/astra-audit/2026-09-09/track-authoring/api37/tracks.authoring.entry-types.large.png -> candidate:required (unclassified repository path)
Route A artifacts/astra-audit/2026-09-09/track-authoring/api37/tracks.authoring.entry-types.large.xml -> candidate:required (unclassified repository path)
Route A artifacts/astra-audit/2026-09-09/track-authoring/api37/tracks.authoring.entry-types.ordinary.png -> candidate:required (unclassified repository path)
Route A artifacts/astra-audit/2026-09-09/track-authoring/api37/tracks.authoring.entry-types.ordinary.xml -> candidate:required (unclassified repository path)
Route A artifacts/astra-audit/2026-09-09/track-authoring/api37/tracks.authoring.entry-validation.large.png -> candidate:required (unclassified repository path)
Route A artifacts/astra-audit/2026-09-09/track-authoring/api37/tracks.authoring.entry-validation.large.xml -> candidate:required (unclassified repository path)
Route A artifacts/astra-audit/2026-09-09/track-authoring/api37/tracks.authoring.entry-validation.ordinary.png -> candidate:required (unclassified repository path)
Route A artifacts/astra-audit/2026-09-09/track-authoring/api37/tracks.authoring.entry-validation.ordinary.xml -> candidate:required (unclassified repository path)
Route A artifacts/astra-audit/2026-09-09/track-authoring/api37/tracks.authoring.field-choice.large.png -> candidate:required (unclassified repository path)
Route A artifacts/astra-audit/2026-09-09/track-authoring/api37/tracks.authoring.field-choice.large.xml -> candidate:required (unclassified repository path)
Route A artifacts/astra-audit/2026-09-09/track-authoring/api37/tracks.authoring.field-choice.ordinary.png -> candidate:required (unclassified repository path)
Route A artifacts/astra-audit/2026-09-09/track-authoring/api37/tracks.authoring.field-choice.ordinary.xml -> candidate:required (unclassified repository path)
Route A artifacts/astra-audit/2026-09-09/track-authoring/api37/tracks.authoring.field-number.large.png -> candidate:required (unclassified repository path)
Route A artifacts/astra-audit/2026-09-09/track-authoring/api37/tracks.authoring.field-number.large.xml -> candidate:required (unclassified repository path)
Route A artifacts/astra-audit/2026-09-09/track-authoring/api37/tracks.authoring.field-number.ordinary.png -> candidate:required (unclassified repository path)
Route A artifacts/astra-audit/2026-09-09/track-authoring/api37/tracks.authoring.field-number.ordinary.xml -> candidate:required (unclassified repository path)
Route A artifacts/astra-audit/2026-09-09/track-authoring/api37/tracks.authoring.field-scale.large.png -> candidate:required (unclassified repository path)
Route A artifacts/astra-audit/2026-09-09/track-authoring/api37/tracks.authoring.field-scale.large.xml -> candidate:required (unclassified repository path)
Route A artifacts/astra-audit/2026-09-09/track-authoring/api37/tracks.authoring.field-scale.ordinary.png -> candidate:required (unclassified repository path)
Route A artifacts/astra-audit/2026-09-09/track-authoring/api37/tracks.authoring.field-scale.ordinary.xml -> candidate:required (unclassified repository path)
Route A artifacts/astra-audit/2026-09-09/track-authoring/before-api26-tests.xml -> candidate:required (unclassified repository path)
Route A artifacts/astra-audit/2026-09-09/track-authoring/before-api26/date-picker-live.png -> candidate:required (unclassified repository path)
Route A artifacts/astra-audit/2026-09-09/track-authoring/before-api26/tracks.authoring.field-number.large.png -> candidate:required (unclassified repository path)
Route A artifacts/astra-audit/2026-09-09/track-authoring/before-api26/tracks.authoring.field-number.large.xml -> candidate:required (unclassified repository path)
Route A artifacts/astra-audit/2026-09-09/track-authoring/before-api34-tests.xml -> candidate:required (unclassified repository path)
Route A artifacts/astra-audit/2026-09-09/track-authoring/before-api34/catalog.tsv -> candidate:required (unclassified repository path)
Route A artifacts/astra-audit/2026-09-09/track-authoring/before-api34/manifest.tsv -> candidate:required (unclassified repository path)
Route A artifacts/astra-audit/2026-09-09/track-authoring/before-api34/tracks.authoring.field-choice.large.png -> candidate:required (unclassified repository path)
Route A artifacts/astra-audit/2026-09-09/track-authoring/before-api34/tracks.authoring.field-choice.large.xml -> candidate:required (unclassified repository path)
Route A artifacts/astra-audit/2026-09-09/track-authoring/before-api34/tracks.authoring.field-choice.ordinary.png -> candidate:required (unclassified repository path)
Route A artifacts/astra-audit/2026-09-09/track-authoring/before-api34/tracks.authoring.field-choice.ordinary.xml -> candidate:required (unclassified repository path)
Route A artifacts/astra-audit/2026-09-09/track-authoring/before-api34/tracks.authoring.field-number.large.png -> candidate:required (unclassified repository path)
Route A artifacts/astra-audit/2026-09-09/track-authoring/before-api34/tracks.authoring.field-number.large.xml -> candidate:required (unclassified repository path)
Route A artifacts/astra-audit/2026-09-09/track-authoring/before-api34/tracks.authoring.field-number.ordinary.png -> candidate:required (unclassified repository path)
Route A artifacts/astra-audit/2026-09-09/track-authoring/before-api34/tracks.authoring.field-number.ordinary.xml -> candidate:required (unclassified repository path)
Route A artifacts/astra-audit/2026-09-09/track-authoring/before-api34/tracks.authoring.field-scale.large.png -> candidate:required (unclassified repository path)
Route A artifacts/astra-audit/2026-09-09/track-authoring/before-api34/tracks.authoring.field-scale.large.xml -> candidate:required (unclassified repository path)
Route A artifacts/astra-audit/2026-09-09/track-authoring/before-api34/tracks.authoring.field-scale.ordinary.png -> candidate:required (unclassified repository path)
Route A artifacts/astra-audit/2026-09-09/track-authoring/before-api34/tracks.authoring.field-scale.ordinary.xml -> candidate:required (unclassified repository path)
Route M app/src/main/java/com/whip/app/ui/TrackScreens.kt -> profile:tracks (feature-owned production path)
Route M app/src/main/java/com/whip/app/ui/WhipDatePickerDialog.kt -> candidate:required (unknown production path)
Route M docs/product-memory/DECISIONS.md -> profile:docs (documentation-only path)
Route M docs/product-memory/FINDINGS.md -> profile:docs (documentation-only path)
Route M docs/product-memory/VERIFICATION.md -> profile:docs (documentation-only path)
Route M docs/quality/astra-dialog-font-review-2026-09-09.tsv -> candidate:required (machine-checked quality harness path)
Route M docs/quality/ui-surface-catalog.tsv -> candidate:required (machine-checked quality harness path)
Route M docs/testing.md -> profile:docs (documentation-only path)
Profile: all
Profile: docs
Profile: tracks
Android selector: com.whip.app.TrackAuthoringJourneyE2ETest
All JVM tests: false
All Android tests: false
Static checks: true
Frozen candidate required: true
Reusing configuration cache.
> Task :app:preBuild UP-TO-DATE
> Task :app:preDebugBuild UP-TO-DATE
> Task :app:preDebugUnitTestBuild UP-TO-DATE
> Task :app:generateDebugResValues UP-TO-DATE
> Task :app:generateDebugBuildConfig UP-TO-DATE
> Task :app:javaPreCompileDebug UP-TO-DATE
> Task :app:createDebugCompatibleScreenManifests UP-TO-DATE
> Task :app:generateDebugResources UP-TO-DATE
> Task :app:generateDebugJacocoPropertiesFile UP-TO-DATE
> Task :app:javaPreCompileDebugUnitTest UP-TO-DATE
> Task :app:mapDebugSourceSetPaths UP-TO-DATE
> Task :app:extractDeepLinksDebug UP-TO-DATE
> Task :app:packageDebugResources UP-TO-DATE
> Task :app:processDebugNavigationResources UP-TO-DATE
> Task :app:compileDebugNavigationResources UP-TO-DATE
> Task :app:checkDebugAarMetadata UP-TO-DATE
> Task :app:parseDebugLocalResources UP-TO-DATE
> Task :app:mergeDebugResources UP-TO-DATE
> Task :app:generateDebugRFile UP-TO-DATE
> Task :app:processDebugMainManifest UP-TO-DATE
> Task :app:processDebugManifest UP-TO-DATE
> Task :app:processDebugManifestForPackage UP-TO-DATE
> Task :app:kspDebugKotlin UP-TO-DATE
> Task :app:compileDebugKotlin UP-TO-DATE
> Task :app:processDebugResources UP-TO-DATE
> Task :app:compileDebugJavaWithJavac UP-TO-DATE
> Task :app:bundleDebugClassesToCompileJar UP-TO-DATE
> Task :app:bundleDebugClassesToRuntimeJar UP-TO-DATE
> Task :app:kspDebugUnitTestKotlin SKIPPED
> Task :app:processDebugJavaRes UP-TO-DATE
> Task :app:compileDebugUnitTestKotlin UP-TO-DATE
> Task :app:compileDebugUnitTestJavaWithJavac NO-SOURCE
> Task :app:copyRoomSchemas NO-SOURCE
> Task :app:processDebugUnitTestJavaRes UP-TO-DATE
> Task :app:testDebugUnitTest

BUILD SUCCESSFUL in 3s
29 actionable tasks: 1 executed, 28 up-to-date
Configuration cache entry reused.
Targeted JVM checks passed; Android-test compilation was intentionally deferred.
Play Store assets verified: 512x512 icon, 1024x500 feature graphic, and 5 phone screenshots
Reusing configuration cache.
> Task :app:preBuild UP-TO-DATE
> Task :app:generateDebugAssets UP-TO-DATE
> Task :app:preDebugBuild UP-TO-DATE
> Task :app:preDebugAndroidTestBuild SKIPPED
> Task :app:generateDebugResValues UP-TO-DATE
> Task :app:generateDebugBuildConfig UP-TO-DATE
> Task :app:extractProguardFiles UP-TO-DATE
> Task :app:createDebugCompatibleScreenManifests UP-TO-DATE
> Task :app:generateDebugResources UP-TO-DATE
> Task :app:javaPreCompileDebug UP-TO-DATE
> Task :app:generateDebugAndroidTestResValues UP-TO-DATE
> Task :app:processDebugAndroidTestNavigationResources UP-TO-DATE
> Task :app:mapDebugSourceSetPaths UP-TO-DATE
> Task :app:generateDebugAndroidTestResources UP-TO-DATE
> Task :app:mergeDebugNativeDebugMetadata NO-SOURCE
> Task :app:generateDebugJacocoPropertiesFile UP-TO-DATE
> Task :app:packageDebugResources UP-TO-DATE
> Task :app:generateDebugGlobalSynthetics UP-TO-DATE
> Task :app:validateSigningDebug UP-TO-DATE
> Task :app:writeDebugAppMetadata UP-TO-DATE
> Task :app:desugarDebugFileDependencies UP-TO-DATE
> Task :app:preDebugUnitTestBuild UP-TO-DATE
> Task :app:mergeDebugJniLibFolders UP-TO-DATE
> Task :app:writeDebugSigningConfigVersions UP-TO-DATE
> Task :app:packageDebugAndroidTestResources UP-TO-DATE
> Task :app:extractDeepLinksDebug UP-TO-DATE
> Task :app:parseDebugAndroidTestLocalResources UP-TO-DATE
> Task :app:generateDebugAndroidTestRFile UP-TO-DATE
> Task :app:processDebugNavigationResources UP-TO-DATE
> Task :app:checkDebugAarMetadata UP-TO-DATE
> Task :app:mergeDebugAssets UP-TO-DATE
> Task :app:checkDebugDuplicateClasses UP-TO-DATE
> Task :app:parseDebugLocalResources UP-TO-DATE
> Task :app:compileDebugNavigationResources UP-TO-DATE
> Task :app:compressDebugAssets UP-TO-DATE
> Task :app:mergeLibDexDebug UP-TO-DATE
> Task :app:mergeDebugResources UP-TO-DATE
> Task :app:generateDebugRFile UP-TO-DATE
> Task :app:mergeDebugNativeLibs UP-TO-DATE
> Task :app:stripDebugDebugSymbols UP-TO-DATE
> Task :app:processDebugMainManifest UP-TO-DATE
> Task :app:mergeDebugAndroidTestManifest UP-TO-DATE
> Task :app:processDebugAndroidTestManifest UP-TO-DATE
> Task :app:processDebugManifest UP-TO-DATE
> Task :app:processDebugManifestForPackage UP-TO-DATE
> Task :app:generateDebugAndroidTestBuildConfig UP-TO-DATE
> Task :app:kspDebugKotlin UP-TO-DATE
> Task :app:mergeExtDexDebug UP-TO-DATE
> Task :app:compileDebugKotlin UP-TO-DATE
> Task :app:compileDebugJavaWithJavac UP-TO-DATE
> Task :app:processDebugResources UP-TO-DATE
> Task :app:bundleDebugClassesToCompileJar UP-TO-DATE
> Task :app:processDebugJavaRes UP-TO-DATE
> Task :app:jacocoDebug UP-TO-DATE
> Task :app:kspDebugAndroidTestKotlin SKIPPED
> Task :app:copyRoomSchemas NO-SOURCE
> Task :app:dexBuilderDebug UP-TO-DATE
> Task :app:mergeProjectDexDebug UP-TO-DATE
> Task :app:mergeDebugJavaResource UP-TO-DATE
> Task :app:packageDebug UP-TO-DATE
> Task :app:compileDebugAndroidTestKotlin UP-TO-DATE
> Task :app:assembleDebug UP-TO-DATE
> Task :app:createDebugApkListingFileRedirect UP-TO-DATE
> Task :app:generateDebugUnitTestLintModel
> Task :app:generateDebugLintReportModel
> Task :app:generateDebugAndroidTestLintModel
> Task :app:lintAnalyzeDebugUnitTest
> Task :app:lintAnalyzeDebugAndroidTest
> Task :app:lintAnalyzeDebug

> Task :app:lintReportDebug
Wrote HTML report to file:///root/repos/whip/app/build/reports/lint-results-debug.html
Wrote SARIF report to file:///root/repos/whip/app/build/reports/lint-results-debug.sarif

> Task :app:lintDebug

BUILD SUCCESSFUL in 2m 21s
62 actionable tasks: 8 executed, 54 up-to-date
Configuration cache entry reused.
Affected-change readiness gate passed. Frozen-candidate evidence was not created.
Play Store note: qualify these inputs with a fresh scripts/candidate run only when preparing a store release.
