Route M app/build.gradle.kts -> candidate:required (build or benchmark configuration path)
Route M docs/product-memory/USER_FEEDBACK.md -> profile:docs (documentation-only path)
Route M scripts/test-android-target-guard -> candidate:required (test or release harness integrity path)
Profile: all
Profile: docs
Harness check: scripts/test-android-target-guard
All JVM tests: false
All Android tests: false
Static checks: true
Frozen candidate required: true
Calculating task graph as configuration cache cannot be reused because file 'app/build.gradle.kts' has changed.
> Task :app:preBuild UP-TO-DATE
> Task :app:preDebugBuild UP-TO-DATE
> Task :app:preDebugUnitTestBuild UP-TO-DATE
> Task :app:generateDebugJacocoPropertiesFile UP-TO-DATE
> Task :app:generateDebugResValues UP-TO-DATE
> Task :app:javaPreCompileDebug UP-TO-DATE
> Task :app:javaPreCompileDebugUnitTest UP-TO-DATE
> Task :app:generateDebugResources UP-TO-DATE
> Task :app:mapDebugSourceSetPaths UP-TO-DATE
> Task :app:extractDeepLinksDebug UP-TO-DATE
> Task :app:processDebugNavigationResources UP-TO-DATE
> Task :app:checkDebugAarMetadata UP-TO-DATE
> Task :app:createDebugCompatibleScreenManifests
> Task :app:packageDebugResources UP-TO-DATE
> Task :app:compileDebugNavigationResources UP-TO-DATE
> Task :app:parseDebugLocalResources UP-TO-DATE
> Task :app:generateDebugRFile UP-TO-DATE
> Task :app:mergeDebugResources UP-TO-DATE
> Task :app:generateDebugBuildConfig
> Task :app:processDebugMainManifest
> Task :app:processDebugManifest
> Task :app:processDebugManifestForPackage
> Task :app:processDebugResources
> Task :app:kspDebugKotlin
> Task :app:compileDebugKotlin
> Task :app:processDebugJavaRes UP-TO-DATE
> Task :app:compileDebugJavaWithJavac
> Task :app:bundleDebugClassesToCompileJar
> Task :app:bundleDebugClassesToRuntimeJar
> Task :app:kspDebugUnitTestKotlin SKIPPED
> Task :app:compileDebugUnitTestKotlin
> Task :app:processDebugUnitTestJavaRes UP-TO-DATE
> Task :app:compileDebugUnitTestJavaWithJavac NO-SOURCE
> Task :app:copyRoomSchemas NO-SOURCE
> Task :app:testDebugUnitTest

BUILD SUCCESSFUL in 25s
29 actionable tasks: 13 executed, 16 up-to-date
Configuration cache entry stored.
Targeted JVM checks passed; Android-test compilation was intentionally deferred.
PASS missing-serial
PASS blank-serial
PASS invalid-serial
PASS multiple-serials
PASS offline-target
PASS unauthorized-target
PASS physical-instrumentation
PASS failed-qemu-instrumentation
PASS connected-emulator
PASS legacy-connected-emulator
PASS legacy-emulator-release
PASS absent-emulator-properties
PASS negative-legacy-emulator-property
PASS failed-legacy-identity-read
PASS catalog-legacy-emulator
PASS catalog-unverified-target
PASS matching-two-emulator-set
PASS duplicate-emulator-set
PASS third-emulator-in-secondary-slot
PASS physical-secondary-emulator
PASS mismatched-secondary-emulator
PASS explicit compatible two-emulator set guard
PASS missing-release-target
PASS emulator-release-target
PASS failed-qemu-release-target
PASS connected-physical-release-target
PASS check-requires-explicit-serial
PASS coverage-requires-explicit-serial
PASS qa-targeted-requires-explicit-serial
PASS release-command-requires-explicit-device
PASS explicitly-targeted installs
PASS release commands select guarded physical targets
PASS personal-phone release uses fast affected checks
PASS module-local connected-task guards
PASS compile-task-unguarded
PASS :app:connectedDebugAndroidTest-accepts-explicit-emulator
PASS :benchmark:connectedBenchmarkAndroidTest-accepts-explicit-emulator
PASS gradle-task-requires-explicit-serial
PASS gradle-task-rejects-malformed-serial
PASS gradle-task-rejects-physical-target
PASS gradle-task-rejects-managed-target
PASS shared Android batch topology contract
PASS coverage-fresh-eleven-process-accounting
PASS fresh 11-process coverage accounting and report union
PASS targeted-two-emulator-parallel-accounting
PASS targeted two-emulator distribution and exact aggregate
PASS parallel-two-emulator-surfaces-batch-diagnostics
PASS parallel worker failure diagnostics
PASS reusable-engine-populates-exact-cache
PASS reusable-engine-accepts-matching-cache
PASS reusable-engine-invalidates-only-affected-test-batch
PASS reusable-engine-invalidates-all-batches-for-production
PASS reusable-engine-rejects-corrupt-cache
PASS exact cache reuse and invalidation accounting
PASS coverage-rejects-class-mismatch
PASS coverage-rejects-zero-tests
PASS coverage-rejects-failures
PASS coverage-rejects-skips
PASS coverage-rejects-multiple-ec
PASS coverage-rejects-empty-ec
PASS coverage-rejects-stale-results
PASS stale/partial/failed coverage rejection
PASS release version 0.3.68 (74)
All Android target guard regressions passed.
Play Store assets verified: 512x512 icon, 1024x500 feature graphic, and 5 phone screenshots
Calculating task graph as configuration cache cannot be reused because file 'app/build.gradle.kts' has changed.
> Task :app:preBuild UP-TO-DATE
> Task :app:generateDebugAssets UP-TO-DATE
> Task :app:preDebugBuild UP-TO-DATE
> Task :app:javaPreCompileDebug UP-TO-DATE
> Task :app:generateDebugResValues UP-TO-DATE
> Task :app:createDebugCompatibleScreenManifests UP-TO-DATE
> Task :app:generateDebugGlobalSynthetics UP-TO-DATE
> Task :app:generateDebugJacocoPropertiesFile UP-TO-DATE
> Task :app:desugarDebugFileDependencies UP-TO-DATE
> Task :app:validateSigningDebug UP-TO-DATE
> Task :app:mergeDebugJniLibFolders UP-TO-DATE
> Task :app:writeDebugSigningConfigVersions UP-TO-DATE
> Task :app:mapDebugSourceSetPaths UP-TO-DATE
> Task :app:generateDebugBuildConfig UP-TO-DATE
> Task :app:writeDebugAppMetadata UP-TO-DATE
> Task :app:preDebugUnitTestBuild UP-TO-DATE
> Task :app:preDebugAndroidTestBuild SKIPPED
> Task :app:extractProguardFiles UP-TO-DATE
> Task :app:processDebugNavigationResources UP-TO-DATE
> Task :app:mergeDebugAssets UP-TO-DATE
> Task :app:mergeDebugNativeDebugMetadata NO-SOURCE
> Task :app:generateDebugAndroidTestResValues UP-TO-DATE
> Task :app:compressDebugAssets UP-TO-DATE
> Task :app:generateDebugAndroidTestResources UP-TO-DATE
> Task :app:generateDebugResources UP-TO-DATE
> Task :app:processDebugAndroidTestNavigationResources UP-TO-DATE
> Task :app:extractDeepLinksDebug UP-TO-DATE
> Task :app:checkDebugAarMetadata UP-TO-DATE
> Task :app:checkDebugDuplicateClasses UP-TO-DATE
> Task :app:compileDebugNavigationResources UP-TO-DATE
> Task :app:packageDebugAndroidTestResources UP-TO-DATE
> Task :app:packageDebugResources UP-TO-DATE
> Task :app:mergeDebugNativeLibs UP-TO-DATE
> Task :app:parseDebugLocalResources UP-TO-DATE
> Task :app:mergeLibDexDebug UP-TO-DATE
> Task :app:parseDebugAndroidTestLocalResources UP-TO-DATE
> Task :app:generateDebugRFile UP-TO-DATE
> Task :app:processDebugMainManifest UP-TO-DATE
> Task :app:generateDebugAndroidTestRFile UP-TO-DATE
> Task :app:stripDebugDebugSymbols UP-TO-DATE
> Task :app:mergeDebugAndroidTestManifest UP-TO-DATE
> Task :app:processDebugManifest UP-TO-DATE
> Task :app:processDebugAndroidTestManifest UP-TO-DATE
> Task :app:mergeDebugResources UP-TO-DATE
> Task :app:generateDebugAndroidTestBuildConfig UP-TO-DATE
> Task :app:processDebugManifestForPackage UP-TO-DATE
> Task :app:kspDebugKotlin UP-TO-DATE
> Task :app:mergeExtDexDebug UP-TO-DATE
> Task :app:compileDebugKotlin UP-TO-DATE
> Task :app:processDebugResources UP-TO-DATE
> Task :app:compileDebugJavaWithJavac UP-TO-DATE
> Task :app:processDebugJavaRes UP-TO-DATE
> Task :app:bundleDebugClassesToCompileJar UP-TO-DATE
> Task :app:kspDebugAndroidTestKotlin SKIPPED
> Task :app:jacocoDebug UP-TO-DATE
> Task :app:copyRoomSchemas NO-SOURCE
> Task :app:mergeDebugJavaResource UP-TO-DATE
> Task :app:dexBuilderDebug UP-TO-DATE
> Task :app:mergeProjectDexDebug UP-TO-DATE
> Task :app:packageDebug UP-TO-DATE
> Task :app:assembleDebug UP-TO-DATE
> Task :app:createDebugApkListingFileRedirect UP-TO-DATE
> Task :app:compileDebugAndroidTestKotlin UP-TO-DATE
> Task :app:generateDebugLintReportModel
> Task :app:generateDebugUnitTestLintModel
> Task :app:generateDebugAndroidTestLintModel
> Task :app:lintAnalyzeDebugUnitTest
> Task :app:lintAnalyzeDebugAndroidTest
> Task :app:lintAnalyzeDebug

> Task :app:lintReportDebug
Wrote HTML report to file:///root/repos/whip/app/build/reports/lint-results-debug.html
Wrote SARIF report to file:///root/repos/whip/app/build/reports/lint-results-debug.sarif

> Task :app:lintDebug

BUILD SUCCESSFUL in 2m 30s
62 actionable tasks: 8 executed, 54 up-to-date
Configuration cache entry stored.
Affected-change readiness gate passed. Frozen-candidate evidence was not created.
Play Store note: qualify these inputs with a fresh scripts/candidate run only when preparing a store release.
