Route A app/src/androidTest/java/com/whip/app/DirectDailyExecutionJourneyTest.kt -> android:com.whip.app.DirectDailyExecutionJourneyTest (exact Android test class)
Route A app/src/androidTest/java/com/whip/app/TaskInlineExecutionUiTest.kt -> android:com.whip.app.TaskInlineExecutionUiTest (exact Android test class)
Route A app/src/androidTest/java/com/whip/app/ui/HabitDirectExecutionUiTest.kt -> android:com.whip.app.ui.HabitDirectExecutionUiTest (exact Android test class)
Route M app/src/androidTest/java/com/whip/app/ProductivityCardDesignUiTest.kt -> android:com.whip.app.ProductivityCardDesignUiTest (exact Android test class)
Route M app/src/androidTest/java/com/whip/app/RoutineAuthoringJourneyE2ETest.kt -> android:com.whip.app.RoutineAuthoringJourneyE2ETest (exact Android test class)
Route M app/src/androidTest/java/com/whip/app/ui/FreshProductivityUiTest.kt -> android:com.whip.app.ui.FreshProductivityUiTest (exact Android test class)
Route M app/src/androidTest/java/com/whip/app/ui/GoalSecondaryMutationUiTest.kt -> android:com.whip.app.ui.GoalSecondaryMutationUiTest (exact Android test class)
Route M app/src/main/java/com/whip/app/ui/GoalScreens.kt -> profile:goals (feature-owned production path)
Route M app/src/main/java/com/whip/app/ui/GymScreens.kt -> profile:gym (feature-owned production path)
Route M app/src/main/java/com/whip/app/ui/HabitScreens.kt -> profile:habits (feature-owned production path)
Route M app/src/main/java/com/whip/app/ui/TaskComponents.kt -> profile:tasks (feature-owned production path)
Route M app/src/main/java/com/whip/app/ui/WhipApp.kt -> profile:all (shared UI/core production path)
Route M docs/product-memory/INDEX.md -> profile:docs (documentation-only path)
Route M docs/product-memory/USER_FEEDBACK.md -> profile:docs (documentation-only path)
Profile: all
Profile: docs
Profile: goals
Profile: gym
Profile: habits
Profile: tasks
Android selector: com.whip.app.DirectDailyExecutionJourneyTest
Android selector: com.whip.app.ProductivityCardDesignUiTest
Android selector: com.whip.app.RoutineAuthoringJourneyE2ETest
Android selector: com.whip.app.TaskInlineExecutionUiTest
Android selector: com.whip.app.ui.FreshProductivityUiTest
Android selector: com.whip.app.ui.GoalSecondaryMutationUiTest
Android selector: com.whip.app.ui.HabitDirectExecutionUiTest
All JVM tests: false
All Android tests: false
Static checks: true
Frozen candidate required: false
Calculating task graph as configuration cache cannot be reused because file 'app/build.gradle.kts' has changed.
> Task :app:preBuild UP-TO-DATE
> Task :app:preDebugBuild UP-TO-DATE
> Task :app:preDebugUnitTestBuild UP-TO-DATE
> Task :app:javaPreCompileDebugUnitTest UP-TO-DATE
> Task :app:generateDebugJacocoPropertiesFile UP-TO-DATE
> Task :app:generateDebugBuildConfig UP-TO-DATE
> Task :app:javaPreCompileDebug UP-TO-DATE
> Task :app:createDebugCompatibleScreenManifests UP-TO-DATE
> Task :app:generateDebugResValues UP-TO-DATE
> Task :app:generateDebugResources UP-TO-DATE
> Task :app:extractDeepLinksDebug UP-TO-DATE
> Task :app:mapDebugSourceSetPaths UP-TO-DATE
> Task :app:packageDebugResources UP-TO-DATE
> Task :app:checkDebugAarMetadata UP-TO-DATE
> Task :app:processDebugNavigationResources UP-TO-DATE
> Task :app:compileDebugNavigationResources UP-TO-DATE
> Task :app:parseDebugLocalResources UP-TO-DATE
> Task :app:mergeDebugResources UP-TO-DATE
> Task :app:generateDebugRFile UP-TO-DATE
> Task :app:processDebugMainManifest UP-TO-DATE
> Task :app:processDebugManifest UP-TO-DATE
> Task :app:processDebugManifestForPackage UP-TO-DATE
> Task :app:kspDebugKotlin UP-TO-DATE
> Task :app:processDebugResources UP-TO-DATE
> Task :app:compileDebugKotlin UP-TO-DATE
> Task :app:compileDebugJavaWithJavac UP-TO-DATE
> Task :app:processDebugJavaRes UP-TO-DATE
> Task :app:bundleDebugClassesToCompileJar UP-TO-DATE
> Task :app:kspDebugUnitTestKotlin SKIPPED
> Task :app:bundleDebugClassesToRuntimeJar
> Task :app:compileDebugUnitTestKotlin
> Task :app:processDebugUnitTestJavaRes UP-TO-DATE
> Task :app:compileDebugUnitTestJavaWithJavac NO-SOURCE
> Task :app:copyRoomSchemas NO-SOURCE
> Task :app:testDebugUnitTest

BUILD SUCCESSFUL in 4s
29 actionable tasks: 3 executed, 26 up-to-date
Configuration cache entry stored.
Targeted JVM checks passed; Android-test compilation was intentionally deferred.
Play Store assets verified: 512x512 icon, 1024x500 feature graphic, and 5 phone screenshots
Calculating task graph as configuration cache cannot be reused because file 'app/build.gradle.kts' has changed.
> Task :app:generateDebugAssets UP-TO-DATE
> Task :app:preBuild UP-TO-DATE
> Task :app:preDebugBuild UP-TO-DATE
> Task :app:preDebugAndroidTestBuild SKIPPED
> Task :app:preDebugUnitTestBuild UP-TO-DATE
> Task :app:extractProguardFiles UP-TO-DATE
> Task :app:generateDebugAndroidTestResValues UP-TO-DATE
> Task :app:processDebugAndroidTestNavigationResources UP-TO-DATE
> Task :app:generateDebugAndroidTestResources UP-TO-DATE
> Task :app:mergeDebugNativeDebugMetadata NO-SOURCE
> Task :app:generateDebugJacocoPropertiesFile UP-TO-DATE
> Task :app:mergeDebugJniLibFolders UP-TO-DATE
> Task :app:writeDebugAppMetadata UP-TO-DATE
> Task :app:writeDebugSigningConfigVersions UP-TO-DATE
> Task :app:packageDebugAndroidTestResources UP-TO-DATE
> Task :app:validateSigningDebug UP-TO-DATE
> Task :app:desugarDebugFileDependencies UP-TO-DATE
> Task :app:generateDebugGlobalSynthetics UP-TO-DATE
> Task :app:generateDebugBuildConfig UP-TO-DATE
> Task :app:javaPreCompileDebug UP-TO-DATE
> Task :app:createDebugCompatibleScreenManifests UP-TO-DATE
> Task :app:generateDebugResValues UP-TO-DATE
> Task :app:generateDebugResources UP-TO-DATE
> Task :app:mapDebugSourceSetPaths UP-TO-DATE
> Task :app:checkDebugAarMetadata UP-TO-DATE
> Task :app:extractDeepLinksDebug UP-TO-DATE
> Task :app:parseDebugAndroidTestLocalResources UP-TO-DATE
> Task :app:processDebugNavigationResources UP-TO-DATE
> Task :app:checkDebugDuplicateClasses UP-TO-DATE
> Task :app:compileDebugNavigationResources UP-TO-DATE
> Task :app:packageDebugResources UP-TO-DATE
> Task :app:mergeDebugResources UP-TO-DATE
> Task :app:mergeDebugAssets UP-TO-DATE
> Task :app:parseDebugLocalResources UP-TO-DATE
> Task :app:mergeLibDexDebug UP-TO-DATE
> Task :app:processDebugMainManifest UP-TO-DATE
> Task :app:mergeDebugAndroidTestManifest UP-TO-DATE
> Task :app:generateDebugRFile UP-TO-DATE
> Task :app:processDebugAndroidTestManifest UP-TO-DATE
> Task :app:generateDebugAndroidTestBuildConfig UP-TO-DATE
> Task :app:mergeDebugNativeLibs UP-TO-DATE
> Task :app:compressDebugAssets UP-TO-DATE
> Task :app:stripDebugDebugSymbols UP-TO-DATE
> Task :app:processDebugManifest UP-TO-DATE
> Task :app:generateDebugAndroidTestRFile UP-TO-DATE
> Task :app:processDebugManifestForPackage UP-TO-DATE
> Task :app:kspDebugKotlin UP-TO-DATE
> Task :app:mergeExtDexDebug UP-TO-DATE
> Task :app:compileDebugKotlin UP-TO-DATE
> Task :app:processDebugResources UP-TO-DATE
> Task :app:compileDebugJavaWithJavac UP-TO-DATE
> Task :app:processDebugJavaRes UP-TO-DATE
> Task :app:bundleDebugClassesToCompileJar UP-TO-DATE
> Task :app:kspDebugAndroidTestKotlin SKIPPED
> Task :app:copyRoomSchemas NO-SOURCE
> Task :app:mergeDebugJavaResource UP-TO-DATE
> Task :app:compileDebugAndroidTestKotlin UP-TO-DATE
> Task :app:generateDebugLintReportModel
> Task :app:generateDebugUnitTestLintModel
> Task :app:generateDebugAndroidTestLintModel
> Task :app:jacocoDebug FAILED
> Task :app:lintAnalyzeDebugUnitTest
> Task :app:lintAnalyzeDebug
> Task :app:lintAnalyzeDebugAndroidTest
