Calculating task graph as configuration cache cannot be reused because file 'app/build.gradle.kts' has changed.
> Task :app:preBuild UP-TO-DATE
> Task :app:generateDebugAssets UP-TO-DATE
> Task :app:generateDebugAndroidTestAssets UP-TO-DATE
> Task :app:preDebugBuild UP-TO-DATE
> Task :app:preDebugAndroidTestBuild SKIPPED
> Task :app:generateDebugResValues UP-TO-DATE
> Task :app:generateDebugGlobalSynthetics UP-TO-DATE
> Task :app:copyRoomSchemasToAndroidTestAssetsDebugAndroidTest UP-TO-DATE
> Task :app:mergeDebugJniLibFolders UP-TO-DATE
> Task :app:writeDebugAppMetadata UP-TO-DATE
> Task :app:processDebugAndroidTestNavigationResources UP-TO-DATE
> Task :app:generateDebugJacocoPropertiesFile UP-TO-DATE
> Task :app:desugarDebugFileDependencies UP-TO-DATE
> Task :app:validateSigningDebug UP-TO-DATE
> Task :app:createDebugCompatibleScreenManifests UP-TO-DATE
> Task :app:mergeDebugNativeDebugMetadata NO-SOURCE
> Task :app:generateDebugAndroidTestGlobalSynthetics UP-TO-DATE
> Task :app:generateDebugBuildConfig UP-TO-DATE
> Task :app:javaPreCompileDebug UP-TO-DATE
> Task :app:javaPreCompileDebugAndroidTest UP-TO-DATE
> Task :app:generateDebugAndroidTestResValues UP-TO-DATE
> Task :app:checkDebugDuplicateClasses UP-TO-DATE
> Task :app:generateDebugResources UP-TO-DATE
> Task :app:mergeDebugAssets UP-TO-DATE
> Task :app:writeDebugAndroidTestSigningConfigVersions UP-TO-DATE
> Task :app:processDebugNavigationResources UP-TO-DATE
> Task :app:desugarDebugAndroidTestFileDependencies UP-TO-DATE
> Task :app:validateSigningDebugAndroidTest UP-TO-DATE
> Task :app:mergeDebugAndroidTestJniLibFolders UP-TO-DATE
> Task :app:mapDebugSourceSetPaths UP-TO-DATE
> Task :app:mergeDebugNativeLibs UP-TO-DATE
> Task :app:checkDebugAarMetadata UP-TO-DATE
> Task :app:packageDebugResources UP-TO-DATE
> Task :app:writeDebugSigningConfigVersions UP-TO-DATE
> Task :app:extractDeepLinksDebug UP-TO-DATE
> Task :app:stripDebugDebugSymbols UP-TO-DATE
> Task :app:mapDebugAndroidTestSourceSetPaths UP-TO-DATE
> Task :app:compileDebugNavigationResources UP-TO-DATE
> Task :app:generateDebugAndroidTestResources UP-TO-DATE
> Task :app:mergeLibDexDebug UP-TO-DATE
> Task :app:compileDebugAndroidTestNavigationResources UP-TO-DATE
> Task :app:mergeDebugAndroidTestManifest UP-TO-DATE
> Task :app:processDebugMainManifest UP-TO-DATE
> Task :app:mergeDebugResources UP-TO-DATE
> Task :app:processDebugAndroidTestManifest UP-TO-DATE
> Task :app:compressDebugAssets UP-TO-DATE
> Task :app:generateDebugAndroidTestBuildConfig UP-TO-DATE
> Task :app:packageDebugAndroidTestResources UP-TO-DATE
> Task :app:parseDebugAndroidTestLocalResources UP-TO-DATE
> Task :app:parseDebugLocalResources UP-TO-DATE
> Task :app:processDebugManifest UP-TO-DATE
> Task :app:processDebugManifestForPackage UP-TO-DATE
> Task :app:generateDebugAndroidTestRFile UP-TO-DATE
> Task :app:mergeExtDexDebug UP-TO-DATE
> Task :app:checkDebugAndroidTestAarMetadata UP-TO-DATE
> Task :app:generateDebugRFile UP-TO-DATE
> Task :app:mergeDebugAndroidTestNativeLibs NO-SOURCE
> Task :app:kspDebugKotlin UP-TO-DATE
> Task :app:mergeDebugAndroidTestAssets UP-TO-DATE
> Task :app:checkDebugAndroidTestDuplicateClasses UP-TO-DATE
> Task :app:stripDebugAndroidTestDebugSymbols NO-SOURCE
> Task :app:processDebugResources UP-TO-DATE
> Task :app:compressDebugAndroidTestAssets UP-TO-DATE
> Task :app:mergeLibDexDebugAndroidTest UP-TO-DATE
> Task :app:compileDebugKotlin UP-TO-DATE
> Task :app:compileDebugJavaWithJavac UP-TO-DATE
> Task :app:bundleDebugClassesToCompileJar UP-TO-DATE
> Task :app:kspDebugAndroidTestKotlin SKIPPED
> Task :app:compileDebugAndroidTestKotlin UP-TO-DATE
> Task :app:jacocoDebug UP-TO-DATE
> Task :app:dexBuilderDebug UP-TO-DATE
> Task :app:processDebugJavaRes UP-TO-DATE
> Task :app:mergeProjectDexDebug UP-TO-DATE
> Task :app:mergeDebugAndroidTestResources UP-TO-DATE
> Task :app:processDebugAndroidTestJavaRes UP-TO-DATE
> Task :app:mergeDebugJavaResource UP-TO-DATE
> Task :app:mergeExtDexDebugAndroidTest UP-TO-DATE
> Task :app:packageDebug UP-TO-DATE
> Task :app:assembleDebug UP-TO-DATE
> Task :app:createDebugApkListingFileRedirect UP-TO-DATE
> Task :app:mergeDebugAndroidTestJavaResource UP-TO-DATE
> Task :app:processDebugAndroidTestResources UP-TO-DATE
> Task :app:compileDebugAndroidTestJavaWithJavac UP-TO-DATE
> Task :app:copyRoomSchemas NO-SOURCE
> Task :app:dexBuilderDebugAndroidTest
> Task :app:mergeProjectDexDebugAndroidTest
> Task :app:packageDebugAndroidTest
> Task :app:assembleDebugAndroidTest
> Task :app:createDebugAndroidTestApkListingFileRedirect UP-TO-DATE

BUILD SUCCESSFUL in 12s
77 actionable tasks: 3 executed, 74 up-to-date
Configuration cache entry stored.
Android batch 1/2 (ordinary, 10 selector(s)).
> Task :app:preBuild UP-TO-DATE
> Task :app:preDebugBuild UP-TO-DATE
> Task :app:generateDebugBuildConfig UP-TO-DATE
> Task :app:generateDebugResValues UP-TO-DATE
> Task :app:generateDebugResources UP-TO-DATE
> Task :app:packageDebugResources UP-TO-DATE
> Task :app:processDebugNavigationResources UP-TO-DATE
> Task :app:parseDebugLocalResources UP-TO-DATE
> Task :app:generateDebugRFile UP-TO-DATE
> Task :app:kspDebugKotlin UP-TO-DATE
> Task :app:compileDebugKotlin UP-TO-DATE
> Task :app:javaPreCompileDebug UP-TO-DATE
> Task :app:compileDebugJavaWithJavac UP-TO-DATE
> Task :app:checkDebugAarMetadata UP-TO-DATE
> Task :app:mapDebugSourceSetPaths UP-TO-DATE
> Task :app:compileDebugNavigationResources UP-TO-DATE
> Task :app:mergeDebugResources UP-TO-DATE
> Task :app:createDebugCompatibleScreenManifests UP-TO-DATE
> Task :app:extractDeepLinksDebug UP-TO-DATE
> Task :app:processDebugMainManifest UP-TO-DATE
> Task :app:processDebugManifest UP-TO-DATE
> Task :app:processDebugManifestForPackage UP-TO-DATE
> Task :app:processDebugResources UP-TO-DATE
> Task :app:bundleDebugClassesToCompileJar UP-TO-DATE
> Task :app:preDebugAndroidTestBuild SKIPPED
> Task :app:mergeDebugAndroidTestManifest UP-TO-DATE
> Task :app:processDebugAndroidTestManifest UP-TO-DATE
> Task :app:generateDebugAndroidTestBuildConfig UP-TO-DATE
> Task :app:generateDebugAndroidTestResValues UP-TO-DATE
> Task :app:generateDebugAndroidTestResources UP-TO-DATE
> Task :app:packageDebugAndroidTestResources UP-TO-DATE
> Task :app:processDebugAndroidTestNavigationResources UP-TO-DATE
> Task :app:parseDebugAndroidTestLocalResources UP-TO-DATE
> Task :app:generateDebugAndroidTestRFile UP-TO-DATE
> Task :app:kspDebugAndroidTestKotlin SKIPPED
> Task :app:compileDebugAndroidTestKotlin UP-TO-DATE
> Task :app:javaPreCompileDebugAndroidTest UP-TO-DATE
> Task :app:compileDebugAndroidTestJavaWithJavac UP-TO-DATE
> Task :app:copyRoomSchemas NO-SOURCE
> Task :app:generateDebugAssets UP-TO-DATE
> Task :app:mergeDebugAssets UP-TO-DATE
> Task :app:compressDebugAssets UP-TO-DATE
> Task :app:generateDebugGlobalSynthetics UP-TO-DATE
> Task :app:generateDebugJacocoPropertiesFile UP-TO-DATE
> Task :app:processDebugJavaRes UP-TO-DATE
> Task :app:mergeDebugJavaResource UP-TO-DATE
> Task :app:checkDebugDuplicateClasses UP-TO-DATE
> Task :app:desugarDebugFileDependencies UP-TO-DATE
> Task :app:mergeExtDexDebug UP-TO-DATE
> Task :app:mergeLibDexDebug UP-TO-DATE
> Task :app:jacocoDebug UP-TO-DATE
> Task :app:dexBuilderDebug UP-TO-DATE
> Task :app:mergeProjectDexDebug UP-TO-DATE
> Task :app:mergeDebugJniLibFolders UP-TO-DATE
> Task :app:mergeDebugNativeLibs UP-TO-DATE
> Task :app:stripDebugDebugSymbols UP-TO-DATE
> Task :app:validateSigningDebug UP-TO-DATE
> Task :app:writeDebugAppMetadata UP-TO-DATE
> Task :app:writeDebugSigningConfigVersions UP-TO-DATE
> Task :app:packageDebug UP-TO-DATE
> Task :app:createDebugApkListingFileRedirect UP-TO-DATE
> Task :app:copyRoomSchemasToAndroidTestAssetsDebugAndroidTest UP-TO-DATE
> Task :app:generateDebugAndroidTestAssets UP-TO-DATE
> Task :app:mergeDebugAndroidTestAssets UP-TO-DATE
> Task :app:compressDebugAndroidTestAssets UP-TO-DATE
> Task :app:generateDebugAndroidTestGlobalSynthetics UP-TO-DATE
> Task :app:processDebugAndroidTestJavaRes UP-TO-DATE
> Task :app:mergeDebugAndroidTestJavaResource UP-TO-DATE
> Task :app:checkDebugAndroidTestDuplicateClasses UP-TO-DATE
> Task :app:desugarDebugAndroidTestFileDependencies UP-TO-DATE
> Task :app:mergeExtDexDebugAndroidTest UP-TO-DATE
> Task :app:mergeLibDexDebugAndroidTest UP-TO-DATE
> Task :app:checkDebugAndroidTestAarMetadata UP-TO-DATE
> Task :app:mapDebugAndroidTestSourceSetPaths UP-TO-DATE
> Task :app:compileDebugAndroidTestNavigationResources UP-TO-DATE
> Task :app:mergeDebugAndroidTestResources UP-TO-DATE
> Task :app:processDebugAndroidTestResources UP-TO-DATE
> Task :app:dexBuilderDebugAndroidTest UP-TO-DATE
> Task :app:mergeProjectDexDebugAndroidTest UP-TO-DATE
> Task :app:mergeDebugAndroidTestJniLibFolders UP-TO-DATE
> Task :app:mergeDebugAndroidTestNativeLibs NO-SOURCE
> Task :app:stripDebugAndroidTestDebugSymbols NO-SOURCE
> Task :app:validateSigningDebugAndroidTest UP-TO-DATE
> Task :app:writeDebugAndroidTestSigningConfigVersions UP-TO-DATE
> Task :app:packageDebugAndroidTest UP-TO-DATE
> Task :app:createDebugAndroidTestApkListingFileRedirect UP-TO-DATE
Starting 41 tests on whip_api34(AVD) - 14

com.whip.app.FocusTimeSelectionUiTest > customRejectsInvalidInputAndStartsExact37MinutesWithoutClosingDraft[whip_api34(AVD) - 14] [31mFAILED [0m
	java.lang.AssertionError: Failed to inject touch input.
	Reason: Expected exactly '1' node but could not find any node that satisfies: (TestTag = 'task-detail-section-options')

com.whip.app.FocusTimeSelectionUiTest > enlargedPresetsAndCustomControlRemainReachableWith48DpTargets[whip_api34(AVD) - 14] [31mFAILED [0m
	java.lang.AssertionError: Failed to inject touch input.
	Reason: Expected exactly '1' node but could not find any node that satisfies: (TestTag = 'task-detail-section-options')
whip_api34(AVD) - 14 Tests 4/41 completed. (0 skipped) (2 failed)

com.whip.app.FocusTimeSelectionUiTest > presetReplacementRequiresConsentBeforeStarting[whip_api34(AVD) - 14] [31mFAILED [0m
	java.lang.AssertionError: Failed to inject touch input.
	Reason: Expected exactly '1' node but could not find any node that satisfies: (TestTag = 'task-detail-section-options')

com.whip.app.FocusTimeSelectionUiTest > replacementNamesCurrentTimerAndKeepRestoresCustomDraft[whip_api34(AVD) - 14] [31mFAILED [0m
	java.lang.AssertionError: Failed to inject touch input.
	Reason: Expected exactly '1' node but could not find any node that satisfies: (TestTag = 'task-detail-section-options')

com.whip.app.FocusTimeSelectionUiTest > pendingStartBlocksControlsAndFailurePreservesDraftForRetry[whip_api34(AVD) - 14] [31mFAILED [0m
	java.lang.AssertionError: Failed to inject touch input.
	Reason: Expected exactly '1' node but could not find any node that satisfies: (TestTag = 'task-detail-section-options')

com.whip.app.FocusTimeSelectionUiTest > presetsStartExactly15_30_45_60Minutes[whip_api34(AVD) - 14] [31mFAILED [0m
	java.lang.AssertionError: Failed to inject touch input.
	Reason: Expected exactly '1' node but could not find any node that satisfies: (TestTag = 'task-detail-section-options')
whip_api34(AVD) - 14 Tests 9/41 completed. (0 skipped) (6 failed)

com.whip.app.FocusTimeSelectionUiTest > cancelStartsNothingAndCustomDraftSurvivesRecreation[whip_api34(AVD) - 14] [31mFAILED [0m
	java.lang.AssertionError: Failed to inject touch input.
	Reason: Expected exactly '1' node but could not find any node that satisfies: (TestTag = 'task-detail-section-options')
> Task :app:connectedDebugAndroidTest

whip_api34(AVD) - 14 Tests 13/41 completed. (0 skipped) (7 failed)

com.whip.app.FocusHomeJourneyE2ETest > deniedAlertsAndLongTitleKeepHomeControlsAndListUsableAtShortHeight[whip_api34(AVD) - 14] [31mFAILED [0m
	androidx.compose.ui.test.ComposeTimeoutException: Condition still not satisfied after 5000 ms
	at androidx.compose.ui.test.AndroidComposeUiTestEnvironment$AndroidComposeUiTestImpl.waitUntil(ComposeUiTest.android.kt:901)
whip_api34(AVD) - 14 Tests 15/41 completed. (0 skipped) (8 failed)

com.whip.app.FocusHomeJourneyE2ETest > matchingNativeCompletionAcknowledgesForegroundOnceAndLeavesTaskOpen[whip_api34(AVD) - 14] [31mFAILED [0m
	java.lang.IllegalStateException: Visual catalog hierarchy for focus.home.native-complete contains an unlabeled interactive node:                       <node NAF="true" index="9" text="" resource-id="" class="android.view.View" package="commvne.com.whip.app.debug" content-desc="" checkable="false" checked="false" clickable="true" enabled="true" focusable="true" focused="false" scrollable="false" long-clickable="false" password="false" selected="false" visible-to-user="true" bounds="[53,1877][1027,1894]" drawing-order="9" hint="" display-id="0">
	at com.whip.app.VisualCatalogCaptureKt.captureVisualCatalogSurface(VisualCatalogCapture.kt:95)

com.whip.app.FocusHomeJourneyE2ETest > lowHomeTaskStartPinsCountdownAndOpenStopSurviveRecreationAndAreaChange[whip_api34(AVD) - 14] [31mFAILED [0m
	java.lang.AssertionError: Failed to inject touch input.
	Reason: Expected exactly '1' node but could not find any node that satisfies: (TestTag = 'task-detail-section-options')
whip_api34(AVD) - 14 Tests 20/41 completed. (0 skipped) (10 failed)
whip_api34(AVD) - 14 Tests 22/41 completed. (0 skipped) (10 failed)

com.whip.app.TimerAlarmIntegrationTest > focusCompletionEventRequiresMatchingDurableClearEvenWhenAndroidBlocksNotifications[whip_api34(AVD) - 14] [31mFAILED [0m
	kotlinx.coroutines.TimeoutCancellationException: Timed out waiting for 5000 ms
	at kotlinx.coroutines.TimeoutKt.TimeoutCancellationException(Timeout.kt:188)
whip_api34(AVD) - 14 Tests 26/41 completed. (0 skipped) (11 failed)

com.whip.app.TimerAlarmIntegrationTest > deniedNotificationsKeepTheConfirmedTimerAndCanRefreshAfterAndroidAllowsThem[whip_api34(AVD) - 14] [31mFAILED [0m
	kotlinx.coroutines.TimeoutCancellationException: Timed out waiting for 5000 ms
	at kotlinx.coroutines.TimeoutKt.TimeoutCancellationException(Timeout.kt:188)
whip_api34(AVD) - 14 Tests 39/41 completed. (0 skipped) (12 failed)
Tests on whip_api34(AVD) - 14 failed: There was 12 failure(s).
Finished 41 tests on whip_api34(AVD) - 14
Execute com.whip.app.FocusTimeSelectionUiTest.customRejectsInvalidInputAndStartsExact37MinutesWithoutClosingDraft: FAILED
java.lang.AssertionError: java.lang.AssertionError: Failed to inject touch input.
Reason: Expected exactly '1' node but could not find any node that satisfies: (TestTag = 'task-detail-section-options')

at androidx.compose.ui.test.SemanticsNodeInteraction.fetchOneOrThrow(SemanticsNodeInteraction.kt:178)
at androidx.compose.ui.test.SemanticsNodeInteraction.fetchOneOrThrow$default(SemanticsNodeInteraction.kt:150)
at androidx.compose.ui.test.SemanticsNodeInteraction.fetchSemanticsNode(SemanticsNodeInteraction.kt:84)
at androidx.compose.ui.test.ActionsKt.performTouchInput(Actions.kt:403)
at androidx.compose.ui.test.AndroidActions.performClickImpl(Actions.android.kt:23)
at androidx.compose.ui.test.ActionsKt.performClick(Actions.kt:61)
at com.whip.app.FocusTimeSelectionUiTest.more(FocusTimeSelectionUiTest.kt:78)
at com.whip.app.FocusTimeSelectionUiTest.custom(FocusTimeSelectionUiTest.kt:80)
at com.whip.app.FocusTimeSelectionUiTest.customRejectsInvalidInputAndStartsExact37MinutesWithoutClosingDraft(FocusTimeSelectionUiTest.kt:96)

java.lang.AssertionError: Failed to inject touch input.
Reason: Expected exactly '1' node but could not find any node that satisfies: (TestTag = 'task-detail-section-options')

at androidx.compose.ui.test.SemanticsNodeInteraction.fetchOneOrThrow(SemanticsNodeInteraction.kt:178)
at androidx.compose.ui.test.SemanticsNodeInteraction.fetchOneOrThrow$default(SemanticsNodeInteraction.kt:150)
at androidx.compose.ui.test.SemanticsNodeInteraction.fetchSemanticsNode(SemanticsNodeInteraction.kt:84)
at androidx.compose.ui.test.ActionsKt.performTouchInput(Actions.kt:403)
at androidx.compose.ui.test.AndroidActions.performClickImpl(Actions.android.kt:23)
at androidx.compose.ui.test.ActionsKt.performClick(Actions.kt:61)
at com.whip.app.FocusTimeSelectionUiTest.more(FocusTimeSelectionUiTest.kt:78)
at com.whip.app.FocusTimeSelectionUiTest.custom(FocusTimeSelectionUiTest.kt:80)
at com.whip.app.FocusTimeSelectionUiTest.customRejectsInvalidInputAndStartsExact37MinutesWithoutClosingDraft(FocusTimeSelectionUiTest.kt:96)
Execute com.whip.app.FocusTimeSelectionUiTest.enlargedPresetsAndCustomControlRemainReachableWith48DpTargets: FAILED
java.lang.AssertionError: java.lang.AssertionError: Failed to inject touch input.
Reason: Expected exactly '1' node but could not find any node that satisfies: (TestTag = 'task-detail-section-options')

at androidx.compose.ui.test.SemanticsNodeInteraction.fetchOneOrThrow(SemanticsNodeInteraction.kt:178)
at androidx.compose.ui.test.SemanticsNodeInteraction.fetchOneOrThrow$default(SemanticsNodeInteraction.kt:150)
at androidx.compose.ui.test.SemanticsNodeInteraction.fetchSemanticsNode(SemanticsNodeInteraction.kt:84)
at androidx.compose.ui.test.ActionsKt.performTouchInput(Actions.kt:403)
at androidx.compose.ui.test.AndroidActions.performClickImpl(Actions.android.kt:23)
at androidx.compose.ui.test.ActionsKt.performClick(Actions.kt:61)
at com.whip.app.FocusTimeSelectionUiTest.more(FocusTimeSelectionUiTest.kt:78)
at com.whip.app.FocusTimeSelectionUiTest.enlargedPresetsAndCustomControlRemainReachableWith48DpTargets(FocusTimeSelectionUiTest.kt:163)

java.lang.AssertionError: Failed to inject touch input.
Reason: Expected exactly '1' node but could not find any node that satisfies: (TestTag = 'task-detail-section-options')

at androidx.compose.ui.test.SemanticsNodeInteraction.fetchOneOrThrow(SemanticsNodeInteraction.kt:178)
at androidx.compose.ui.test.SemanticsNodeInteraction.fetchOneOrThrow$default(SemanticsNodeInteraction.kt:150)
at androidx.compose.ui.test.SemanticsNodeInteraction.fetchSemanticsNode(SemanticsNodeInteraction.kt:84)
at androidx.compose.ui.test.ActionsKt.performTouchInput(Actions.kt:403)
at androidx.compose.ui.test.AndroidActions.performClickImpl(Actions.android.kt:23)
at androidx.compose.ui.test.ActionsKt.performClick(Actions.kt:61)
at com.whip.app.FocusTimeSelectionUiTest.more(FocusTimeSelectionUiTest.kt:78)
at com.whip.app.FocusTimeSelectionUiTest.enlargedPresetsAndCustomControlRemainReachableWith48DpTargets(FocusTimeSelectionUiTest.kt:163)
Execute com.whip.app.FocusTimeSelectionUiTest.presetReplacementRequiresConsentBeforeStarting: FAILED
java.lang.AssertionError: java.lang.AssertionError: Failed to inject touch input.
Reason: Expected exactly '1' node but could not find any node that satisfies: (TestTag = 'task-detail-section-options')

at androidx.compose.ui.test.SemanticsNodeInteraction.fetchOneOrThrow(SemanticsNodeInteraction.kt:178)
at androidx.compose.ui.test.SemanticsNodeInteraction.fetchOneOrThrow$default(SemanticsNodeInteraction.kt:150)
at androidx.compose.ui.test.SemanticsNodeInteraction.fetchSemanticsNode(SemanticsNodeInteraction.kt:84)
at androidx.compose.ui.test.ActionsKt.performTouchInput(Actions.kt:403)
at androidx.compose.ui.test.AndroidActions.performClickImpl(Actions.android.kt:23)
at androidx.compose.ui.test.ActionsKt.performClick(Actions.kt:61)
at com.whip.app.FocusTimeSelectionUiTest.more(FocusTimeSelectionUiTest.kt:78)
at com.whip.app.FocusTimeSelectionUiTest.presetReplacementRequiresConsentBeforeStarting(FocusTimeSelectionUiTest.kt:176)

java.lang.AssertionError: Failed to inject touch input.
Reason: Expected exactly '1' node but could not find any node that satisfies: (TestTag = 'task-detail-section-options')

at androidx.compose.ui.test.SemanticsNodeInteraction.fetchOneOrThrow(SemanticsNodeInteraction.kt:178)
at androidx.compose.ui.test.SemanticsNodeInteraction.fetchOneOrThrow$default(SemanticsNodeInteraction.kt:150)
at androidx.compose.ui.test.SemanticsNodeInteraction.fetchSemanticsNode(SemanticsNodeInteraction.kt:84)
at androidx.compose.ui.test.ActionsKt.performTouchInput(Actions.kt:403)
at androidx.compose.ui.test.AndroidActions.performClickImpl(Actions.android.kt:23)
at androidx.compose.ui.test.ActionsKt.performClick(Actions.kt:61)
at com.whip.app.FocusTimeSelectionUiTest.more(FocusTimeSelectionUiTest.kt:78)
at com.whip.app.FocusTimeSelectionUiTest.presetReplacementRequiresConsentBeforeStarting(FocusTimeSelectionUiTest.kt:176)
Execute com.whip.app.FocusTimeSelectionUiTest.replacementNamesCurrentTimerAndKeepRestoresCustomDraft: FAILED
java.lang.AssertionError: java.lang.AssertionError: Failed to inject touch input.
Reason: Expected exactly '1' node but could not find any node that satisfies: (TestTag = 'task-detail-section-options')

at androidx.compose.ui.test.SemanticsNodeInteraction.fetchOneOrThrow(SemanticsNodeInteraction.kt:178)
at androidx.compose.ui.test.SemanticsNodeInteraction.fetchOneOrThrow$default(SemanticsNodeInteraction.kt:150)
at androidx.compose.ui.test.SemanticsNodeInteraction.fetchSemanticsNode(SemanticsNodeInteraction.kt:84)
at androidx.compose.ui.test.ActionsKt.performTouchInput(Actions.kt:403)
at androidx.compose.ui.test.AndroidActions.performClickImpl(Actions.android.kt:23)
at androidx.compose.ui.test.ActionsKt.performClick(Actions.kt:61)
at com.whip.app.FocusTimeSelectionUiTest.more(FocusTimeSelectionUiTest.kt:78)
at com.whip.app.FocusTimeSelectionUiTest.custom(FocusTimeSelectionUiTest.kt:80)
at com.whip.app.FocusTimeSelectionUiTest.replacementNamesCurrentTimerAndKeepRestoresCustomDraft(FocusTimeSelectionUiTest.kt:129)

java.lang.AssertionError: Failed to inject touch input.
Reason: Expected exactly '1' node but could not find any node that satisfies: (TestTag = 'task-detail-section-options')

at androidx.compose.ui.test.SemanticsNodeInteraction.fetchOneOrThrow(SemanticsNodeInteraction.kt:178)
at androidx.compose.ui.test.SemanticsNodeInteraction.fetchOneOrThrow$default(SemanticsNodeInteraction.kt:150)
at androidx.compose.ui.test.SemanticsNodeInteraction.fetchSemanticsNode(SemanticsNodeInteraction.kt:84)
at androidx.compose.ui.test.ActionsKt.performTouchInput(Actions.kt:403)
at androidx.compose.ui.test.AndroidActions.performClickImpl(Actions.android.kt:23)
at androidx.compose.ui.test.ActionsKt.performClick(Actions.kt:61)
at com.whip.app.FocusTimeSelectionUiTest.more(FocusTimeSelectionUiTest.kt:78)
at com.whip.app.FocusTimeSelectionUiTest.custom(FocusTimeSelectionUiTest.kt:80)
at com.whip.app.FocusTimeSelectionUiTest.replacementNamesCurrentTimerAndKeepRestoresCustomDraft(FocusTimeSelectionUiTest.kt:129)
Execute com.whip.app.FocusTimeSelectionUiTest.pendingStartBlocksControlsAndFailurePreservesDraftForRetry: FAILED
java.lang.AssertionError: java.lang.AssertionError: Failed to inject touch input.
Reason: Expected exactly '1' node but could not find any node that satisfies: (TestTag = 'task-detail-section-options')

at androidx.compose.ui.test.SemanticsNodeInteraction.fetchOneOrThrow(SemanticsNodeInteraction.kt:178)
at androidx.compose.ui.test.SemanticsNodeInteraction.fetchOneOrThrow$default(SemanticsNodeInteraction.kt:150)
at androidx.compose.ui.test.SemanticsNodeInteraction.fetchSemanticsNode(SemanticsNodeInteraction.kt:84)
at androidx.compose.ui.test.ActionsKt.performTouchInput(Actions.kt:403)
at androidx.compose.ui.test.AndroidActions.performClickImpl(Actions.android.kt:23)
at androidx.compose.ui.test.ActionsKt.performClick(Actions.kt:61)
at com.whip.app.FocusTimeSelectionUiTest.more(FocusTimeSelectionUiTest.kt:78)
at com.whip.app.FocusTimeSelectionUiTest.custom(FocusTimeSelectionUiTest.kt:80)
at com.whip.app.FocusTimeSelectionUiTest.pendingStartBlocksControlsAndFailurePreservesDraftForRetry(FocusTimeSelectionUiTest.kt:144)

java.lang.AssertionError: Failed to inject touch input.
Reason: Expected exactly '1' node but could not find any node that satisfies: (TestTag = 'task-detail-section-options')

at androidx.compose.ui.test.SemanticsNodeInteraction.fetchOneOrThrow(SemanticsNodeInteraction.kt:178)
at androidx.compose.ui.test.SemanticsNodeInteraction.fetchOneOrThrow$default(SemanticsNodeInteraction.kt:150)
at androidx.compose.ui.test.SemanticsNodeInteraction.fetchSemanticsNode(SemanticsNodeInteraction.kt:84)
at androidx.compose.ui.test.ActionsKt.performTouchInput(Actions.kt:403)
at androidx.compose.ui.test.AndroidActions.performClickImpl(Actions.android.kt:23)
at androidx.compose.ui.test.ActionsKt.performClick(Actions.kt:61)
at com.whip.app.FocusTimeSelectionUiTest.more(FocusTimeSelectionUiTest.kt:78)
at com.whip.app.FocusTimeSelectionUiTest.custom(FocusTimeSelectionUiTest.kt:80)
at com.whip.app.FocusTimeSelectionUiTest.pendingStartBlocksControlsAndFailurePreservesDraftForRetry(FocusTimeSelectionUiTest.kt:144)
Execute com.whip.app.FocusTimeSelectionUiTest.presetsStartExactly15_30_45_60Minutes: FAILED
java.lang.AssertionError: java.lang.AssertionError: Failed to inject touch input.
Reason: Expected exactly '1' node but could not find any node that satisfies: (TestTag = 'task-detail-section-options')

at androidx.compose.ui.test.SemanticsNodeInteraction.fetchOneOrThrow(SemanticsNodeInteraction.kt:178)
at androidx.compose.ui.test.SemanticsNodeInteraction.fetchOneOrThrow$default(SemanticsNodeInteraction.kt:150)
at androidx.compose.ui.test.SemanticsNodeInteraction.fetchSemanticsNode(SemanticsNodeInteraction.kt:84)
at androidx.compose.ui.test.ActionsKt.performTouchInput(Actions.kt:403)
at androidx.compose.ui.test.AndroidActions.performClickImpl(Actions.android.kt:23)
at androidx.compose.ui.test.ActionsKt.performClick(Actions.kt:61)
at com.whip.app.FocusTimeSelectionUiTest.more(FocusTimeSelectionUiTest.kt:78)
at com.whip.app.FocusTimeSelectionUiTest.presetsStartExactly15_30_45_60Minutes(FocusTimeSelectionUiTest.kt:86)

java.lang.AssertionError: Failed to inject touch input.
Reason: Expected exactly '1' node but could not find any node that satisfies: (TestTag = 'task-detail-section-options')

at androidx.compose.ui.test.SemanticsNodeInteraction.fetchOneOrThrow(SemanticsNodeInteraction.kt:178)
at androidx.compose.ui.test.SemanticsNodeInteraction.fetchOneOrThrow$default(SemanticsNodeInteraction.kt:150)
at androidx.compose.ui.test.SemanticsNodeInteraction.fetchSemanticsNode(SemanticsNodeInteraction.kt:84)
at androidx.compose.ui.test.ActionsKt.performTouchInput(Actions.kt:403)
at androidx.compose.ui.test.AndroidActions.performClickImpl(Actions.android.kt:23)
at androidx.compose.ui.test.ActionsKt.performClick(Actions.kt:61)
at com.whip.app.FocusTimeSelectionUiTest.more(FocusTimeSelectionUiTest.kt:78)
at com.whip.app.FocusTimeSelectionUiTest.presetsStartExactly15_30_45_60Minutes(FocusTimeSelectionUiTest.kt:86)
Execute com.whip.app.FocusTimeSelectionUiTest.cancelStartsNothingAndCustomDraftSurvivesRecreation: FAILED
java.lang.AssertionError: java.lang.AssertionError: Failed to inject touch input.
Reason: Expected exactly '1' node but could not find any node that satisfies: (TestTag = 'task-detail-section-options')

at androidx.compose.ui.test.SemanticsNodeInteraction.fetchOneOrThrow(SemanticsNodeInteraction.kt:178)
at androidx.compose.ui.test.SemanticsNodeInteraction.fetchOneOrThrow$default(SemanticsNodeInteraction.kt:150)
at androidx.compose.ui.test.SemanticsNodeInteraction.fetchSemanticsNode(SemanticsNodeInteraction.kt:84)
at androidx.compose.ui.test.ActionsKt.performTouchInput(Actions.kt:403)
at androidx.compose.ui.test.AndroidActions.performClickImpl(Actions.android.kt:23)
at androidx.compose.ui.test.ActionsKt.performClick(Actions.kt:61)
at com.whip.app.FocusTimeSelectionUiTest.more(FocusTimeSelectionUiTest.kt:78)
at com.whip.app.FocusTimeSelectionUiTest.custom(FocusTimeSelectionUiTest.kt:80)
at com.whip.app.FocusTimeSelectionUiTest.cancelStartsNothingAndCustomDraftSurvivesRecreation(FocusTimeSelectionUiTest.kt:117)

java.lang.AssertionError: Failed to inject touch input.
Reason: Expected exactly '1' node but could not find any node that satisfies: (TestTag = 'task-detail-section-options')

at androidx.compose.ui.test.SemanticsNodeInteraction.fetchOneOrThrow(SemanticsNodeInteraction.kt:178)
at androidx.compose.ui.test.SemanticsNodeInteraction.fetchOneOrThrow$default(SemanticsNodeInteraction.kt:150)
at androidx.compose.ui.test.SemanticsNodeInteraction.fetchSemanticsNode(SemanticsNodeInteraction.kt:84)
at androidx.compose.ui.test.ActionsKt.performTouchInput(Actions.kt:403)
at androidx.compose.ui.test.AndroidActions.performClickImpl(Actions.android.kt:23)
at androidx.compose.ui.test.ActionsKt.performClick(Actions.kt:61)
at com.whip.app.FocusTimeSelectionUiTest.more(FocusTimeSelectionUiTest.kt:78)
at com.whip.app.FocusTimeSelectionUiTest.custom(FocusTimeSelectionUiTest.kt:80)
at com.whip.app.FocusTimeSelectionUiTest.cancelStartsNothingAndCustomDraftSurvivesRecreation(FocusTimeSelectionUiTest.kt:117)
Execute com.whip.app.FocusHomeJourneyE2ETest.deniedAlertsAndLongTitleKeepHomeControlsAndListUsableAtShortHeight: FAILED
androidx.compose.ui.test.ComposeTimeoutException: androidx.compose.ui.test.ComposeTimeoutException: Condition still not satisfied after 5000 ms
at androidx.compose.ui.test.AndroidComposeUiTestEnvironment$AndroidComposeUiTestImpl.waitUntil(ComposeUiTest.android.kt:901)
at androidx.compose.ui.test.junit4.AndroidComposeTestRule.waitUntil(AndroidComposeTestRule.android.kt:500)
at com.whip.app.FocusHomeJourneyE2ETest.deniedAlertsAndLongTitleKeepHomeControlsAndListUsableAtShortHeight(FocusHomeJourneyE2ETest.kt:116)

androidx.compose.ui.test.ComposeTimeoutException: Condition still not satisfied after 5000 ms
at androidx.compose.ui.test.AndroidComposeUiTestEnvironment$AndroidComposeUiTestImpl.waitUntil(ComposeUiTest.android.kt:901)
at androidx.compose.ui.test.junit4.AndroidComposeTestRule.waitUntil(AndroidComposeTestRule.android.kt:500)
at com.whip.app.FocusHomeJourneyE2ETest.deniedAlertsAndLongTitleKeepHomeControlsAndListUsableAtShortHeight(FocusHomeJourneyE2ETest.kt:116)
Execute com.whip.app.FocusHomeJourneyE2ETest.matchingNativeCompletionAcknowledgesForegroundOnceAndLeavesTaskOpen: FAILED
java.lang.IllegalStateException: java.lang.IllegalStateException: Visual catalog hierarchy for focus.home.native-complete contains an unlabeled interactive node:                       <node NAF="true" index="9" text="" resource-id="" class="android.view.View" package="commvne.com.whip.app.debug" content-desc="" checkable="false" checked="false" clickable="true" enabled="true" focusable="true" focused="false" scrollable="false" long-clickable="false" password="false" selected="false" visible-to-user="true" bounds="[53,1877][1027,1894]" drawing-order="9" hint="" display-id="0">
at com.whip.app.VisualCatalogCaptureKt.captureVisualCatalogSurface(VisualCatalogCapture.kt:95)
at com.whip.app.VisualCatalogCaptureKt.captureVisualCatalogSurface$default(VisualCatalogCapture.kt:26)
at com.whip.app.FocusHomeJourneyE2ETest.matchingNativeCompletionAcknowledgesForegroundOnceAndLeavesTaskOpen(FocusHomeJourneyE2ETest.kt:214)

java.lang.IllegalStateException: Visual catalog hierarchy for focus.home.native-complete contains an unlabeled interactive node:                       <node NAF="true" index="9" text="" resource-id="" class="android.view.View" package="commvne.com.whip.app.debug" content-desc="" checkable="false" checked="false" clickable="true" enabled="true" focusable="true" focused="false" scrollable="false" long-clickable="false" password="false" selected="false" visible-to-user="true" bounds="[53,1877][1027,1894]" drawing-order="9" hint="" display-id="0">
at com.whip.app.VisualCatalogCaptureKt.captureVisualCatalogSurface(VisualCatalogCapture.kt:95)
at com.whip.app.VisualCatalogCaptureKt.captureVisualCatalogSurface$default(VisualCatalogCapture.kt:26)
at com.whip.app.FocusHomeJourneyE2ETest.matchingNativeCompletionAcknowledgesForegroundOnceAndLeavesTaskOpen(FocusHomeJourneyE2ETest.kt:214)
Execute com.whip.app.FocusHomeJourneyE2ETest.lowHomeTaskStartPinsCountdownAndOpenStopSurviveRecreationAndAreaChange: FAILED
java.lang.AssertionError: java.lang.AssertionError: Failed to inject touch input.
Reason: Expected exactly '1' node but could not find any node that satisfies: (TestTag = 'task-detail-section-options')

at androidx.compose.ui.test.SemanticsNodeInteraction.fetchOneOrThrow(SemanticsNodeInteraction.kt:178)
at androidx.compose.ui.test.SemanticsNodeInteraction.fetchOneOrThrow$default(SemanticsNodeInteraction.kt:150)
at androidx.compose.ui.test.SemanticsNodeInteraction.fetchSemanticsNode(SemanticsNodeInteraction.kt:84)
at androidx.compose.ui.test.ActionsKt.performTouchInput(Actions.kt:403)
at androidx.compose.ui.test.AndroidActions.performClickImpl(Actions.android.kt:23)
at androidx.compose.ui.test.ActionsKt.performClick(Actions.kt:61)
at com.whip.app.FocusHomeJourneyE2ETest.lowHomeTaskStartPinsCountdownAndOpenStopSurviveRecreationAndAreaChange(FocusHomeJourneyE2ETest.kt:75)

java.lang.AssertionError: Failed to inject touch input.
Reason: Expected exactly '1' node but could not find any node that satisfies: (TestTag = 'task-detail-section-options')

at androidx.compose.ui.test.SemanticsNodeInteraction.fetchOneOrThrow(SemanticsNodeInteraction.kt:178)
at androidx.compose.ui.test.SemanticsNodeInteraction.fetchOneOrThrow$default(SemanticsNodeInteraction.kt:150)
at androidx.compose.ui.test.SemanticsNodeInteraction.fetchSemanticsNode(SemanticsNodeInteraction.kt:84)
at androidx.compose.ui.test.ActionsKt.performTouchInput(Actions.kt:403)
at androidx.compose.ui.test.AndroidActions.performClickImpl(Actions.android.kt:23)
at androidx.compose.ui.test.ActionsKt.performClick(Actions.kt:61)
at com.whip.app.FocusHomeJourneyE2ETest.lowHomeTaskStartPinsCountdownAndOpenStopSurviveRecreationAndAreaChange(FocusHomeJourneyE2ETest.kt:75)
Execute com.whip.app.TimerAlarmIntegrationTest.focusCompletionEventRequiresMatchingDurableClearEvenWhenAndroidBlocksNotifications: FAILED
kotlinx.coroutines.TimeoutCancellationException: kotlinx.coroutines.TimeoutCancellationException: Timed out waiting for 5000 ms
at kotlinx.coroutines.TimeoutKt.TimeoutCancellationException(Timeout.kt:188)
at kotlinx.coroutines.TimeoutCoroutine.run(Timeout.kt:156)
at kotlinx.coroutines.EventLoopImplBase$DelayedRunnableTask.run(EventLoop.common.kt:505)
at kotlinx.coroutines.EventLoopImplBase.processNextEvent(EventLoop.common.kt:263)
at kotlinx.coroutines.DefaultExecutor.run(DefaultExecutor.kt:105)
at java.lang.Thread.run(Thread.java:1012)

kotlinx.coroutines.TimeoutCancellationException: Timed out waiting for 5000 ms
at kotlinx.coroutines.TimeoutKt.TimeoutCancellationException(Timeout.kt:188)
at kotlinx.coroutines.TimeoutCoroutine.run(Timeout.kt:156)
at kotlinx.coroutines.EventLoopImplBase$DelayedRunnableTask.run(EventLoop.common.kt:505)
at kotlinx.coroutines.EventLoopImplBase.processNextEvent(EventLoop.common.kt:263)
at kotlinx.coroutines.DefaultExecutor.run(DefaultExecutor.kt:105)
at java.lang.Thread.run(Thread.java:1012)
Execute com.whip.app.TimerAlarmIntegrationTest.deniedNotificationsKeepTheConfirmedTimerAndCanRefreshAfterAndroidAllowsThem: FAILED
kotlinx.coroutines.TimeoutCancellationException: kotlinx.coroutines.TimeoutCancellationException: Timed out waiting for 5000 ms
at kotlinx.coroutines.TimeoutKt.TimeoutCancellationException(Timeout.kt:188)
at kotlinx.coroutines.TimeoutCoroutine.run(Timeout.kt:156)
at kotlinx.coroutines.EventLoopImplBase$DelayedRunnableTask.run(EventLoop.common.kt:505)
at kotlinx.coroutines.EventLoopImplBase.processNextEvent(EventLoop.common.kt:263)
at kotlinx.coroutines.DefaultExecutor.run(DefaultExecutor.kt:105)
at java.lang.Thread.run(Thread.java:1012)

kotlinx.coroutines.TimeoutCancellationException: Timed out waiting for 5000 ms
at kotlinx.coroutines.TimeoutKt.TimeoutCancellationException(Timeout.kt:188)
at kotlinx.coroutines.TimeoutCoroutine.run(Timeout.kt:156)
at kotlinx.coroutines.EventLoopImplBase$DelayedRunnableTask.run(EventLoop.common.kt:505)
at kotlinx.coroutines.EventLoopImplBase.processNextEvent(EventLoop.common.kt:263)
at kotlinx.coroutines.DefaultExecutor.run(DefaultExecutor.kt:105)
at java.lang.Thread.run(Thread.java:1012)

> Task :app:connectedDebugAndroidTest FAILED

FAILURE: Build failed with an exception.

* What went wrong:
Execution failed for task ':app:connectedDebugAndroidTest' (registered by plugin 'com.android.internal.application').
> There were failing tests. See the report at: file:///root/repos/whip/app/build/whip-android-workers/instrumentation-results-5cuec5-worker-1/reports/index.html

* Try:
> Run with --stacktrace option to get the stack trace.
> Run with --info or --debug option to get more log output.
> Run with --scan to get full insights from a Build Scan (powered by Develocity).
> Get more help at https://help.gradle.org.

BUILD FAILED in 1m 44s
78 actionable tasks: 1 executed, 77 up-to-date
error: Android batch 1 requires a successful Gradle task, nonzero tests, and zero failures/skips; got status/tests/failures/skips 1/41/12/0; results retained in /root/repos/whip/build/instrumentation-results-5cUEc5
