Route A app/src/androidTest/java/com/whip/app/FocusHomeJourneyE2ETest.kt -> android:com.whip.app.FocusHomeJourneyE2ETest (exact Android test class)
Route A app/src/androidTest/java/com/whip/app/FocusTimeSelectionUiTest.kt -> android:com.whip.app.FocusTimeSelectionUiTest (exact Android test class)
Route A app/src/androidTest/java/com/whip/app/FocusTimerCardUiTest.kt -> android:com.whip.app.FocusTimerCardUiTest (exact Android test class)
Route A app/src/androidTest/java/com/whip/app/FocusTimerMutationIntegrationTest.kt -> android:com.whip.app.FocusTimerMutationIntegrationTest (exact Android test class)
Route A app/src/main/java/com/whip/app/ui/FocusTimerUi.kt -> profile:tasks (feature-owned production path)
Route A app/src/test/java/com/whip/app/ui/FocusTimerUiPolicyTest.kt -> jvm:com.whip.app.ui.FocusTimerUiPolicyTest (exact JVM test class)
Route A artifacts/focus-timer/2026-09-28/focused-jvm-repaired.log -> candidate:required (unclassified repository path)
Route A artifacts/focus-timer/2026-09-28/focused-jvm.log -> candidate:required (unclassified repository path)
Route A artifacts/focus-timer/2026-09-28/jvm/TEST-com.whip.app.reminders.FocusTimerNotificationsTest.xml -> candidate:required (unclassified repository path)
Route A artifacts/focus-timer/2026-09-28/jvm/TEST-com.whip.app.ui.FocusTimerUiPolicyTest.xml -> candidate:required (unclassified repository path)
Route A artifacts/focus-timer/2026-09-28/readiness.log -> candidate:required (unclassified repository path)
Route A docs/quality/FOCUS_TIMER_UX_2026-09-28.md -> profile:docs (quality documentation path)
Route M app/src/androidTest/java/com/whip/app/TimerAlarmIntegrationTest.kt -> android:com.whip.app.TimerAlarmIntegrationTest (exact Android test class)
Route M app/src/main/AndroidManifest.xml -> profile:shell (application resource or manifest path)
Route M app/src/main/java/com/whip/app/MainActivity.kt -> profile:all (shared UI/core production path)
Route M app/src/main/java/com/whip/app/WhipApplication.kt -> profile:all (shared UI/core production path)
Route M app/src/main/java/com/whip/app/reminders/FocusTimerNotifications.kt -> profile:tasks (feature-owned production path)
Route M app/src/main/java/com/whip/app/ui/GymScreens.kt -> profile:gym (feature-owned production path)
Route M app/src/main/java/com/whip/app/ui/SettingsViewModel.kt -> profile:settings (feature-owned production path)
Route M app/src/main/java/com/whip/app/ui/TaskComponents.kt -> profile:tasks (feature-owned production path)
Route M app/src/main/java/com/whip/app/ui/TaskEditorDialog.kt -> profile:tasks (feature-owned production path)
Route M app/src/main/java/com/whip/app/ui/WhipApp.kt -> profile:all (shared UI/core production path)
Route M app/src/test/java/com/whip/app/reminders/FocusTimerNotificationsTest.kt -> jvm:com.whip.app.reminders.FocusTimerNotificationsTest (exact JVM test class)
Route M docs/product-memory/DECISIONS.md -> profile:docs (documentation-only path)
Route M docs/product-memory/FINDINGS.md -> profile:docs (documentation-only path)
Route M docs/product-memory/INDEX.md -> profile:docs (documentation-only path)
Route M docs/product-memory/USER_FEEDBACK.md -> profile:docs (documentation-only path)
Route M docs/testing.md -> profile:docs (documentation-only path)
Profile: all
Profile: docs
Profile: gym
Profile: settings
Profile: shell
Profile: tasks
JVM selector: com.whip.app.reminders.FocusTimerNotificationsTest
JVM selector: com.whip.app.ui.FocusTimerUiPolicyTest
Android selector: com.whip.app.FocusHomeJourneyE2ETest
Android selector: com.whip.app.FocusTimeSelectionUiTest
Android selector: com.whip.app.FocusTimerCardUiTest
Android selector: com.whip.app.FocusTimerMutationIntegrationTest
Android selector: com.whip.app.TimerAlarmIntegrationTest
All JVM tests: false
All Android tests: false
Static checks: true
Frozen candidate required: true
Calculating task graph as no cached configuration is available for tasks: :app:testDebugUnitTest --tests com.whip.app.core.AppSettingsTest --tests com.whip.app.core.HabitTimerClockTest --tests com.whip.app.core.SettingsCauseEffectContractTest --tests com.whip.app.data.PortableBackupPolicyTest --tests com.whip.app.data.RoutineProgrammingTest --tests com.whip.app.domain.CrossDomainInsightsTest --tests com.whip.app.domain.FiveThreeOneProgressionTest --tests com.whip.app.domain.GoalRulesTest --tests com.whip.app.domain.GymAnalyticsTest --tests com.whip.app.domain.GymCalculationsTest --tests com.whip.app.domain.HabitRulesTest --tests com.whip.app.domain.HabitTimerDomainTest --tests com.whip.app.domain.RecurrenceEngineTest --tests com.whip.app.domain.TaskProgressTest --tests com.whip.app.domain.TaskQuickCaptureParserTest --tests com.whip.app.domain.TrackCsvBatchIdentityTest --tests com.whip.app.domain.TrackDomainTest --tests com.whip.app.reminders.FocusTimerNotificationsTest --tests com.whip.app.ui.AreaScopeFilterRelationshipsTest --tests com.whip.app.ui.ElapsedGoalPresentationTest --tests com.whip.app.ui.FiveThreeOneCycleReviewTest --tests com.whip.app.ui.FocusTimerUiPolicyTest --tests com.whip.app.ui.GoalMutationCommitTest --tests com.whip.app.ui.GoalProgressPresentationTest --tests com.whip.app.ui.GymQuickSetFlowTest --tests com.whip.app.ui.GymUxRulesTest --tests com.whip.app.ui.HabitMutationCommitTest --tests com.whip.app.ui.HabitTimerPresentationTest --tests com.whip.app.ui.InteractionConsistencyTest --tests com.whip.app.ui.ReviewAvailabilityTest --tests com.whip.app.ui.ReviewCopyTest --tests com.whip.app.ui.ReviewEvidenceTest --tests com.whip.app.ui.ReviewOutcomesTest --tests com.whip.app.ui.RoutineBuilderStateTest --tests com.whip.app.ui.SettingsPresentationPolicyTest --tests com.whip.app.ui.TaskMutationCommitTest --tests com.whip.app.ui.TaskWorkspacePolicyTest --tests com.whip.app.ui.TrackCsvReliabilityPolicyTest --tests com.whip.app.ui.TrackEditorStateTest --tests com.whip.app.ui.TrackInsightNumberFormatTest --tests com.whip.app.ui.TrackInsightWindowTest --tests com.whip.app.ui.UiDesignArchitectureTest --tests com.whip.app.ui.UnifiedSearchRulesTest --tests com.whip.app.ui.WhipNavigationPolicyTest --tests com.whip.app.ui.theme.WhipVisualLanguageTest --tests com.whip.app.widget.WidgetSnapshotCacheTest --tests com.whip.app.widget.WidgetSummaryTest
> Task :app:preBuild UP-TO-DATE
> Task :app:preDebugBuild UP-TO-DATE
> Task :app:preDebugUnitTestBuild UP-TO-DATE
> Task :app:generateDebugBuildConfig UP-TO-DATE
> Task :app:generateDebugJacocoPropertiesFile UP-TO-DATE
> Task :app:createDebugCompatibleScreenManifests UP-TO-DATE
> Task :app:javaPreCompileDebug UP-TO-DATE
> Task :app:javaPreCompileDebugUnitTest UP-TO-DATE
> Task :app:generateDebugResValues UP-TO-DATE
> Task :app:mapDebugSourceSetPaths UP-TO-DATE
> Task :app:generateDebugResources UP-TO-DATE
> Task :app:extractDeepLinksDebug UP-TO-DATE
> Task :app:packageDebugResources UP-TO-DATE
> Task :app:processDebugNavigationResources UP-TO-DATE
> Task :app:checkDebugAarMetadata UP-TO-DATE
> Task :app:compileDebugNavigationResources UP-TO-DATE
> Task :app:parseDebugLocalResources UP-TO-DATE
> Task :app:generateDebugRFile UP-TO-DATE
> Task :app:mergeDebugResources UP-TO-DATE
> Task :app:kspDebugKotlin UP-TO-DATE
> Task :app:processDebugMainManifest UP-TO-DATE
> Task :app:processDebugManifest UP-TO-DATE
> Task :app:processDebugManifestForPackage UP-TO-DATE
> Task :app:compileDebugKotlin UP-TO-DATE
> Task :app:compileDebugJavaWithJavac UP-TO-DATE
> Task :app:processDebugJavaRes UP-TO-DATE
> Task :app:processDebugResources UP-TO-DATE
> Task :app:bundleDebugClassesToRuntimeJar UP-TO-DATE
> Task :app:bundleDebugClassesToCompileJar UP-TO-DATE
> Task :app:kspDebugUnitTestKotlin SKIPPED
> Task :app:compileDebugUnitTestKotlin UP-TO-DATE
> Task :app:compileDebugUnitTestJavaWithJavac NO-SOURCE
> Task :app:processDebugUnitTestJavaRes UP-TO-DATE
> Task :app:copyRoomSchemas NO-SOURCE
> Task :app:testDebugUnitTest

BUILD SUCCESSFUL in 3s
29 actionable tasks: 1 executed, 28 up-to-date
Configuration cache entry stored.
Targeted JVM checks passed; Android-test compilation was intentionally deferred.
Play Store assets verified: 512x512 icon, 1024x500 feature graphic, and 5 phone screenshots
Calculating task graph as configuration cache cannot be reused because file 'app/build.gradle.kts' has changed.
> Task :app:preBuild UP-TO-DATE
> Task :app:generateDebugAssets UP-TO-DATE
> Task :app:preDebugBuild UP-TO-DATE
> Task :app:preDebugUnitTestBuild UP-TO-DATE
> Task :app:preDebugAndroidTestBuild SKIPPED
> Task :app:generateDebugBuildConfig UP-TO-DATE
> Task :app:generateDebugResValues UP-TO-DATE
> Task :app:extractProguardFiles UP-TO-DATE
> Task :app:javaPreCompileDebug UP-TO-DATE
> Task :app:generateDebugGlobalSynthetics UP-TO-DATE
> Task :app:generateDebugJacocoPropertiesFile UP-TO-DATE
> Task :app:mergeDebugNativeDebugMetadata NO-SOURCE
> Task :app:generateDebugAndroidTestResValues UP-TO-DATE
> Task :app:createDebugCompatibleScreenManifests UP-TO-DATE
> Task :app:generateDebugResources UP-TO-DATE
> Task :app:mapDebugSourceSetPaths UP-TO-DATE
> Task :app:validateSigningDebug UP-TO-DATE
> Task :app:mergeDebugJniLibFolders UP-TO-DATE
> Task :app:extractDeepLinksDebug UP-TO-DATE
> Task :app:processDebugAndroidTestNavigationResources UP-TO-DATE
> Task :app:writeDebugAppMetadata UP-TO-DATE
> Task :app:desugarDebugFileDependencies UP-TO-DATE
> Task :app:processDebugNavigationResources UP-TO-DATE
> Task :app:packageDebugResources UP-TO-DATE
> Task :app:generateDebugAndroidTestResources UP-TO-DATE
> Task :app:packageDebugAndroidTestResources UP-TO-DATE
> Task :app:checkDebugAarMetadata UP-TO-DATE
> Task :app:writeDebugSigningConfigVersions UP-TO-DATE
> Task :app:checkDebugDuplicateClasses UP-TO-DATE
> Task :app:parseDebugAndroidTestLocalResources UP-TO-DATE
> Task :app:parseDebugLocalResources UP-TO-DATE
> Task :app:compileDebugNavigationResources UP-TO-DATE
> Task :app:generateDebugAndroidTestRFile UP-TO-DATE
> Task :app:mergeDebugAssets UP-TO-DATE
> Task :app:mergeDebugResources UP-TO-DATE
> Task :app:mergeLibDexDebug UP-TO-DATE
> Task :app:compressDebugAssets UP-TO-DATE
> Task :app:processDebugMainManifest UP-TO-DATE
> Task :app:processDebugManifest UP-TO-DATE
> Task :app:processDebugManifestForPackage UP-TO-DATE
> Task :app:generateDebugRFile UP-TO-DATE
> Task :app:mergeDebugNativeLibs UP-TO-DATE
> Task :app:stripDebugDebugSymbols UP-TO-DATE
> Task :app:kspDebugKotlin UP-TO-DATE
> Task :app:processDebugResources UP-TO-DATE
> Task :app:compileDebugKotlin UP-TO-DATE
> Task :app:mergeDebugAndroidTestManifest UP-TO-DATE
> Task :app:processDebugAndroidTestManifest UP-TO-DATE
> Task :app:mergeExtDexDebug UP-TO-DATE
> Task :app:generateDebugAndroidTestBuildConfig UP-TO-DATE
> Task :app:compileDebugJavaWithJavac UP-TO-DATE
> Task :app:processDebugJavaRes UP-TO-DATE
> Task :app:bundleDebugClassesToCompileJar UP-TO-DATE
> Task :app:kspDebugAndroidTestKotlin SKIPPED
> Task :app:copyRoomSchemas NO-SOURCE
> Task :app:generateDebugUnitTestLintModel
> Task :app:generateDebugLintReportModel
> Task :app:generateDebugAndroidTestLintModel
> Task :app:mergeDebugJavaResource

> Task :app:compileDebugAndroidTestKotlin
e: file:///root/repos/whip/app/src/androidTest/java/com/whip/app/FocusTimeSelectionUiTest.kt:9:33 Unresolved reference 'assertDoesNotExist'.
e: file:///root/repos/whip/app/src/androidTest/java/com/whip/app/FocusTimeSelectionUiTest.kt:104:86 None of the following candidates is applicable:

fun <T : Comparable<T>, R : ClosedRange<T>, Iterable<T>> R.contains(element: T?): Boolean:
  Unresolved reference. None of the following candidates is applicable because of a receiver type mismatch:
fun <T : Comparable<T>, R : ClosedRange<T>, Iterable<T>> R.contains(element: T?): Boolean

fun <T : Comparable<T>, R : OpenEndRange<T>, Iterable<T>> R.contains(element: T?): Boolean:
  Unresolved reference. None of the following candidates is applicable because of a receiver type mismatch:
fun <T : Comparable<T>, R : OpenEndRange<T>, Iterable<T>> R.contains(element: T?): Boolean
e: file:///root/repos/whip/app/src/androidTest/java/com/whip/app/FocusTimeSelectionUiTest.kt:193:61 No value passed for parameter 'title'.

> Task :app:compileDebugAndroidTestKotlin FAILED
> Task :app:jacocoDebug FAILED
> Task :app:lintAnalyzeDebugUnitTest
> Task :app:lintAnalyzeDebug
> Task :app:lintAnalyzeDebugAndroidTest
