Route A app/src/androidTest/java/com/whip/app/FocusHomeJourneyE2ETest.kt -> android:com.whip.app.FocusHomeJourneyE2ETest (exact Android test class)
Route A app/src/androidTest/java/com/whip/app/FocusTimeSelectionUiTest.kt -> android:com.whip.app.FocusTimeSelectionUiTest (exact Android test class)
Route A app/src/androidTest/java/com/whip/app/FocusTimerCardUiTest.kt -> android:com.whip.app.FocusTimerCardUiTest (exact Android test class)
Route A app/src/androidTest/java/com/whip/app/FocusTimerMutationIntegrationTest.kt -> android:com.whip.app.FocusTimerMutationIntegrationTest (exact Android test class)
Route A app/src/main/java/com/whip/app/ui/FocusTimerUi.kt -> profile:tasks (feature-owned production path)
Route A app/src/test/java/com/whip/app/ui/FocusTimerUiPolicyTest.kt -> jvm:com.whip.app.ui.FocusTimerUiPolicyTest (exact JVM test class)
Route A artifacts/focus-timer/2026-09-28/focused-jvm-repaired.log -> candidate:required (unclassified repository path)
Route A artifacts/focus-timer/2026-09-28/focused-jvm.log -> candidate:required (unclassified repository path)
Route A artifacts/focus-timer/2026-09-28/jvm/TEST-com.whip.app.reminders.FocusTimerNotificationsTest.xml -> candidate:required (unclassified repository path)
Route A artifacts/focus-timer/2026-09-28/jvm/TEST-com.whip.app.ui.FocusTimerUiPolicyTest.xml -> candidate:required (unclassified repository path)
Route A artifacts/focus-timer/2026-09-28/readiness-jvm/TEST-com.whip.app.core.AppSettingsTest.xml -> candidate:required (unclassified repository path)
Route A artifacts/focus-timer/2026-09-28/readiness-jvm/TEST-com.whip.app.core.HabitTimerClockTest.xml -> candidate:required (unclassified repository path)
Route A artifacts/focus-timer/2026-09-28/readiness-jvm/TEST-com.whip.app.core.SettingsCauseEffectContractTest.xml -> candidate:required (unclassified repository path)
Route A artifacts/focus-timer/2026-09-28/readiness-jvm/TEST-com.whip.app.data.PortableBackupPolicyTest.xml -> candidate:required (unclassified repository path)
Route A artifacts/focus-timer/2026-09-28/readiness-jvm/TEST-com.whip.app.data.RoutineProgrammingTest.xml -> candidate:required (unclassified repository path)
Route A artifacts/focus-timer/2026-09-28/readiness-jvm/TEST-com.whip.app.domain.CrossDomainInsightsTest.xml -> candidate:required (unclassified repository path)
Route A artifacts/focus-timer/2026-09-28/readiness-jvm/TEST-com.whip.app.domain.FiveThreeOneProgressionTest.xml -> candidate:required (unclassified repository path)
Route A artifacts/focus-timer/2026-09-28/readiness-jvm/TEST-com.whip.app.domain.GoalRulesTest.xml -> candidate:required (unclassified repository path)
Route A artifacts/focus-timer/2026-09-28/readiness-jvm/TEST-com.whip.app.domain.GymAnalyticsTest.xml -> candidate:required (unclassified repository path)
Route A artifacts/focus-timer/2026-09-28/readiness-jvm/TEST-com.whip.app.domain.GymCalculationsTest.xml -> candidate:required (unclassified repository path)
Route A artifacts/focus-timer/2026-09-28/readiness-jvm/TEST-com.whip.app.domain.HabitRulesTest.xml -> candidate:required (unclassified repository path)
Route A artifacts/focus-timer/2026-09-28/readiness-jvm/TEST-com.whip.app.domain.HabitTimerDomainTest.xml -> candidate:required (unclassified repository path)
Route A artifacts/focus-timer/2026-09-28/readiness-jvm/TEST-com.whip.app.domain.RecurrenceEngineTest.xml -> candidate:required (unclassified repository path)
Route A artifacts/focus-timer/2026-09-28/readiness-jvm/TEST-com.whip.app.domain.TaskProgressTest.xml -> candidate:required (unclassified repository path)
Route A artifacts/focus-timer/2026-09-28/readiness-jvm/TEST-com.whip.app.domain.TaskQuickCaptureParserTest.xml -> candidate:required (unclassified repository path)
Route A artifacts/focus-timer/2026-09-28/readiness-jvm/TEST-com.whip.app.domain.TrackCsvBatchIdentityTest.xml -> candidate:required (unclassified repository path)
Route A artifacts/focus-timer/2026-09-28/readiness-jvm/TEST-com.whip.app.domain.TrackDomainTest.xml -> candidate:required (unclassified repository path)
Route A artifacts/focus-timer/2026-09-28/readiness-jvm/TEST-com.whip.app.reminders.FocusTimerNotificationsTest.xml -> candidate:required (unclassified repository path)
Route A artifacts/focus-timer/2026-09-28/readiness-jvm/TEST-com.whip.app.ui.AreaScopeFilterRelationshipsTest.xml -> candidate:required (unclassified repository path)
Route A artifacts/focus-timer/2026-09-28/readiness-jvm/TEST-com.whip.app.ui.ElapsedGoalPresentationTest.xml -> candidate:required (unclassified repository path)
Route A artifacts/focus-timer/2026-09-28/readiness-jvm/TEST-com.whip.app.ui.FiveThreeOneCycleReviewTest.xml -> candidate:required (unclassified repository path)
Route A artifacts/focus-timer/2026-09-28/readiness-jvm/TEST-com.whip.app.ui.FocusTimerUiPolicyTest.xml -> candidate:required (unclassified repository path)
Route A artifacts/focus-timer/2026-09-28/readiness-jvm/TEST-com.whip.app.ui.GoalMutationCommitTest.xml -> candidate:required (unclassified repository path)
Route A artifacts/focus-timer/2026-09-28/readiness-jvm/TEST-com.whip.app.ui.GoalProgressPresentationTest.xml -> candidate:required (unclassified repository path)
Route A artifacts/focus-timer/2026-09-28/readiness-jvm/TEST-com.whip.app.ui.GymQuickSetFlowTest.xml -> candidate:required (unclassified repository path)
Route A artifacts/focus-timer/2026-09-28/readiness-jvm/TEST-com.whip.app.ui.GymUxRulesTest.xml -> candidate:required (unclassified repository path)
Route A artifacts/focus-timer/2026-09-28/readiness-jvm/TEST-com.whip.app.ui.HabitMutationCommitTest.xml -> candidate:required (unclassified repository path)
Route A artifacts/focus-timer/2026-09-28/readiness-jvm/TEST-com.whip.app.ui.HabitTimerPresentationTest.xml -> candidate:required (unclassified repository path)
Route A artifacts/focus-timer/2026-09-28/readiness-jvm/TEST-com.whip.app.ui.InteractionConsistencyTest.xml -> candidate:required (unclassified repository path)
Route A artifacts/focus-timer/2026-09-28/readiness-jvm/TEST-com.whip.app.ui.ReviewAvailabilityTest.xml -> candidate:required (unclassified repository path)
Route A artifacts/focus-timer/2026-09-28/readiness-jvm/TEST-com.whip.app.ui.ReviewCopyTest.xml -> candidate:required (unclassified repository path)
Route A artifacts/focus-timer/2026-09-28/readiness-jvm/TEST-com.whip.app.ui.ReviewEvidenceTest.xml -> candidate:required (unclassified repository path)
Route A artifacts/focus-timer/2026-09-28/readiness-jvm/TEST-com.whip.app.ui.ReviewOutcomesTest.xml -> candidate:required (unclassified repository path)
Route A artifacts/focus-timer/2026-09-28/readiness-jvm/TEST-com.whip.app.ui.RoutineBuilderStateTest.xml -> candidate:required (unclassified repository path)
Route A artifacts/focus-timer/2026-09-28/readiness-jvm/TEST-com.whip.app.ui.SettingsPresentationPolicyTest.xml -> candidate:required (unclassified repository path)
Route A artifacts/focus-timer/2026-09-28/readiness-jvm/TEST-com.whip.app.ui.TaskMutationCommitTest.xml -> candidate:required (unclassified repository path)
Route A artifacts/focus-timer/2026-09-28/readiness-jvm/TEST-com.whip.app.ui.TaskWorkspacePolicyTest.xml -> candidate:required (unclassified repository path)
Route A artifacts/focus-timer/2026-09-28/readiness-jvm/TEST-com.whip.app.ui.TrackCsvReliabilityPolicyTest.xml -> candidate:required (unclassified repository path)
Route A artifacts/focus-timer/2026-09-28/readiness-jvm/TEST-com.whip.app.ui.TrackEditorStateTest.xml -> candidate:required (unclassified repository path)
Route A artifacts/focus-timer/2026-09-28/readiness-jvm/TEST-com.whip.app.ui.TrackInsightNumberFormatTest.xml -> candidate:required (unclassified repository path)
Route A artifacts/focus-timer/2026-09-28/readiness-jvm/TEST-com.whip.app.ui.TrackInsightWindowTest.xml -> candidate:required (unclassified repository path)
Route A artifacts/focus-timer/2026-09-28/readiness-jvm/TEST-com.whip.app.ui.UiDesignArchitectureTest.xml -> candidate:required (unclassified repository path)
Route A artifacts/focus-timer/2026-09-28/readiness-jvm/TEST-com.whip.app.ui.UnifiedSearchRulesTest.xml -> candidate:required (unclassified repository path)
Route A artifacts/focus-timer/2026-09-28/readiness-jvm/TEST-com.whip.app.ui.WhipNavigationPolicyTest.xml -> candidate:required (unclassified repository path)
Route A artifacts/focus-timer/2026-09-28/readiness-jvm/TEST-com.whip.app.ui.theme.WhipVisualLanguageTest.xml -> candidate:required (unclassified repository path)
Route A artifacts/focus-timer/2026-09-28/readiness-jvm/TEST-com.whip.app.widget.WidgetSnapshotCacheTest.xml -> candidate:required (unclassified repository path)
Route A artifacts/focus-timer/2026-09-28/readiness-repaired.log -> candidate:required (unclassified repository path)
Route A artifacts/focus-timer/2026-09-28/readiness.log -> candidate:required (unclassified repository path)
Route A docs/quality/FOCUS_TIMER_UX_2026-09-28.md -> profile:docs (quality documentation path)
Route M app/src/androidTest/java/com/whip/app/TimerAlarmIntegrationTest.kt -> android:com.whip.app.TimerAlarmIntegrationTest (exact Android test class)
Route M app/src/main/AndroidManifest.xml -> profile:shell (application resource or manifest path)
Route M app/src/main/java/com/whip/app/MainActivity.kt -> profile:all (shared UI/core production path)
Route M app/src/main/java/com/whip/app/WhipApplication.kt -> profile:all (shared UI/core production path)
Route M app/src/main/java/com/whip/app/reminders/FocusTimerNotifications.kt -> profile:tasks (feature-owned production path)
Route M app/src/main/java/com/whip/app/ui/GymScreens.kt -> profile:gym (feature-owned production path)
Route M app/src/main/java/com/whip/app/ui/SettingsViewModel.kt -> profile:settings (feature-owned production path)
Route M app/src/main/java/com/whip/app/ui/TaskComponents.kt -> profile:tasks (feature-owned production path)
Route M app/src/main/java/com/whip/app/ui/TaskEditorDialog.kt -> profile:tasks (feature-owned production path)
Route M app/src/main/java/com/whip/app/ui/WhipApp.kt -> profile:all (shared UI/core production path)
Route M app/src/test/java/com/whip/app/reminders/FocusTimerNotificationsTest.kt -> jvm:com.whip.app.reminders.FocusTimerNotificationsTest (exact JVM test class)
Route M docs/product-memory/DECISIONS.md -> profile:docs (documentation-only path)
Route M docs/product-memory/FINDINGS.md -> profile:docs (documentation-only path)
Route M docs/product-memory/INDEX.md -> profile:docs (documentation-only path)
Route M docs/product-memory/USER_FEEDBACK.md -> profile:docs (documentation-only path)
Route M docs/testing.md -> profile:docs (documentation-only path)
Profile: all
Profile: docs
Profile: gym
Profile: settings
Profile: shell
Profile: tasks
JVM selector: com.whip.app.reminders.FocusTimerNotificationsTest
JVM selector: com.whip.app.ui.FocusTimerUiPolicyTest
Android selector: com.whip.app.FocusHomeJourneyE2ETest
Android selector: com.whip.app.FocusTimeSelectionUiTest
Android selector: com.whip.app.FocusTimerCardUiTest
Android selector: com.whip.app.FocusTimerMutationIntegrationTest
Android selector: com.whip.app.TimerAlarmIntegrationTest
All JVM tests: false
All Android tests: false
Static checks: true
Frozen candidate required: true
Starting a Gradle Daemon (subsequent builds will be faster)
Reusing configuration cache.
> Task :app:preBuild UP-TO-DATE
> Task :app:preDebugUnitTestBuild UP-TO-DATE
> Task :app:preDebugBuild UP-TO-DATE
> Task :app:createDebugCompatibleScreenManifests UP-TO-DATE
> Task :app:generateDebugBuildConfig UP-TO-DATE
> Task :app:generateDebugJacocoPropertiesFile UP-TO-DATE
> Task :app:generateDebugResValues UP-TO-DATE
> Task :app:javaPreCompileDebug UP-TO-DATE
> Task :app:javaPreCompileDebugUnitTest UP-TO-DATE
> Task :app:generateDebugResources UP-TO-DATE
> Task :app:mapDebugSourceSetPaths UP-TO-DATE
> Task :app:extractDeepLinksDebug UP-TO-DATE
> Task :app:packageDebugResources UP-TO-DATE
> Task :app:checkDebugAarMetadata UP-TO-DATE
> Task :app:processDebugNavigationResources UP-TO-DATE
> Task :app:compileDebugNavigationResources UP-TO-DATE
> Task :app:mergeDebugResources UP-TO-DATE
> Task :app:parseDebugLocalResources UP-TO-DATE
> Task :app:processDebugMainManifest UP-TO-DATE
> Task :app:generateDebugRFile UP-TO-DATE
> Task :app:processDebugManifest UP-TO-DATE
> Task :app:processDebugManifestForPackage UP-TO-DATE
> Task :app:kspDebugKotlin UP-TO-DATE
> Task :app:processDebugResources UP-TO-DATE
> Task :app:compileDebugKotlin UP-TO-DATE
> Task :app:processDebugJavaRes UP-TO-DATE
> Task :app:compileDebugJavaWithJavac UP-TO-DATE
> Task :app:bundleDebugClassesToCompileJar UP-TO-DATE
> Task :app:kspDebugUnitTestKotlin SKIPPED
> Task :app:bundleDebugClassesToRuntimeJar UP-TO-DATE
> Task :app:compileDebugUnitTestKotlin UP-TO-DATE
> Task :app:compileDebugUnitTestJavaWithJavac NO-SOURCE
> Task :app:processDebugUnitTestJavaRes UP-TO-DATE
> Task :app:copyRoomSchemas NO-SOURCE
> Task :app:testDebugUnitTest UP-TO-DATE

BUILD SUCCESSFUL in 4s
29 actionable tasks: 29 up-to-date
Configuration cache entry reused.
Targeted JVM checks passed; Android-test compilation was intentionally deferred.
Play Store assets verified: 512x512 icon, 1024x500 feature graphic, and 5 phone screenshots
Reusing configuration cache.
> Task :app:preBuild UP-TO-DATE
> Task :app:generateDebugAssets UP-TO-DATE
> Task :app:preDebugAndroidTestBuild SKIPPED
> Task :app:preDebugBuild UP-TO-DATE
> Task :app:generateDebugBuildConfig UP-TO-DATE
> Task :app:preDebugUnitTestBuild UP-TO-DATE
> Task :app:extractProguardFiles UP-TO-DATE
> Task :app:generateDebugJacocoPropertiesFile UP-TO-DATE
> Task :app:generateDebugAndroidTestResValues UP-TO-DATE
> Task :app:createDebugCompatibleScreenManifests UP-TO-DATE
> Task :app:javaPreCompileDebug UP-TO-DATE
> Task :app:generateDebugResValues UP-TO-DATE
> Task :app:validateSigningDebug UP-TO-DATE
> Task :app:mergeDebugNativeDebugMetadata NO-SOURCE
> Task :app:writeDebugAppMetadata UP-TO-DATE
> Task :app:generateDebugGlobalSynthetics UP-TO-DATE
> Task :app:processDebugAndroidTestNavigationResources UP-TO-DATE
> Task :app:generateDebugAndroidTestResources UP-TO-DATE
> Task :app:processDebugNavigationResources UP-TO-DATE
> Task :app:mapDebugSourceSetPaths UP-TO-DATE
> Task :app:writeDebugSigningConfigVersions UP-TO-DATE
> Task :app:generateDebugResources UP-TO-DATE
> Task :app:checkDebugAarMetadata UP-TO-DATE
> Task :app:extractDeepLinksDebug UP-TO-DATE
> Task :app:compileDebugNavigationResources UP-TO-DATE
> Task :app:desugarDebugFileDependencies UP-TO-DATE
> Task :app:mergeDebugJniLibFolders UP-TO-DATE
> Task :app:packageDebugAndroidTestResources UP-TO-DATE
> Task :app:packageDebugResources UP-TO-DATE
> Task :app:parseDebugLocalResources UP-TO-DATE
> Task :app:generateDebugRFile UP-TO-DATE
> Task :app:mergeDebugResources UP-TO-DATE
> Task :app:parseDebugAndroidTestLocalResources UP-TO-DATE
> Task :app:processDebugMainManifest UP-TO-DATE
> Task :app:processDebugManifest UP-TO-DATE
> Task :app:processDebugManifestForPackage UP-TO-DATE
> Task :app:kspDebugKotlin UP-TO-DATE
> Task :app:mergeDebugAssets UP-TO-DATE
> Task :app:generateDebugAndroidTestRFile UP-TO-DATE
> Task :app:compressDebugAssets UP-TO-DATE
> Task :app:checkDebugDuplicateClasses UP-TO-DATE
> Task :app:compileDebugKotlin UP-TO-DATE
> Task :app:mergeDebugNativeLibs UP-TO-DATE
> Task :app:processDebugResources UP-TO-DATE
> Task :app:compileDebugJavaWithJavac UP-TO-DATE
> Task :app:processDebugJavaRes UP-TO-DATE
> Task :app:stripDebugDebugSymbols UP-TO-DATE
> Task :app:bundleDebugClassesToCompileJar UP-TO-DATE
> Task :app:mergeDebugJavaResource UP-TO-DATE
> Task :app:mergeLibDexDebug UP-TO-DATE
> Task :app:mergeDebugAndroidTestManifest UP-TO-DATE
> Task :app:mergeExtDexDebug UP-TO-DATE
> Task :app:processDebugAndroidTestManifest UP-TO-DATE
> Task :app:generateDebugAndroidTestBuildConfig UP-TO-DATE
> Task :app:kspDebugAndroidTestKotlin SKIPPED
> Task :app:copyRoomSchemas NO-SOURCE
> Task :app:lintAnalyzeDebugUnitTest UP-TO-DATE
> Task :app:generateDebugUnitTestLintModel UP-TO-DATE
> Task :app:generateDebugLintReportModel UP-TO-DATE
> Task :app:generateDebugAndroidTestLintModel
> Task :app:jacocoDebug FAILED
> Task :app:lintAnalyzeDebugAndroidTest
> Task :app:lintAnalyzeDebug
> Task :app:compileDebugAndroidTestKotlin
w: file:///root/repos/whip/app/src/androidTest/java/com/whip/app/ui/TrackHistorySearchUiTest.kt:43:118 Unnecessary non-null assertion (!!) on a non-null receiver of type 'Double'.
w: file:///root/repos/whip/app/src/androidTest/java/com/whip/app/ui/TrackHistorySearchUiTest.kt:45:61 Unnecessary non-null assertion (!!) on a non-null receiver of type 'Double'.
w: file:///root/repos/whip/app/src/androidTest/java/com/whip/app/ui/TrackHistorySearchUiTest.kt:45:130 Unnecessary non-null assertion (!!) on a non-null receiver of type 'Double'.
