Route A app/src/androidTest/java/com/whip/app/TrackDraftRecoveryUiTest.kt -> android:com.whip.app.TrackDraftRecoveryUiTest (exact Android test class)
Route A app/src/androidTest/java/com/whip/app/TrackDraftSavedStateJourneyTest.kt -> android:com.whip.app.TrackDraftSavedStateJourneyTest (exact Android test class)
Route A app/src/androidTest/java/com/whip/app/ui/TrackEditorCheckpointTest.kt -> android:com.whip.app.ui.TrackEditorCheckpointTest (exact Android test class)
Route A app/src/main/java/com/whip/app/ui/TrackEditorRecoveryNotice.kt -> profile:tracks (feature-owned production path)
Route A app/src/main/java/com/whip/app/ui/TrackEditorSessionViewModel.kt -> profile:tracks (feature-owned production path)
Route A artifacts/astra-audit/2026-09-09/track-draft-recovery/README.md -> profile:docs (documentation-only path)
Route A artifacts/astra-audit/2026-09-09/track-draft-recovery/accessibility-check.json -> candidate:required (unclassified repository path)
Route A artifacts/astra-audit/2026-09-09/track-draft-recovery/api26/tracks.draft-recovery.read.large.png -> candidate:required (unclassified repository path)
Route A artifacts/astra-audit/2026-09-09/track-draft-recovery/api26/tracks.draft-recovery.read.large.xml -> candidate:required (unclassified repository path)
Route A artifacts/astra-audit/2026-09-09/track-draft-recovery/api26/tracks.draft-recovery.read.ordinary.png -> candidate:required (unclassified repository path)
Route A artifacts/astra-audit/2026-09-09/track-draft-recovery/api26/tracks.draft-recovery.read.ordinary.xml -> candidate:required (unclassified repository path)
Route A artifacts/astra-audit/2026-09-09/track-draft-recovery/api26/tracks.draft-recovery.write.large.png -> candidate:required (unclassified repository path)
Route A artifacts/astra-audit/2026-09-09/track-draft-recovery/api26/tracks.draft-recovery.write.large.xml -> candidate:required (unclassified repository path)
Route A artifacts/astra-audit/2026-09-09/track-draft-recovery/api26/tracks.draft-recovery.write.ordinary.png -> candidate:required (unclassified repository path)
Route A artifacts/astra-audit/2026-09-09/track-draft-recovery/api26/tracks.draft-recovery.write.ordinary.xml -> candidate:required (unclassified repository path)
Route A artifacts/astra-audit/2026-09-09/track-draft-recovery/api34/catalog.tsv -> candidate:required (unclassified repository path)
Route A artifacts/astra-audit/2026-09-09/track-draft-recovery/api34/manifest.tsv -> candidate:required (unclassified repository path)
Route A artifacts/astra-audit/2026-09-09/track-draft-recovery/api34/tracks.draft-recovery.read.large.png -> candidate:required (unclassified repository path)
Route A artifacts/astra-audit/2026-09-09/track-draft-recovery/api34/tracks.draft-recovery.read.large.xml -> candidate:required (unclassified repository path)
Route A artifacts/astra-audit/2026-09-09/track-draft-recovery/api34/tracks.draft-recovery.read.ordinary.png -> candidate:required (unclassified repository path)
Route A artifacts/astra-audit/2026-09-09/track-draft-recovery/api34/tracks.draft-recovery.read.ordinary.xml -> candidate:required (unclassified repository path)
Route A artifacts/astra-audit/2026-09-09/track-draft-recovery/api34/tracks.draft-recovery.write.large.png -> candidate:required (unclassified repository path)
Route A artifacts/astra-audit/2026-09-09/track-draft-recovery/api34/tracks.draft-recovery.write.large.xml -> candidate:required (unclassified repository path)
Route A artifacts/astra-audit/2026-09-09/track-draft-recovery/api34/tracks.draft-recovery.write.ordinary.png -> candidate:required (unclassified repository path)
Route A artifacts/astra-audit/2026-09-09/track-draft-recovery/api34/tracks.draft-recovery.write.ordinary.xml -> candidate:required (unclassified repository path)
Route A artifacts/astra-audit/2026-09-09/track-draft-recovery/api37/capture-files.json -> candidate:required (unclassified repository path)
Route A artifacts/astra-audit/2026-09-09/track-draft-recovery/api37/tracks.draft-recovery.read.large.png -> candidate:required (unclassified repository path)
Route A artifacts/astra-audit/2026-09-09/track-draft-recovery/api37/tracks.draft-recovery.read.large.xml -> candidate:required (unclassified repository path)
Route A artifacts/astra-audit/2026-09-09/track-draft-recovery/api37/tracks.draft-recovery.read.ordinary.png -> candidate:required (unclassified repository path)
Route A artifacts/astra-audit/2026-09-09/track-draft-recovery/api37/tracks.draft-recovery.read.ordinary.xml -> candidate:required (unclassified repository path)
Route A artifacts/astra-audit/2026-09-09/track-draft-recovery/api37/tracks.draft-recovery.write.large.png -> candidate:required (unclassified repository path)
Route A artifacts/astra-audit/2026-09-09/track-draft-recovery/api37/tracks.draft-recovery.write.large.xml -> candidate:required (unclassified repository path)
Route A artifacts/astra-audit/2026-09-09/track-draft-recovery/api37/tracks.draft-recovery.write.ordinary.png -> candidate:required (unclassified repository path)
Route A artifacts/astra-audit/2026-09-09/track-draft-recovery/api37/tracks.draft-recovery.write.ordinary.xml -> candidate:required (unclassified repository path)
Route A artifacts/astra-audit/2026-09-09/track-draft-recovery/development-dialogs/api26/tracks.draft-recovery.read.large.png -> candidate:required (unclassified repository path)
Route A artifacts/astra-audit/2026-09-09/track-draft-recovery/development-dialogs/api26/tracks.draft-recovery.read.large.xml -> candidate:required (unclassified repository path)
Route A artifacts/astra-audit/2026-09-09/track-draft-recovery/development-dialogs/api26/tracks.draft-recovery.read.ordinary.png -> candidate:required (unclassified repository path)
Route A artifacts/astra-audit/2026-09-09/track-draft-recovery/development-dialogs/api26/tracks.draft-recovery.read.ordinary.xml -> candidate:required (unclassified repository path)
Route A artifacts/astra-audit/2026-09-09/track-draft-recovery/development-dialogs/api26/tracks.draft-recovery.write.large.png -> candidate:required (unclassified repository path)
Route A artifacts/astra-audit/2026-09-09/track-draft-recovery/development-dialogs/api26/tracks.draft-recovery.write.large.xml -> candidate:required (unclassified repository path)
Route A artifacts/astra-audit/2026-09-09/track-draft-recovery/development-dialogs/api26/tracks.draft-recovery.write.ordinary.png -> candidate:required (unclassified repository path)
Route A artifacts/astra-audit/2026-09-09/track-draft-recovery/development-dialogs/api26/tracks.draft-recovery.write.ordinary.xml -> candidate:required (unclassified repository path)
Route A artifacts/astra-audit/2026-09-09/track-draft-recovery/development-dialogs/api34/tracks.draft-recovery.read.large.png -> candidate:required (unclassified repository path)
Route A artifacts/astra-audit/2026-09-09/track-draft-recovery/development-dialogs/api34/tracks.draft-recovery.read.large.xml -> candidate:required (unclassified repository path)
Route A artifacts/astra-audit/2026-09-09/track-draft-recovery/development-dialogs/api34/tracks.draft-recovery.read.ordinary.png -> candidate:required (unclassified repository path)
Route A artifacts/astra-audit/2026-09-09/track-draft-recovery/development-dialogs/api34/tracks.draft-recovery.read.ordinary.xml -> candidate:required (unclassified repository path)
Route A artifacts/astra-audit/2026-09-09/track-draft-recovery/development-dialogs/api34/tracks.draft-recovery.write.large.png -> candidate:required (unclassified repository path)
Route A artifacts/astra-audit/2026-09-09/track-draft-recovery/development-dialogs/api34/tracks.draft-recovery.write.large.xml -> candidate:required (unclassified repository path)
Route A artifacts/astra-audit/2026-09-09/track-draft-recovery/development-dialogs/api34/tracks.draft-recovery.write.ordinary.png -> candidate:required (unclassified repository path)
Route A artifacts/astra-audit/2026-09-09/track-draft-recovery/development-dialogs/api34/tracks.draft-recovery.write.ordinary.xml -> candidate:required (unclassified repository path)
Route A artifacts/astra-audit/2026-09-09/track-draft-recovery/development-dialogs/api37/tracks.draft-recovery.read.large.png -> candidate:required (unclassified repository path)
Route A artifacts/astra-audit/2026-09-09/track-draft-recovery/development-dialogs/api37/tracks.draft-recovery.read.large.xml -> candidate:required (unclassified repository path)
Route A artifacts/astra-audit/2026-09-09/track-draft-recovery/development-dialogs/api37/tracks.draft-recovery.read.ordinary.png -> candidate:required (unclassified repository path)
Route A artifacts/astra-audit/2026-09-09/track-draft-recovery/development-dialogs/api37/tracks.draft-recovery.read.ordinary.xml -> candidate:required (unclassified repository path)
Route A artifacts/astra-audit/2026-09-09/track-draft-recovery/development-dialogs/api37/tracks.draft-recovery.write.large.png -> candidate:required (unclassified repository path)
Route A artifacts/astra-audit/2026-09-09/track-draft-recovery/development-dialogs/api37/tracks.draft-recovery.write.large.xml -> candidate:required (unclassified repository path)
Route A artifacts/astra-audit/2026-09-09/track-draft-recovery/development-dialogs/api37/tracks.draft-recovery.write.ordinary.png -> candidate:required (unclassified repository path)
Route A artifacts/astra-audit/2026-09-09/track-draft-recovery/development-dialogs/api37/tracks.draft-recovery.write.ordinary.xml -> candidate:required (unclassified repository path)
Route A artifacts/astra-audit/2026-09-09/track-draft-recovery/logs/baseline-complete.log -> candidate:required (unclassified repository path)
Route A artifacts/astra-audit/2026-09-09/track-draft-recovery/logs/baseline.log -> candidate:required (unclassified repository path)
Route A artifacts/astra-audit/2026-09-09/track-draft-recovery/logs/catalog-lint-final.log -> candidate:required (unclassified repository path)
Route A artifacts/astra-audit/2026-09-09/track-draft-recovery/logs/catalog-lint.log -> candidate:required (unclassified repository path)
Route A artifacts/astra-audit/2026-09-09/track-draft-recovery/logs/checkpoint-first.log -> candidate:required (unclassified repository path)
Route A artifacts/astra-audit/2026-09-09/track-draft-recovery/logs/checkpoint-second.log -> candidate:required (unclassified repository path)
Route A artifacts/astra-audit/2026-09-09/track-draft-recovery/logs/final-canonical-api34.log -> candidate:required (unclassified repository path)
Route A artifacts/astra-audit/2026-09-09/track-draft-recovery/logs/final-focused-api26.log -> candidate:required (unclassified repository path)
Route A artifacts/astra-audit/2026-09-09/track-draft-recovery/logs/final-focused-phone.log -> candidate:required (unclassified repository path)
Route A artifacts/astra-audit/2026-09-09/track-draft-recovery/logs/final-focused-wide.log -> candidate:required (unclassified repository path)
Route A artifacts/astra-audit/2026-09-09/track-draft-recovery/logs/final-generation-api26.log -> candidate:required (unclassified repository path)
Route A artifacts/astra-audit/2026-09-09/track-draft-recovery/logs/final-generation-api37.log -> candidate:required (unclassified repository path)
Route A artifacts/astra-audit/2026-09-09/track-draft-recovery/logs/final-neighbors.log -> candidate:required (unclassified repository path)
Route A artifacts/astra-audit/2026-09-09/track-draft-recovery/logs/final-notices-api26.log -> candidate:required (unclassified repository path)
Route A artifacts/astra-audit/2026-09-09/track-draft-recovery/logs/final-process-api34.log -> candidate:required (unclassified repository path)
Route A artifacts/astra-audit/2026-09-09/track-draft-recovery/logs/final-state-api26.log -> candidate:required (unclassified repository path)
Route A artifacts/astra-audit/2026-09-09/track-draft-recovery/logs/final-state-api34.log -> candidate:required (unclassified repository path)
Route A artifacts/astra-audit/2026-09-09/track-draft-recovery/logs/final-state-api37.log -> candidate:required (unclassified repository path)
Route A artifacts/astra-audit/2026-09-09/track-draft-recovery/logs/final-state-phone.log -> candidate:required (unclassified repository path)
Route A artifacts/astra-audit/2026-09-09/track-draft-recovery/logs/final-state-wide-complete.log -> candidate:required (unclassified repository path)
Route A artifacts/astra-audit/2026-09-09/track-draft-recovery/logs/first-fix.log -> candidate:required (unclassified repository path)
Route A artifacts/astra-audit/2026-09-09/track-draft-recovery/logs/jacoco-failure.log -> candidate:required (unclassified repository path)
Route A artifacts/astra-audit/2026-09-09/track-draft-recovery/logs/neighbors-first.log -> candidate:required (unclassified repository path)
Route A artifacts/astra-audit/2026-09-09/track-draft-recovery/logs/ready.log -> candidate:required (unclassified repository path)
Route A artifacts/astra-audit/2026-09-09/track-draft-recovery/process-api34/before.png -> candidate:required (unclassified repository path)
Route A artifacts/astra-audit/2026-09-09/track-draft-recovery/process-api34/before.xml -> candidate:required (unclassified repository path)
Route A artifacts/astra-audit/2026-09-09/track-draft-recovery/process-api34/fixture.json -> candidate:required (unclassified repository path)
Route A artifacts/astra-audit/2026-09-09/track-draft-recovery/process-api34/kill.txt -> candidate:required (unclassified repository path)
Route A artifacts/astra-audit/2026-09-09/track-draft-recovery/process-api34/launch.log -> candidate:required (unclassified repository path)
Route A artifacts/astra-audit/2026-09-09/track-draft-recovery/process-api34/proof.json -> candidate:required (unclassified repository path)
Route A artifacts/astra-audit/2026-09-09/track-draft-recovery/process-api34/recovered.png -> candidate:required (unclassified repository path)
Route A artifacts/astra-audit/2026-09-09/track-draft-recovery/process-api34/recovered.xml -> candidate:required (unclassified repository path)
Route A artifacts/astra-audit/2026-09-09/track-draft-recovery/process-api34/saved.png -> candidate:required (unclassified repository path)
Route A artifacts/astra-audit/2026-09-09/track-draft-recovery/process-api34/saved.xml -> candidate:required (unclassified repository path)
Route A artifacts/astra-audit/2026-09-09/track-draft-recovery/process-api34/seed.log -> candidate:required (unclassified repository path)
Route A artifacts/astra-audit/2026-09-09/track-draft-recovery/process-api37-development/process-wide-before.png -> candidate:required (unclassified repository path)
Route A artifacts/astra-audit/2026-09-09/track-draft-recovery/process-api37-development/process-wide-before.xml -> candidate:required (unclassified repository path)
Route A artifacts/astra-audit/2026-09-09/track-draft-recovery/process-api37-development/process-wide-cold-relaunch.log -> candidate:required (unclassified repository path)
Route A artifacts/astra-audit/2026-09-09/track-draft-recovery/process-api37-development/process-wide-corrupt-closed.png -> candidate:required (unclassified repository path)
Route A artifacts/astra-audit/2026-09-09/track-draft-recovery/process-api37-development/process-wide-corrupt-injection.txt -> candidate:required (unclassified repository path)
Route A artifacts/astra-audit/2026-09-09/track-draft-recovery/process-api37-development/process-wide-corrupt.png -> candidate:required (unclassified repository path)
Route A artifacts/astra-audit/2026-09-09/track-draft-recovery/process-api37-development/process-wide-corrupt.xml -> candidate:required (unclassified repository path)
Route A artifacts/astra-audit/2026-09-09/track-draft-recovery/process-api37-development/process-wide-failures-history-proof.json -> candidate:required (unclassified repository path)
Route A artifacts/astra-audit/2026-09-09/track-draft-recovery/process-api37-development/process-wide-kill-verified.txt -> candidate:required (unclassified repository path)
Route A artifacts/astra-audit/2026-09-09/track-draft-recovery/process-api37-development/process-wide-new-pid.txt -> candidate:required (unclassified repository path)
Route A artifacts/astra-audit/2026-09-09/track-draft-recovery/process-api37-development/process-wide-pid-before.txt -> candidate:required (unclassified repository path)
Route A artifacts/astra-audit/2026-09-09/track-draft-recovery/process-api37-development/process-wide-proof.json -> candidate:required (unclassified repository path)
Route A artifacts/astra-audit/2026-09-09/track-draft-recovery/process-api37-development/process-wide-return2.png -> candidate:required (unclassified repository path)
Route A artifacts/astra-audit/2026-09-09/track-draft-recovery/process-api37-development/process-wide-return2.xml -> candidate:required (unclassified repository path)
Route A artifacts/astra-audit/2026-09-09/track-draft-recovery/process-api37-development/process-wide-saved.png -> candidate:required (unclassified repository path)
Route A artifacts/astra-audit/2026-09-09/track-draft-recovery/process-api37-development/process-wide-saved.xml -> candidate:required (unclassified repository path)
Route A artifacts/astra-audit/2026-09-09/track-draft-recovery/process-api37-development/process-wide-write-problem.png -> candidate:required (unclassified repository path)
Route A artifacts/astra-audit/2026-09-09/track-draft-recovery/process-api37-development/process-wide-write-problem.xml -> candidate:required (unclassified repository path)
Route A artifacts/astra-audit/2026-09-09/track-draft-recovery/process-api37-development/process-wide-write-retried.png -> candidate:required (unclassified repository path)
Route A artifacts/astra-audit/2026-09-09/track-draft-recovery/process-api37-development/process-wide-write-retried.xml -> candidate:required (unclassified repository path)
Route A artifacts/astra-audit/2026-09-09/track-draft-recovery/process_recovery.py -> candidate:required (unclassified repository path)
Route A artifacts/astra-audit/2026-09-09/track-draft-recovery/reports/4GiyDP-batch-1-result-1.xml -> candidate:required (unclassified repository path)
Route A artifacts/astra-audit/2026-09-09/track-draft-recovery/reports/4hDefb-batch-1-result-1.xml -> candidate:required (unclassified repository path)
Route A artifacts/astra-audit/2026-09-09/track-draft-recovery/reports/4hDefb-batch-2-result-1.xml -> candidate:required (unclassified repository path)
Route A artifacts/astra-audit/2026-09-09/track-draft-recovery/reports/GtBLy6-batch-1-result-1.xml -> candidate:required (unclassified repository path)
Route A artifacts/astra-audit/2026-09-09/track-draft-recovery/reports/GtBLy6-batch-2-result-1.xml -> candidate:required (unclassified repository path)
Route A artifacts/astra-audit/2026-09-09/track-draft-recovery/reports/JsK1BF-batch-1-result-1.xml -> candidate:required (unclassified repository path)
Route A artifacts/astra-audit/2026-09-09/track-draft-recovery/reports/Lcln5S-batch-1-result-1.xml -> candidate:required (unclassified repository path)
Route A artifacts/astra-audit/2026-09-09/track-draft-recovery/reports/h1LKuY-batch-1-result-1.xml -> candidate:required (unclassified repository path)
Route A artifacts/astra-audit/2026-09-09/track-draft-recovery/reports/qjNt50-batch-1-result-1.xml -> candidate:required (unclassified repository path)
Route A artifacts/astra-audit/2026-09-09/track-draft-recovery/review.tsv -> candidate:required (unclassified repository path)
Route M app/src/androidTest/java/com/whip/app/RecoveryBoundaryIntegrationTest.kt -> android:com.whip.app.RecoveryBoundaryIntegrationTest (exact Android test class)
Route M app/src/main/java/com/whip/app/MainActivity.kt -> profile:all (shared UI/core production path)
Route M app/src/main/java/com/whip/app/WhipApplication.kt -> profile:all (shared UI/core production path)
Route M app/src/main/java/com/whip/app/ui/TrackEditorViewModels.kt -> profile:tracks (feature-owned production path)
Route M app/src/main/java/com/whip/app/ui/TrackScreens.kt -> profile:tracks (feature-owned production path)
Route M app/src/main/java/com/whip/app/ui/WhipApp.kt -> profile:all (shared UI/core production path)
Route M docs/product-memory/DECISIONS.md -> profile:docs (documentation-only path)
Route M docs/product-memory/FINDINGS.md -> profile:docs (documentation-only path)
Route M docs/product-memory/IMPLEMENTATION_LOG.md -> profile:docs (documentation-only path)
Route M docs/product-memory/INDEX.md -> profile:docs (documentation-only path)
Route M docs/product-memory/VERIFICATION.md -> profile:docs (documentation-only path)
Route M docs/quality/ASTRA_PRODUCT_AUDIT_2026-09-08.md -> candidate:required (machine-checked quality harness path)
Route M docs/quality/ASTRA_TRACKS_REVIEW_2026-09-09.md -> candidate:required (machine-checked quality harness path)
Route M docs/quality/astra-surface-review-2026-09-08.tsv -> candidate:required (machine-checked quality harness path)
Route M docs/quality/ui-source-snapshot.tsv -> candidate:required (machine-checked quality harness path)
Route M docs/quality/ui-surface-catalog.tsv -> candidate:required (machine-checked quality harness path)
Route M docs/testing.md -> profile:docs (documentation-only path)
Route M scripts/qa-targeted -> candidate:required (test or release harness integrity path)
Profile: all
Profile: docs
Profile: tracks
Android selector: com.whip.app.RecoveryBoundaryIntegrationTest
Android selector: com.whip.app.TrackDraftRecoveryUiTest
Android selector: com.whip.app.TrackDraftSavedStateJourneyTest
Android selector: com.whip.app.ui.TrackEditorCheckpointTest
Harness check: scripts/test-check-fast
Harness check: scripts/test-check-full
All JVM tests: false
All Android tests: false
Static checks: true
Frozen candidate required: true
Reusing configuration cache.
> Task :app:preBuild UP-TO-DATE
> Task :app:preDebugBuild UP-TO-DATE
> Task :app:generateDebugBuildConfig UP-TO-DATE
> Task :app:preDebugUnitTestBuild UP-TO-DATE
> Task :app:generateDebugResValues UP-TO-DATE
> Task :app:generateDebugJacocoPropertiesFile UP-TO-DATE
> Task :app:createDebugCompatibleScreenManifests UP-TO-DATE
> Task :app:javaPreCompileDebug UP-TO-DATE
> Task :app:generateDebugResources UP-TO-DATE
> Task :app:javaPreCompileDebugUnitTest UP-TO-DATE
> Task :app:mapDebugSourceSetPaths UP-TO-DATE
> Task :app:extractDeepLinksDebug UP-TO-DATE
> Task :app:packageDebugResources UP-TO-DATE
> Task :app:checkDebugAarMetadata UP-TO-DATE
> Task :app:processDebugNavigationResources UP-TO-DATE
> Task :app:compileDebugNavigationResources UP-TO-DATE
> Task :app:parseDebugLocalResources UP-TO-DATE
> Task :app:mergeDebugResources UP-TO-DATE
> Task :app:generateDebugRFile UP-TO-DATE
> Task :app:processDebugMainManifest UP-TO-DATE
> Task :app:processDebugManifest UP-TO-DATE
> Task :app:processDebugManifestForPackage UP-TO-DATE
> Task :app:processDebugResources UP-TO-DATE
> Task :app:kspDebugKotlin
> Task :app:compileDebugKotlin
> Task :app:processDebugJavaRes UP-TO-DATE
> Task :app:compileDebugJavaWithJavac UP-TO-DATE
> Task :app:bundleDebugClassesToRuntimeJar
> Task :app:bundleDebugClassesToCompileJar
> Task :app:kspDebugUnitTestKotlin SKIPPED
> Task :app:compileDebugUnitTestKotlin
> Task :app:compileDebugUnitTestJavaWithJavac NO-SOURCE
> Task :app:copyRoomSchemas NO-SOURCE
> Task :app:processDebugUnitTestJavaRes UP-TO-DATE
> Task :app:testDebugUnitTest

BUILD SUCCESSFUL in 6s
29 actionable tasks: 6 executed, 23 up-to-date
Configuration cache entry reused.
Targeted JVM checks passed; Android-test compilation was intentionally deferred.
PASS fast-default-explicit-readiness-and-store-boundary
PASS check-full-without-android-serial
All complete-local-gate fixtures passed.
Play Store assets verified: 512x512 icon, 1024x500 feature graphic, and 5 phone screenshots
Reusing configuration cache.
> Task :app:preBuild UP-TO-DATE
> Task :app:generateDebugAssets UP-TO-DATE
> Task :app:preDebugBuild UP-TO-DATE
> Task :app:preDebugAndroidTestBuild SKIPPED
> Task :app:generateDebugBuildConfig UP-TO-DATE
> Task :app:generateDebugResValues UP-TO-DATE
> Task :app:generateDebugGlobalSynthetics UP-TO-DATE
> Task :app:generateDebugJacocoPropertiesFile UP-TO-DATE
> Task :app:mergeDebugNativeDebugMetadata NO-SOURCE
> Task :app:createDebugCompatibleScreenManifests UP-TO-DATE
> Task :app:generateDebugResources UP-TO-DATE
> Task :app:extractProguardFiles UP-TO-DATE
> Task :app:mapDebugSourceSetPaths UP-TO-DATE
> Task :app:extractDeepLinksDebug UP-TO-DATE
> Task :app:mergeDebugJniLibFolders UP-TO-DATE
> Task :app:writeDebugAppMetadata UP-TO-DATE
> Task :app:validateSigningDebug UP-TO-DATE
> Task :app:javaPreCompileDebug UP-TO-DATE
> Task :app:preDebugUnitTestBuild UP-TO-DATE
> Task :app:generateDebugAndroidTestResValues UP-TO-DATE
> Task :app:writeDebugSigningConfigVersions UP-TO-DATE
> Task :app:generateDebugAndroidTestResources UP-TO-DATE
> Task :app:packageDebugResources UP-TO-DATE
> Task :app:desugarDebugFileDependencies UP-TO-DATE
> Task :app:packageDebugAndroidTestResources UP-TO-DATE
> Task :app:processDebugAndroidTestNavigationResources UP-TO-DATE
> Task :app:parseDebugAndroidTestLocalResources UP-TO-DATE
> Task :app:checkDebugDuplicateClasses UP-TO-DATE
> Task :app:generateDebugAndroidTestRFile UP-TO-DATE
> Task :app:mergeDebugAssets UP-TO-DATE
> Task :app:checkDebugAarMetadata UP-TO-DATE
> Task :app:processDebugNavigationResources UP-TO-DATE
> Task :app:compressDebugAssets UP-TO-DATE
> Task :app:compileDebugNavigationResources UP-TO-DATE
> Task :app:parseDebugLocalResources UP-TO-DATE
> Task :app:mergeLibDexDebug UP-TO-DATE
> Task :app:mergeDebugNativeLibs UP-TO-DATE
> Task :app:mergeDebugResources UP-TO-DATE
> Task :app:generateDebugRFile UP-TO-DATE
> Task :app:stripDebugDebugSymbols UP-TO-DATE
> Task :app:processDebugMainManifest UP-TO-DATE
> Task :app:processDebugManifest UP-TO-DATE
> Task :app:processDebugManifestForPackage UP-TO-DATE
> Task :app:mergeDebugAndroidTestManifest UP-TO-DATE
> Task :app:processDebugAndroidTestManifest UP-TO-DATE
> Task :app:generateDebugAndroidTestBuildConfig UP-TO-DATE
> Task :app:kspDebugKotlin UP-TO-DATE
> Task :app:mergeExtDexDebug UP-TO-DATE
> Task :app:compileDebugKotlin UP-TO-DATE
> Task :app:processDebugResources UP-TO-DATE
> Task :app:compileDebugJavaWithJavac UP-TO-DATE
> Task :app:processDebugJavaRes UP-TO-DATE
> Task :app:bundleDebugClassesToCompileJar UP-TO-DATE
> Task :app:kspDebugAndroidTestKotlin SKIPPED
> Task :app:copyRoomSchemas NO-SOURCE
> Task :app:mergeDebugJavaResource UP-TO-DATE
> Task :app:generateDebugUnitTestLintModel
> Task :app:generateDebugAndroidTestLintModel
> Task :app:generateDebugLintReportModel
> Task :app:compileDebugAndroidTestKotlin
> Task :app:jacocoDebug
> Task :app:dexBuilderDebug
> Task :app:mergeProjectDexDebug
> Task :app:packageDebug
> Task :app:createDebugApkListingFileRedirect UP-TO-DATE
> Task :app:assembleDebug
> Task :app:lintAnalyzeDebugUnitTest
> Task :app:lintAnalyzeDebugAndroidTest
> Task :app:lintAnalyzeDebug

> Task :app:lintReportDebug
Wrote HTML report to file:///root/repos/whip/app/build/reports/lint-results-debug.html
Wrote SARIF report to file:///root/repos/whip/app/build/reports/lint-results-debug.sarif

> Task :app:lintDebug

BUILD SUCCESSFUL in 2m 27s
62 actionable tasks: 13 executed, 49 up-to-date
Configuration cache entry reused.
Affected-change readiness gate passed. Frozen-candidate evidence was not created.
Play Store note: qualify these inputs with a fresh scripts/candidate run only when preparing a store release.
