INSTRUMENTATION_STATUS: numtests=2
INSTRUMENTATION_STATUS: stream=
com.whip.app.TrackDraftRecoveryUiTest:
INSTRUMENTATION_STATUS: id=AndroidJUnitRunner
INSTRUMENTATION_STATUS: test=recoveryNoticesRemainReadableAtLargeText
INSTRUMENTATION_STATUS: class=com.whip.app.TrackDraftRecoveryUiTest
INSTRUMENTATION_STATUS: current=1
INSTRUMENTATION_STATUS_CODE: 1
INSTRUMENTATION_STATUS: numtests=2
INSTRUMENTATION_STATUS: stream=.
INSTRUMENTATION_STATUS: id=AndroidJUnitRunner
INSTRUMENTATION_STATUS: test=recoveryNoticesRemainReadableAtLargeText
INSTRUMENTATION_STATUS: class=com.whip.app.TrackDraftRecoveryUiTest
INSTRUMENTATION_STATUS: current=1
INSTRUMENTATION_STATUS_CODE: 0
INSTRUMENTATION_STATUS: numtests=2
INSTRUMENTATION_STATUS: stream=
INSTRUMENTATION_STATUS: id=AndroidJUnitRunner
INSTRUMENTATION_STATUS: test=recoveryNoticesDistinguishLiveAndUnavailableDrafts
INSTRUMENTATION_STATUS: class=com.whip.app.TrackDraftRecoveryUiTest
INSTRUMENTATION_STATUS: current=2
INSTRUMENTATION_STATUS_CODE: 1
INSTRUMENTATION_STATUS: numtests=2
INSTRUMENTATION_STATUS: stream=.
INSTRUMENTATION_STATUS: id=AndroidJUnitRunner
INSTRUMENTATION_STATUS: test=recoveryNoticesDistinguishLiveAndUnavailableDrafts
INSTRUMENTATION_STATUS: class=com.whip.app.TrackDraftRecoveryUiTest
INSTRUMENTATION_STATUS: current=2
INSTRUMENTATION_STATUS_CODE: 0
INSTRUMENTATION_RESULT: stream=

Time: 6.605

OK (2 tests)


INSTRUMENTATION_CODE: -1
