Reusing configuration cache.
> Task :app:preBuild UP-TO-DATE
> Task :app:preDebugBuild UP-TO-DATE
> Task :app:preDebugAndroidTestBuild SKIPPED
> Task :app:generateDebugBuildConfig UP-TO-DATE
> Task :app:generateDebugAndroidTestResValues UP-TO-DATE
> Task :app:javaPreCompileDebug UP-TO-DATE
> Task :app:createDebugCompatibleScreenManifests UP-TO-DATE
> Task :app:generateDebugResValues UP-TO-DATE
> Task :app:processDebugAndroidTestNavigationResources UP-TO-DATE
> Task :app:generateDebugAndroidTestResources UP-TO-DATE
> Task :app:generateDebugResources UP-TO-DATE
> Task :app:mapDebugSourceSetPaths UP-TO-DATE
> Task :app:extractDeepLinksDebug UP-TO-DATE
> Task :app:packageDebugAndroidTestResources UP-TO-DATE
> Task :app:packageDebugResources UP-TO-DATE
> Task :app:parseDebugAndroidTestLocalResources UP-TO-DATE
> Task :app:generateDebugAndroidTestRFile UP-TO-DATE
> Task :app:processDebugNavigationResources UP-TO-DATE
> Task :app:checkDebugAarMetadata UP-TO-DATE
> Task :app:compileDebugNavigationResources UP-TO-DATE
> Task :app:parseDebugLocalResources UP-TO-DATE
> Task :app:mergeDebugResources UP-TO-DATE
> Task :app:generateDebugRFile UP-TO-DATE
> Task :app:mergeDebugAndroidTestManifest UP-TO-DATE
> Task :app:processDebugMainManifest UP-TO-DATE
> Task :app:processDebugManifest UP-TO-DATE
> Task :app:processDebugAndroidTestManifest UP-TO-DATE
> Task :app:processDebugManifestForPackage UP-TO-DATE
> Task :app:generateDebugAndroidTestBuildConfig UP-TO-DATE
> Task :app:processDebugResources UP-TO-DATE
> Task :app:kspDebugKotlin
> Task :app:compileDebugKotlin
> Task :app:compileDebugJavaWithJavac UP-TO-DATE
> Task :app:bundleDebugClassesToCompileJar
> Task :app:kspDebugAndroidTestKotlin SKIPPED
> Task :app:copyRoomSchemas NO-SOURCE
> Task :app:compileDebugAndroidTestKotlin

BUILD SUCCESSFUL in 10s
32 actionable tasks: 4 executed, 28 up-to-date
Configuration cache entry reused.
Targeted Android run 1/1.
Reusing configuration cache.
> Task :app:generateDebugAndroidTestAssets UP-TO-DATE
> Task :app:preBuild UP-TO-DATE
> Task :app:generateDebugAssets UP-TO-DATE
> Task :app:preDebugBuild UP-TO-DATE
> Task :app:preDebugAndroidTestBuild SKIPPED
> Task :app:copyRoomSchemasToAndroidTestAssetsDebugAndroidTest UP-TO-DATE
> Task :app:mergeDebugNativeDebugMetadata NO-SOURCE
> Task :app:javaPreCompileDebug UP-TO-DATE
> Task :app:generateDebugResValues UP-TO-DATE
> Task :app:generateDebugAndroidTestResValues UP-TO-DATE
> Task :app:generateDebugJacocoPropertiesFile UP-TO-DATE
> Task :app:createDebugCompatibleScreenManifests UP-TO-DATE
> Task :app:javaPreCompileDebugAndroidTest UP-TO-DATE
> Task :app:processDebugAndroidTestNavigationResources UP-TO-DATE
> Task :app:mapDebugSourceSetPaths UP-TO-DATE
> Task :app:generateDebugResources UP-TO-DATE
> Task :app:generateDebugGlobalSynthetics UP-TO-DATE
> Task :app:generateDebugAndroidTestResources UP-TO-DATE
> Task :app:extractDeepLinksDebug UP-TO-DATE
> Task :app:validateSigningDebug UP-TO-DATE
> Task :app:generateDebugBuildConfig UP-TO-DATE
> Task :app:writeDebugAppMetadata UP-TO-DATE
> Task :app:generateDebugAndroidTestGlobalSynthetics UP-TO-DATE
> Task :app:desugarDebugFileDependencies UP-TO-DATE
> Task :app:mergeDebugJniLibFolders UP-TO-DATE
> Task :app:writeDebugSigningConfigVersions UP-TO-DATE
> Task :app:mapDebugAndroidTestSourceSetPaths UP-TO-DATE
> Task :app:desugarDebugAndroidTestFileDependencies UP-TO-DATE
> Task :app:writeDebugAndroidTestSigningConfigVersions UP-TO-DATE
> Task :app:validateSigningDebugAndroidTest UP-TO-DATE
> Task :app:mergeDebugAndroidTestJniLibFolders UP-TO-DATE
> Task :app:compileDebugAndroidTestNavigationResources UP-TO-DATE
> Task :app:packageDebugResources UP-TO-DATE
> Task :app:packageDebugAndroidTestResources UP-TO-DATE
> Task :app:parseDebugAndroidTestLocalResources UP-TO-DATE
> Task :app:mergeDebugAssets UP-TO-DATE
> Task :app:checkDebugAarMetadata UP-TO-DATE
> Task :app:mergeDebugAndroidTestAssets UP-TO-DATE
> Task :app:generateDebugAndroidTestRFile UP-TO-DATE
> Task :app:compressDebugAssets UP-TO-DATE
> Task :app:checkDebugAndroidTestAarMetadata UP-TO-DATE
> Task :app:processDebugNavigationResources UP-TO-DATE
> Task :app:compressDebugAndroidTestAssets UP-TO-DATE
> Task :app:compileDebugNavigationResources UP-TO-DATE
> Task :app:checkDebugDuplicateClasses UP-TO-DATE
> Task :app:mergeLibDexDebug UP-TO-DATE
> Task :app:mergeDebugResources UP-TO-DATE
> Task :app:mergeDebugAndroidTestResources UP-TO-DATE
> Task :app:parseDebugLocalResources UP-TO-DATE
> Task :app:checkDebugAndroidTestDuplicateClasses UP-TO-DATE
> Task :app:mergeDebugNativeLibs UP-TO-DATE
> Task :app:generateDebugRFile UP-TO-DATE
> Task :app:mergeLibDexDebugAndroidTest UP-TO-DATE
> Task :app:stripDebugDebugSymbols UP-TO-DATE
> Task :app:processDebugMainManifest UP-TO-DATE
> Task :app:mergeDebugAndroidTestManifest UP-TO-DATE
> Task :app:processDebugAndroidTestManifest UP-TO-DATE
> Task :app:generateDebugAndroidTestBuildConfig UP-TO-DATE
> Task :app:processDebugManifest UP-TO-DATE
> Task :app:processDebugManifestForPackage UP-TO-DATE
> Task :app:mergeDebugAndroidTestNativeLibs NO-SOURCE
> Task :app:kspDebugKotlin UP-TO-DATE
> Task :app:stripDebugAndroidTestDebugSymbols NO-SOURCE
> Task :app:mergeExtDexDebug UP-TO-DATE
> Task :app:mergeExtDexDebugAndroidTest UP-TO-DATE
> Task :app:compileDebugKotlin UP-TO-DATE
> Task :app:processDebugResources UP-TO-DATE
> Task :app:processDebugAndroidTestResources UP-TO-DATE
> Task :app:compileDebugJavaWithJavac UP-TO-DATE
> Task :app:bundleDebugClassesToCompileJar UP-TO-DATE
> Task :app:kspDebugAndroidTestKotlin SKIPPED
> Task :app:processDebugJavaRes UP-TO-DATE
> Task :app:mergeDebugJavaResource UP-TO-DATE
> Task :app:compileDebugAndroidTestKotlin UP-TO-DATE
> Task :app:processDebugAndroidTestJavaRes UP-TO-DATE
> Task :app:mergeDebugAndroidTestJavaResource UP-TO-DATE
> Task :app:compileDebugAndroidTestJavaWithJavac UP-TO-DATE
> Task :app:copyRoomSchemas NO-SOURCE
> Task :app:dexBuilderDebugAndroidTest UP-TO-DATE
> Task :app:mergeProjectDexDebugAndroidTest UP-TO-DATE
> Task :app:packageDebugAndroidTest UP-TO-DATE
> Task :app:createDebugAndroidTestApkListingFileRedirect UP-TO-DATE
> Task :app:assembleDebugAndroidTest UP-TO-DATE
> Task :app:jacocoDebug
> Task :app:dexBuilderDebug
> Task :app:mergeProjectDexDebug
> Task :app:packageDebug
> Task :app:assembleDebug
> Task :app:createDebugApkListingFileRedirect UP-TO-DATE

BUILD SUCCESSFUL in 14s
77 actionable tasks: 4 executed, 73 up-to-date
Configuration cache entry reused.
Android batch 1/1 (ordinary, 7 selector(s)).
> Task :app:preBuild UP-TO-DATE
> Task :app:preDebugBuild UP-TO-DATE
> Task :app:generateDebugBuildConfig UP-TO-DATE
> Task :app:generateDebugResValues UP-TO-DATE
> Task :app:generateDebugResources UP-TO-DATE
> Task :app:packageDebugResources UP-TO-DATE
> Task :app:processDebugNavigationResources UP-TO-DATE
> Task :app:parseDebugLocalResources UP-TO-DATE
> Task :app:generateDebugRFile UP-TO-DATE
> Task :app:kspDebugKotlin UP-TO-DATE
> Task :app:compileDebugKotlin UP-TO-DATE
> Task :app:javaPreCompileDebug UP-TO-DATE
> Task :app:compileDebugJavaWithJavac UP-TO-DATE
> Task :app:checkDebugAarMetadata UP-TO-DATE
> Task :app:mapDebugSourceSetPaths UP-TO-DATE
> Task :app:compileDebugNavigationResources UP-TO-DATE
> Task :app:mergeDebugResources UP-TO-DATE
> Task :app:createDebugCompatibleScreenManifests UP-TO-DATE
> Task :app:extractDeepLinksDebug UP-TO-DATE
> Task :app:processDebugMainManifest UP-TO-DATE
> Task :app:processDebugManifest UP-TO-DATE
> Task :app:processDebugManifestForPackage UP-TO-DATE
> Task :app:processDebugResources UP-TO-DATE
> Task :app:bundleDebugClassesToCompileJar UP-TO-DATE
> Task :app:preDebugAndroidTestBuild SKIPPED
> Task :app:mergeDebugAndroidTestManifest UP-TO-DATE
> Task :app:processDebugAndroidTestManifest UP-TO-DATE
> Task :app:generateDebugAndroidTestBuildConfig UP-TO-DATE
> Task :app:generateDebugAndroidTestResValues UP-TO-DATE
> Task :app:generateDebugAndroidTestResources UP-TO-DATE
> Task :app:packageDebugAndroidTestResources UP-TO-DATE
> Task :app:processDebugAndroidTestNavigationResources UP-TO-DATE
> Task :app:parseDebugAndroidTestLocalResources UP-TO-DATE
> Task :app:generateDebugAndroidTestRFile UP-TO-DATE
> Task :app:kspDebugAndroidTestKotlin SKIPPED
> Task :app:compileDebugAndroidTestKotlin UP-TO-DATE
> Task :app:javaPreCompileDebugAndroidTest UP-TO-DATE
> Task :app:compileDebugAndroidTestJavaWithJavac UP-TO-DATE
> Task :app:copyRoomSchemas NO-SOURCE
> Task :app:generateDebugAssets UP-TO-DATE
> Task :app:mergeDebugAssets UP-TO-DATE
> Task :app:compressDebugAssets UP-TO-DATE
> Task :app:generateDebugGlobalSynthetics UP-TO-DATE
> Task :app:generateDebugJacocoPropertiesFile UP-TO-DATE
> Task :app:processDebugJavaRes UP-TO-DATE
> Task :app:mergeDebugJavaResource UP-TO-DATE
> Task :app:checkDebugDuplicateClasses UP-TO-DATE
> Task :app:desugarDebugFileDependencies UP-TO-DATE
> Task :app:mergeExtDexDebug UP-TO-DATE
> Task :app:mergeLibDexDebug UP-TO-DATE
> Task :app:jacocoDebug UP-TO-DATE
> Task :app:dexBuilderDebug UP-TO-DATE
> Task :app:mergeProjectDexDebug UP-TO-DATE
> Task :app:mergeDebugJniLibFolders UP-TO-DATE
> Task :app:mergeDebugNativeLibs UP-TO-DATE
> Task :app:stripDebugDebugSymbols UP-TO-DATE
> Task :app:validateSigningDebug UP-TO-DATE
> Task :app:writeDebugAppMetadata UP-TO-DATE
> Task :app:writeDebugSigningConfigVersions UP-TO-DATE
> Task :app:packageDebug UP-TO-DATE
> Task :app:createDebugApkListingFileRedirect UP-TO-DATE
> Task :app:copyRoomSchemasToAndroidTestAssetsDebugAndroidTest UP-TO-DATE
> Task :app:generateDebugAndroidTestAssets UP-TO-DATE
> Task :app:mergeDebugAndroidTestAssets UP-TO-DATE
> Task :app:compressDebugAndroidTestAssets UP-TO-DATE
> Task :app:generateDebugAndroidTestGlobalSynthetics UP-TO-DATE
> Task :app:processDebugAndroidTestJavaRes UP-TO-DATE
> Task :app:mergeDebugAndroidTestJavaResource UP-TO-DATE
> Task :app:checkDebugAndroidTestDuplicateClasses UP-TO-DATE
> Task :app:desugarDebugAndroidTestFileDependencies UP-TO-DATE
> Task :app:mergeExtDexDebugAndroidTest UP-TO-DATE
> Task :app:mergeLibDexDebugAndroidTest UP-TO-DATE
> Task :app:checkDebugAndroidTestAarMetadata UP-TO-DATE
> Task :app:mapDebugAndroidTestSourceSetPaths UP-TO-DATE
> Task :app:compileDebugAndroidTestNavigationResources UP-TO-DATE
> Task :app:mergeDebugAndroidTestResources UP-TO-DATE
> Task :app:processDebugAndroidTestResources UP-TO-DATE
> Task :app:dexBuilderDebugAndroidTest UP-TO-DATE
> Task :app:mergeProjectDexDebugAndroidTest UP-TO-DATE
> Task :app:mergeDebugAndroidTestJniLibFolders UP-TO-DATE
> Task :app:mergeDebugAndroidTestNativeLibs NO-SOURCE
> Task :app:stripDebugAndroidTestDebugSymbols NO-SOURCE
> Task :app:validateSigningDebugAndroidTest UP-TO-DATE
> Task :app:writeDebugAndroidTestSigningConfigVersions UP-TO-DATE
> Task :app:packageDebugAndroidTest UP-TO-DATE
> Task :app:createDebugAndroidTestApkListingFileRedirect UP-TO-DATE
Starting 7 tests on whip_api34(AVD) - 14
whip_api34(AVD) - 14 Tests 2/7 completed. (0 skipped) (0 failed)

com.whip.app.HomeHabitAudit2UiTest > futureHistoryDateRetainsDraftAndOffersReachableCorrection[whip_api34(AVD) - 14] [31mFAILED [0m
	java.lang.AssertionError: Failed to assert the following: (Text + InputText + EditableText contains 'scoop of concentrated mixture' (ignoreCase: false))
	Semantics of the node:

com.whip.app.TaskDayPlannerUiTest > manyCandidatesAndExhaustedCapacityRemainReachableWithKeyboard[whip_api34(AVD) - 14] [31mFAILED [0m
	java.lang.AssertionError: No node found that matches Text + InputText + EditableText contains 'Plan My Day' (ignoreCase: false) in scrollable container
	Semantics of the node:

com.whip.app.TaskDayPlannerUiTest > shortLargeTextSelectionKeepsResultsAndCompletionReachable[whip_api34(AVD) - 14] [31mFAILED [0m
	java.lang.AssertionError: Failed to inject touch input.
	Reason: Expected exactly '1' node but could not find any node that satisfies: (Text + InputText + EditableText contains 'Select' (ignoreCase: false))
whip_api34(AVD) - 14 Tests 5/7 completed. (0 skipped) (3 failed)

com.whip.app.ui.SettingsResponsiveUiTest > encryptedBackupInputsKeepSecretKeyboardAndExplainMismatchAtLargeText[whip_api34(AVD) - 14] [31mFAILED [0m
	java.lang.AssertionError: Semantic Node has no parent layout with a Scroll SemanticsAction
	at androidx.compose.ui.test.ActionsKt.scrollToNode(Actions.kt:98)
> Task :app:connectedDebugAndroidTest

Tests on whip_api34(AVD) - 14 failed: There was 4 failure(s).
Finished 7 tests on whip_api34(AVD) - 14
Execute com.whip.app.HomeHabitAudit2UiTest.futureHistoryDateRetainsDraftAndOffersReachableCorrection: FAILED
java.lang.AssertionError: java.lang.AssertionError: Failed to assert the following: (Text + InputText + EditableText contains 'scoop of concentrated mixture' (ignoreCase: false))
Semantics of the node:
Node #374 at (l=63.0, t=1039.0, r=1017.0, b=1313.0)px, Tag: 'habit-history-value'
ContentDataType = 'AndroidContentDataType(androidAutofillType=1)'
EditableText = '1'
FillableData = 'androidx.compose.ui.autofill.AndroidFillableData@db3219e'
Focused = 'false'
ImeAction = 'Default'
InputText = '1'
IsEditable = 'true'
Text = '[Amount (scoop of concentrated mixture)]'
TextSelectionRange = 'TextRange(0, 0)'
Actions = [ClearTextSubstitution, GetTextLayoutResult, InsertTextAtCursor, OnClick, OnFillData, OnLongClick, PasteText, PerformImeAction, RequestFocus, SetSelection, SetText, SetTextSubstitution, ShowTextSubstitution]
MergeDescendants = 'true'
Has 5 siblings
Selector used: (TestTag = 'habit-history-value')

at androidx.compose.ui.test.AssertionsKt.assert(Assertions.kt:293)
at androidx.compose.ui.test.AssertionsKt.assert$default(Assertions.kt:283)
at androidx.compose.ui.test.AssertionsKt.assertTextContains(Assertions.kt:237)
at androidx.compose.ui.test.AssertionsKt.assertTextContains$default(Assertions.kt:233)
at com.whip.app.HomeHabitAudit2UiTest.futureHistoryDateRetainsDraftAndOffersReachableCorrection(HomeHabitAudit2UiTest.kt:64)

java.lang.AssertionError: Failed to assert the following: (Text + InputText + EditableText contains 'scoop of concentrated mixture' (ignoreCase: false))
Semantics of the node:
Node #374 at (l=63.0, t=1039.0, r=1017.0, b=1313.0)px, Tag: 'habit-history-value'
ContentDataType = 'AndroidContentDataType(androidAutofillType=1)'
EditableText = '1'
FillableData = 'androidx.compose.ui.autofill.AndroidFillableData@db3219e'
Focused = 'false'
ImeAction = 'Default'
InputText = '1'
IsEditable = 'true'
Text = '[Amount (scoop of concentrated mixture)]'
TextSelectionRange = 'TextRange(0, 0)'
Actions = [ClearTextSubstitution, GetTextLayoutResult, InsertTextAtCursor, OnClick, OnFillData, OnLongClick, PasteText, PerformImeAction, RequestFocus, SetSelection, SetText, SetTextSubstitution, ShowTextSubstitution]
MergeDescendants = 'true'
Has 5 siblings
Selector used: (TestTag = 'habit-history-value')

at androidx.compose.ui.test.AssertionsKt.assert(Assertions.kt:293)
at androidx.compose.ui.test.AssertionsKt.assert$default(Assertions.kt:283)
at androidx.compose.ui.test.AssertionsKt.assertTextContains(Assertions.kt:237)
at androidx.compose.ui.test.AssertionsKt.assertTextContains$default(Assertions.kt:233)
at com.whip.app.HomeHabitAudit2UiTest.futureHistoryDateRetainsDraftAndOffersReachableCorrection(HomeHabitAudit2UiTest.kt:64)
Execute com.whip.app.TaskDayPlannerUiTest.manyCandidatesAndExhaustedCapacityRemainReachableWithKeyboard: FAILED
java.lang.AssertionError: java.lang.AssertionError: No node found that matches Text + InputText + EditableText contains 'Plan My Day' (ignoreCase: false) in scrollable container
Semantics of the node:
Node #549 at (l=0.0, t=663.0, r=1080.0, b=1159.0)px, Tag: 'task-workspace-list'
CollectionInfo = 'CollectionInfo(rowCount=2, columnCount=1)'
IsTraversalGroup = 'true'
Shape = 'androidx.compose.foundation.VerticalScrollableClipShape@9d4f2b8'
VerticalScrollAxisRange = 'ScrollAxisRange(value=672.0, maxValue=672.0, reverseScrolling=false)'
Actions = [GetScrollViewportLength, IndexForKey, ScrollBy, ScrollByOffset, ScrollToIndex]
Has 1 child, 7 siblings
Selector used: (TestTag = 'task-workspace-list')

at androidx.compose.ui.test.ActionsKt.performScrollToNode(Actions.kt:258)
at com.whip.app.TaskDayPlannerUiTest.openPlanner(TaskDayPlannerUiTest.kt:106)
at com.whip.app.TaskDayPlannerUiTest.manyCandidatesAndExhaustedCapacityRemainReachableWithKeyboard(TaskDayPlannerUiTest.kt:71)

java.lang.AssertionError: No node found that matches Text + InputText + EditableText contains 'Plan My Day' (ignoreCase: false) in scrollable container
Semantics of the node:
Node #549 at (l=0.0, t=663.0, r=1080.0, b=1159.0)px, Tag: 'task-workspace-list'
CollectionInfo = 'CollectionInfo(rowCount=2, columnCount=1)'
IsTraversalGroup = 'true'
Shape = 'androidx.compose.foundation.VerticalScrollableClipShape@9d4f2b8'
VerticalScrollAxisRange = 'ScrollAxisRange(value=672.0, maxValue=672.0, reverseScrolling=false)'
Actions = [GetScrollViewportLength, IndexForKey, ScrollBy, ScrollByOffset, ScrollToIndex]
Has 1 child, 7 siblings
Selector used: (TestTag = 'task-workspace-list')

at androidx.compose.ui.test.ActionsKt.performScrollToNode(Actions.kt:258)
at com.whip.app.TaskDayPlannerUiTest.openPlanner(TaskDayPlannerUiTest.kt:106)
at com.whip.app.TaskDayPlannerUiTest.manyCandidatesAndExhaustedCapacityRemainReachableWithKeyboard(TaskDayPlannerUiTest.kt:71)
Execute com.whip.app.TaskDayPlannerUiTest.shortLargeTextSelectionKeepsResultsAndCompletionReachable: FAILED
java.lang.AssertionError: java.lang.AssertionError: Failed to inject touch input.
Reason: Expected exactly '1' node but could not find any node that satisfies: (Text + InputText + EditableText contains 'Select' (ignoreCase: false))

at androidx.compose.ui.test.SemanticsNodeInteraction.fetchOneOrThrow(SemanticsNodeInteraction.kt:178)
at androidx.compose.ui.test.SemanticsNodeInteraction.fetchOneOrThrow$default(SemanticsNodeInteraction.kt:150)
at androidx.compose.ui.test.SemanticsNodeInteraction.fetchSemanticsNode(SemanticsNodeInteraction.kt:84)
at androidx.compose.ui.test.ActionsKt.performTouchInput(Actions.kt:403)
at androidx.compose.ui.test.AndroidActions.performClickImpl(Actions.android.kt:23)
at androidx.compose.ui.test.ActionsKt.performClick(Actions.kt:61)
at com.whip.app.TaskDayPlannerUiTest.shortLargeTextSelectionKeepsResultsAndCompletionReachable(TaskDayPlannerUiTest.kt:95)

java.lang.AssertionError: Failed to inject touch input.
Reason: Expected exactly '1' node but could not find any node that satisfies: (Text + InputText + EditableText contains 'Select' (ignoreCase: false))

at androidx.compose.ui.test.SemanticsNodeInteraction.fetchOneOrThrow(SemanticsNodeInteraction.kt:178)
at androidx.compose.ui.test.SemanticsNodeInteraction.fetchOneOrThrow$default(SemanticsNodeInteraction.kt:150)
at androidx.compose.ui.test.SemanticsNodeInteraction.fetchSemanticsNode(SemanticsNodeInteraction.kt:84)
at androidx.compose.ui.test.ActionsKt.performTouchInput(Actions.kt:403)
at androidx.compose.ui.test.AndroidActions.performClickImpl(Actions.android.kt:23)
at androidx.compose.ui.test.ActionsKt.performClick(Actions.kt:61)
at com.whip.app.TaskDayPlannerUiTest.shortLargeTextSelectionKeepsResultsAndCompletionReachable(TaskDayPlannerUiTest.kt:95)
Execute com.whip.app.ui.SettingsResponsiveUiTest.encryptedBackupInputsKeepSecretKeyboardAndExplainMismatchAtLargeText: FAILED
java.lang.AssertionError: java.lang.AssertionError: Semantic Node has no parent layout with a Scroll SemanticsAction
at androidx.compose.ui.test.ActionsKt.scrollToNode(Actions.kt:98)
at androidx.compose.ui.test.ActionsKt.performScrollTo(Actions.kt:83)
at com.whip.app.ui.SettingsResponsiveUiTest.encryptedBackupInputsKeepSecretKeyboardAndExplainMismatchAtLargeText(SettingsResponsiveUiTest.kt:90)

java.lang.AssertionError: Semantic Node has no parent layout with a Scroll SemanticsAction
at androidx.compose.ui.test.ActionsKt.scrollToNode(Actions.kt:98)
at androidx.compose.ui.test.ActionsKt.performScrollTo(Actions.kt:83)
at com.whip.app.ui.SettingsResponsiveUiTest.encryptedBackupInputsKeepSecretKeyboardAndExplainMismatchAtLargeText(SettingsResponsiveUiTest.kt:90)

> Task :app:connectedDebugAndroidTest FAILED

FAILURE: Build failed with an exception.

* What went wrong:
Execution failed for task ':app:connectedDebugAndroidTest' (registered by plugin 'com.android.internal.application').
> There were failing tests. See the report at: file:///root/repos/whip/app/build/whip-android-workers/instrumentation-results-dlgjlw-worker-1/reports/index.html

* Try:
> Run with --stacktrace option to get the stack trace.
> Run with --info or --debug option to get more log output.
> Run with --scan to get full insights from a Build Scan (powered by Develocity).
> Get more help at https://help.gradle.org.

BUILD FAILED in 31s
78 actionable tasks: 1 executed, 77 up-to-date
error: Android batch 1 requires a successful Gradle task, nonzero tests, and zero failures/skips; got status/tests/failures/skips 1/7/4/0; results retained in /root/repos/whip/build/instrumentation-results-dLgJLW
