Route A artifacts/astra-audit/2026-09-09/csv-recovery/api26.log -> candidate:required (unclassified repository path)
Route A artifacts/astra-audit/2026-09-09/csv-recovery/api26/capture-files.json -> candidate:required (unclassified repository path)
Route A artifacts/astra-audit/2026-09-09/csv-recovery/api26/tracks.csv-recovery.invalid.large.png -> candidate:required (unclassified repository path)
Route A artifacts/astra-audit/2026-09-09/csv-recovery/api26/tracks.csv-recovery.invalid.large.xml -> candidate:required (unclassified repository path)
Route A artifacts/astra-audit/2026-09-09/csv-recovery/api26/tracks.csv-recovery.invalid.ordinary.png -> candidate:required (unclassified repository path)
Route A artifacts/astra-audit/2026-09-09/csv-recovery/api26/tracks.csv-recovery.invalid.ordinary.xml -> candidate:required (unclassified repository path)
Route A artifacts/astra-audit/2026-09-09/csv-recovery/api26/tracks.csv-recovery.replacement-cancelled.large.png -> candidate:required (unclassified repository path)
Route A artifacts/astra-audit/2026-09-09/csv-recovery/api26/tracks.csv-recovery.replacement-cancelled.large.xml -> candidate:required (unclassified repository path)
Route A artifacts/astra-audit/2026-09-09/csv-recovery/api26/tracks.csv-recovery.replacement-cancelled.ordinary.png -> candidate:required (unclassified repository path)
Route A artifacts/astra-audit/2026-09-09/csv-recovery/api26/tracks.csv-recovery.replacement-cancelled.ordinary.xml -> candidate:required (unclassified repository path)
Route A artifacts/astra-audit/2026-09-09/csv-recovery/api26/tracks.csv-recovery.replacement-ready.large.png -> candidate:required (unclassified repository path)
Route A artifacts/astra-audit/2026-09-09/csv-recovery/api26/tracks.csv-recovery.replacement-ready.large.xml -> candidate:required (unclassified repository path)
Route A artifacts/astra-audit/2026-09-09/csv-recovery/api26/tracks.csv-recovery.replacement-ready.ordinary.png -> candidate:required (unclassified repository path)
Route A artifacts/astra-audit/2026-09-09/csv-recovery/api26/tracks.csv-recovery.replacement-ready.ordinary.xml -> candidate:required (unclassified repository path)
Route A artifacts/astra-audit/2026-09-09/csv-recovery/api34/capture-files.json -> candidate:required (unclassified repository path)
Route A artifacts/astra-audit/2026-09-09/csv-recovery/api34/tracks.csv-recovery.invalid.large.png -> candidate:required (unclassified repository path)
Route A artifacts/astra-audit/2026-09-09/csv-recovery/api34/tracks.csv-recovery.invalid.large.xml -> candidate:required (unclassified repository path)
Route A artifacts/astra-audit/2026-09-09/csv-recovery/api34/tracks.csv-recovery.invalid.ordinary.png -> candidate:required (unclassified repository path)
Route A artifacts/astra-audit/2026-09-09/csv-recovery/api34/tracks.csv-recovery.invalid.ordinary.xml -> candidate:required (unclassified repository path)
Route A artifacts/astra-audit/2026-09-09/csv-recovery/api34/tracks.csv-recovery.replacement-cancelled.large.png -> candidate:required (unclassified repository path)
Route A artifacts/astra-audit/2026-09-09/csv-recovery/api34/tracks.csv-recovery.replacement-cancelled.large.xml -> candidate:required (unclassified repository path)
Route A artifacts/astra-audit/2026-09-09/csv-recovery/api34/tracks.csv-recovery.replacement-cancelled.ordinary.png -> candidate:required (unclassified repository path)
Route A artifacts/astra-audit/2026-09-09/csv-recovery/api34/tracks.csv-recovery.replacement-cancelled.ordinary.xml -> candidate:required (unclassified repository path)
Route A artifacts/astra-audit/2026-09-09/csv-recovery/api34/tracks.csv-recovery.replacement-ready.large.png -> candidate:required (unclassified repository path)
Route A artifacts/astra-audit/2026-09-09/csv-recovery/api34/tracks.csv-recovery.replacement-ready.large.xml -> candidate:required (unclassified repository path)
Route A artifacts/astra-audit/2026-09-09/csv-recovery/api34/tracks.csv-recovery.replacement-ready.ordinary.png -> candidate:required (unclassified repository path)
Route A artifacts/astra-audit/2026-09-09/csv-recovery/api34/tracks.csv-recovery.replacement-ready.ordinary.xml -> candidate:required (unclassified repository path)
Route A artifacts/astra-audit/2026-09-09/csv-recovery/api37.log -> candidate:required (unclassified repository path)
Route A artifacts/astra-audit/2026-09-09/csv-recovery/api37/capture-files.json -> candidate:required (unclassified repository path)
Route A artifacts/astra-audit/2026-09-09/csv-recovery/api37/tracks.csv-recovery.invalid.large.png -> candidate:required (unclassified repository path)
Route A artifacts/astra-audit/2026-09-09/csv-recovery/api37/tracks.csv-recovery.invalid.large.xml -> candidate:required (unclassified repository path)
Route A artifacts/astra-audit/2026-09-09/csv-recovery/api37/tracks.csv-recovery.invalid.ordinary.png -> candidate:required (unclassified repository path)
Route A artifacts/astra-audit/2026-09-09/csv-recovery/api37/tracks.csv-recovery.invalid.ordinary.xml -> candidate:required (unclassified repository path)
Route A artifacts/astra-audit/2026-09-09/csv-recovery/api37/tracks.csv-recovery.replacement-cancelled.large.png -> candidate:required (unclassified repository path)
Route A artifacts/astra-audit/2026-09-09/csv-recovery/api37/tracks.csv-recovery.replacement-cancelled.large.xml -> candidate:required (unclassified repository path)
Route A artifacts/astra-audit/2026-09-09/csv-recovery/api37/tracks.csv-recovery.replacement-cancelled.ordinary.png -> candidate:required (unclassified repository path)
Route A artifacts/astra-audit/2026-09-09/csv-recovery/api37/tracks.csv-recovery.replacement-cancelled.ordinary.xml -> candidate:required (unclassified repository path)
Route A artifacts/astra-audit/2026-09-09/csv-recovery/api37/tracks.csv-recovery.replacement-ready.large.png -> candidate:required (unclassified repository path)
Route A artifacts/astra-audit/2026-09-09/csv-recovery/api37/tracks.csv-recovery.replacement-ready.large.xml -> candidate:required (unclassified repository path)
Route A artifacts/astra-audit/2026-09-09/csv-recovery/api37/tracks.csv-recovery.replacement-ready.ordinary.png -> candidate:required (unclassified repository path)
Route A artifacts/astra-audit/2026-09-09/csv-recovery/api37/tracks.csv-recovery.replacement-ready.ordinary.xml -> candidate:required (unclassified repository path)
Route A artifacts/astra-audit/2026-09-09/csv-recovery/invalid-replacement.log -> candidate:required (unclassified repository path)
Route A artifacts/astra-audit/2026-09-09/csv-recovery/process-api34-large.log -> candidate:required (unclassified repository path)
Route A artifacts/astra-audit/2026-09-09/csv-recovery/process-api34-large/changed-background.txt -> candidate:required (unclassified repository path)
Route A artifacts/astra-audit/2026-09-09/csv-recovery/process-api34-large/changed-file-blocked.png -> candidate:required (unclassified repository path)
Route A artifacts/astra-audit/2026-09-09/csv-recovery/process-api34-large/changed-file-blocked.xml -> candidate:required (unclassified repository path)
Route A artifacts/astra-audit/2026-09-09/csv-recovery/process-api34-large/changed.csv -> candidate:required (unclassified repository path)
Route A artifacts/astra-audit/2026-09-09/csv-recovery/process-api34-large/complete-database-proof.json -> candidate:required (unclassified repository path)
Route A artifacts/astra-audit/2026-09-09/csv-recovery/process-api34-large/completed-without-source.png -> candidate:required (unclassified repository path)
Route A artifacts/astra-audit/2026-09-09/csv-recovery/process-api34-large/completed-without-source.xml -> candidate:required (unclassified repository path)
Route A artifacts/astra-audit/2026-09-09/csv-recovery/process-api34-large/fixture.json -> candidate:required (unclassified repository path)
Route A artifacts/astra-audit/2026-09-09/csv-recovery/process-api34-large/import-complete.png -> candidate:required (unclassified repository path)
Route A artifacts/astra-audit/2026-09-09/csv-recovery/process-api34-large/import-complete.xml -> candidate:required (unclassified repository path)
Route A artifacts/astra-audit/2026-09-09/csv-recovery/process-api34-large/proof.json -> candidate:required (unclassified repository path)
Route A artifacts/astra-audit/2026-09-09/csv-recovery/process-api34-large/ready-second.png -> candidate:required (unclassified repository path)
Route A artifacts/astra-audit/2026-09-09/csv-recovery/process-api34-large/ready-second.xml -> candidate:required (unclassified repository path)
Route A artifacts/astra-audit/2026-09-09/csv-recovery/process-api34-large/recovered-unchanged.png -> candidate:required (unclassified repository path)
Route A artifacts/astra-audit/2026-09-09/csv-recovery/process-api34-large/recovered-unchanged.xml -> candidate:required (unclassified repository path)
Route A artifacts/astra-audit/2026-09-09/csv-recovery/process-api34-large/replacement-reviewed.png -> candidate:required (unclassified repository path)
Route A artifacts/astra-audit/2026-09-09/csv-recovery/process-api34-large/replacement-reviewed.xml -> candidate:required (unclassified repository path)
Route A artifacts/astra-audit/2026-09-09/csv-recovery/process-api34-large/seed.log -> candidate:required (unclassified repository path)
Route A artifacts/astra-audit/2026-09-09/csv-recovery/process-api34-large/source-removed-background.txt -> candidate:required (unclassified repository path)
Route A artifacts/astra-audit/2026-09-09/csv-recovery/process-api34-large/transitions.json -> candidate:required (unclassified repository path)
Route A artifacts/astra-audit/2026-09-09/csv-recovery/process-api34-large/unchanged-background.txt -> candidate:required (unclassified repository path)
Route A artifacts/astra-audit/2026-09-09/csv-recovery/process-api34.log -> candidate:required (unclassified repository path)
Route A artifacts/astra-audit/2026-09-09/csv-recovery/process-api34/changed-background.txt -> candidate:required (unclassified repository path)
Route A artifacts/astra-audit/2026-09-09/csv-recovery/process-api34/changed-file-blocked.png -> candidate:required (unclassified repository path)
Route A artifacts/astra-audit/2026-09-09/csv-recovery/process-api34/changed-file-blocked.xml -> candidate:required (unclassified repository path)
Route A artifacts/astra-audit/2026-09-09/csv-recovery/process-api34/changed.csv -> candidate:required (unclassified repository path)
Route A artifacts/astra-audit/2026-09-09/csv-recovery/process-api34/complete-database-proof.json -> candidate:required (unclassified repository path)
Route A artifacts/astra-audit/2026-09-09/csv-recovery/process-api34/completed-without-source.png -> candidate:required (unclassified repository path)
Route A artifacts/astra-audit/2026-09-09/csv-recovery/process-api34/completed-without-source.xml -> candidate:required (unclassified repository path)
Route A artifacts/astra-audit/2026-09-09/csv-recovery/process-api34/fixture.json -> candidate:required (unclassified repository path)
Route A artifacts/astra-audit/2026-09-09/csv-recovery/process-api34/import-complete.png -> candidate:required (unclassified repository path)
Route A artifacts/astra-audit/2026-09-09/csv-recovery/process-api34/import-complete.xml -> candidate:required (unclassified repository path)
Route A artifacts/astra-audit/2026-09-09/csv-recovery/process-api34/proof.json -> candidate:required (unclassified repository path)
Route A artifacts/astra-audit/2026-09-09/csv-recovery/process-api34/ready-second.png -> candidate:required (unclassified repository path)
Route A artifacts/astra-audit/2026-09-09/csv-recovery/process-api34/ready-second.xml -> candidate:required (unclassified repository path)
Route A artifacts/astra-audit/2026-09-09/csv-recovery/process-api34/recovered-unchanged.png -> candidate:required (unclassified repository path)
Route A artifacts/astra-audit/2026-09-09/csv-recovery/process-api34/recovered-unchanged.xml -> candidate:required (unclassified repository path)
Route A artifacts/astra-audit/2026-09-09/csv-recovery/process-api34/replacement-reviewed.png -> candidate:required (unclassified repository path)
Route A artifacts/astra-audit/2026-09-09/csv-recovery/process-api34/replacement-reviewed.xml -> candidate:required (unclassified repository path)
Route A artifacts/astra-audit/2026-09-09/csv-recovery/process-api34/seed.log -> candidate:required (unclassified repository path)
Route A artifacts/astra-audit/2026-09-09/csv-recovery/process-api34/source-removed-background.txt -> candidate:required (unclassified repository path)
Route A artifacts/astra-audit/2026-09-09/csv-recovery/process-api34/transitions.json -> candidate:required (unclassified repository path)
Route A artifacts/astra-audit/2026-09-09/csv-recovery/process-api34/unchanged-background.txt -> candidate:required (unclassified repository path)
Route A artifacts/astra-audit/2026-09-09/csv-recovery/process_csv_recovery.py -> candidate:required (unclassified repository path)
Route M app/src/androidTest/java/com/whip/app/TrackCsvJourneyE2ETest.kt -> android:com.whip.app.TrackCsvJourneyE2ETest (exact Android test class)
Route M docs/product-memory/VERIFICATION.md -> profile:docs (documentation-only path)
Route M docs/quality/astra-dialog-font-review-2026-09-09.tsv -> candidate:required (machine-checked quality harness path)
Route M docs/quality/astra-surface-review-2026-09-08.tsv -> candidate:required (machine-checked quality harness path)
Route M docs/quality/ui-surface-catalog.tsv -> candidate:required (machine-checked quality harness path)
Route M docs/testing.md -> profile:docs (documentation-only path)
Profile: all
Profile: docs
Android selector: com.whip.app.TrackCsvJourneyE2ETest
All JVM tests: false
All Android tests: false
Static checks: true
Frozen candidate required: true
Reusing configuration cache.
> Task :app:preBuild UP-TO-DATE
> Task :app:preDebugBuild UP-TO-DATE
> Task :app:preDebugUnitTestBuild UP-TO-DATE
> Task :app:generateDebugJacocoPropertiesFile UP-TO-DATE
> Task :app:javaPreCompileDebugUnitTest UP-TO-DATE
> Task :app:createDebugCompatibleScreenManifests UP-TO-DATE
> Task :app:javaPreCompileDebug UP-TO-DATE
> Task :app:generateDebugResValues UP-TO-DATE
> Task :app:generateDebugBuildConfig UP-TO-DATE
> Task :app:generateDebugResources UP-TO-DATE
> Task :app:mapDebugSourceSetPaths UP-TO-DATE
> Task :app:extractDeepLinksDebug UP-TO-DATE
> Task :app:packageDebugResources UP-TO-DATE
> Task :app:checkDebugAarMetadata UP-TO-DATE
> Task :app:processDebugNavigationResources UP-TO-DATE
> Task :app:mergeDebugResources UP-TO-DATE
> Task :app:compileDebugNavigationResources UP-TO-DATE
> Task :app:parseDebugLocalResources UP-TO-DATE
> Task :app:generateDebugRFile UP-TO-DATE
> Task :app:processDebugMainManifest UP-TO-DATE
> Task :app:processDebugManifest UP-TO-DATE
> Task :app:processDebugManifestForPackage UP-TO-DATE
> Task :app:kspDebugKotlin UP-TO-DATE
> Task :app:compileDebugKotlin UP-TO-DATE
> Task :app:compileDebugJavaWithJavac UP-TO-DATE
> Task :app:processDebugResources UP-TO-DATE
> Task :app:bundleDebugClassesToCompileJar UP-TO-DATE
> Task :app:bundleDebugClassesToRuntimeJar UP-TO-DATE
> Task :app:kspDebugUnitTestKotlin SKIPPED
> Task :app:processDebugJavaRes UP-TO-DATE
> Task :app:compileDebugUnitTestKotlin UP-TO-DATE
> Task :app:processDebugUnitTestJavaRes UP-TO-DATE
> Task :app:compileDebugUnitTestJavaWithJavac NO-SOURCE
> Task :app:copyRoomSchemas NO-SOURCE
> Task :app:testDebugUnitTest UP-TO-DATE

BUILD SUCCESSFUL in 416ms
29 actionable tasks: 29 up-to-date
Configuration cache entry reused.
Targeted JVM checks passed; Android-test compilation was intentionally deferred.
Play Store assets verified: 512x512 icon, 1024x500 feature graphic, and 5 phone screenshots
Reusing configuration cache.
> Task :app:preBuild UP-TO-DATE
> Task :app:generateDebugAssets UP-TO-DATE
> Task :app:preDebugBuild UP-TO-DATE
> Task :app:preDebugUnitTestBuild UP-TO-DATE
> Task :app:extractProguardFiles UP-TO-DATE
> Task :app:generateDebugResValues UP-TO-DATE
> Task :app:generateDebugJacocoPropertiesFile UP-TO-DATE
> Task :app:javaPreCompileDebug UP-TO-DATE
> Task :app:generateDebugBuildConfig UP-TO-DATE
> Task :app:preDebugAndroidTestBuild SKIPPED
> Task :app:desugarDebugFileDependencies UP-TO-DATE
> Task :app:mapDebugSourceSetPaths UP-TO-DATE
> Task :app:generateDebugResources UP-TO-DATE
> Task :app:generateDebugAndroidTestResValues UP-TO-DATE
> Task :app:mergeDebugJniLibFolders UP-TO-DATE
> Task :app:createDebugCompatibleScreenManifests UP-TO-DATE
> Task :app:extractDeepLinksDebug UP-TO-DATE
> Task :app:processDebugAndroidTestNavigationResources UP-TO-DATE
> Task :app:validateSigningDebug UP-TO-DATE
> Task :app:generateDebugAndroidTestResources UP-TO-DATE
> Task :app:generateDebugGlobalSynthetics UP-TO-DATE
> Task :app:writeDebugAppMetadata UP-TO-DATE
> Task :app:mergeDebugNativeDebugMetadata NO-SOURCE
> Task :app:writeDebugSigningConfigVersions UP-TO-DATE
> Task :app:packageDebugAndroidTestResources UP-TO-DATE
> Task :app:packageDebugResources UP-TO-DATE
> Task :app:parseDebugAndroidTestLocalResources UP-TO-DATE
> Task :app:generateDebugAndroidTestRFile UP-TO-DATE
> Task :app:mergeDebugAssets UP-TO-DATE
> Task :app:checkDebugDuplicateClasses UP-TO-DATE
> Task :app:compressDebugAssets UP-TO-DATE
> Task :app:processDebugNavigationResources UP-TO-DATE
> Task :app:checkDebugAarMetadata UP-TO-DATE
> Task :app:mergeDebugResources UP-TO-DATE
> Task :app:mergeDebugNativeLibs UP-TO-DATE
> Task :app:mergeLibDexDebug UP-TO-DATE
> Task :app:parseDebugLocalResources UP-TO-DATE
> Task :app:compileDebugNavigationResources UP-TO-DATE
> Task :app:stripDebugDebugSymbols UP-TO-DATE
> Task :app:generateDebugRFile UP-TO-DATE
> Task :app:processDebugMainManifest UP-TO-DATE
> Task :app:mergeDebugAndroidTestManifest UP-TO-DATE
> Task :app:processDebugAndroidTestManifest UP-TO-DATE
> Task :app:processDebugManifest UP-TO-DATE
> Task :app:processDebugManifestForPackage UP-TO-DATE
> Task :app:generateDebugAndroidTestBuildConfig UP-TO-DATE
> Task :app:kspDebugKotlin UP-TO-DATE
> Task :app:mergeExtDexDebug UP-TO-DATE
> Task :app:compileDebugKotlin UP-TO-DATE
> Task :app:processDebugResources UP-TO-DATE
> Task :app:compileDebugJavaWithJavac UP-TO-DATE
> Task :app:bundleDebugClassesToCompileJar UP-TO-DATE
> Task :app:jacocoDebug UP-TO-DATE
> Task :app:processDebugJavaRes UP-TO-DATE
> Task :app:kspDebugAndroidTestKotlin SKIPPED
> Task :app:dexBuilderDebug UP-TO-DATE
> Task :app:copyRoomSchemas NO-SOURCE
> Task :app:mergeProjectDexDebug UP-TO-DATE
> Task :app:mergeDebugJavaResource UP-TO-DATE
> Task :app:packageDebug UP-TO-DATE
> Task :app:createDebugApkListingFileRedirect UP-TO-DATE
> Task :app:assembleDebug UP-TO-DATE
> Task :app:compileDebugAndroidTestKotlin UP-TO-DATE
> Task :app:generateDebugUnitTestLintModel UP-TO-DATE
> Task :app:generateDebugLintReportModel UP-TO-DATE
> Task :app:lintAnalyzeDebugUnitTest UP-TO-DATE
> Task :app:lintAnalyzeDebug UP-TO-DATE
> Task :app:generateDebugAndroidTestLintModel
> Task :app:lintAnalyzeDebugAndroidTest
> Task :app:lintReportDebug UP-TO-DATE
> Task :app:lintDebug

BUILD SUCCESSFUL in 28s
62 actionable tasks: 3 executed, 59 up-to-date
Configuration cache entry reused.
Affected-change readiness gate passed. Frozen-candidate evidence was not created.
Play Store note: qualify these inputs with a fresh scripts/candidate run only when preparing a store release.
