Starting a Gradle Daemon, 2 busy and 1 stopped Daemons could not be reused, use --status for details
Reusing configuration cache.
> Task :app:generateDebugAssets UP-TO-DATE
> Task :app:generateDebugAndroidTestAssets UP-TO-DATE
> Task :app:preBuild UP-TO-DATE
> Task :app:preDebugBuild UP-TO-DATE
> Task :app:preDebugAndroidTestBuild SKIPPED
> Task :app:mergeDebugNativeDebugMetadata NO-SOURCE
> Task :app:generateDebugBuildConfig UP-TO-DATE
> Task :app:javaPreCompileDebugAndroidTest UP-TO-DATE
> Task :app:createDebugCompatibleScreenManifests UP-TO-DATE
> Task :app:writeDebugSigningConfigVersions UP-TO-DATE
> Task :app:generateDebugGlobalSynthetics UP-TO-DATE
> Task :app:copyRoomSchemasToAndroidTestAssetsDebugAndroidTest UP-TO-DATE
> Task :app:validateSigningDebug UP-TO-DATE
> Task :app:processDebugAndroidTestNavigationResources UP-TO-DATE
> Task :app:generateDebugJacocoPropertiesFile UP-TO-DATE
> Task :app:mergeDebugJniLibFolders UP-TO-DATE
> Task :app:desugarDebugAndroidTestFileDependencies UP-TO-DATE
> Task :app:generateDebugResValues UP-TO-DATE
> Task :app:generateDebugAndroidTestResValues UP-TO-DATE
> Task :app:desugarDebugFileDependencies UP-TO-DATE
> Task :app:generateDebugAndroidTestGlobalSynthetics UP-TO-DATE
> Task :app:writeDebugAppMetadata UP-TO-DATE
> Task :app:javaPreCompileDebug UP-TO-DATE
> Task :app:writeDebugAndroidTestSigningConfigVersions UP-TO-DATE
> Task :app:extractDeepLinksDebug UP-TO-DATE
> Task :app:mapDebugSourceSetPaths UP-TO-DATE
> Task :app:mapDebugAndroidTestSourceSetPaths UP-TO-DATE
> Task :app:generateDebugResources UP-TO-DATE
> Task :app:generateDebugAndroidTestResources UP-TO-DATE
> Task :app:validateSigningDebugAndroidTest UP-TO-DATE
> Task :app:mergeDebugAndroidTestJniLibFolders UP-TO-DATE
> Task :app:compileDebugAndroidTestNavigationResources UP-TO-DATE
> Task :app:packageDebugAndroidTestResources UP-TO-DATE
> Task :app:packageDebugResources UP-TO-DATE
> Task :app:parseDebugAndroidTestLocalResources UP-TO-DATE
> Task :app:generateDebugAndroidTestRFile UP-TO-DATE
> Task :app:checkDebugDuplicateClasses UP-TO-DATE
> Task :app:checkDebugAndroidTestDuplicateClasses UP-TO-DATE
> Task :app:mergeLibDexDebug UP-TO-DATE
> Task :app:checkDebugAarMetadata UP-TO-DATE
> Task :app:processDebugNavigationResources UP-TO-DATE
> Task :app:mergeDebugAssets UP-TO-DATE
> Task :app:compileDebugNavigationResources UP-TO-DATE
> Task :app:compressDebugAssets UP-TO-DATE
> Task :app:parseDebugLocalResources UP-TO-DATE
> Task :app:checkDebugAndroidTestAarMetadata UP-TO-DATE
> Task :app:mergeLibDexDebugAndroidTest UP-TO-DATE
> Task :app:generateDebugRFile UP-TO-DATE
> Task :app:mergeDebugAndroidTestAssets UP-TO-DATE
> Task :app:mergeDebugAndroidTestResources UP-TO-DATE
> Task :app:mergeDebugResources UP-TO-DATE
> Task :app:compressDebugAndroidTestAssets UP-TO-DATE
> Task :app:mergeDebugNativeLibs UP-TO-DATE
> Task :app:stripDebugDebugSymbols UP-TO-DATE
> Task :app:mergeExtDexDebug UP-TO-DATE
> Task :app:processDebugMainManifest UP-TO-DATE
> Task :app:mergeDebugAndroidTestManifest UP-TO-DATE
> Task :app:processDebugManifest UP-TO-DATE
> Task :app:mergeDebugAndroidTestNativeLibs NO-SOURCE
> Task :app:processDebugManifestForPackage UP-TO-DATE
> Task :app:stripDebugAndroidTestDebugSymbols NO-SOURCE
> Task :app:processDebugAndroidTestManifest UP-TO-DATE
> Task :app:generateDebugAndroidTestBuildConfig UP-TO-DATE
> Task :app:mergeExtDexDebugAndroidTest UP-TO-DATE
> Task :app:kspDebugKotlin UP-TO-DATE
> Task :app:compileDebugKotlin UP-TO-DATE
> Task :app:processDebugJavaRes UP-TO-DATE
> Task :app:compileDebugJavaWithJavac UP-TO-DATE
> Task :app:mergeDebugJavaResource UP-TO-DATE
> Task :app:processDebugAndroidTestResources UP-TO-DATE
> Task :app:processDebugResources UP-TO-DATE
> Task :app:bundleDebugClassesToCompileJar UP-TO-DATE
> Task :app:kspDebugAndroidTestKotlin SKIPPED
> Task :app:compileDebugAndroidTestKotlin UP-TO-DATE
> Task :app:processDebugAndroidTestJavaRes UP-TO-DATE
> Task :app:compileDebugAndroidTestJavaWithJavac UP-TO-DATE
> Task :app:copyRoomSchemas NO-SOURCE
> Task :app:mergeDebugAndroidTestJavaResource UP-TO-DATE
> Task :app:jacocoDebug UP-TO-DATE
> Task :app:dexBuilderDebugAndroidTest UP-TO-DATE
> Task :app:mergeProjectDexDebugAndroidTest UP-TO-DATE
> Task :app:packageDebugAndroidTest UP-TO-DATE
> Task :app:assembleDebugAndroidTest UP-TO-DATE
> Task :app:createDebugAndroidTestApkListingFileRedirect UP-TO-DATE
> Task :app:dexBuilderDebug UP-TO-DATE
> Task :app:mergeProjectDexDebug UP-TO-DATE
> Task :app:packageDebug UP-TO-DATE
> Task :app:assembleDebug UP-TO-DATE
> Task :app:createDebugApkListingFileRedirect UP-TO-DATE

BUILD SUCCESSFUL in 10s
77 actionable tasks: 77 up-to-date
Configuration cache entry reused.
Android batch 1/1 (ordinary, 10 selector(s)).
> Task :app:preBuild UP-TO-DATE
> Task :app:preDebugBuild UP-TO-DATE
> Task :app:generateDebugBuildConfig UP-TO-DATE
> Task :app:generateDebugResValues UP-TO-DATE
> Task :app:generateDebugResources UP-TO-DATE
> Task :app:packageDebugResources UP-TO-DATE
> Task :app:processDebugNavigationResources UP-TO-DATE
> Task :app:parseDebugLocalResources UP-TO-DATE
> Task :app:generateDebugRFile UP-TO-DATE
> Task :app:kspDebugKotlin UP-TO-DATE
> Task :app:compileDebugKotlin UP-TO-DATE
> Task :app:javaPreCompileDebug UP-TO-DATE
> Task :app:compileDebugJavaWithJavac UP-TO-DATE
> Task :app:checkDebugAarMetadata UP-TO-DATE
> Task :app:mapDebugSourceSetPaths UP-TO-DATE
> Task :app:compileDebugNavigationResources UP-TO-DATE
> Task :app:mergeDebugResources UP-TO-DATE
> Task :app:createDebugCompatibleScreenManifests UP-TO-DATE
> Task :app:extractDeepLinksDebug UP-TO-DATE
> Task :app:processDebugMainManifest UP-TO-DATE
> Task :app:processDebugManifest UP-TO-DATE
> Task :app:processDebugManifestForPackage UP-TO-DATE
> Task :app:processDebugResources UP-TO-DATE
> Task :app:bundleDebugClassesToCompileJar UP-TO-DATE
> Task :app:preDebugAndroidTestBuild SKIPPED
> Task :app:mergeDebugAndroidTestManifest UP-TO-DATE
> Task :app:processDebugAndroidTestManifest UP-TO-DATE
> Task :app:generateDebugAndroidTestBuildConfig UP-TO-DATE
> Task :app:generateDebugAndroidTestResValues UP-TO-DATE
> Task :app:generateDebugAndroidTestResources UP-TO-DATE
> Task :app:packageDebugAndroidTestResources UP-TO-DATE
> Task :app:processDebugAndroidTestNavigationResources UP-TO-DATE
> Task :app:parseDebugAndroidTestLocalResources UP-TO-DATE
> Task :app:generateDebugAndroidTestRFile UP-TO-DATE
> Task :app:kspDebugAndroidTestKotlin SKIPPED
> Task :app:compileDebugAndroidTestKotlin UP-TO-DATE
> Task :app:javaPreCompileDebugAndroidTest UP-TO-DATE
> Task :app:compileDebugAndroidTestJavaWithJavac UP-TO-DATE
> Task :app:copyRoomSchemas NO-SOURCE
> Task :app:generateDebugAssets UP-TO-DATE
> Task :app:mergeDebugAssets UP-TO-DATE
> Task :app:compressDebugAssets UP-TO-DATE
> Task :app:generateDebugGlobalSynthetics UP-TO-DATE
> Task :app:generateDebugJacocoPropertiesFile UP-TO-DATE
> Task :app:processDebugJavaRes UP-TO-DATE
> Task :app:mergeDebugJavaResource UP-TO-DATE
> Task :app:checkDebugDuplicateClasses UP-TO-DATE
> Task :app:desugarDebugFileDependencies UP-TO-DATE
> Task :app:mergeExtDexDebug UP-TO-DATE
> Task :app:mergeLibDexDebug UP-TO-DATE
> Task :app:jacocoDebug UP-TO-DATE
> Task :app:dexBuilderDebug UP-TO-DATE
> Task :app:mergeProjectDexDebug UP-TO-DATE
> Task :app:mergeDebugJniLibFolders UP-TO-DATE
> Task :app:mergeDebugNativeLibs UP-TO-DATE
> Task :app:stripDebugDebugSymbols UP-TO-DATE
> Task :app:validateSigningDebug UP-TO-DATE
> Task :app:writeDebugAppMetadata UP-TO-DATE
> Task :app:writeDebugSigningConfigVersions UP-TO-DATE
> Task :app:packageDebug UP-TO-DATE
> Task :app:createDebugApkListingFileRedirect UP-TO-DATE
> Task :app:copyRoomSchemasToAndroidTestAssetsDebugAndroidTest UP-TO-DATE
> Task :app:generateDebugAndroidTestAssets UP-TO-DATE
> Task :app:mergeDebugAndroidTestAssets UP-TO-DATE
> Task :app:compressDebugAndroidTestAssets UP-TO-DATE
> Task :app:generateDebugAndroidTestGlobalSynthetics UP-TO-DATE
> Task :app:processDebugAndroidTestJavaRes UP-TO-DATE
> Task :app:mergeDebugAndroidTestJavaResource UP-TO-DATE
> Task :app:checkDebugAndroidTestDuplicateClasses UP-TO-DATE
> Task :app:desugarDebugAndroidTestFileDependencies UP-TO-DATE
> Task :app:mergeExtDexDebugAndroidTest UP-TO-DATE
> Task :app:mergeLibDexDebugAndroidTest UP-TO-DATE
> Task :app:checkDebugAndroidTestAarMetadata UP-TO-DATE
> Task :app:mapDebugAndroidTestSourceSetPaths UP-TO-DATE
> Task :app:compileDebugAndroidTestNavigationResources UP-TO-DATE
> Task :app:mergeDebugAndroidTestResources UP-TO-DATE
> Task :app:processDebugAndroidTestResources UP-TO-DATE
> Task :app:dexBuilderDebugAndroidTest UP-TO-DATE
> Task :app:mergeProjectDexDebugAndroidTest UP-TO-DATE
> Task :app:mergeDebugAndroidTestJniLibFolders UP-TO-DATE
> Task :app:mergeDebugAndroidTestNativeLibs NO-SOURCE
> Task :app:stripDebugAndroidTestDebugSymbols NO-SOURCE
> Task :app:validateSigningDebugAndroidTest UP-TO-DATE
> Task :app:writeDebugAndroidTestSigningConfigVersions UP-TO-DATE
> Task :app:packageDebugAndroidTest UP-TO-DATE
> Task :app:createDebugAndroidTestApkListingFileRedirect UP-TO-DATE
Starting 63 tests on whip_api34_parallel(AVD) - 14
whip_api34_parallel(AVD) - 14 Tests 1/63 completed. (0 skipped) (0 failed)
> Task :app:connectedDebugAndroidTest

whip_api34_parallel(AVD) - 14 Tests 2/63 completed. (0 skipped) (0 failed)
whip_api34_parallel(AVD) - 14 Tests 6/63 completed. (0 skipped) (0 failed)
whip_api34_parallel(AVD) - 14 Tests 7/63 completed. (0 skipped) (0 failed)
whip_api34_parallel(AVD) - 14 Tests 8/63 completed. (0 skipped) (0 failed)
whip_api34_parallel(AVD) - 14 Tests 9/63 completed. (0 skipped) (0 failed)
whip_api34_parallel(AVD) - 14 Tests 11/63 completed. (0 skipped) (0 failed)
whip_api34_parallel(AVD) - 14 Tests 12/63 completed. (0 skipped) (0 failed)
whip_api34_parallel(AVD) - 14 Tests 13/63 completed. (0 skipped) (0 failed)
whip_api34_parallel(AVD) - 14 Tests 14/63 completed. (0 skipped) (0 failed)
whip_api34_parallel(AVD) - 14 Tests 15/63 completed. (0 skipped) (0 failed)
whip_api34_parallel(AVD) - 14 Tests 16/63 completed. (0 skipped) (0 failed)
whip_api34_parallel(AVD) - 14 Tests 17/63 completed. (0 skipped) (0 failed)
whip_api34_parallel(AVD) - 14 Tests 18/63 completed. (0 skipped) (0 failed)
whip_api34_parallel(AVD) - 14 Tests 20/63 completed. (0 skipped) (0 failed)
whip_api34_parallel(AVD) - 14 Tests 21/63 completed. (0 skipped) (0 failed)
whip_api34_parallel(AVD) - 14 Tests 22/63 completed. (0 skipped) (0 failed)
whip_api34_parallel(AVD) - 14 Tests 23/63 completed. (0 skipped) (0 failed)
whip_api34_parallel(AVD) - 14 Tests 24/63 completed. (0 skipped) (0 failed)
whip_api34_parallel(AVD) - 14 Tests 25/63 completed. (0 skipped) (0 failed)
whip_api34_parallel(AVD) - 14 Tests 27/63 completed. (0 skipped) (0 failed)
whip_api34_parallel(AVD) - 14 Tests 28/63 completed. (0 skipped) (0 failed)
whip_api34_parallel(AVD) - 14 Tests 29/63 completed. (0 skipped) (0 failed)
whip_api34_parallel(AVD) - 14 Tests 31/63 completed. (0 skipped) (0 failed)
whip_api34_parallel(AVD) - 14 Tests 33/63 completed. (0 skipped) (0 failed)
whip_api34_parallel(AVD) - 14 Tests 34/63 completed. (0 skipped) (0 failed)
whip_api34_parallel(AVD) - 14 Tests 36/63 completed. (0 skipped) (0 failed)
whip_api34_parallel(AVD) - 14 Tests 37/63 completed. (0 skipped) (0 failed)
whip_api34_parallel(AVD) - 14 Tests 38/63 completed. (0 skipped) (0 failed)
whip_api34_parallel(AVD) - 14 Tests 39/63 completed. (0 skipped) (0 failed)
whip_api34_parallel(AVD) - 14 Tests 40/63 completed. (0 skipped) (0 failed)
whip_api34_parallel(AVD) - 14 Tests 41/63 completed. (0 skipped) (0 failed)
whip_api34_parallel(AVD) - 14 Tests 42/63 completed. (0 skipped) (0 failed)
whip_api34_parallel(AVD) - 14 Tests 43/63 completed. (0 skipped) (0 failed)
whip_api34_parallel(AVD) - 14 Tests 44/63 completed. (0 skipped) (0 failed)
whip_api34_parallel(AVD) - 14 Tests 45/63 completed. (0 skipped) (0 failed)
whip_api34_parallel(AVD) - 14 Tests 47/63 completed. (0 skipped) (0 failed)
whip_api34_parallel(AVD) - 14 Tests 48/63 completed. (0 skipped) (0 failed)
whip_api34_parallel(AVD) - 14 Tests 49/63 completed. (0 skipped) (0 failed)
whip_api34_parallel(AVD) - 14 Tests 52/63 completed. (0 skipped) (0 failed)
whip_api34_parallel(AVD) - 14 Tests 53/63 completed. (0 skipped) (0 failed)
whip_api34_parallel(AVD) - 14 Tests 55/63 completed. (0 skipped) (0 failed)
whip_api34_parallel(AVD) - 14 Tests 57/63 completed. (0 skipped) (0 failed)
whip_api34_parallel(AVD) - 14 Tests 59/63 completed. (0 skipped) (0 failed)
whip_api34_parallel(AVD) - 14 Tests 60/63 completed. (0 skipped) (0 failed)
whip_api34_parallel(AVD) - 14 Tests 62/63 completed. (0 skipped) (0 failed)

com.whip.app.ui.SharedConsistencyUiTest > taskTemplatesKeepTheFinalRecipeReachableAtExtremeTextAndShortHeight[whip_api34_parallel(AVD) - 14] [31mFAILED [0m
	java.lang.AssertionError: Assert failed: The component with ContentDescription contains 'Inbox Task' (ignoreCase: false) is not displayed!
	at androidx.compose.ui.test.AssertionsKt.assertIsDisplayed(Assertions.kt:34)
Tests on whip_api34_parallel(AVD) - 14 failed: There was 1 failure(s).
Finished 63 tests on whip_api34_parallel(AVD) - 14
Execute com.whip.app.ui.SharedConsistencyUiTest.taskTemplatesKeepTheFinalRecipeReachableAtExtremeTextAndShortHeight: FAILED
java.lang.AssertionError: java.lang.AssertionError: Assert failed: The component with ContentDescription contains 'Inbox Task' (ignoreCase: false) is not displayed!
at androidx.compose.ui.test.AssertionsKt.assertIsDisplayed(Assertions.kt:34)
at com.whip.app.ui.SharedConsistencyUiTest.taskTemplatesKeepTheFinalRecipeReachableAtExtremeTextAndShortHeight(SharedConsistencyUiTest.kt:224)

java.lang.AssertionError: Assert failed: The component with ContentDescription contains 'Inbox Task' (ignoreCase: false) is not displayed!
at androidx.compose.ui.test.AssertionsKt.assertIsDisplayed(Assertions.kt:34)
at com.whip.app.ui.SharedConsistencyUiTest.taskTemplatesKeepTheFinalRecipeReachableAtExtremeTextAndShortHeight(SharedConsistencyUiTest.kt:224)

> Task :app:connectedDebugAndroidTest FAILED

FAILURE: Build failed with an exception.

* What went wrong:
Execution failed for task ':app:connectedDebugAndroidTest' (registered by plugin 'com.android.internal.application').
> There were failing tests. See the report at: file:///root/repos/whip/app/build/whip-android-workers/instrumentation-results-pqj9rv-worker-1/reports/index.html

* Try:
> Run with --stacktrace option to get the stack trace.
> Run with --info or --debug option to get more log output.
> Run with --scan to get full insights from a Build Scan (powered by Develocity).
> Get more help at https://help.gradle.org.

BUILD FAILED in 10m 16s
78 actionable tasks: 1 executed, 77 up-to-date
error: Android batch 1 requires a successful Gradle task, nonzero tests, and zero failures/skips; got status/tests/failures/skips 1/63/1/0; results retained in /root/repos/whip/build/instrumentation-results-PqJ9Rv
