package: name='commvne.com.whip.app' versionCode='76' versionName='0.3.70' platformBuildVersionName='17' platformBuildVersionCode='37' compileSdkVersion='37' compileSdkVersionCodename='17'
sdkVersion:'26'
targetSdkVersion:'37'
uses-permission: name='android.permission.POST_NOTIFICATIONS'
uses-permission: name='android.permission.RECEIVE_BOOT_COMPLETED'
uses-permission: name='android.permission.WAKE_LOCK'
uses-permission: name='android.permission.ACCESS_NETWORK_STATE'
uses-permission: name='android.permission.FOREGROUND_SERVICE'
uses-permission: name='commvne.com.whip.app.DYNAMIC_RECEIVER_NOT_EXPORTED_PERMISSION'
application-label:'Whip'
application-label-af:'Whip'
application-label-am:'Whip'
application-label-ar:'Whip'
application-label-as:'Whip'
application-label-az:'Whip'
application-label-be:'Whip'
application-label-bg:'Whip'
application-label-bn:'Whip'
application-label-bs:'Whip'
application-label-ca:'Whip'
application-label-cs:'Whip'
application-label-da:'Whip'
application-label-de:'Whip'
application-label-el:'Whip'
application-label-en-AU:'Whip'
application-label-en-CA:'Whip'
application-label-en-GB:'Whip'
application-label-en-IN:'Whip'
application-label-en-XC:'Whip'
application-label-es:'Whip'
application-label-es-US:'Whip'
application-label-et:'Whip'
application-label-eu:'Whip'
application-label-fa:'Whip'
application-label-fi:'Whip'
application-label-fr:'Whip'
application-label-fr-CA:'Whip'
application-label-gl:'Whip'
application-label-gu:'Whip'
application-label-hi:'Whip'
application-label-hr:'Whip'
application-label-hu:'Whip'
application-label-hy:'Whip'
application-label-in:'Whip'
application-label-is:'Whip'
application-label-it:'Whip'
application-label-iw:'Whip'
application-label-ja:'Whip'
application-label-ka:'Whip'
application-label-kk:'Whip'
application-label-km:'Whip'
application-label-kn:'Whip'
application-label-ko:'Whip'
application-label-ky:'Whip'
application-label-lo:'Whip'
application-label-lt:'Whip'
application-label-lv:'Whip'
application-label-mk:'Whip'
application-label-ml:'Whip'
application-label-mn:'Whip'
application-label-mr:'Whip'
application-label-ms:'Whip'
application-label-my:'Whip'
application-label-nb:'Whip'
application-label-ne:'Whip'
application-label-nl:'Whip'
application-label-or:'Whip'
application-label-pa:'Whip'
application-label-pl:'Whip'
application-label-pt:'Whip'
application-label-pt-BR:'Whip'
application-label-pt-PT:'Whip'
application-label-ro:'Whip'
application-label-ru:'Whip'
application-label-si:'Whip'
application-label-sk:'Whip'
application-label-sl:'Whip'
application-label-sq:'Whip'
application-label-sr:'Whip'
application-label-sr-Latn:'Whip'
application-label-sv:'Whip'
application-label-sw:'Whip'
application-label-ta:'Whip'
application-label-te:'Whip'
application-label-th:'Whip'
application-label-tl:'Whip'
application-label-tr:'Whip'
application-label-uk:'Whip'
application-label-ur:'Whip'
application-label-uz:'Whip'
application-label-vi:'Whip'
application-label-zh-CN:'Whip'
application-label-zh-HK:'Whip'
application-label-zh-TW:'Whip'
application-label-zu:'Whip'
application-icon-160:'res/E4.xml'
application-icon-65534:'res/E4.xml'
application: label='Whip' icon='res/E4.xml'
launchable-activity: name='com.whip.app.MainActivity'  label='' icon=''
uses-library-not-required:'androidx.window.extensions'
uses-library-not-required:'androidx.window.sidecar'
feature-group: label=''
  uses-feature: name='android.hardware.faketouch'
  uses-implied-feature: name='android.hardware.faketouch' reason='default feature for all apps'
provides-component:'app-widget'
main
other-activities
other-receivers
other-services
supports-screens: 'small' 'normal' 'large' 'xlarge'
supports-any-density: 'true'
locales: '--_--' 'af' 'am' 'ar' 'as' 'az' 'be' 'bg' 'bn' 'bs' 'ca' 'cs' 'da' 'de' 'el' 'en-AU' 'en-CA' 'en-GB' 'en-IN' 'en-XC' 'es' 'es-US' 'et' 'eu' 'fa' 'fi' 'fr' 'fr-CA' 'gl' 'gu' 'hi' 'hr' 'hu' 'hy' 'in' 'is' 'it' 'iw' 'ja' 'ka' 'kk' 'km' 'kn' 'ko' 'ky' 'lo' 'lt' 'lv' 'mk' 'ml' 'mn' 'mr' 'ms' 'my' 'nb' 'ne' 'nl' 'or' 'pa' 'pl' 'pt' 'pt-BR' 'pt-PT' 'ro' 'ru' 'si' 'sk' 'sl' 'sq' 'sr' 'sr-Latn' 'sv' 'sw' 'ta' 'te' 'th' 'tl' 'tr' 'uk' 'ur' 'uz' 'vi' 'zh-CN' 'zh-HK' 'zh-TW' 'zu'
densities: '160' '65534'
native-code: 'arm64-v8a' 'armeabi-v7a' 'x86' 'x86_64'
