Running fast affected checks for the personal-phone build...
Route N (no changes) -> profile:docs (no changed repository inputs)
Profile: docs
All JVM tests: false
All Android tests: false
Static checks: false
Frozen candidate required: false
Fast affected-test loop passed. Android compilation, lint, and packaging were deferred to scripts/check --ready.
Building signed release APK and bundle...
Calculating task graph as configuration cache cannot be reused because file 'app/build.gradle.kts' has changed.
> Task :app:generateReleaseAssets UP-TO-DATE
> Task :app:preBuild UP-TO-DATE
> Task :app:preReleaseBuild UP-TO-DATE
> Task :app:generateReleaseResValues UP-TO-DATE
> Task :app:extractProguardFiles UP-TO-DATE
> Task :app:generateReleaseResources UP-TO-DATE
> Task :app:javaPreCompileRelease UP-TO-DATE
> Task :app:createReleaseCompatibleScreenManifests
> Task :app:processReleaseNavigationResources UP-TO-DATE
> Task :app:extractDeepLinksRelease UP-TO-DATE
> Task :app:mergeReleaseJniLibFolders UP-TO-DATE
> Task :app:mergeReleaseAssets UP-TO-DATE
> Task :app:checkReleaseAarMetadata UP-TO-DATE
> Task :app:mergeReleaseStartupProfile UP-TO-DATE
> Task :app:checkReleaseDuplicateClasses UP-TO-DATE
> Task :app:writeReleaseAppMetadata UP-TO-DATE
> Task :app:mapReleaseSourceSetPaths UP-TO-DATE
> Task :app:parseReleaseIntegrityConfig UP-TO-DATE
> Task :app:validateSigningRelease UP-TO-DATE
> Task :app:writeReleaseSigningConfigVersions UP-TO-DATE
> Task :app:generateReleaseBuildConfig
> Task :app:collectReleaseDependencies UP-TO-DATE
> Task :app:compressReleaseAssets UP-TO-DATE
> Task :app:compileReleaseNavigationResources UP-TO-DATE
> Task :app:sdkReleaseDependencyData UP-TO-DATE
> Task :app:configureReleaseDependencies UP-TO-DATE
> Task :app:mergeReleaseNativeLibs UP-TO-DATE
> Task :app:stripReleaseDebugSymbols UP-TO-DATE
> Task :app:packageReleaseResources UP-TO-DATE
> Task :app:extractReleaseNativeSymbolTables UP-TO-DATE
> Task :app:mergeReleaseNativeDebugMetadata NO-SOURCE
> Task :app:parseReleaseLocalResources UP-TO-DATE
> Task :app:generateReleaseRFile UP-TO-DATE
> Task :app:processReleaseMainManifest
> Task :app:mergeReleaseArtProfile UP-TO-DATE
> Task :app:processReleaseManifest
> Task :app:processReleaseManifestForPackage
> Task :app:mergeReleaseResources UP-TO-DATE
> Task :app:extractReleaseVersionControlInfo
> Task :app:processReleaseResources
> Task :app:kspReleaseKotlin
> Task :app:compileReleaseKotlin
> Task :app:processReleaseJavaRes UP-TO-DATE
> Task :app:mergeReleaseJavaResource UP-TO-DATE
> Task :app:compileReleaseJavaWithJavac
> Task :app:copyRoomSchemas NO-SOURCE
> Task :app:mergeReleaseGeneratedProguardFiles UP-TO-DATE
> Task :app:generateReleaseLintVitalReportModel
> Task :app:expandReleaseArtProfileWildcards
> Task :app:produceReleaseComposeMapping
> Task :app:reportReleaseComposeMappingErrors
> Task :app:lintVitalAnalyzeRelease
> Task :app:minifyReleaseWithR8
> Task :app:convertShrunkResourcesToBinaryRelease
> Task :app:optimizeReleaseResources
> Task :app:buildReleasePreBundle
> Task :app:mergeReleaseComposeMapping
> Task :app:compileReleaseArtProfile
> Task :app:lintVitalReportRelease
> Task :app:lintVitalRelease
> Task :app:packageRelease
> Task :app:assembleRelease
> Task :app:createReleaseApkListingFileRedirect
> Task :app:packageReleaseBundle
> Task :app:signReleaseBundle
> Task :app:bundleRelease
> Task :app:produceReleaseBundleIdeListingFile
> Task :app:createReleaseBundleListingFileRedirect UP-TO-DATE

BUILD SUCCESSFUL in 1m 14s
61 actionable tasks: 28 executed, 33 up-to-date
Configuration cache entry stored.
Installing signed release on <selected-owner-phone>...
Artifact: commvne.com.whip.app · SHA-256 cb022c6b40e5bc418efd6ac023e2157b7108d1a1ad550218c3f57f2f66c34faf
Performing Streamed Install
Success
Installed package: commvne.com.whip.app
    versionCode=76 minSdk=26 targetSdk=37
    versionName=0.3.70
    lastUpdateTime=2026-09-11 11:44:11
Installed base APK SHA-256: cb022c6b40e5bc418efd6ac023e2157b7108d1a1ad550218c3f57f2f66c34faf
Launching commvne.com.whip.app on <selected-owner-phone>...
Stopping: commvne.com.whip.app
Starting: Intent { cmp=commvne.com.whip.app/com.whip.app.MainActivity }
Status: ok
LaunchState: COLD
Activity: commvne.com.whip.app/com.whip.app.MainActivity
TotalTime: 145
WaitTime: 145
Complete
Foreground:     topResumedActivity=ActivityRecord{202985408 u0 commvne.com.whip.app/com.whip.app.MainActivity t12979}
