INSTRUMENTATION_STATUS: class=com.whip.app.AreaOrganizationJourneyE2ETest
INSTRUMENTATION_STATUS: current=1
INSTRUMENTATION_STATUS: id=AndroidJUnitRunner
INSTRUMENTATION_STATUS: numtests=8
INSTRUMENTATION_STATUS: stream=
com.whip.app.AreaOrganizationJourneyE2ETest:
INSTRUMENTATION_STATUS: test=moveAndMergeKeepSavedHistoryAndSearchRecoverable
INSTRUMENTATION_STATUS_CODE: 1
INSTRUMENTATION_STATUS: class=com.whip.app.AreaOrganizationJourneyE2ETest
INSTRUMENTATION_STATUS: current=1
INSTRUMENTATION_STATUS: id=AndroidJUnitRunner
INSTRUMENTATION_STATUS: numtests=8
INSTRUMENTATION_STATUS: stream=.
INSTRUMENTATION_STATUS: test=moveAndMergeKeepSavedHistoryAndSearchRecoverable
INSTRUMENTATION_STATUS_CODE: 0
INSTRUMENTATION_STATUS: class=com.whip.app.AreaOrganizationJourneyE2ETest
INSTRUMENTATION_STATUS: current=2
INSTRUMENTATION_STATUS: id=AndroidJUnitRunner
INSTRUMENTATION_STATUS: numtests=8
INSTRUMENTATION_STATUS: stream=
INSTRUMENTATION_STATUS: test=createColorOrderAndArchivedIdentitySurviveRecreation
INSTRUMENTATION_STATUS_CODE: 1
INSTRUMENTATION_STATUS: class=com.whip.app.AreaOrganizationJourneyE2ETest
INSTRUMENTATION_STATUS: current=2
INSTRUMENTATION_STATUS: id=AndroidJUnitRunner
INSTRUMENTATION_STATUS: numtests=8
INSTRUMENTATION_STATUS: stream=.
INSTRUMENTATION_STATUS: test=createColorOrderAndArchivedIdentitySurviveRecreation
INSTRUMENTATION_STATUS_CODE: 0
INSTRUMENTATION_STATUS: class=com.whip.app.AreaOrganizationJourneyE2ETest
INSTRUMENTATION_STATUS: current=3
INSTRUMENTATION_STATUS: id=AndroidJUnitRunner
INSTRUMENTATION_STATUS: numtests=8
INSTRUMENTATION_STATUS: stream=
INSTRUMENTATION_STATUS: test=reviewedCleanupPreservesOrDeletesOnlyTheAssignedHistory
INSTRUMENTATION_STATUS_CODE: 1
INSTRUMENTATION_STATUS: class=com.whip.app.AreaOrganizationJourneyE2ETest
INSTRUMENTATION_STATUS: current=3
INSTRUMENTATION_STATUS: id=AndroidJUnitRunner
INSTRUMENTATION_STATUS: numtests=8
INSTRUMENTATION_STATUS: stream=.
INSTRUMENTATION_STATUS: test=reviewedCleanupPreservesOrDeletesOnlyTheAssignedHistory
INSTRUMENTATION_STATUS_CODE: 0
INSTRUMENTATION_STATUS: class=com.whip.app.OrganizationJourneyE2ETest
INSTRUMENTATION_STATUS: current=4
INSTRUMENTATION_STATUS: id=AndroidJUnitRunner
INSTRUMENTATION_STATUS: numtests=8
INSTRUMENTATION_STATUS: stream=
com.whip.app.OrganizationJourneyE2ETest:
INSTRUMENTATION_STATUS: test=tagChangesKeepEveryDomainAndSavedHistoryThroughRecreation
INSTRUMENTATION_STATUS_CODE: 1
INSTRUMENTATION_STATUS: class=com.whip.app.OrganizationJourneyE2ETest
INSTRUMENTATION_STATUS: current=4
INSTRUMENTATION_STATUS: id=AndroidJUnitRunner
INSTRUMENTATION_STATUS: numtests=8
INSTRUMENTATION_STATUS: stream=.
INSTRUMENTATION_STATUS: test=tagChangesKeepEveryDomainAndSavedHistoryThroughRecreation
INSTRUMENTATION_STATUS_CODE: 0
INSTRUMENTATION_STATUS: class=com.whip.app.OrganizationJourneyE2ETest
INSTRUMENTATION_STATUS: current=5
INSTRUMENTATION_STATUS: id=AndroidJUnitRunner
INSTRUMENTATION_STATUS: numtests=8
INSTRUMENTATION_STATUS: stream=
INSTRUMENTATION_STATUS: test=areaIdentityAndRenameDraftSurviveTheRealManagerJourney
INSTRUMENTATION_STATUS_CODE: 1
INSTRUMENTATION_STATUS: class=com.whip.app.OrganizationJourneyE2ETest
INSTRUMENTATION_STATUS: current=5
INSTRUMENTATION_STATUS: id=AndroidJUnitRunner
INSTRUMENTATION_STATUS: numtests=8
INSTRUMENTATION_STATUS: stream=.
INSTRUMENTATION_STATUS: test=areaIdentityAndRenameDraftSurviveTheRealManagerJourney
INSTRUMENTATION_STATUS_CODE: 0
INSTRUMENTATION_STATUS: class=com.whip.app.ui.AreaFeatureUiTest
INSTRUMENTATION_STATUS: current=6
INSTRUMENTATION_STATUS: id=AndroidJUnitRunner
INSTRUMENTATION_STATUS: numtests=8
INSTRUMENTATION_STATUS: stream=
com.whip.app.ui.AreaFeatureUiTest:
INSTRUMENTATION_STATUS: test=areaWorkspaceKeepsExitTrailingAndBackLeadingAtTwoHundredPercentText
INSTRUMENTATION_STATUS_CODE: 1
INSTRUMENTATION_STATUS: class=com.whip.app.ui.AreaFeatureUiTest
INSTRUMENTATION_STATUS: current=6
INSTRUMENTATION_STATUS: id=AndroidJUnitRunner
INSTRUMENTATION_STATUS: numtests=8
INSTRUMENTATION_STATUS: stream=.
INSTRUMENTATION_STATUS: test=areaWorkspaceKeepsExitTrailingAndBackLeadingAtTwoHundredPercentText
INSTRUMENTATION_STATUS_CODE: 0
INSTRUMENTATION_STATUS: class=com.whip.app.ui.AreaFeatureUiTest
INSTRUMENTATION_STATUS: current=7
INSTRUMENTATION_STATUS: id=AndroidJUnitRunner
INSTRUMENTATION_STATUS: numtests=8
INSTRUMENTATION_STATUS: stream=
INSTRUMENTATION_STATUS: test=areaPickerKeepsActiveSearchWhenItsOptionsShrink
INSTRUMENTATION_STATUS_CODE: 1
INSTRUMENTATION_STATUS: class=com.whip.app.ui.AreaFeatureUiTest
INSTRUMENTATION_STATUS: current=7
INSTRUMENTATION_STATUS: id=AndroidJUnitRunner
INSTRUMENTATION_STATUS: numtests=8
INSTRUMENTATION_STATUS: stream=.
INSTRUMENTATION_STATUS: test=areaPickerKeepsActiveSearchWhenItsOptionsShrink
INSTRUMENTATION_STATUS_CODE: 0
INSTRUMENTATION_STATUS: class=com.whip.app.ui.TagManagementUiTest
INSTRUMENTATION_STATUS: current=8
INSTRUMENTATION_STATUS: id=AndroidJUnitRunner
INSTRUMENTATION_STATUS: numtests=8
INSTRUMENTATION_STATUS: stream=
com.whip.app.ui.TagManagementUiTest:
INSTRUMENTATION_STATUS: test=narrowLargeTextHeaderStacksWithoutHidingPrimaryActions
INSTRUMENTATION_STATUS_CODE: 1
INSTRUMENTATION_STATUS: class=com.whip.app.ui.TagManagementUiTest
INSTRUMENTATION_STATUS: current=8
INSTRUMENTATION_STATUS: id=AndroidJUnitRunner
INSTRUMENTATION_STATUS: numtests=8
INSTRUMENTATION_STATUS: stream=.
INSTRUMENTATION_STATUS: test=narrowLargeTextHeaderStacksWithoutHidingPrimaryActions
INSTRUMENTATION_STATUS_CODE: 0
INSTRUMENTATION_RESULT: stream=

Time: 126.999

OK (8 tests)


INSTRUMENTATION_CODE: -1
