INSTRUMENTATION_STATUS: class=com.whip.app.AreaOrganizationJourneyE2ETest
INSTRUMENTATION_STATUS: current=1
INSTRUMENTATION_STATUS: id=AndroidJUnitRunner
INSTRUMENTATION_STATUS: numtests=8
INSTRUMENTATION_STATUS: stream=
com.whip.app.AreaOrganizationJourneyE2ETest:
INSTRUMENTATION_STATUS: test=moveAndMergeKeepSavedHistoryAndSearchRecoverable
INSTRUMENTATION_STATUS_CODE: 1
INSTRUMENTATION_STATUS: class=com.whip.app.AreaOrganizationJourneyE2ETest
INSTRUMENTATION_STATUS: current=1
INSTRUMENTATION_STATUS: id=AndroidJUnitRunner
INSTRUMENTATION_STATUS: numtests=8
INSTRUMENTATION_STATUS: stack=java.lang.AssertionError: Failed to inject touch input.
Reason: Expected exactly '1' node but could not find any node that satisfies: (ContentDescription = 'Area Main' (ignoreCase: false))

	at androidx.compose.ui.test.SemanticsNodeInteraction.fetchOneOrThrow(SemanticsNodeInteraction.kt:178)
	at androidx.compose.ui.test.SemanticsNodeInteraction.fetchOneOrThrow$default(SemanticsNodeInteraction.kt:150)
	at androidx.compose.ui.test.SemanticsNodeInteraction.fetchSemanticsNode(SemanticsNodeInteraction.kt:84)
	at androidx.compose.ui.test.ActionsKt.performTouchInput(Actions.kt:403)
	at androidx.compose.ui.test.AndroidActions.performClickImpl(Actions.android.kt:23)
	at androidx.compose.ui.test.ActionsKt.performClick(Actions.kt:61)
	at com.whip.app.AreaOrganizationJourneyE2ETest.moveAndMergeKeepSavedHistoryAndSearchRecoverable(AreaOrganizationJourneyE2ETest.kt:143)

INSTRUMENTATION_STATUS: stream=
Error in moveAndMergeKeepSavedHistoryAndSearchRecoverable(com.whip.app.AreaOrganizationJourneyE2ETest):
java.lang.AssertionError: Failed to inject touch input.
Reason: Expected exactly '1' node but could not find any node that satisfies: (ContentDescription = 'Area Main' (ignoreCase: false))

	at androidx.compose.ui.test.SemanticsNodeInteraction.fetchOneOrThrow(SemanticsNodeInteraction.kt:178)
	at androidx.compose.ui.test.SemanticsNodeInteraction.fetchOneOrThrow$default(SemanticsNodeInteraction.kt:150)
	at androidx.compose.ui.test.SemanticsNodeInteraction.fetchSemanticsNode(SemanticsNodeInteraction.kt:84)
	at androidx.compose.ui.test.ActionsKt.performTouchInput(Actions.kt:403)
	at androidx.compose.ui.test.AndroidActions.performClickImpl(Actions.android.kt:23)
	at androidx.compose.ui.test.ActionsKt.performClick(Actions.kt:61)
	at com.whip.app.AreaOrganizationJourneyE2ETest.moveAndMergeKeepSavedHistoryAndSearchRecoverable(AreaOrganizationJourneyE2ETest.kt:143)

INSTRUMENTATION_STATUS: test=moveAndMergeKeepSavedHistoryAndSearchRecoverable
INSTRUMENTATION_STATUS_CODE: -2
INSTRUMENTATION_STATUS: class=com.whip.app.AreaOrganizationJourneyE2ETest
INSTRUMENTATION_STATUS: current=2
INSTRUMENTATION_STATUS: id=AndroidJUnitRunner
INSTRUMENTATION_STATUS: numtests=8
INSTRUMENTATION_STATUS: stream=
INSTRUMENTATION_STATUS: test=createColorOrderAndArchivedIdentitySurviveRecreation
INSTRUMENTATION_STATUS_CODE: 1
INSTRUMENTATION_STATUS: class=com.whip.app.AreaOrganizationJourneyE2ETest
INSTRUMENTATION_STATUS: current=2
INSTRUMENTATION_STATUS: id=AndroidJUnitRunner
INSTRUMENTATION_STATUS: numtests=8
INSTRUMENTATION_STATUS: stream=.
INSTRUMENTATION_STATUS: test=createColorOrderAndArchivedIdentitySurviveRecreation
INSTRUMENTATION_STATUS_CODE: 0
INSTRUMENTATION_STATUS: class=com.whip.app.AreaOrganizationJourneyE2ETest
INSTRUMENTATION_STATUS: current=3
INSTRUMENTATION_STATUS: id=AndroidJUnitRunner
INSTRUMENTATION_STATUS: numtests=8
INSTRUMENTATION_STATUS: stream=
INSTRUMENTATION_STATUS: test=reviewedCleanupPreservesOrDeletesOnlyTheAssignedHistory
INSTRUMENTATION_STATUS_CODE: 1
INSTRUMENTATION_STATUS: class=com.whip.app.AreaOrganizationJourneyE2ETest
INSTRUMENTATION_STATUS: current=3
INSTRUMENTATION_STATUS: id=AndroidJUnitRunner
INSTRUMENTATION_STATUS: numtests=8
INSTRUMENTATION_STATUS: stream=.
INSTRUMENTATION_STATUS: test=reviewedCleanupPreservesOrDeletesOnlyTheAssignedHistory
INSTRUMENTATION_STATUS_CODE: 0
INSTRUMENTATION_STATUS: class=com.whip.app.OrganizationJourneyE2ETest
INSTRUMENTATION_STATUS: current=4
INSTRUMENTATION_STATUS: id=AndroidJUnitRunner
INSTRUMENTATION_STATUS: numtests=8
INSTRUMENTATION_STATUS: stream=
com.whip.app.OrganizationJourneyE2ETest:
INSTRUMENTATION_STATUS: test=tagChangesKeepEveryDomainAndSavedHistoryThroughRecreation
INSTRUMENTATION_STATUS_CODE: 1
INSTRUMENTATION_STATUS: class=com.whip.app.OrganizationJourneyE2ETest
INSTRUMENTATION_STATUS: current=4
INSTRUMENTATION_STATUS: id=AndroidJUnitRunner
INSTRUMENTATION_STATUS: numtests=8
INSTRUMENTATION_STATUS: stream=.
INSTRUMENTATION_STATUS: test=tagChangesKeepEveryDomainAndSavedHistoryThroughRecreation
INSTRUMENTATION_STATUS_CODE: 0
INSTRUMENTATION_STATUS: class=com.whip.app.OrganizationJourneyE2ETest
INSTRUMENTATION_STATUS: current=5
INSTRUMENTATION_STATUS: id=AndroidJUnitRunner
INSTRUMENTATION_STATUS: numtests=8
INSTRUMENTATION_STATUS: stream=
INSTRUMENTATION_STATUS: test=areaIdentityAndRenameDraftSurviveTheRealManagerJourney
INSTRUMENTATION_STATUS_CODE: 1
INSTRUMENTATION_STATUS: class=com.whip.app.OrganizationJourneyE2ETest
INSTRUMENTATION_STATUS: current=5
INSTRUMENTATION_STATUS: id=AndroidJUnitRunner
INSTRUMENTATION_STATUS: numtests=8
INSTRUMENTATION_STATUS: stream=.
INSTRUMENTATION_STATUS: test=areaIdentityAndRenameDraftSurviveTheRealManagerJourney
INSTRUMENTATION_STATUS_CODE: 0
INSTRUMENTATION_STATUS: class=com.whip.app.ui.AreaFeatureUiTest
INSTRUMENTATION_STATUS: current=6
INSTRUMENTATION_STATUS: id=AndroidJUnitRunner
INSTRUMENTATION_STATUS: numtests=8
INSTRUMENTATION_STATUS: stream=
com.whip.app.ui.AreaFeatureUiTest:
INSTRUMENTATION_STATUS: test=areaWorkspaceKeepsExitTrailingAndBackLeadingAtTwoHundredPercentText
INSTRUMENTATION_STATUS_CODE: 1
INSTRUMENTATION_STATUS: class=com.whip.app.ui.AreaFeatureUiTest
INSTRUMENTATION_STATUS: current=6
INSTRUMENTATION_STATUS: id=AndroidJUnitRunner
INSTRUMENTATION_STATUS: numtests=8
INSTRUMENTATION_STATUS: stream=.
INSTRUMENTATION_STATUS: test=areaWorkspaceKeepsExitTrailingAndBackLeadingAtTwoHundredPercentText
INSTRUMENTATION_STATUS_CODE: 0
INSTRUMENTATION_STATUS: class=com.whip.app.ui.AreaFeatureUiTest
INSTRUMENTATION_STATUS: current=7
INSTRUMENTATION_STATUS: id=AndroidJUnitRunner
INSTRUMENTATION_STATUS: numtests=8
INSTRUMENTATION_STATUS: stream=
INSTRUMENTATION_STATUS: test=areaPickerKeepsActiveSearchWhenItsOptionsShrink
INSTRUMENTATION_STATUS_CODE: 1
INSTRUMENTATION_STATUS: class=com.whip.app.ui.AreaFeatureUiTest
INSTRUMENTATION_STATUS: current=7
INSTRUMENTATION_STATUS: id=AndroidJUnitRunner
INSTRUMENTATION_STATUS: numtests=8
INSTRUMENTATION_STATUS: stream=.
INSTRUMENTATION_STATUS: test=areaPickerKeepsActiveSearchWhenItsOptionsShrink
INSTRUMENTATION_STATUS_CODE: 0
INSTRUMENTATION_STATUS: class=com.whip.app.ui.TagManagementUiTest
INSTRUMENTATION_STATUS: current=8
INSTRUMENTATION_STATUS: id=AndroidJUnitRunner
INSTRUMENTATION_STATUS: numtests=8
INSTRUMENTATION_STATUS: stream=
com.whip.app.ui.TagManagementUiTest:
INSTRUMENTATION_STATUS: test=narrowLargeTextHeaderStacksWithoutHidingPrimaryActions
INSTRUMENTATION_STATUS_CODE: 1
INSTRUMENTATION_STATUS: class=com.whip.app.ui.TagManagementUiTest
INSTRUMENTATION_STATUS: current=8
INSTRUMENTATION_STATUS: id=AndroidJUnitRunner
INSTRUMENTATION_STATUS: numtests=8
INSTRUMENTATION_STATUS: stream=.
INSTRUMENTATION_STATUS: test=narrowLargeTextHeaderStacksWithoutHidingPrimaryActions
INSTRUMENTATION_STATUS_CODE: 0
INSTRUMENTATION_RESULT: stream=

Time: 154.098
There was 1 failure:
1) moveAndMergeKeepSavedHistoryAndSearchRecoverable(com.whip.app.AreaOrganizationJourneyE2ETest)
java.lang.AssertionError: Failed to inject touch input.
Reason: Expected exactly '1' node but could not find any node that satisfies: (ContentDescription = 'Area Main' (ignoreCase: false))

	at androidx.compose.ui.test.SemanticsNodeInteraction.fetchOneOrThrow(SemanticsNodeInteraction.kt:178)
	at androidx.compose.ui.test.SemanticsNodeInteraction.fetchOneOrThrow$default(SemanticsNodeInteraction.kt:150)
	at androidx.compose.ui.test.SemanticsNodeInteraction.fetchSemanticsNode(SemanticsNodeInteraction.kt:84)
	at androidx.compose.ui.test.ActionsKt.performTouchInput(Actions.kt:403)
	at androidx.compose.ui.test.AndroidActions.performClickImpl(Actions.android.kt:23)
	at androidx.compose.ui.test.ActionsKt.performClick(Actions.kt:61)
	at com.whip.app.AreaOrganizationJourneyE2ETest.moveAndMergeKeepSavedHistoryAndSearchRecoverable(AreaOrganizationJourneyE2ETest.kt:143)

FAILURES!!!
Tests run: 8,  Failures: 1


INSTRUMENTATION_CODE: -1
