Starting a Gradle Daemon (subsequent builds will be faster)
Calculating task graph as no cached configuration is available for tasks: :app:testDebugUnitTest --tests com.whip.app.domain.CopiedItemNameTest.copyNamesStayWithinTheirExistingLengthContractsWithoutSplittingUnicode --tests com.whip.app.domain.GoalRulesTest.backfilledObservationsDoNotReplaceLaterDatedLatestProgressOrHistory --tests com.whip.app.domain.GoalRulesTest.openTrendReviewExcludesHistoryOnlyAndNonRecordedEvidence --tests com.whip.app.domain.HabitRulesTest.currentStreakKeepsMoreThanOneYearAndOlderNeutralDays --tests com.whip.app.domain.HabitRulesTest.exactDecimalTargetsAndTotalsRetainTheAuthoredAmounts --tests com.whip.app.domain.HabitRulesTest.flexibleCompletionRateIncludesTheFirstPartialWeekAndMonth --tests com.whip.app.domain.TrackDomainTest.decimalAggregatesRetainCancellationAndFiniteMeans --tests com.whip.app.ui.GoalProgressPresentationTest.changingGoalUnitsPreservesMassAndAffineTargetsWithoutConsumingIncompleteText --tests com.whip.app.ui.GymUxRulesTest.historicalEnteredLoadsConvertBeforeTheirQualifier --tests com.whip.app.ui.GymUxRulesTest.sharedWorkoutRetainsArchivedExerciseIdentity --tests com.whip.app.ui.GymUxRulesTest.trackedMachineRecordsRemainEligibleForArchivedAndRemovedProfiles --tests com.whip.app.ui.ReviewOutcomesTest.completedMilestonesContributeTheirWeightOnTheSelectedLocalDate --tests com.whip.app.ui.SettingsPresentationPolicyTest.reminderRefreshAttemptsEveryDomainAndKeepsPartialFailureRetryable --tests com.whip.app.ui.TaskUpcomingVisibilityTest.overdueDeadlinesReachEveryActiveScheduleButNotTerminalHistory
> Task :app:preBuild UP-TO-DATE
> Task :app:preDebugUnitTestBuild UP-TO-DATE
> Task :app:preDebugBuild UP-TO-DATE
> Task :app:generateDebugResValues UP-TO-DATE
> Task :app:javaPreCompileDebug UP-TO-DATE
> Task :app:createDebugCompatibleScreenManifests UP-TO-DATE
> Task :app:generateDebugJacocoPropertiesFile UP-TO-DATE
> Task :app:javaPreCompileDebugUnitTest UP-TO-DATE
> Task :app:generateDebugBuildConfig UP-TO-DATE
> Task :app:extractDeepLinksDebug UP-TO-DATE
> Task :app:mapDebugSourceSetPaths UP-TO-DATE
> Task :app:generateDebugResources UP-TO-DATE
> Task :app:packageDebugResources UP-TO-DATE
> Task :app:processDebugNavigationResources UP-TO-DATE
> Task :app:checkDebugAarMetadata UP-TO-DATE
> Task :app:compileDebugNavigationResources UP-TO-DATE
> Task :app:parseDebugLocalResources UP-TO-DATE
> Task :app:generateDebugRFile UP-TO-DATE
> Task :app:processDebugMainManifest UP-TO-DATE
> Task :app:mergeDebugResources UP-TO-DATE
> Task :app:processDebugManifest UP-TO-DATE
> Task :app:processDebugManifestForPackage UP-TO-DATE
> Task :app:processDebugResources UP-TO-DATE
> Task :app:kspDebugKotlin
> Task :app:compileDebugKotlin
w: file:///root/repos/whip/app/src/main/java/com/whip/app/ui/GoalScreens.kt:1580:54 Unnecessary safe call on a non-null receiver of type 'GoalProjection'.

> Task :app:processDebugJavaRes
> Task :app:compileDebugJavaWithJavac UP-TO-DATE
> Task :app:bundleDebugClassesToCompileJar
> Task :app:bundleDebugClassesToRuntimeJar
> Task :app:kspDebugUnitTestKotlin SKIPPED
