INSTRUMENTATION_STATUS: numtests=2
INSTRUMENTATION_STATUS: stream=
com.whip.app.TrackFieldEditingJourneyE2ETest:
INSTRUMENTATION_STATUS: id=AndroidJUnitRunner
INSTRUMENTATION_STATUS: test=incompatibleScaleHistoryCanBeCorrected
INSTRUMENTATION_STATUS: class=com.whip.app.TrackFieldEditingJourneyE2ETest
INSTRUMENTATION_STATUS: current=1
INSTRUMENTATION_STATUS_CODE: 1
INSTRUMENTATION_STATUS: numtests=2
INSTRUMENTATION_STATUS: stream=.
INSTRUMENTATION_STATUS: id=AndroidJUnitRunner
INSTRUMENTATION_STATUS: test=incompatibleScaleHistoryCanBeCorrected
INSTRUMENTATION_STATUS: class=com.whip.app.TrackFieldEditingJourneyE2ETest
INSTRUMENTATION_STATUS: current=1
INSTRUMENTATION_STATUS_CODE: 0
INSTRUMENTATION_STATUS: numtests=2
INSTRUMENTATION_STATUS: stream=
INSTRUMENTATION_STATUS: id=AndroidJUnitRunner
INSTRUMENTATION_STATUS: test=incompatibleScaleHistoryCanBeCorrectedAtLargeText
INSTRUMENTATION_STATUS: class=com.whip.app.TrackFieldEditingJourneyE2ETest
INSTRUMENTATION_STATUS: current=2
INSTRUMENTATION_STATUS_CODE: 1
INSTRUMENTATION_STATUS: numtests=2
INSTRUMENTATION_STATUS: stream=.
INSTRUMENTATION_STATUS: id=AndroidJUnitRunner
INSTRUMENTATION_STATUS: test=incompatibleScaleHistoryCanBeCorrectedAtLargeText
INSTRUMENTATION_STATUS: class=com.whip.app.TrackFieldEditingJourneyE2ETest
INSTRUMENTATION_STATUS: current=2
INSTRUMENTATION_STATUS_CODE: 0
INSTRUMENTATION_RESULT: stream=

Time: 55.066

OK (2 tests)


INSTRUMENTATION_CODE: -1
