Route A artifacts/astra-audit/2026-09-10/scale-history/api26.log -> candidate:required (unclassified repository path)
Route A artifacts/astra-audit/2026-09-10/scale-history/api26/capture-manifest.json -> candidate:required (unclassified repository path)
Route A artifacts/astra-audit/2026-09-10/scale-history/api26/tracks.scale-history.changed-history.large.png -> candidate:required (unclassified repository path)
Route A artifacts/astra-audit/2026-09-10/scale-history/api26/tracks.scale-history.changed-history.large.xml -> candidate:required (unclassified repository path)
Route A artifacts/astra-audit/2026-09-10/scale-history/api26/tracks.scale-history.changed-history.ordinary.png -> candidate:required (unclassified repository path)
Route A artifacts/astra-audit/2026-09-10/scale-history/api26/tracks.scale-history.changed-history.ordinary.xml -> candidate:required (unclassified repository path)
Route A artifacts/astra-audit/2026-09-10/scale-history/api26/tracks.scale-history.corrected.large.png -> candidate:required (unclassified repository path)
Route A artifacts/astra-audit/2026-09-10/scale-history/api26/tracks.scale-history.corrected.large.xml -> candidate:required (unclassified repository path)
Route A artifacts/astra-audit/2026-09-10/scale-history/api26/tracks.scale-history.corrected.ordinary.png -> candidate:required (unclassified repository path)
Route A artifacts/astra-audit/2026-09-10/scale-history/api26/tracks.scale-history.corrected.ordinary.xml -> candidate:required (unclassified repository path)
Route A artifacts/astra-audit/2026-09-10/scale-history/api26/tracks.scale-history.increment.large.png -> candidate:required (unclassified repository path)
Route A artifacts/astra-audit/2026-09-10/scale-history/api26/tracks.scale-history.increment.large.xml -> candidate:required (unclassified repository path)
Route A artifacts/astra-audit/2026-09-10/scale-history/api26/tracks.scale-history.increment.ordinary.png -> candidate:required (unclassified repository path)
Route A artifacts/astra-audit/2026-09-10/scale-history/api26/tracks.scale-history.increment.ordinary.xml -> candidate:required (unclassified repository path)
Route A artifacts/astra-audit/2026-09-10/scale-history/api26/tracks.scale-history.range.large.png -> candidate:required (unclassified repository path)
Route A artifacts/astra-audit/2026-09-10/scale-history/api26/tracks.scale-history.range.large.xml -> candidate:required (unclassified repository path)
Route A artifacts/astra-audit/2026-09-10/scale-history/api26/tracks.scale-history.range.ordinary.png -> candidate:required (unclassified repository path)
Route A artifacts/astra-audit/2026-09-10/scale-history/api26/tracks.scale-history.range.ordinary.xml -> candidate:required (unclassified repository path)
Route A artifacts/astra-audit/2026-09-10/scale-history/api34/capture-manifest.json -> candidate:required (unclassified repository path)
Route A artifacts/astra-audit/2026-09-10/scale-history/api34/tracks.scale-history.changed-history.large.png -> candidate:required (unclassified repository path)
Route A artifacts/astra-audit/2026-09-10/scale-history/api34/tracks.scale-history.changed-history.large.xml -> candidate:required (unclassified repository path)
Route A artifacts/astra-audit/2026-09-10/scale-history/api34/tracks.scale-history.changed-history.ordinary.png -> candidate:required (unclassified repository path)
Route A artifacts/astra-audit/2026-09-10/scale-history/api34/tracks.scale-history.changed-history.ordinary.xml -> candidate:required (unclassified repository path)
Route A artifacts/astra-audit/2026-09-10/scale-history/api34/tracks.scale-history.corrected.large.png -> candidate:required (unclassified repository path)
Route A artifacts/astra-audit/2026-09-10/scale-history/api34/tracks.scale-history.corrected.large.xml -> candidate:required (unclassified repository path)
Route A artifacts/astra-audit/2026-09-10/scale-history/api34/tracks.scale-history.corrected.ordinary.png -> candidate:required (unclassified repository path)
Route A artifacts/astra-audit/2026-09-10/scale-history/api34/tracks.scale-history.corrected.ordinary.xml -> candidate:required (unclassified repository path)
Route A artifacts/astra-audit/2026-09-10/scale-history/api34/tracks.scale-history.increment.large.png -> candidate:required (unclassified repository path)
Route A artifacts/astra-audit/2026-09-10/scale-history/api34/tracks.scale-history.increment.large.xml -> candidate:required (unclassified repository path)
Route A artifacts/astra-audit/2026-09-10/scale-history/api34/tracks.scale-history.increment.ordinary.png -> candidate:required (unclassified repository path)
Route A artifacts/astra-audit/2026-09-10/scale-history/api34/tracks.scale-history.increment.ordinary.xml -> candidate:required (unclassified repository path)
Route A artifacts/astra-audit/2026-09-10/scale-history/api34/tracks.scale-history.range.large.png -> candidate:required (unclassified repository path)
Route A artifacts/astra-audit/2026-09-10/scale-history/api34/tracks.scale-history.range.large.xml -> candidate:required (unclassified repository path)
Route A artifacts/astra-audit/2026-09-10/scale-history/api34/tracks.scale-history.range.ordinary.png -> candidate:required (unclassified repository path)
Route A artifacts/astra-audit/2026-09-10/scale-history/api34/tracks.scale-history.range.ordinary.xml -> candidate:required (unclassified repository path)
Route A artifacts/astra-audit/2026-09-10/scale-history/api37-large.log -> candidate:required (unclassified repository path)
Route A artifacts/astra-audit/2026-09-10/scale-history/api37-ordinary.log -> candidate:required (unclassified repository path)
Route A artifacts/astra-audit/2026-09-10/scale-history/api37/capture-manifest.json -> candidate:required (unclassified repository path)
Route A artifacts/astra-audit/2026-09-10/scale-history/api37/tracks.scale-history.changed-history.large.png -> candidate:required (unclassified repository path)
Route A artifacts/astra-audit/2026-09-10/scale-history/api37/tracks.scale-history.changed-history.large.xml -> candidate:required (unclassified repository path)
Route A artifacts/astra-audit/2026-09-10/scale-history/api37/tracks.scale-history.changed-history.ordinary.png -> candidate:required (unclassified repository path)
Route A artifacts/astra-audit/2026-09-10/scale-history/api37/tracks.scale-history.changed-history.ordinary.xml -> candidate:required (unclassified repository path)
Route A artifacts/astra-audit/2026-09-10/scale-history/api37/tracks.scale-history.corrected.large.png -> candidate:required (unclassified repository path)
Route A artifacts/astra-audit/2026-09-10/scale-history/api37/tracks.scale-history.corrected.large.xml -> candidate:required (unclassified repository path)
Route A artifacts/astra-audit/2026-09-10/scale-history/api37/tracks.scale-history.corrected.ordinary.png -> candidate:required (unclassified repository path)
Route A artifacts/astra-audit/2026-09-10/scale-history/api37/tracks.scale-history.corrected.ordinary.xml -> candidate:required (unclassified repository path)
Route A artifacts/astra-audit/2026-09-10/scale-history/api37/tracks.scale-history.increment.large.png -> candidate:required (unclassified repository path)
Route A artifacts/astra-audit/2026-09-10/scale-history/api37/tracks.scale-history.increment.large.xml -> candidate:required (unclassified repository path)
Route A artifacts/astra-audit/2026-09-10/scale-history/api37/tracks.scale-history.increment.ordinary.png -> candidate:required (unclassified repository path)
Route A artifacts/astra-audit/2026-09-10/scale-history/api37/tracks.scale-history.increment.ordinary.xml -> candidate:required (unclassified repository path)
Route A artifacts/astra-audit/2026-09-10/scale-history/api37/tracks.scale-history.range.large.png -> candidate:required (unclassified repository path)
Route A artifacts/astra-audit/2026-09-10/scale-history/api37/tracks.scale-history.range.large.xml -> candidate:required (unclassified repository path)
Route A artifacts/astra-audit/2026-09-10/scale-history/api37/tracks.scale-history.range.ordinary.png -> candidate:required (unclassified repository path)
Route A artifacts/astra-audit/2026-09-10/scale-history/api37/tracks.scale-history.range.ordinary.xml -> candidate:required (unclassified repository path)
Route A artifacts/astra-audit/2026-09-10/scale-history/baseline.log -> candidate:required (unclassified repository path)
Route A artifacts/astra-audit/2026-09-10/scale-history/before/capture-manifest.json -> candidate:required (unclassified repository path)
Route A artifacts/astra-audit/2026-09-10/scale-history/before/tracks.scale-history.range-before.large.png -> candidate:required (unclassified repository path)
Route A artifacts/astra-audit/2026-09-10/scale-history/before/tracks.scale-history.range-before.large.xml -> candidate:required (unclassified repository path)
Route A artifacts/astra-audit/2026-09-10/scale-history/before/tracks.scale-history.range-before.ordinary.png -> candidate:required (unclassified repository path)
Route A artifacts/astra-audit/2026-09-10/scale-history/before/tracks.scale-history.range-before.ordinary.xml -> candidate:required (unclassified repository path)
Route A artifacts/astra-audit/2026-09-10/scale-history/before/tracks.scale-history.rejected-before.large.png -> candidate:required (unclassified repository path)
Route A artifacts/astra-audit/2026-09-10/scale-history/before/tracks.scale-history.rejected-before.large.xml -> candidate:required (unclassified repository path)
Route A artifacts/astra-audit/2026-09-10/scale-history/before/tracks.scale-history.rejected-before.ordinary.png -> candidate:required (unclassified repository path)
Route A artifacts/astra-audit/2026-09-10/scale-history/before/tracks.scale-history.rejected-before.ordinary.xml -> candidate:required (unclassified repository path)
Route A artifacts/astra-audit/2026-09-10/scale-history/capture-recovery.json -> candidate:required (unclassified repository path)
Route A artifacts/astra-audit/2026-09-10/scale-history/catalog-lint-final.log -> candidate:required (unclassified repository path)
Route A artifacts/astra-audit/2026-09-10/scale-history/catalog-lint.log -> candidate:required (unclassified repository path)
Route A artifacts/astra-audit/2026-09-10/scale-history/correction.log -> candidate:required (unclassified repository path)
Route A artifacts/astra-audit/2026-09-10/scale-history/development/tracks.scale-history.changed-history.large.png -> candidate:required (unclassified repository path)
Route A artifacts/astra-audit/2026-09-10/scale-history/development/tracks.scale-history.changed-history.large.xml -> candidate:required (unclassified repository path)
Route A artifacts/astra-audit/2026-09-10/scale-history/development/tracks.scale-history.changed-history.ordinary.png -> candidate:required (unclassified repository path)
Route A artifacts/astra-audit/2026-09-10/scale-history/development/tracks.scale-history.changed-history.ordinary.xml -> candidate:required (unclassified repository path)
Route A artifacts/astra-audit/2026-09-10/scale-history/development/tracks.scale-history.increment.large.png -> candidate:required (unclassified repository path)
Route A artifacts/astra-audit/2026-09-10/scale-history/development/tracks.scale-history.increment.large.xml -> candidate:required (unclassified repository path)
Route A artifacts/astra-audit/2026-09-10/scale-history/development/tracks.scale-history.range.ordinary.png -> candidate:required (unclassified repository path)
Route A artifacts/astra-audit/2026-09-10/scale-history/development/tracks.scale-history.range.ordinary.xml -> candidate:required (unclassified repository path)
Route A artifacts/astra-audit/2026-09-10/scale-history/focused.log -> candidate:required (unclassified repository path)
Route A artifacts/astra-audit/2026-09-10/scale-history/native/RtxV1B/aggregate.tsv -> candidate:required (unclassified repository path)
Route A artifacts/astra-audit/2026-09-10/scale-history/native/RtxV1B/batch-1/executed-classes.txt -> candidate:required (unclassified repository path)
Route A artifacts/astra-audit/2026-09-10/scale-history/native/RtxV1B/batch-1/expected-classes.txt -> candidate:required (unclassified repository path)
Route A artifacts/astra-audit/2026-09-10/scale-history/native/RtxV1B/batch-1/result-1.xml -> candidate:required (unclassified repository path)
Route A artifacts/astra-audit/2026-09-10/scale-history/native/RtxV1B/batch-rows/batch-1.tsv -> candidate:required (unclassified repository path)
Route A artifacts/astra-audit/2026-09-10/scale-history/native/XJk18g/aggregate.tsv -> candidate:required (unclassified repository path)
Route A artifacts/astra-audit/2026-09-10/scale-history/native/XJk18g/batch-1/executed-classes.txt -> candidate:required (unclassified repository path)
Route A artifacts/astra-audit/2026-09-10/scale-history/native/XJk18g/batch-1/expected-classes.txt -> candidate:required (unclassified repository path)
Route A artifacts/astra-audit/2026-09-10/scale-history/native/XJk18g/batch-1/result-1.xml -> candidate:required (unclassified repository path)
Route A artifacts/astra-audit/2026-09-10/scale-history/native/XJk18g/batch-rows/batch-1.tsv -> candidate:required (unclassified repository path)
Route A artifacts/astra-audit/2026-09-10/scale-history/native/fIeYPY/aggregate.tsv -> candidate:required (unclassified repository path)
Route A artifacts/astra-audit/2026-09-10/scale-history/native/fIeYPY/batch-1/executed-classes.txt -> candidate:required (unclassified repository path)
Route A artifacts/astra-audit/2026-09-10/scale-history/native/fIeYPY/batch-1/expected-classes.txt -> candidate:required (unclassified repository path)
Route A artifacts/astra-audit/2026-09-10/scale-history/native/fIeYPY/batch-1/result-1.xml -> candidate:required (unclassified repository path)
Route A artifacts/astra-audit/2026-09-10/scale-history/native/raiATE/aggregate.tsv -> candidate:required (unclassified repository path)
Route A artifacts/astra-audit/2026-09-10/scale-history/native/raiATE/batch-1/executed-classes.txt -> candidate:required (unclassified repository path)
Route A artifacts/astra-audit/2026-09-10/scale-history/native/raiATE/batch-1/expected-classes.txt -> candidate:required (unclassified repository path)
Route A artifacts/astra-audit/2026-09-10/scale-history/native/raiATE/batch-1/result-1.xml -> candidate:required (unclassified repository path)
Route A artifacts/astra-audit/2026-09-10/scale-history/pull_captures.py -> candidate:required (unclassified repository path)
Route A artifacts/astra-audit/2026-09-10/scale-history/review.tsv -> candidate:required (unclassified repository path)
Route A artifacts/astra-audit/2026-09-10/scale-history/source-and-apk-sha256.json -> candidate:required (unclassified repository path)
Route A artifacts/astra-audit/2026-09-10/scale-history/text-normalization.json -> candidate:required (unclassified repository path)
Route A artifacts/astra-audit/2026-09-10/scale-history/visibility.log -> candidate:required (unclassified repository path)
Route M app/src/androidTest/java/com/whip/app/TrackFieldEditingJourneyE2ETest.kt -> android:com.whip.app.TrackFieldEditingJourneyE2ETest (exact Android test class)
Route M app/src/androidTest/java/com/whip/app/TrackRepositoryTest.kt -> android:com.whip.app.TrackRepositoryTest (exact Android test class)
Route M app/src/main/java/com/whip/app/data/TrackRepository.kt -> profile:tracks (feature-owned production path)
Route M app/src/main/java/com/whip/app/domain/TrackModels.kt -> profile:tracks (feature-owned production path)
Route M app/src/main/java/com/whip/app/ui/TrackScreens.kt -> profile:tracks (feature-owned production path)
Route M app/src/test/java/com/whip/app/domain/TrackDomainTest.kt -> jvm:com.whip.app.domain.TrackDomainTest (exact JVM test class)
Route M docs/product-memory/DECISIONS.md -> profile:docs (documentation-only path)
Route M docs/product-memory/FINDINGS.md -> profile:docs (documentation-only path)
Route M docs/product-memory/VERIFICATION.md -> profile:docs (documentation-only path)
Route M docs/quality/astra-dialog-font-review-2026-09-09.tsv -> candidate:required (machine-checked quality harness path)
Route M docs/quality/astra-surface-review-2026-09-08.tsv -> candidate:required (machine-checked quality harness path)
Route M docs/quality/ui-surface-catalog.tsv -> candidate:required (machine-checked quality harness path)
Route M docs/testing.md -> profile:docs (documentation-only path)
Profile: all
Profile: docs
Profile: tracks
JVM selector: com.whip.app.domain.TrackDomainTest
Android selector: com.whip.app.TrackFieldEditingJourneyE2ETest
Android selector: com.whip.app.TrackRepositoryTest
All JVM tests: false
All Android tests: false
Static checks: true
Frozen candidate required: true
Reusing configuration cache.
> Task :app:preBuild UP-TO-DATE
> Task :app:preDebugBuild UP-TO-DATE
> Task :app:preDebugUnitTestBuild UP-TO-DATE
> Task :app:generateDebugResValues UP-TO-DATE
> Task :app:generateDebugBuildConfig UP-TO-DATE
> Task :app:createDebugCompatibleScreenManifests UP-TO-DATE
> Task :app:generateDebugResources UP-TO-DATE
> Task :app:javaPreCompileDebugUnitTest UP-TO-DATE
> Task :app:mapDebugSourceSetPaths UP-TO-DATE
> Task :app:generateDebugJacocoPropertiesFile UP-TO-DATE
> Task :app:extractDeepLinksDebug UP-TO-DATE
> Task :app:javaPreCompileDebug UP-TO-DATE
> Task :app:packageDebugResources UP-TO-DATE
> Task :app:processDebugNavigationResources UP-TO-DATE
> Task :app:checkDebugAarMetadata UP-TO-DATE
> Task :app:compileDebugNavigationResources UP-TO-DATE
> Task :app:mergeDebugResources UP-TO-DATE
> Task :app:parseDebugLocalResources UP-TO-DATE
> Task :app:generateDebugRFile UP-TO-DATE
> Task :app:processDebugMainManifest UP-TO-DATE
> Task :app:processDebugManifest UP-TO-DATE
> Task :app:processDebugManifestForPackage UP-TO-DATE
> Task :app:kspDebugKotlin UP-TO-DATE
> Task :app:compileDebugKotlin UP-TO-DATE
> Task :app:processDebugResources UP-TO-DATE
> Task :app:compileDebugJavaWithJavac UP-TO-DATE
> Task :app:processDebugJavaRes UP-TO-DATE
> Task :app:bundleDebugClassesToCompileJar UP-TO-DATE
> Task :app:bundleDebugClassesToRuntimeJar UP-TO-DATE
> Task :app:kspDebugUnitTestKotlin SKIPPED
> Task :app:compileDebugUnitTestKotlin UP-TO-DATE
> Task :app:compileDebugUnitTestJavaWithJavac NO-SOURCE
> Task :app:processDebugUnitTestJavaRes UP-TO-DATE
> Task :app:copyRoomSchemas NO-SOURCE
> Task :app:testDebugUnitTest

BUILD SUCCESSFUL in 3s
29 actionable tasks: 1 executed, 28 up-to-date
Configuration cache entry reused.
Targeted JVM checks passed; Android-test compilation was intentionally deferred.
Play Store assets verified: 512x512 icon, 1024x500 feature graphic, and 5 phone screenshots
Reusing configuration cache.
> Task :app:preBuild UP-TO-DATE
> Task :app:preDebugBuild UP-TO-DATE
> Task :app:preDebugAndroidTestBuild SKIPPED
> Task :app:generateDebugAssets UP-TO-DATE
> Task :app:preDebugUnitTestBuild UP-TO-DATE
> Task :app:extractProguardFiles UP-TO-DATE
> Task :app:generateDebugResValues UP-TO-DATE
> Task :app:generateDebugBuildConfig UP-TO-DATE
> Task :app:javaPreCompileDebug UP-TO-DATE
> Task :app:createDebugCompatibleScreenManifests UP-TO-DATE
> Task :app:generateDebugAndroidTestResValues UP-TO-DATE
> Task :app:generateDebugResources UP-TO-DATE
> Task :app:mapDebugSourceSetPaths UP-TO-DATE
> Task :app:extractDeepLinksDebug UP-TO-DATE
> Task :app:mergeDebugNativeDebugMetadata NO-SOURCE
> Task :app:generateDebugGlobalSynthetics UP-TO-DATE
> Task :app:processDebugAndroidTestNavigationResources UP-TO-DATE
> Task :app:generateDebugAndroidTestResources UP-TO-DATE
> Task :app:generateDebugJacocoPropertiesFile UP-TO-DATE
> Task :app:validateSigningDebug UP-TO-DATE
> Task :app:desugarDebugFileDependencies UP-TO-DATE
> Task :app:writeDebugAppMetadata UP-TO-DATE
> Task :app:packageDebugResources UP-TO-DATE
> Task :app:packageDebugAndroidTestResources UP-TO-DATE
> Task :app:writeDebugSigningConfigVersions UP-TO-DATE
> Task :app:checkDebugAarMetadata UP-TO-DATE
> Task :app:processDebugNavigationResources UP-TO-DATE
> Task :app:parseDebugAndroidTestLocalResources UP-TO-DATE
> Task :app:mergeDebugAssets UP-TO-DATE
> Task :app:mergeDebugJniLibFolders UP-TO-DATE
> Task :app:compileDebugNavigationResources UP-TO-DATE
> Task :app:parseDebugLocalResources UP-TO-DATE
> Task :app:compressDebugAssets UP-TO-DATE
> Task :app:generateDebugAndroidTestRFile UP-TO-DATE
> Task :app:mergeDebugResources UP-TO-DATE
> Task :app:generateDebugRFile UP-TO-DATE
> Task :app:checkDebugDuplicateClasses UP-TO-DATE
> Task :app:mergeLibDexDebug UP-TO-DATE
> Task :app:mergeDebugAndroidTestManifest UP-TO-DATE
> Task :app:processDebugMainManifest UP-TO-DATE
> Task :app:processDebugAndroidTestManifest UP-TO-DATE
> Task :app:mergeDebugNativeLibs UP-TO-DATE
> Task :app:generateDebugAndroidTestBuildConfig UP-TO-DATE
> Task :app:processDebugManifest UP-TO-DATE
> Task :app:stripDebugDebugSymbols UP-TO-DATE
> Task :app:kspDebugKotlin UP-TO-DATE
> Task :app:processDebugManifestForPackage UP-TO-DATE
> Task :app:mergeExtDexDebug UP-TO-DATE
> Task :app:compileDebugKotlin UP-TO-DATE
> Task :app:compileDebugJavaWithJavac UP-TO-DATE
> Task :app:processDebugJavaRes UP-TO-DATE
> Task :app:processDebugResources UP-TO-DATE
> Task :app:bundleDebugClassesToCompileJar UP-TO-DATE
> Task :app:jacocoDebug UP-TO-DATE
> Task :app:dexBuilderDebug UP-TO-DATE
> Task :app:kspDebugAndroidTestKotlin SKIPPED
> Task :app:mergeProjectDexDebug UP-TO-DATE
> Task :app:mergeDebugJavaResource UP-TO-DATE
> Task :app:copyRoomSchemas NO-SOURCE
> Task :app:packageDebug UP-TO-DATE
> Task :app:createDebugApkListingFileRedirect UP-TO-DATE
> Task :app:assembleDebug UP-TO-DATE
> Task :app:compileDebugAndroidTestKotlin UP-TO-DATE
> Task :app:generateDebugUnitTestLintModel
> Task :app:generateDebugLintReportModel
> Task :app:generateDebugAndroidTestLintModel
> Task :app:lintAnalyzeDebugUnitTest
> Task :app:lintAnalyzeDebug
> Task :app:lintAnalyzeDebugAndroidTest

> Task :app:lintReportDebug
Wrote HTML report to file:///root/repos/whip/app/build/reports/lint-results-debug.html
Wrote SARIF report to file:///root/repos/whip/app/build/reports/lint-results-debug.sarif

> Task :app:lintDebug

BUILD SUCCESSFUL in 2m 32s
62 actionable tasks: 8 executed, 54 up-to-date
Configuration cache entry reused.
Affected-change readiness gate passed. Frozen-candidate evidence was not created.
Play Store note: qualify these inputs with a fresh scripts/candidate run only when preparing a store release.
