--------- beginning of main
09-09 18:01:22.310  3686  3701 I WhipDraftState: acceptedChars=600008; completedSessions=3; activityStateBytes=27988
09-09 18:01:22.310  3686  3701 I WhipDraftState: stateKey=@android:autofillResetNeeded; bytes=88
09-09 18:01:22.310  3686  3701 I WhipDraftState: stateKey=android:fragments; bytes=396
09-09 18:01:22.310  3686  3701 I WhipDraftState: stateKey=android:lastAutofillId; bytes=76
09-09 18:01:22.310  3686  3701 I WhipDraftState: stateKey=android:state; bytes=56
09-09 18:01:22.310  3686  3701 I WhipDraftState: stateKey=android:viewHierarchyState; bytes=220
09-09 18:01:22.311  3686  3701 I WhipDraftState: stateKey=androidx.lifecycle.BundlableSavedStateRegistry.key; bytes=27080
09-09 18:01:22.311  3686  3701 I WhipDraftState: stateKey=whip.launch.delivery_counter; bytes=92
09-09 18:01:22.311  3686  3701 I WhipDraftState: stateKey=whip.launch.pending_requests; bytes=92
09-09 18:01:30.292  3686  3701 I WhipDraftState: acceptedChars=600008; completedSessions=0; activityStateBytes=29924
09-09 18:01:30.292  3686  3701 I WhipDraftState: stateKey=@android:autofillResetNeeded; bytes=88
09-09 18:01:30.292  3686  3701 I WhipDraftState: stateKey=android:fragments; bytes=396
09-09 18:01:30.293  3686  3701 I WhipDraftState: stateKey=android:lastAutofillId; bytes=76
09-09 18:01:30.293  3686  3701 I WhipDraftState: stateKey=android:state; bytes=56
09-09 18:01:30.293  3686  3701 I WhipDraftState: stateKey=android:viewHierarchyState; bytes=220
09-09 18:01:30.293  3686  3701 I WhipDraftState: stateKey=androidx.lifecycle.BundlableSavedStateRegistry.key; bytes=29016
09-09 18:01:30.293  3686  3701 I WhipDraftState: stateKey=whip.launch.delivery_counter; bytes=92
09-09 18:01:30.293  3686  3701 I WhipDraftState: stateKey=whip.launch.pending_requests; bytes=92
09-09 18:43:55.967  5243  5260 I WhipDraftState: acceptedChars=600008; completedSessions=3; rowDeletion=false; activityStateBytes=27988
09-09 18:43:55.967  5243  5260 I WhipDraftState: stateKey=@android:autofillResetNeeded; bytes=88
09-09 18:43:55.967  5243  5260 I WhipDraftState: stateKey=android:fragments; bytes=396
09-09 18:43:55.967  5243  5260 I WhipDraftState: stateKey=android:lastAutofillId; bytes=76
09-09 18:43:55.967  5243  5260 I WhipDraftState: stateKey=android:state; bytes=56
09-09 18:43:55.967  5243  5260 I WhipDraftState: stateKey=android:viewHierarchyState; bytes=220
09-09 18:43:55.968  5243  5260 I WhipDraftState: stateKey=androidx.lifecycle.BundlableSavedStateRegistry.key; bytes=27080
09-09 18:43:55.969  5243  5260 I WhipDraftState: stateKey=whip.launch.delivery_counter; bytes=92
09-09 18:43:55.969  5243  5260 I WhipDraftState: stateKey=whip.launch.pending_requests; bytes=92
09-09 18:44:01.508  5243  5260 I WhipDraftState: acceptedChars=1200008; completedSessions=0; rowDeletion=true; activityStateBytes=29608
09-09 18:44:01.509  5243  5260 I WhipDraftState: stateKey=android:fragments; bytes=396
09-09 18:44:01.509  5243  5260 I WhipDraftState: stateKey=android:lastAutofillId; bytes=76
09-09 18:44:01.509  5243  5260 I WhipDraftState: stateKey=android:viewHierarchyState; bytes=220
09-09 18:44:01.511  5243  5260 I WhipDraftState: stateKey=androidx.lifecycle.BundlableSavedStateRegistry.key; bytes=28812
09-09 18:44:01.511  5243  5260 I WhipDraftState: stateKey=whip.launch.delivery_counter; bytes=92
09-09 18:44:01.511  5243  5260 I WhipDraftState: stateKey=whip.launch.pending_requests; bytes=92
09-09 18:44:10.533  5243  5260 I WhipDraftState: acceptedChars=600008; completedSessions=0; rowDeletion=false; activityStateBytes=29920
09-09 18:44:10.533  5243  5260 I WhipDraftState: stateKey=@android:autofillResetNeeded; bytes=88
09-09 18:44:10.533  5243  5260 I WhipDraftState: stateKey=android:fragments; bytes=396
09-09 18:44:10.533  5243  5260 I WhipDraftState: stateKey=android:lastAutofillId; bytes=76
09-09 18:44:10.533  5243  5260 I WhipDraftState: stateKey=android:state; bytes=56
09-09 18:44:10.533  5243  5260 I WhipDraftState: stateKey=android:viewHierarchyState; bytes=220
09-09 18:44:10.534  5243  5260 I WhipDraftState: stateKey=androidx.lifecycle.BundlableSavedStateRegistry.key; bytes=29012
09-09 18:44:10.534  5243  5260 I WhipDraftState: stateKey=whip.launch.delivery_counter; bytes=92
09-09 18:44:10.534  5243  5260 I WhipDraftState: stateKey=whip.launch.pending_requests; bytes=92
