INSTRUMENTATION_STATUS: numtests=19
INSTRUMENTATION_STATUS: stream=
com.whip.app.TrackDraftSavedStateJourneyTest:
INSTRUMENTATION_STATUS: id=AndroidJUnitRunner
INSTRUMENTATION_STATUS: test=savedEntriesDoNotAccumulateDraftPayloadsInActivityState
INSTRUMENTATION_STATUS: class=com.whip.app.TrackDraftSavedStateJourneyTest
INSTRUMENTATION_STATUS: current=1
INSTRUMENTATION_STATUS_CODE: 1
INSTRUMENTATION_STATUS: numtests=19
INSTRUMENTATION_STATUS: stream=.
INSTRUMENTATION_STATUS: id=AndroidJUnitRunner
INSTRUMENTATION_STATUS: test=savedEntriesDoNotAccumulateDraftPayloadsInActivityState
INSTRUMENTATION_STATUS: class=com.whip.app.TrackDraftSavedStateJourneyTest
INSTRUMENTATION_STATUS: current=1
INSTRUMENTATION_STATUS_CODE: 0
INSTRUMENTATION_STATUS: numtests=19
INSTRUMENTATION_STATUS: stream=
INSTRUMENTATION_STATUS: id=AndroidJUnitRunner
INSTRUMENTATION_STATUS: test=rowDeletionReviewKeepsSavedStateWithinPlatformTransport
INSTRUMENTATION_STATUS: class=com.whip.app.TrackDraftSavedStateJourneyTest
INSTRUMENTATION_STATUS: current=2
INSTRUMENTATION_STATUS_CODE: 1
INSTRUMENTATION_STATUS: numtests=19
INSTRUMENTATION_STATUS: stream=.
INSTRUMENTATION_STATUS: id=AndroidJUnitRunner
INSTRUMENTATION_STATUS: test=rowDeletionReviewKeepsSavedStateWithinPlatformTransport
INSTRUMENTATION_STATUS: class=com.whip.app.TrackDraftSavedStateJourneyTest
INSTRUMENTATION_STATUS: current=2
INSTRUMENTATION_STATUS_CODE: 0
INSTRUMENTATION_STATUS: numtests=19
INSTRUMENTATION_STATUS: stream=
INSTRUMENTATION_STATUS: id=AndroidJUnitRunner
INSTRUMENTATION_STATUS: test=largeAcceptedEntryKeepsSavedStateWithinPlatformTransport
INSTRUMENTATION_STATUS: class=com.whip.app.TrackDraftSavedStateJourneyTest
INSTRUMENTATION_STATUS: current=3
INSTRUMENTATION_STATUS_CODE: 1
INSTRUMENTATION_STATUS: numtests=19
INSTRUMENTATION_STATUS: stream=.
INSTRUMENTATION_STATUS: id=AndroidJUnitRunner
INSTRUMENTATION_STATUS: test=largeAcceptedEntryKeepsSavedStateWithinPlatformTransport
INSTRUMENTATION_STATUS: class=com.whip.app.TrackDraftSavedStateJourneyTest
INSTRUMENTATION_STATUS: current=3
INSTRUMENTATION_STATUS_CODE: 0
INSTRUMENTATION_STATUS: numtests=19
INSTRUMENTATION_STATUS: stream=
com.whip.app.ui.TrackEntryDeleteRecoveryUiTest:
INSTRUMENTATION_STATUS: id=AndroidJUnitRunner
INSTRUMENTATION_STATUS: test=recoveredDeletionConflictRemainsReachableAtLargeText
INSTRUMENTATION_STATUS: class=com.whip.app.ui.TrackEntryDeleteRecoveryUiTest
INSTRUMENTATION_STATUS: current=4
INSTRUMENTATION_STATUS_CODE: 1
INSTRUMENTATION_STATUS: numtests=19
INSTRUMENTATION_STATUS: stream=.
INSTRUMENTATION_STATUS: id=AndroidJUnitRunner
INSTRUMENTATION_STATUS: test=recoveredDeletionConflictRemainsReachableAtLargeText
INSTRUMENTATION_STATUS: class=com.whip.app.ui.TrackEntryDeleteRecoveryUiTest
INSTRUMENTATION_STATUS: current=4
INSTRUMENTATION_STATUS_CODE: 0
INSTRUMENTATION_STATUS: numtests=19
INSTRUMENTATION_STATUS: stream=
INSTRUMENTATION_STATUS: id=AndroidJUnitRunner
INSTRUMENTATION_STATUS: test=newOwnerCannotReplaceTheRestoredDeletionRevision
INSTRUMENTATION_STATUS: class=com.whip.app.ui.TrackEntryDeleteRecoveryUiTest
INSTRUMENTATION_STATUS: current=5
INSTRUMENTATION_STATUS_CODE: 1
INSTRUMENTATION_STATUS: numtests=19
INSTRUMENTATION_STATUS: stream=.
INSTRUMENTATION_STATUS: id=AndroidJUnitRunner
INSTRUMENTATION_STATUS: test=newOwnerCannotReplaceTheRestoredDeletionRevision
INSTRUMENTATION_STATUS: class=com.whip.app.ui.TrackEntryDeleteRecoveryUiTest
INSTRUMENTATION_STATUS: current=5
INSTRUMENTATION_STATUS_CODE: 0
INSTRUMENTATION_STATUS: numtests=19
INSTRUMENTATION_STATUS: stream=
com.whip.app.TrackEntryIntegrityTest:
INSTRUMENTATION_STATUS: id=AndroidJUnitRunner
INSTRUMENTATION_STATUS: test=malformedTypePayloadAndChangedSelectedUnitAreRejectedWithoutRows
INSTRUMENTATION_STATUS: class=com.whip.app.TrackEntryIntegrityTest
INSTRUMENTATION_STATUS: current=6
INSTRUMENTATION_STATUS_CODE: 1
INSTRUMENTATION_STATUS: numtests=19
INSTRUMENTATION_STATUS: stream=.
INSTRUMENTATION_STATUS: id=AndroidJUnitRunner
INSTRUMENTATION_STATUS: test=malformedTypePayloadAndChangedSelectedUnitAreRejectedWithoutRows
INSTRUMENTATION_STATUS: class=com.whip.app.TrackEntryIntegrityTest
INSTRUMENTATION_STATUS: current=6
INSTRUMENTATION_STATUS_CODE: 0
INSTRUMENTATION_STATUS: numtests=19
INSTRUMENTATION_STATUS: stream=
INSTRUMENTATION_STATUS: id=AndroidJUnitRunner
INSTRUMENTATION_STATUS: test=staleDeleteRejectsAndMissingDeleteIsOutcomeUnknown
INSTRUMENTATION_STATUS: class=com.whip.app.TrackEntryIntegrityTest
INSTRUMENTATION_STATUS: current=7
INSTRUMENTATION_STATUS_CODE: 1
INSTRUMENTATION_STATUS: numtests=19
INSTRUMENTATION_STATUS: stream=.
INSTRUMENTATION_STATUS: id=AndroidJUnitRunner
INSTRUMENTATION_STATUS: test=staleDeleteRejectsAndMissingDeleteIsOutcomeUnknown
INSTRUMENTATION_STATUS: class=com.whip.app.TrackEntryIntegrityTest
INSTRUMENTATION_STATUS: current=7
INSTRUMENTATION_STATUS_CODE: 0
INSTRUMENTATION_STATUS: numtests=19
INSTRUMENTATION_STATUS: stream=
INSTRUMENTATION_STATUS: id=AndroidJUnitRunner
INSTRUMENTATION_STATUS: test=updateAndDeleteRejectMissingReidentifiedParentsAndChangedFormsWithoutMutation
INSTRUMENTATION_STATUS: class=com.whip.app.TrackEntryIntegrityTest
INSTRUMENTATION_STATUS: current=8
INSTRUMENTATION_STATUS_CODE: 1
INSTRUMENTATION_STATUS: numtests=19
INSTRUMENTATION_STATUS: stream=.
INSTRUMENTATION_STATUS: id=AndroidJUnitRunner
INSTRUMENTATION_STATUS: test=updateAndDeleteRejectMissingReidentifiedParentsAndChangedFormsWithoutMutation
INSTRUMENTATION_STATUS: class=com.whip.app.TrackEntryIntegrityTest
INSTRUMENTATION_STATUS: current=8
INSTRUMENTATION_STATUS_CODE: 0
INSTRUMENTATION_STATUS: numtests=19
INSTRUMENTATION_STATUS: stream=
INSTRUMENTATION_STATUS: id=AndroidJUnitRunner
INSTRUMENTATION_STATUS: test=restoreRetryRejectsSameEntryIdentityUnderReincarnatedTrack
INSTRUMENTATION_STATUS: class=com.whip.app.TrackEntryIntegrityTest
INSTRUMENTATION_STATUS: current=9
INSTRUMENTATION_STATUS_CODE: 1
INSTRUMENTATION_STATUS: numtests=19
INSTRUMENTATION_STATUS: stream=.
INSTRUMENTATION_STATUS: id=AndroidJUnitRunner
INSTRUMENTATION_STATUS: test=restoreRetryRejectsSameEntryIdentityUnderReincarnatedTrack
INSTRUMENTATION_STATUS: class=com.whip.app.TrackEntryIntegrityTest
INSTRUMENTATION_STATUS: current=9
INSTRUMENTATION_STATUS_CODE: 0
INSTRUMENTATION_STATUS: numtests=19
INSTRUMENTATION_STATUS: stream=
INSTRUMENTATION_STATUS: id=AndroidJUnitRunner
INSTRUMENTATION_STATUS: test=staleEntryUpdateRejectsWithoutErasingConcurrentOptionalValue
INSTRUMENTATION_STATUS: class=com.whip.app.TrackEntryIntegrityTest
INSTRUMENTATION_STATUS: current=10
INSTRUMENTATION_STATUS_CODE: 1
INSTRUMENTATION_STATUS: numtests=19
INSTRUMENTATION_STATUS: stream=.
INSTRUMENTATION_STATUS: id=AndroidJUnitRunner
INSTRUMENTATION_STATUS: test=staleEntryUpdateRejectsWithoutErasingConcurrentOptionalValue
INSTRUMENTATION_STATUS: class=com.whip.app.TrackEntryIntegrityTest
INSTRUMENTATION_STATUS: current=10
INSTRUMENTATION_STATUS_CODE: 0
INSTRUMENTATION_STATUS: numtests=19
INSTRUMENTATION_STATUS: stream=
INSTRUMENTATION_STATUS: id=AndroidJUnitRunner
INSTRUMENTATION_STATUS: test=restoreRejectsMissingReidentifiedParentAndDifferentEntryHistory
INSTRUMENTATION_STATUS: class=com.whip.app.TrackEntryIntegrityTest
INSTRUMENTATION_STATUS: current=11
INSTRUMENTATION_STATUS_CODE: 1
INSTRUMENTATION_STATUS: numtests=19
INSTRUMENTATION_STATUS: stream=.
INSTRUMENTATION_STATUS: id=AndroidJUnitRunner
INSTRUMENTATION_STATUS: test=restoreRejectsMissingReidentifiedParentAndDifferentEntryHistory
INSTRUMENTATION_STATUS: class=com.whip.app.TrackEntryIntegrityTest
INSTRUMENTATION_STATUS: current=11
INSTRUMENTATION_STATUS_CODE: 0
INSTRUMENTATION_STATUS: numtests=19
INSTRUMENTATION_STATUS: stream=
INSTRUMENTATION_STATUS: id=AndroidJUnitRunner
INSTRUMENTATION_STATUS: test=committedCreateRetrySurvivesNewRequiredFieldAndArchive
INSTRUMENTATION_STATUS: class=com.whip.app.TrackEntryIntegrityTest
INSTRUMENTATION_STATUS: current=12
INSTRUMENTATION_STATUS_CODE: 1
INSTRUMENTATION_STATUS: numtests=19
INSTRUMENTATION_STATUS: stream=.
INSTRUMENTATION_STATUS: id=AndroidJUnitRunner
INSTRUMENTATION_STATUS: test=committedCreateRetrySurvivesNewRequiredFieldAndArchive
INSTRUMENTATION_STATUS: class=com.whip.app.TrackEntryIntegrityTest
INSTRUMENTATION_STATUS: current=12
INSTRUMENTATION_STATUS_CODE: 0
INSTRUMENTATION_STATUS: numtests=19
INSTRUMENTATION_STATUS: stream=
INSTRUMENTATION_STATUS: id=AndroidJUnitRunner
INSTRUMENTATION_STATUS: test=createRejectsBlankIdentityMissingOrChangedParentChangedFormAndArchivedTrack
INSTRUMENTATION_STATUS: class=com.whip.app.TrackEntryIntegrityTest
INSTRUMENTATION_STATUS: current=13
INSTRUMENTATION_STATUS_CODE: 1
INSTRUMENTATION_STATUS: numtests=19
INSTRUMENTATION_STATUS: stream=.
INSTRUMENTATION_STATUS: id=AndroidJUnitRunner
INSTRUMENTATION_STATUS: test=createRejectsBlankIdentityMissingOrChangedParentChangedFormAndArchivedTrack
INSTRUMENTATION_STATUS: class=com.whip.app.TrackEntryIntegrityTest
INSTRUMENTATION_STATUS: current=13
INSTRUMENTATION_STATUS_CODE: 0
INSTRUMENTATION_STATUS: numtests=19
INSTRUMENTATION_STATUS: stream=
INSTRUMENTATION_STATUS: id=AndroidJUnitRunner
INSTRUMENTATION_STATUS: test=stableCreateIsIdempotentButDifferentContentOrTrackCollidesAndFreshIdentityDuplicates
INSTRUMENTATION_STATUS: class=com.whip.app.TrackEntryIntegrityTest
INSTRUMENTATION_STATUS: current=14
INSTRUMENTATION_STATUS_CODE: 1
INSTRUMENTATION_STATUS: numtests=19
INSTRUMENTATION_STATUS: stream=.
INSTRUMENTATION_STATUS: id=AndroidJUnitRunner
INSTRUMENTATION_STATUS: test=stableCreateIsIdempotentButDifferentContentOrTrackCollidesAndFreshIdentityDuplicates
INSTRUMENTATION_STATUS: class=com.whip.app.TrackEntryIntegrityTest
INSTRUMENTATION_STATUS: current=14
INSTRUMENTATION_STATUS_CODE: 0
INSTRUMENTATION_STATUS: numtests=19
INSTRUMENTATION_STATUS: stream=
INSTRUMENTATION_STATUS: id=AndroidJUnitRunner
INSTRUMENTATION_STATUS: test=everyEntryValueTypeRoundTripsThroughPreparationMutationAndUndo
INSTRUMENTATION_STATUS: class=com.whip.app.TrackEntryIntegrityTest
INSTRUMENTATION_STATUS: current=15
INSTRUMENTATION_STATUS_CODE: 1
INSTRUMENTATION_STATUS: numtests=19
INSTRUMENTATION_STATUS: stream=.
INSTRUMENTATION_STATUS: id=AndroidJUnitRunner
INSTRUMENTATION_STATUS: test=everyEntryValueTypeRoundTripsThroughPreparationMutationAndUndo
INSTRUMENTATION_STATUS: class=com.whip.app.TrackEntryIntegrityTest
INSTRUMENTATION_STATUS: current=15
INSTRUMENTATION_STATUS_CODE: 0
INSTRUMENTATION_STATUS: numtests=19
INSTRUMENTATION_STATUS: stream=
INSTRUMENTATION_STATUS: id=AndroidJUnitRunner
INSTRUMENTATION_STATUS: test=undoAllowsUnitRenameAndArchiveButRejectsConversionChange
INSTRUMENTATION_STATUS: class=com.whip.app.TrackEntryIntegrityTest
INSTRUMENTATION_STATUS: current=16
INSTRUMENTATION_STATUS_CODE: 1
INSTRUMENTATION_STATUS: numtests=19
INSTRUMENTATION_STATUS: stream=.
INSTRUMENTATION_STATUS: id=AndroidJUnitRunner
INSTRUMENTATION_STATUS: test=undoAllowsUnitRenameAndArchiveButRejectsConversionChange
INSTRUMENTATION_STATUS: class=com.whip.app.TrackEntryIntegrityTest
INSTRUMENTATION_STATUS: current=16
INSTRUMENTATION_STATUS_CODE: 0
INSTRUMENTATION_STATUS: numtests=19
INSTRUMENTATION_STATUS: stream=
INSTRUMENTATION_STATUS: id=AndroidJUnitRunner
INSTRUMENTATION_STATUS: test=restoreRejectsMalformedSnapshotAndLiveValueIdentityCollisionAtomically
INSTRUMENTATION_STATUS: class=com.whip.app.TrackEntryIntegrityTest
INSTRUMENTATION_STATUS: current=17
INSTRUMENTATION_STATUS_CODE: 1
INSTRUMENTATION_STATUS: numtests=19
INSTRUMENTATION_STATUS: stream=.
INSTRUMENTATION_STATUS: id=AndroidJUnitRunner
INSTRUMENTATION_STATUS: test=restoreRejectsMalformedSnapshotAndLiveValueIdentityCollisionAtomically
INSTRUMENTATION_STATUS: class=com.whip.app.TrackEntryIntegrityTest
INSTRUMENTATION_STATUS: current=17
INSTRUMENTATION_STATUS_CODE: 0
INSTRUMENTATION_STATUS: numtests=19
INSTRUMENTATION_STATUS: stream=
INSTRUMENTATION_STATUS: id=AndroidJUnitRunner
INSTRUMENTATION_STATUS: test=restoreValidatesChoiceAndScaleBeforeWriting
INSTRUMENTATION_STATUS: class=com.whip.app.TrackEntryIntegrityTest
INSTRUMENTATION_STATUS: current=18
INSTRUMENTATION_STATUS_CODE: 1
INSTRUMENTATION_STATUS: numtests=19
INSTRUMENTATION_STATUS: stream=.
INSTRUMENTATION_STATUS: id=AndroidJUnitRunner
INSTRUMENTATION_STATUS: test=restoreValidatesChoiceAndScaleBeforeWriting
INSTRUMENTATION_STATUS: class=com.whip.app.TrackEntryIntegrityTest
INSTRUMENTATION_STATUS: current=18
INSTRUMENTATION_STATUS_CODE: 0
INSTRUMENTATION_STATUS: numtests=19
INSTRUMENTATION_STATUS: stream=
INSTRUMENTATION_STATUS: id=AndroidJUnitRunner
INSTRUMENTATION_STATUS: test=achievedUpdateRetryWinsBeforeLaterFormChangeAndArchiveButNewMutationDoesNot
INSTRUMENTATION_STATUS: class=com.whip.app.TrackEntryIntegrityTest
INSTRUMENTATION_STATUS: current=19
INSTRUMENTATION_STATUS_CODE: 1
INSTRUMENTATION_STATUS: numtests=19
INSTRUMENTATION_STATUS: stream=.
INSTRUMENTATION_STATUS: id=AndroidJUnitRunner
INSTRUMENTATION_STATUS: test=achievedUpdateRetryWinsBeforeLaterFormChangeAndArchiveButNewMutationDoesNot
INSTRUMENTATION_STATUS: class=com.whip.app.TrackEntryIntegrityTest
INSTRUMENTATION_STATUS: current=19
INSTRUMENTATION_STATUS_CODE: 0
INSTRUMENTATION_RESULT: stream=

Time: 153.061

OK (19 tests)


INSTRUMENTATION_CODE: -1
