Route A app/src/androidTest/java/com/whip/app/ui/TrackEntryDeleteRecoveryUiTest.kt -> android:com.whip.app.ui.TrackEntryDeleteRecoveryUiTest (exact Android test class)
Route A app/src/main/java/com/whip/app/ui/TrackEntryDeleteCandidate.kt -> profile:tracks (feature-owned production path)
Route A artifacts/astra-audit/2026-09-09/entry-delete-recovery/baseline-process-api37/after-confirm.png -> candidate:required (unclassified repository path)
Route A artifacts/astra-audit/2026-09-09/entry-delete-recovery/baseline-process-api37/after-confirm.xml -> candidate:required (unclassified repository path)
Route A artifacts/astra-audit/2026-09-09/entry-delete-recovery/baseline-process-api37/before.png -> candidate:required (unclassified repository path)
Route A artifacts/astra-audit/2026-09-09/entry-delete-recovery/baseline-process-api37/before.xml -> candidate:required (unclassified repository path)
Route A artifacts/astra-audit/2026-09-09/entry-delete-recovery/baseline-process-api37/fixture.json -> candidate:required (unclassified repository path)
Route A artifacts/astra-audit/2026-09-09/entry-delete-recovery/baseline-process-api37/kill.txt -> candidate:required (unclassified repository path)
Route A artifacts/astra-audit/2026-09-09/entry-delete-recovery/baseline-process-api37/launch.log -> candidate:required (unclassified repository path)
Route A artifacts/astra-audit/2026-09-09/entry-delete-recovery/baseline-process-api37/proof.json -> candidate:required (unclassified repository path)
Route A artifacts/astra-audit/2026-09-09/entry-delete-recovery/baseline-process-api37/recovered.png -> candidate:required (unclassified repository path)
Route A artifacts/astra-audit/2026-09-09/entry-delete-recovery/baseline-process-api37/recovered.xml -> candidate:required (unclassified repository path)
Route A artifacts/astra-audit/2026-09-09/entry-delete-recovery/baseline-process-api37/seed.log -> candidate:required (unclassified repository path)
Route A artifacts/astra-audit/2026-09-09/entry-delete-recovery/development-api26/tracks.entry-delete.conflict.large.png -> candidate:required (unclassified repository path)
Route A artifacts/astra-audit/2026-09-09/entry-delete-recovery/development-api26/tracks.entry-delete.conflict.large.xml -> candidate:required (unclassified repository path)
Route A artifacts/astra-audit/2026-09-09/entry-delete-recovery/development-api26/tracks.entry-delete.conflict.ordinary.png -> candidate:required (unclassified repository path)
Route A artifacts/astra-audit/2026-09-09/entry-delete-recovery/development-api26/tracks.entry-delete.conflict.ordinary.xml -> candidate:required (unclassified repository path)
Route A artifacts/astra-audit/2026-09-09/entry-delete-recovery/development-api26/tracks.entry-delete.latest.large.png -> candidate:required (unclassified repository path)
Route A artifacts/astra-audit/2026-09-09/entry-delete-recovery/development-api26/tracks.entry-delete.latest.large.xml -> candidate:required (unclassified repository path)
Route A artifacts/astra-audit/2026-09-09/entry-delete-recovery/development-api26/tracks.entry-delete.latest.ordinary.png -> candidate:required (unclassified repository path)
Route A artifacts/astra-audit/2026-09-09/entry-delete-recovery/development-api26/tracks.entry-delete.latest.ordinary.xml -> candidate:required (unclassified repository path)
Route A artifacts/astra-audit/2026-09-09/entry-delete-recovery/development-api26/tracks.entry-delete.review.large.png -> candidate:required (unclassified repository path)
Route A artifacts/astra-audit/2026-09-09/entry-delete-recovery/development-api26/tracks.entry-delete.review.large.xml -> candidate:required (unclassified repository path)
Route A artifacts/astra-audit/2026-09-09/entry-delete-recovery/development-api26/tracks.entry-delete.review.ordinary.png -> candidate:required (unclassified repository path)
Route A artifacts/astra-audit/2026-09-09/entry-delete-recovery/development-api26/tracks.entry-delete.review.ordinary.xml -> candidate:required (unclassified repository path)
Route A artifacts/astra-audit/2026-09-09/entry-delete-recovery/development-api37/capture-files.json -> candidate:required (unclassified repository path)
Route A artifacts/astra-audit/2026-09-09/entry-delete-recovery/development-api37/tracks.entry-delete.conflict.large.png -> candidate:required (unclassified repository path)
Route A artifacts/astra-audit/2026-09-09/entry-delete-recovery/development-api37/tracks.entry-delete.conflict.large.xml -> candidate:required (unclassified repository path)
Route A artifacts/astra-audit/2026-09-09/entry-delete-recovery/development-api37/tracks.entry-delete.conflict.ordinary.png -> candidate:required (unclassified repository path)
Route A artifacts/astra-audit/2026-09-09/entry-delete-recovery/development-api37/tracks.entry-delete.conflict.ordinary.xml -> candidate:required (unclassified repository path)
Route A artifacts/astra-audit/2026-09-09/entry-delete-recovery/development-api37/tracks.entry-delete.latest.large.png -> candidate:required (unclassified repository path)
Route A artifacts/astra-audit/2026-09-09/entry-delete-recovery/development-api37/tracks.entry-delete.latest.large.xml -> candidate:required (unclassified repository path)
Route A artifacts/astra-audit/2026-09-09/entry-delete-recovery/development-api37/tracks.entry-delete.latest.ordinary.png -> candidate:required (unclassified repository path)
Route A artifacts/astra-audit/2026-09-09/entry-delete-recovery/development-api37/tracks.entry-delete.latest.ordinary.xml -> candidate:required (unclassified repository path)
Route A artifacts/astra-audit/2026-09-09/entry-delete-recovery/development-api37/tracks.entry-delete.review.large.png -> candidate:required (unclassified repository path)
Route A artifacts/astra-audit/2026-09-09/entry-delete-recovery/development-api37/tracks.entry-delete.review.large.xml -> candidate:required (unclassified repository path)
Route A artifacts/astra-audit/2026-09-09/entry-delete-recovery/development-api37/tracks.entry-delete.review.ordinary.png -> candidate:required (unclassified repository path)
Route A artifacts/astra-audit/2026-09-09/entry-delete-recovery/development-api37/tracks.entry-delete.review.ordinary.xml -> candidate:required (unclassified repository path)
Route A artifacts/astra-audit/2026-09-09/entry-delete-recovery/development-process-api37/after-confirm.png -> candidate:required (unclassified repository path)
Route A artifacts/astra-audit/2026-09-09/entry-delete-recovery/development-process-api37/after-confirm.xml -> candidate:required (unclassified repository path)
Route A artifacts/astra-audit/2026-09-09/entry-delete-recovery/development-process-api37/before.png -> candidate:required (unclassified repository path)
Route A artifacts/astra-audit/2026-09-09/entry-delete-recovery/development-process-api37/before.xml -> candidate:required (unclassified repository path)
Route A artifacts/astra-audit/2026-09-09/entry-delete-recovery/development-process-api37/fixture.json -> candidate:required (unclassified repository path)
Route A artifacts/astra-audit/2026-09-09/entry-delete-recovery/development-process-api37/kill.txt -> candidate:required (unclassified repository path)
Route A artifacts/astra-audit/2026-09-09/entry-delete-recovery/development-process-api37/launch.log -> candidate:required (unclassified repository path)
Route A artifacts/astra-audit/2026-09-09/entry-delete-recovery/development-process-api37/proof.json -> candidate:required (unclassified repository path)
Route A artifacts/astra-audit/2026-09-09/entry-delete-recovery/development-process-api37/recovered.png -> candidate:required (unclassified repository path)
Route A artifacts/astra-audit/2026-09-09/entry-delete-recovery/development-process-api37/recovered.xml -> candidate:required (unclassified repository path)
Route A artifacts/astra-audit/2026-09-09/entry-delete-recovery/development-process-api37/seed.log -> candidate:required (unclassified repository path)
Route A artifacts/astra-audit/2026-09-09/entry-delete-recovery/development-process-flow-api37/after-confirm.png -> candidate:required (unclassified repository path)
Route A artifacts/astra-audit/2026-09-09/entry-delete-recovery/development-process-flow-api37/after-confirm.xml -> candidate:required (unclassified repository path)
Route A artifacts/astra-audit/2026-09-09/entry-delete-recovery/development-process-flow-api37/before.png -> candidate:required (unclassified repository path)
Route A artifacts/astra-audit/2026-09-09/entry-delete-recovery/development-process-flow-api37/before.xml -> candidate:required (unclassified repository path)
Route A artifacts/astra-audit/2026-09-09/entry-delete-recovery/development-process-flow-api37/fixture.json -> candidate:required (unclassified repository path)
Route A artifacts/astra-audit/2026-09-09/entry-delete-recovery/development-process-flow-api37/kill.txt -> candidate:required (unclassified repository path)
Route A artifacts/astra-audit/2026-09-09/entry-delete-recovery/development-process-flow-api37/launch.log -> candidate:required (unclassified repository path)
Route A artifacts/astra-audit/2026-09-09/entry-delete-recovery/development-process-flow-api37/proof.json -> candidate:required (unclassified repository path)
Route A artifacts/astra-audit/2026-09-09/entry-delete-recovery/development-process-flow-api37/recovered.png -> candidate:required (unclassified repository path)
Route A artifacts/astra-audit/2026-09-09/entry-delete-recovery/development-process-flow-api37/recovered.xml -> candidate:required (unclassified repository path)
Route A artifacts/astra-audit/2026-09-09/entry-delete-recovery/development-process-flow-api37/review-latest.png -> candidate:required (unclassified repository path)
Route A artifacts/astra-audit/2026-09-09/entry-delete-recovery/development-process-flow-api37/review-latest.xml -> candidate:required (unclassified repository path)
Route A artifacts/astra-audit/2026-09-09/entry-delete-recovery/development-process-flow-api37/seed.log -> candidate:required (unclassified repository path)
Route A artifacts/astra-audit/2026-09-09/entry-delete-recovery/development-process-flow-api37/undo.png -> candidate:required (unclassified repository path)
Route A artifacts/astra-audit/2026-09-09/entry-delete-recovery/development-process-flow-api37/undo.xml -> candidate:required (unclassified repository path)
Route A artifacts/astra-audit/2026-09-09/entry-delete-recovery/logs/baseline-large.log -> candidate:required (unclassified repository path)
Route A artifacts/astra-audit/2026-09-09/entry-delete-recovery/logs/baseline-process.log -> candidate:required (unclassified repository path)
Route A artifacts/astra-audit/2026-09-09/entry-delete-recovery/logs/baseline-restoration.log -> candidate:required (unclassified repository path)
Route A artifacts/astra-audit/2026-09-09/entry-delete-recovery/logs/baseline.log -> candidate:required (unclassified repository path)
Route A artifacts/astra-audit/2026-09-09/entry-delete-recovery/logs/catalog-lint.log -> candidate:required (unclassified repository path)
Route A artifacts/astra-audit/2026-09-09/entry-delete-recovery/logs/final-api26-reviewed.log -> candidate:required (unclassified repository path)
Route A artifacts/astra-audit/2026-09-09/entry-delete-recovery/logs/final-api26.log -> candidate:required (unclassified repository path)
Route A artifacts/astra-audit/2026-09-09/entry-delete-recovery/logs/final-api37.log -> candidate:required (unclassified repository path)
Route A artifacts/astra-audit/2026-09-09/entry-delete-recovery/logs/final-canonical.log -> candidate:required (unclassified repository path)
Route A artifacts/astra-audit/2026-09-09/entry-delete-recovery/logs/final-journey.log -> candidate:required (unclassified repository path)
Route A artifacts/astra-audit/2026-09-09/entry-delete-recovery/logs/final-neighbors-normalized.log -> candidate:required (unclassified repository path)
Route A artifacts/astra-audit/2026-09-09/entry-delete-recovery/logs/final-neighbors-retry.log -> candidate:required (unclassified repository path)
Route A artifacts/astra-audit/2026-09-09/entry-delete-recovery/logs/final-neighbors.log -> candidate:required (unclassified repository path)
Route A artifacts/astra-audit/2026-09-09/entry-delete-recovery/logs/final-process.log -> candidate:required (unclassified repository path)
Route A artifacts/astra-audit/2026-09-09/entry-delete-recovery/logs/final-state-api37.log -> candidate:required (unclassified repository path)
Route A artifacts/astra-audit/2026-09-09/entry-delete-recovery/logs/final-state-phone.log -> candidate:required (unclassified repository path)
Route A artifacts/astra-audit/2026-09-09/entry-delete-recovery/logs/first-fix.log -> candidate:required (unclassified repository path)
Route A artifacts/astra-audit/2026-09-09/entry-delete-recovery/logs/recovery-ux.log -> candidate:required (unclassified repository path)
Route A artifacts/astra-audit/2026-09-09/entry-delete-recovery/process_delete_review.py -> candidate:required (unclassified repository path)
Route A artifacts/astra-audit/2026-09-09/entry-delete-recovery/reports/4Yaz9K-batch-1-result-1.xml -> candidate:required (unclassified repository path)
Route A artifacts/astra-audit/2026-09-09/entry-delete-recovery/reports/4Z6D4I-batch-1-result-1.xml -> candidate:required (unclassified repository path)
Route A artifacts/astra-audit/2026-09-09/entry-delete-recovery/reports/ExuXa4-batch-1-result-1.xml -> candidate:required (unclassified repository path)
Route A artifacts/astra-audit/2026-09-09/entry-delete-recovery/reports/UjHDe3-batch-1-result-1.xml -> candidate:required (unclassified repository path)
Route A artifacts/astra-audit/2026-09-09/entry-delete-recovery/reports/Vtd0rK-batch-1-result-1.xml -> candidate:required (unclassified repository path)
Route A artifacts/astra-audit/2026-09-09/entry-delete-recovery/reports/Zdf5Tl-batch-1-result-1.xml -> candidate:required (unclassified repository path)
Route A artifacts/astra-audit/2026-09-09/entry-delete-recovery/reports/tfSVM9-batch-1-result-1.xml -> candidate:required (unclassified repository path)
Route A artifacts/astra-audit/2026-09-09/entry-delete-recovery/reports/tfSVM9-batch-2-result-1.xml -> candidate:required (unclassified repository path)
Route A artifacts/astra-audit/2026-09-09/entry-delete-recovery/reports/uGzMxm-batch-1-result-1.xml -> candidate:required (unclassified repository path)
Route A artifacts/astra-audit/2026-09-09/entry-delete-recovery/reports/x80ix7-batch-1-result-1.xml -> candidate:required (unclassified repository path)
Route A artifacts/astra-audit/2026-09-09/entry-delete-recovery/reports/zze70O-batch-1-result-1.xml -> candidate:required (unclassified repository path)
Route M app/src/androidTest/java/com/whip/app/TrackDraftSavedStateJourneyTest.kt -> android:com.whip.app.TrackDraftSavedStateJourneyTest (exact Android test class)
Route M app/src/androidTest/java/com/whip/app/TrackEntryIntegrityTest.kt -> android:com.whip.app.TrackEntryIntegrityTest (exact Android test class)
Route M app/src/main/java/com/whip/app/ui/TrackScreens.kt -> profile:tracks (feature-owned production path)
Route M app/src/test/java/com/whip/app/ui/TrackEditorStateTest.kt -> jvm:com.whip.app.ui.TrackEditorStateTest (exact JVM test class)
Route M docs/product-memory/DECISIONS.md -> profile:docs (documentation-only path)
Route M docs/product-memory/FINDINGS.md -> profile:docs (documentation-only path)
Route M docs/product-memory/INDEX.md -> profile:docs (documentation-only path)
Route M docs/product-memory/VERIFICATION.md -> profile:docs (documentation-only path)
Route M docs/quality/astra-surface-review-2026-09-08.tsv -> candidate:required (machine-checked quality harness path)
Route M docs/quality/ui-surface-catalog.tsv -> candidate:required (machine-checked quality harness path)
Route M scripts/qa-targeted -> candidate:required (test or release harness integrity path)
Profile: all
Profile: docs
Profile: tracks
JVM selector: com.whip.app.ui.TrackEditorStateTest
Android selector: com.whip.app.TrackDraftSavedStateJourneyTest
Android selector: com.whip.app.TrackEntryIntegrityTest
Android selector: com.whip.app.ui.TrackEntryDeleteRecoveryUiTest
Harness check: scripts/test-check-fast
Harness check: scripts/test-check-full
All JVM tests: false
All Android tests: false
Static checks: true
Frozen candidate required: true
Reusing configuration cache.
> Task :app:preBuild UP-TO-DATE
> Task :app:preDebugBuild UP-TO-DATE
> Task :app:preDebugUnitTestBuild UP-TO-DATE
> Task :app:generateDebugResValues UP-TO-DATE
> Task :app:generateDebugBuildConfig UP-TO-DATE
> Task :app:javaPreCompileDebugUnitTest UP-TO-DATE
> Task :app:javaPreCompileDebug UP-TO-DATE
> Task :app:generateDebugJacocoPropertiesFile UP-TO-DATE
> Task :app:createDebugCompatibleScreenManifests UP-TO-DATE
> Task :app:mapDebugSourceSetPaths UP-TO-DATE
> Task :app:generateDebugResources UP-TO-DATE
> Task :app:extractDeepLinksDebug UP-TO-DATE
> Task :app:packageDebugResources UP-TO-DATE
> Task :app:checkDebugAarMetadata UP-TO-DATE
> Task :app:processDebugNavigationResources UP-TO-DATE
> Task :app:mergeDebugResources UP-TO-DATE
> Task :app:compileDebugNavigationResources UP-TO-DATE
> Task :app:parseDebugLocalResources UP-TO-DATE
> Task :app:generateDebugRFile UP-TO-DATE
> Task :app:processDebugMainManifest UP-TO-DATE
> Task :app:processDebugManifest UP-TO-DATE
> Task :app:processDebugManifestForPackage UP-TO-DATE
> Task :app:kspDebugKotlin UP-TO-DATE
> Task :app:processDebugResources UP-TO-DATE
> Task :app:compileDebugKotlin UP-TO-DATE
> Task :app:compileDebugJavaWithJavac UP-TO-DATE
> Task :app:bundleDebugClassesToCompileJar UP-TO-DATE
> Task :app:bundleDebugClassesToRuntimeJar UP-TO-DATE
> Task :app:kspDebugUnitTestKotlin SKIPPED
> Task :app:processDebugJavaRes UP-TO-DATE
> Task :app:compileDebugUnitTestKotlin UP-TO-DATE
> Task :app:compileDebugUnitTestJavaWithJavac NO-SOURCE
> Task :app:processDebugUnitTestJavaRes UP-TO-DATE
> Task :app:copyRoomSchemas NO-SOURCE
> Task :app:testDebugUnitTest

BUILD SUCCESSFUL in 3s
29 actionable tasks: 1 executed, 28 up-to-date
Configuration cache entry reused.
Targeted JVM checks passed; Android-test compilation was intentionally deferred.
PASS fast-default-explicit-readiness-and-store-boundary
PASS check-full-without-android-serial
All complete-local-gate fixtures passed.
Play Store assets verified: 512x512 icon, 1024x500 feature graphic, and 5 phone screenshots
Reusing configuration cache.
> Task :app:preBuild UP-TO-DATE
> Task :app:generateDebugAssets UP-TO-DATE
> Task :app:preDebugBuild UP-TO-DATE
> Task :app:preDebugAndroidTestBuild SKIPPED
> Task :app:generateDebugResValues UP-TO-DATE
> Task :app:generateDebugBuildConfig UP-TO-DATE
> Task :app:extractProguardFiles UP-TO-DATE
> Task :app:createDebugCompatibleScreenManifests UP-TO-DATE
> Task :app:generateDebugAndroidTestResValues UP-TO-DATE
> Task :app:mapDebugSourceSetPaths UP-TO-DATE
> Task :app:preDebugUnitTestBuild UP-TO-DATE
> Task :app:generateDebugResources UP-TO-DATE
> Task :app:extractDeepLinksDebug UP-TO-DATE
> Task :app:generateDebugAndroidTestResources UP-TO-DATE
> Task :app:processDebugAndroidTestNavigationResources UP-TO-DATE
> Task :app:mergeDebugNativeDebugMetadata NO-SOURCE
> Task :app:generateDebugJacocoPropertiesFile UP-TO-DATE
> Task :app:javaPreCompileDebug UP-TO-DATE
> Task :app:generateDebugGlobalSynthetics UP-TO-DATE
> Task :app:writeDebugAppMetadata UP-TO-DATE
> Task :app:validateSigningDebug UP-TO-DATE
> Task :app:writeDebugSigningConfigVersions UP-TO-DATE
> Task :app:desugarDebugFileDependencies UP-TO-DATE
> Task :app:packageDebugResources UP-TO-DATE
> Task :app:packageDebugAndroidTestResources UP-TO-DATE
> Task :app:mergeDebugJniLibFolders UP-TO-DATE
> Task :app:parseDebugAndroidTestLocalResources UP-TO-DATE
> Task :app:generateDebugAndroidTestRFile UP-TO-DATE
> Task :app:processDebugNavigationResources UP-TO-DATE
> Task :app:checkDebugAarMetadata UP-TO-DATE
> Task :app:mergeDebugAssets UP-TO-DATE
> Task :app:mergeDebugResources UP-TO-DATE
> Task :app:parseDebugLocalResources UP-TO-DATE
> Task :app:compressDebugAssets UP-TO-DATE
> Task :app:checkDebugDuplicateClasses UP-TO-DATE
> Task :app:generateDebugRFile UP-TO-DATE
> Task :app:mergeDebugNativeLibs UP-TO-DATE
> Task :app:stripDebugDebugSymbols UP-TO-DATE
> Task :app:compileDebugNavigationResources UP-TO-DATE
> Task :app:mergeLibDexDebug UP-TO-DATE
> Task :app:kspDebugKotlin UP-TO-DATE
> Task :app:processDebugMainManifest UP-TO-DATE
> Task :app:mergeDebugAndroidTestManifest UP-TO-DATE
> Task :app:processDebugAndroidTestManifest UP-TO-DATE
> Task :app:processDebugManifest UP-TO-DATE
> Task :app:processDebugManifestForPackage UP-TO-DATE
> Task :app:generateDebugAndroidTestBuildConfig UP-TO-DATE
> Task :app:mergeExtDexDebug UP-TO-DATE
> Task :app:compileDebugKotlin UP-TO-DATE
> Task :app:compileDebugJavaWithJavac UP-TO-DATE
> Task :app:processDebugJavaRes UP-TO-DATE
> Task :app:mergeDebugJavaResource UP-TO-DATE
> Task :app:processDebugResources UP-TO-DATE
> Task :app:bundleDebugClassesToCompileJar UP-TO-DATE
> Task :app:jacocoDebug UP-TO-DATE
> Task :app:kspDebugAndroidTestKotlin SKIPPED
> Task :app:dexBuilderDebug UP-TO-DATE
> Task :app:copyRoomSchemas NO-SOURCE
> Task :app:mergeProjectDexDebug UP-TO-DATE
> Task :app:packageDebug UP-TO-DATE
> Task :app:assembleDebug UP-TO-DATE
> Task :app:createDebugApkListingFileRedirect UP-TO-DATE
> Task :app:compileDebugAndroidTestKotlin UP-TO-DATE
> Task :app:generateDebugUnitTestLintModel
> Task :app:generateDebugAndroidTestLintModel
> Task :app:generateDebugLintReportModel
> Task :app:lintAnalyzeDebugUnitTest
> Task :app:lintAnalyzeDebug
> Task :app:lintAnalyzeDebugAndroidTest

> Task :app:lintReportDebug
Wrote HTML report to file:///root/repos/whip/app/build/reports/lint-results-debug.html
Wrote SARIF report to file:///root/repos/whip/app/build/reports/lint-results-debug.sarif

> Task :app:lintDebug

BUILD SUCCESSFUL in 2m 34s
62 actionable tasks: 8 executed, 54 up-to-date
Configuration cache entry reused.
Affected-change readiness gate passed. Frozen-candidate evidence was not created.
Play Store note: qualify these inputs with a fresh scripts/candidate run only when preparing a store release.
