Reusing configuration cache.
> Task :app:preBuild UP-TO-DATE
> Task :app:preDebugUnitTestBuild UP-TO-DATE
> Task :app:preDebugBuild UP-TO-DATE
> Task :app:generateDebugResValues UP-TO-DATE
> Task :app:generateDebugBuildConfig UP-TO-DATE
> Task :app:javaPreCompileDebug UP-TO-DATE
> Task :app:mapDebugSourceSetPaths UP-TO-DATE
> Task :app:generateDebugResources UP-TO-DATE
> Task :app:createDebugCompatibleScreenManifests UP-TO-DATE
> Task :app:javaPreCompileDebugUnitTest UP-TO-DATE
> Task :app:extractDeepLinksDebug UP-TO-DATE
> Task :app:generateDebugJacocoPropertiesFile UP-TO-DATE
> Task :app:packageDebugResources UP-TO-DATE
> Task :app:checkDebugAarMetadata UP-TO-DATE
> Task :app:processDebugNavigationResources UP-TO-DATE
> Task :app:mergeDebugResources UP-TO-DATE
> Task :app:compileDebugNavigationResources UP-TO-DATE
> Task :app:parseDebugLocalResources UP-TO-DATE
> Task :app:generateDebugRFile UP-TO-DATE
> Task :app:processDebugMainManifest UP-TO-DATE
> Task :app:processDebugManifest UP-TO-DATE
> Task :app:processDebugManifestForPackage UP-TO-DATE
> Task :app:kspDebugKotlin UP-TO-DATE
> Task :app:compileDebugKotlin UP-TO-DATE
> Task :app:compileDebugJavaWithJavac UP-TO-DATE
> Task :app:processDebugJavaRes UP-TO-DATE
> Task :app:processDebugResources UP-TO-DATE
> Task :app:bundleDebugClassesToCompileJar UP-TO-DATE
> Task :app:bundleDebugClassesToRuntimeJar UP-TO-DATE
> Task :app:kspDebugUnitTestKotlin SKIPPED
> Task :app:compileDebugUnitTestKotlin UP-TO-DATE
> Task :app:compileDebugUnitTestJavaWithJavac NO-SOURCE
> Task :app:processDebugUnitTestJavaRes UP-TO-DATE
> Task :app:copyRoomSchemas NO-SOURCE
> Task :app:testDebugUnitTest UP-TO-DATE

BUILD SUCCESSFUL in 383ms
29 actionable tasks: 29 up-to-date
Configuration cache entry reused.
Reusing configuration cache.
> Task :app:preBuild UP-TO-DATE
> Task :app:preDebugBuild UP-TO-DATE
> Task :app:preDebugAndroidTestBuild SKIPPED
> Task :app:generateDebugResValues UP-TO-DATE
> Task :app:createDebugCompatibleScreenManifests UP-TO-DATE
> Task :app:javaPreCompileDebug UP-TO-DATE
> Task :app:generateDebugResources UP-TO-DATE
> Task :app:mapDebugSourceSetPaths UP-TO-DATE
> Task :app:extractDeepLinksDebug UP-TO-DATE
> Task :app:generateDebugBuildConfig UP-TO-DATE
> Task :app:generateDebugAndroidTestResValues UP-TO-DATE
> Task :app:packageDebugResources UP-TO-DATE
> Task :app:processDebugAndroidTestNavigationResources UP-TO-DATE
> Task :app:generateDebugAndroidTestResources UP-TO-DATE
> Task :app:packageDebugAndroidTestResources UP-TO-DATE
> Task :app:parseDebugAndroidTestLocalResources UP-TO-DATE
> Task :app:generateDebugAndroidTestRFile UP-TO-DATE
> Task :app:checkDebugAarMetadata UP-TO-DATE
> Task :app:processDebugNavigationResources UP-TO-DATE
> Task :app:mergeDebugResources UP-TO-DATE
> Task :app:parseDebugLocalResources UP-TO-DATE
> Task :app:compileDebugNavigationResources UP-TO-DATE
> Task :app:generateDebugRFile UP-TO-DATE
> Task :app:processDebugMainManifest UP-TO-DATE
> Task :app:processDebugManifest UP-TO-DATE
> Task :app:mergeDebugAndroidTestManifest UP-TO-DATE
> Task :app:processDebugManifestForPackage UP-TO-DATE
> Task :app:processDebugAndroidTestManifest UP-TO-DATE
> Task :app:kspDebugKotlin UP-TO-DATE
> Task :app:generateDebugAndroidTestBuildConfig UP-TO-DATE
> Task :app:compileDebugKotlin UP-TO-DATE
> Task :app:processDebugResources UP-TO-DATE
> Task :app:compileDebugJavaWithJavac UP-TO-DATE
> Task :app:bundleDebugClassesToCompileJar UP-TO-DATE
> Task :app:kspDebugAndroidTestKotlin SKIPPED
> Task :app:copyRoomSchemas NO-SOURCE
> Task :app:compileDebugAndroidTestKotlin UP-TO-DATE

BUILD SUCCESSFUL in 374ms
32 actionable tasks: 32 up-to-date
Configuration cache entry reused.
Targeted Android run 1/1.
Reusing configuration cache.
> Task :app:preBuild UP-TO-DATE
> Task :app:generateDebugAndroidTestAssets UP-TO-DATE
> Task :app:generateDebugAssets UP-TO-DATE
> Task :app:preDebugBuild UP-TO-DATE
> Task :app:copyRoomSchemasToAndroidTestAssetsDebugAndroidTest UP-TO-DATE
> Task :app:generateDebugResValues UP-TO-DATE
> Task :app:generateDebugBuildConfig UP-TO-DATE
> Task :app:preDebugAndroidTestBuild SKIPPED
> Task :app:createDebugCompatibleScreenManifests UP-TO-DATE
> Task :app:mergeDebugNativeDebugMetadata NO-SOURCE
> Task :app:mapDebugSourceSetPaths UP-TO-DATE
> Task :app:extractDeepLinksDebug UP-TO-DATE
> Task :app:processDebugAndroidTestNavigationResources UP-TO-DATE
> Task :app:generateDebugResources UP-TO-DATE
> Task :app:generateDebugGlobalSynthetics UP-TO-DATE
> Task :app:javaPreCompileDebug UP-TO-DATE
> Task :app:generateDebugAndroidTestResValues UP-TO-DATE
> Task :app:javaPreCompileDebugAndroidTest UP-TO-DATE
> Task :app:generateDebugJacocoPropertiesFile UP-TO-DATE
> Task :app:generateDebugAndroidTestResources UP-TO-DATE
> Task :app:desugarDebugFileDependencies UP-TO-DATE
> Task :app:validateSigningDebug UP-TO-DATE
> Task :app:mergeDebugJniLibFolders UP-TO-DATE
> Task :app:writeDebugAppMetadata UP-TO-DATE
> Task :app:writeDebugSigningConfigVersions UP-TO-DATE
> Task :app:packageDebugAndroidTestResources UP-TO-DATE
> Task :app:packageDebugResources UP-TO-DATE
> Task :app:desugarDebugAndroidTestFileDependencies UP-TO-DATE
> Task :app:mapDebugAndroidTestSourceSetPaths UP-TO-DATE
> Task :app:generateDebugAndroidTestGlobalSynthetics UP-TO-DATE
> Task :app:parseDebugAndroidTestLocalResources UP-TO-DATE
> Task :app:validateSigningDebugAndroidTest UP-TO-DATE
> Task :app:compileDebugAndroidTestNavigationResources UP-TO-DATE
> Task :app:writeDebugAndroidTestSigningConfigVersions UP-TO-DATE
> Task :app:mergeDebugAndroidTestJniLibFolders UP-TO-DATE
> Task :app:generateDebugAndroidTestRFile UP-TO-DATE
> Task :app:processDebugNavigationResources UP-TO-DATE
> Task :app:checkDebugAarMetadata UP-TO-DATE
> Task :app:mergeDebugResources UP-TO-DATE
> Task :app:compileDebugNavigationResources UP-TO-DATE
> Task :app:parseDebugLocalResources UP-TO-DATE
> Task :app:generateDebugRFile UP-TO-DATE
> Task :app:processDebugMainManifest UP-TO-DATE
> Task :app:processDebugManifest UP-TO-DATE
> Task :app:mergeDebugAndroidTestManifest UP-TO-DATE
> Task :app:processDebugManifestForPackage UP-TO-DATE
> Task :app:processDebugAndroidTestManifest UP-TO-DATE
> Task :app:generateDebugAndroidTestBuildConfig UP-TO-DATE
> Task :app:kspDebugKotlin UP-TO-DATE
> Task :app:mergeDebugAssets UP-TO-DATE
> Task :app:compressDebugAssets UP-TO-DATE
> Task :app:checkDebugDuplicateClasses UP-TO-DATE
> Task :app:mergeDebugAndroidTestAssets UP-TO-DATE
> Task :app:compressDebugAndroidTestAssets UP-TO-DATE
> Task :app:checkDebugAndroidTestAarMetadata UP-TO-DATE
> Task :app:mergeDebugAndroidTestResources UP-TO-DATE
> Task :app:mergeLibDexDebug UP-TO-DATE
> Task :app:mergeDebugNativeLibs UP-TO-DATE
> Task :app:processDebugResources UP-TO-DATE
> Task :app:stripDebugDebugSymbols UP-TO-DATE
> Task :app:compileDebugKotlin UP-TO-DATE
> Task :app:compileDebugJavaWithJavac UP-TO-DATE
> Task :app:bundleDebugClassesToCompileJar UP-TO-DATE
> Task :app:checkDebugAndroidTestDuplicateClasses UP-TO-DATE
> Task :app:processDebugJavaRes UP-TO-DATE
> Task :app:kspDebugAndroidTestKotlin SKIPPED
> Task :app:jacocoDebug UP-TO-DATE
> Task :app:dexBuilderDebug UP-TO-DATE
> Task :app:mergeProjectDexDebug UP-TO-DATE
> Task :app:mergeDebugJavaResource UP-TO-DATE
> Task :app:mergeLibDexDebugAndroidTest UP-TO-DATE
> Task :app:compileDebugAndroidTestKotlin UP-TO-DATE
> Task :app:compileDebugAndroidTestJavaWithJavac UP-TO-DATE
> Task :app:copyRoomSchemas NO-SOURCE
> Task :app:processDebugAndroidTestJavaRes UP-TO-DATE
> Task :app:mergeDebugAndroidTestNativeLibs NO-SOURCE
> Task :app:stripDebugAndroidTestDebugSymbols NO-SOURCE
> Task :app:mergeExtDexDebug UP-TO-DATE
> Task :app:packageDebug UP-TO-DATE
> Task :app:createDebugApkListingFileRedirect UP-TO-DATE
> Task :app:assembleDebug UP-TO-DATE
> Task :app:mergeDebugAndroidTestJavaResource UP-TO-DATE
> Task :app:processDebugAndroidTestResources UP-TO-DATE
> Task :app:dexBuilderDebugAndroidTest UP-TO-DATE
> Task :app:mergeExtDexDebugAndroidTest UP-TO-DATE
> Task :app:mergeProjectDexDebugAndroidTest UP-TO-DATE
> Task :app:packageDebugAndroidTest UP-TO-DATE
> Task :app:assembleDebugAndroidTest UP-TO-DATE
> Task :app:createDebugAndroidTestApkListingFileRedirect UP-TO-DATE

BUILD SUCCESSFUL in 458ms
77 actionable tasks: 77 up-to-date
Configuration cache entry reused.
Android batch 1/2 (ordinary, 10 selector(s)).
> Task :app:preBuild UP-TO-DATE
> Task :app:preDebugBuild UP-TO-DATE
> Task :app:generateDebugBuildConfig UP-TO-DATE
> Task :app:generateDebugResValues UP-TO-DATE
> Task :app:generateDebugResources UP-TO-DATE
> Task :app:packageDebugResources UP-TO-DATE
> Task :app:processDebugNavigationResources UP-TO-DATE
> Task :app:parseDebugLocalResources UP-TO-DATE
> Task :app:generateDebugRFile UP-TO-DATE
> Task :app:kspDebugKotlin UP-TO-DATE
> Task :app:compileDebugKotlin UP-TO-DATE
> Task :app:javaPreCompileDebug UP-TO-DATE
> Task :app:compileDebugJavaWithJavac UP-TO-DATE
> Task :app:checkDebugAarMetadata UP-TO-DATE
> Task :app:mapDebugSourceSetPaths UP-TO-DATE
> Task :app:compileDebugNavigationResources UP-TO-DATE
> Task :app:mergeDebugResources UP-TO-DATE
> Task :app:createDebugCompatibleScreenManifests UP-TO-DATE
> Task :app:extractDeepLinksDebug UP-TO-DATE
> Task :app:processDebugMainManifest UP-TO-DATE
> Task :app:processDebugManifest UP-TO-DATE
> Task :app:processDebugManifestForPackage UP-TO-DATE
> Task :app:processDebugResources UP-TO-DATE
> Task :app:bundleDebugClassesToCompileJar UP-TO-DATE
> Task :app:preDebugAndroidTestBuild SKIPPED
> Task :app:mergeDebugAndroidTestManifest UP-TO-DATE
> Task :app:processDebugAndroidTestManifest UP-TO-DATE
> Task :app:generateDebugAndroidTestBuildConfig UP-TO-DATE
> Task :app:generateDebugAndroidTestResValues UP-TO-DATE
> Task :app:generateDebugAndroidTestResources UP-TO-DATE
> Task :app:packageDebugAndroidTestResources UP-TO-DATE
> Task :app:processDebugAndroidTestNavigationResources UP-TO-DATE
> Task :app:parseDebugAndroidTestLocalResources UP-TO-DATE
> Task :app:generateDebugAndroidTestRFile UP-TO-DATE
> Task :app:kspDebugAndroidTestKotlin SKIPPED
> Task :app:compileDebugAndroidTestKotlin UP-TO-DATE
> Task :app:javaPreCompileDebugAndroidTest UP-TO-DATE
> Task :app:compileDebugAndroidTestJavaWithJavac UP-TO-DATE
> Task :app:copyRoomSchemas NO-SOURCE
> Task :app:generateDebugAssets UP-TO-DATE
> Task :app:mergeDebugAssets UP-TO-DATE
> Task :app:compressDebugAssets UP-TO-DATE
> Task :app:generateDebugGlobalSynthetics UP-TO-DATE
> Task :app:generateDebugJacocoPropertiesFile UP-TO-DATE
> Task :app:processDebugJavaRes UP-TO-DATE
> Task :app:mergeDebugJavaResource UP-TO-DATE
> Task :app:checkDebugDuplicateClasses UP-TO-DATE
> Task :app:desugarDebugFileDependencies UP-TO-DATE
> Task :app:mergeExtDexDebug UP-TO-DATE
> Task :app:mergeLibDexDebug UP-TO-DATE
> Task :app:jacocoDebug UP-TO-DATE
> Task :app:dexBuilderDebug UP-TO-DATE
> Task :app:mergeProjectDexDebug UP-TO-DATE
> Task :app:mergeDebugJniLibFolders UP-TO-DATE
> Task :app:mergeDebugNativeLibs UP-TO-DATE
> Task :app:stripDebugDebugSymbols UP-TO-DATE
> Task :app:validateSigningDebug UP-TO-DATE
> Task :app:writeDebugAppMetadata UP-TO-DATE
> Task :app:writeDebugSigningConfigVersions UP-TO-DATE
> Task :app:packageDebug UP-TO-DATE
> Task :app:createDebugApkListingFileRedirect UP-TO-DATE
> Task :app:copyRoomSchemasToAndroidTestAssetsDebugAndroidTest UP-TO-DATE
> Task :app:generateDebugAndroidTestAssets UP-TO-DATE
> Task :app:mergeDebugAndroidTestAssets UP-TO-DATE
> Task :app:compressDebugAndroidTestAssets UP-TO-DATE
> Task :app:generateDebugAndroidTestGlobalSynthetics UP-TO-DATE
> Task :app:processDebugAndroidTestJavaRes UP-TO-DATE
> Task :app:mergeDebugAndroidTestJavaResource UP-TO-DATE
> Task :app:checkDebugAndroidTestDuplicateClasses UP-TO-DATE
> Task :app:desugarDebugAndroidTestFileDependencies UP-TO-DATE
> Task :app:mergeExtDexDebugAndroidTest UP-TO-DATE
> Task :app:mergeLibDexDebugAndroidTest UP-TO-DATE
> Task :app:checkDebugAndroidTestAarMetadata UP-TO-DATE
> Task :app:mapDebugAndroidTestSourceSetPaths UP-TO-DATE
> Task :app:compileDebugAndroidTestNavigationResources UP-TO-DATE
> Task :app:mergeDebugAndroidTestResources UP-TO-DATE
> Task :app:processDebugAndroidTestResources UP-TO-DATE
> Task :app:dexBuilderDebugAndroidTest UP-TO-DATE
> Task :app:mergeProjectDexDebugAndroidTest UP-TO-DATE
> Task :app:mergeDebugAndroidTestJniLibFolders UP-TO-DATE
> Task :app:mergeDebugAndroidTestNativeLibs NO-SOURCE
> Task :app:stripDebugAndroidTestDebugSymbols NO-SOURCE
> Task :app:validateSigningDebugAndroidTest UP-TO-DATE
> Task :app:writeDebugAndroidTestSigningConfigVersions UP-TO-DATE
> Task :app:packageDebugAndroidTest UP-TO-DATE
> Task :app:createDebugAndroidTestApkListingFileRedirect UP-TO-DATE
Starting 65 tests on whip_api34(AVD) - 14
whip_api34(AVD) - 14 Tests 19/65 completed. (0 skipped) (0 failed)
> Task :app:connectedDebugAndroidTest


com.whip.app.TrackDefinitionMutationUiTest > openingNumberFieldRetainsItsAuthoredUnitAndPrecision[whip_api34(AVD) - 14] [31mFAILED [0m
	java.lang.AssertionError: Assert failed: The component with ContentDescription = 'Decimal Places: 4' (ignoreCase: false) is not displayed!
	at androidx.compose.ui.test.AssertionsKt.assertIsDisplayed(Assertions.kt:34)
whip_api34(AVD) - 14 Tests 33/65 completed. (0 skipped) (1 failed)

com.whip.app.TrackDefinitionMutationUiTest > freshAddedNumberFieldUsesCurrentUnitAndPrecisionPreferences[whip_api34(AVD) - 14] [31mFAILED [0m
	java.lang.AssertionError: Assert failed: The component with ContentDescription = 'Decimal Places: 3' (ignoreCase: false) is not displayed!
	at androidx.compose.ui.test.AssertionsKt.assertIsDisplayed(Assertions.kt:34)
whip_api34(AVD) - 14 Tests 36/65 completed. (0 skipped) (2 failed)

com.whip.app.TrackDeletionUiTest > deletionReviewSurvivesRecreationAndClosesOnlyAfterExactCommit[whip_api34(AVD) - 14] [31mFAILED [0m
	java.lang.AssertionError: Failed: performScrollToNode(Text + InputText + EditableText contains 'Delete Track Permanently' (ignoreCase: false))
	The node is no longer in the tree, last known semantics:
whip_api34(AVD) - 14 Tests 40/65 completed. (0 skipped) (3 failed)
whip_api34(AVD) - 14 Tests 41/65 completed. (0 skipped) (3 failed)
whip_api34(AVD) - 14 Tests 42/65 completed. (0 skipped) (3 failed)
whip_api34(AVD) - 14 Tests 43/65 completed. (0 skipped) (3 failed)
whip_api34(AVD) - 14 Tests 59/65 completed. (0 skipped) (3 failed)
whip_api34(AVD) - 14 Tests 63/65 completed. (0 skipped) (3 failed)
whip_api34(AVD) - 14 Tests 64/65 completed. (0 skipped) (3 failed)
Tests on whip_api34(AVD) - 14 failed: There was 3 failure(s).
Finished 65 tests on whip_api34(AVD) - 14
Execute com.whip.app.TrackDefinitionMutationUiTest.openingNumberFieldRetainsItsAuthoredUnitAndPrecision: FAILED
java.lang.AssertionError: java.lang.AssertionError: Assert failed: The component with ContentDescription = 'Decimal Places: 4' (ignoreCase: false) is not displayed!
at androidx.compose.ui.test.AssertionsKt.assertIsDisplayed(Assertions.kt:34)
at com.whip.app.TrackDefinitionMutationUiTest.openingNumberFieldRetainsItsAuthoredUnitAndPrecision(TrackDefinitionMutationUiTest.kt:160)

java.lang.AssertionError: Assert failed: The component with ContentDescription = 'Decimal Places: 4' (ignoreCase: false) is not displayed!
at androidx.compose.ui.test.AssertionsKt.assertIsDisplayed(Assertions.kt:34)
at com.whip.app.TrackDefinitionMutationUiTest.openingNumberFieldRetainsItsAuthoredUnitAndPrecision(TrackDefinitionMutationUiTest.kt:160)
Execute com.whip.app.TrackDefinitionMutationUiTest.freshAddedNumberFieldUsesCurrentUnitAndPrecisionPreferences: FAILED
java.lang.AssertionError: java.lang.AssertionError: Assert failed: The component with ContentDescription = 'Decimal Places: 3' (ignoreCase: false) is not displayed!
at androidx.compose.ui.test.AssertionsKt.assertIsDisplayed(Assertions.kt:34)
at com.whip.app.TrackDefinitionMutationUiTest.freshAddedNumberFieldUsesCurrentUnitAndPrecisionPreferences(TrackDefinitionMutationUiTest.kt:112)

java.lang.AssertionError: Assert failed: The component with ContentDescription = 'Decimal Places: 3' (ignoreCase: false) is not displayed!
at androidx.compose.ui.test.AssertionsKt.assertIsDisplayed(Assertions.kt:34)
at com.whip.app.TrackDefinitionMutationUiTest.freshAddedNumberFieldUsesCurrentUnitAndPrecisionPreferences(TrackDefinitionMutationUiTest.kt:112)
Execute com.whip.app.TrackDeletionUiTest.deletionReviewSurvivesRecreationAndClosesOnlyAfterExactCommit: FAILED
java.lang.AssertionError: java.lang.AssertionError: Failed: performScrollToNode(Text + InputText + EditableText contains 'Delete Track Permanently' (ignoreCase: false))
The node is no longer in the tree, last known semantics:
Node #1488 at (l=0.0, t=969.0, r=1080.0, b=1959.0)px
CollectionInfo = 'CollectionInfo(rowCount=3, columnCount=1)'
IsTraversalGroup = 'true'
Shape = 'androidx.compose.foundation.VerticalScrollableClipShape@697b015'
VerticalScrollAxisRange = 'ScrollAxisRange(value=0.0, maxValue=100.0, reverseScrolling=false)'
Actions = [GetScrollViewportLength, IndexForKey, ScrollBy, ScrollByOffset, ScrollToIndex]
Has 3 children, 5 siblings
Original selector: (ScrollBy is defined) && (hasAnyDescendantThat(Text + InputText + EditableText contains 'Track Options' (ignoreCase: false)))

at androidx.compose.ui.test.SemanticsNodeInteraction.fetchOneOrThrow(SemanticsNodeInteraction.kt:165)
at androidx.compose.ui.test.SemanticsNodeInteraction.fetchOneOrThrow$default(SemanticsNodeInteraction.kt:150)
at androidx.compose.ui.test.SemanticsNodeInteraction.fetchSemanticsNode(SemanticsNodeInteraction.kt:84)
at androidx.compose.ui.test.ActionsKt.scrollToMatchingDescendantOrReturnScrollable(Actions.kt:278)
at androidx.compose.ui.test.ActionsKt.performScrollToNode(Actions.kt:252)
at com.whip.app.TrackDeletionUiTest.deletionReviewSurvivesRecreationAndClosesOnlyAfterExactCommit(TrackDeletionUiTest.kt:74)

java.lang.AssertionError: Failed: performScrollToNode(Text + InputText + EditableText contains 'Delete Track Permanently' (ignoreCase: false))
The node is no longer in the tree, last known semantics:
Node #1488 at (l=0.0, t=969.0, r=1080.0, b=1959.0)px
CollectionInfo = 'CollectionInfo(rowCount=3, columnCount=1)'
IsTraversalGroup = 'true'
Shape = 'androidx.compose.foundation.VerticalScrollableClipShape@697b015'
VerticalScrollAxisRange = 'ScrollAxisRange(value=0.0, maxValue=100.0, reverseScrolling=false)'
Actions = [GetScrollViewportLength, IndexForKey, ScrollBy, ScrollByOffset, ScrollToIndex]
Has 3 children, 5 siblings
Original selector: (ScrollBy is defined) && (hasAnyDescendantThat(Text + InputText + EditableText contains 'Track Options' (ignoreCase: false)))

at androidx.compose.ui.test.SemanticsNodeInteraction.fetchOneOrThrow(SemanticsNodeInteraction.kt:165)
at androidx.compose.ui.test.SemanticsNodeInteraction.fetchOneOrThrow$default(SemanticsNodeInteraction.kt:150)
at androidx.compose.ui.test.SemanticsNodeInteraction.fetchSemanticsNode(SemanticsNodeInteraction.kt:84)
at androidx.compose.ui.test.ActionsKt.scrollToMatchingDescendantOrReturnScrollable(Actions.kt:278)
at androidx.compose.ui.test.ActionsKt.performScrollToNode(Actions.kt:252)
at com.whip.app.TrackDeletionUiTest.deletionReviewSurvivesRecreationAndClosesOnlyAfterExactCommit(TrackDeletionUiTest.kt:74)

> Task :app:connectedDebugAndroidTest FAILED

FAILURE: Build failed with an exception.

* What went wrong:
Execution failed for task ':app:connectedDebugAndroidTest' (registered by plugin 'com.android.internal.application').
> There were failing tests. See the report at: file:///root/repos/whip/app/build/whip-android-workers/instrumentation-results-ugzmxm-worker-1/reports/index.html

* Try:
> Run with --stacktrace option to get the stack trace.
> Run with --info or --debug option to get more log output.
> Run with --scan to get full insights from a Build Scan (powered by Develocity).
> Get more help at https://help.gradle.org.

BUILD FAILED in 2m 49s
78 actionable tasks: 1 executed, 77 up-to-date
error: Android batch 1 requires a successful Gradle task, nonzero tests, and zero failures/skips; got status/tests/failures/skips 1/65/3/0; results retained in /root/repos/whip/build/instrumentation-results-uGzMxm
