Starting a Gradle Daemon (subsequent builds will be faster)
Calculating task graph as no cached configuration is available for tasks: :app:testDebugUnitTest --tests com.whip.app.ui.UnifiedSearchRulesTest.compiledSearchPreservesConstraintsRankingAndReducesRepeatedParsing
> Task :app:preBuild UP-TO-DATE
> Task :app:preDebugBuild UP-TO-DATE
> Task :app:preDebugUnitTestBuild UP-TO-DATE
> Task :app:javaPreCompileDebugUnitTest UP-TO-DATE
> Task :app:generateDebugResValues UP-TO-DATE
> Task :app:javaPreCompileDebug UP-TO-DATE
> Task :app:generateDebugJacocoPropertiesFile UP-TO-DATE
> Task :app:mapDebugSourceSetPaths UP-TO-DATE
> Task :app:generateDebugResources UP-TO-DATE
> Task :app:extractDeepLinksDebug UP-TO-DATE
> Task :app:packageDebugResources UP-TO-DATE
> Task :app:createDebugCompatibleScreenManifests
> Task :app:processDebugNavigationResources UP-TO-DATE
> Task :app:checkDebugAarMetadata UP-TO-DATE
> Task :app:mergeDebugResources UP-TO-DATE
> Task :app:compileDebugNavigationResources UP-TO-DATE
> Task :app:parseDebugLocalResources UP-TO-DATE
> Task :app:generateDebugBuildConfig
> Task :app:generateDebugRFile UP-TO-DATE
> Task :app:processDebugMainManifest
> Task :app:processDebugManifest
> Task :app:processDebugManifestForPackage
> Task :app:processDebugResources
> Task :app:kspDebugKotlin

> Task :app:compileDebugKotlin
e: file:///root/repos/whip/app/src/main/java/com/whip/app/ui/GymScreens.kt:8803:22 Unresolved reference 'RoutineExercise'.
e: file:///root/repos/whip/app/src/main/java/com/whip/app/ui/GymScreens.kt:8809:34 Cannot infer type for type parameter 'T'. Specify it explicitly.
e: file:///root/repos/whip/app/src/main/java/com/whip/app/ui/GymScreens.kt:8809:34 Unresolved reference. None of the following candidates is applicable because of a receiver type mismatch:
fun <T> Iterable<T>.filter(predicate: (T) -> Boolean): List<T>
e: file:///root/repos/whip/app/src/main/java/com/whip/app/ui/GymScreens.kt:8809:41 Cannot infer type for type parameter 'T'. Specify it explicitly.
e: file:///root/repos/whip/app/src/main/java/com/whip/app/ui/GymScreens.kt:8809:46 Unresolved reference 'routineDayId'.
e: file:///root/repos/whip/app/src/main/java/com/whip/app/ui/GymScreens.kt:8809:71 Cannot infer type for type parameter 'T'. Specify it explicitly.
e: file:///root/repos/whip/app/src/main/java/com/whip/app/ui/GymScreens.kt:8809:71 Cannot infer type for type parameter 'R'. Specify it explicitly.
e: file:///root/repos/whip/app/src/main/java/com/whip/app/ui/GymScreens.kt:8809:71 Cannot infer type for type parameter 'C'. Specify it explicitly.
e: file:///root/repos/whip/app/src/main/java/com/whip/app/ui/GymScreens.kt:8809:77 Cannot infer type for type parameter 'T'. Specify it explicitly.
e: file:///root/repos/whip/app/src/main/java/com/whip/app/ui/GymScreens.kt:8809:93 Unresolved reference 'RoutineExercise'.

> Task :app:compileDebugKotlin FAILED
> Task :app:copyRoomSchemas NO-SOURCE

[Incubating] Problems report is available at: file:///root/repos/whip/build/reports/problems/problems-report.html

FAILURE: Build failed with an exception.

* What went wrong:
Execution failed for task ':app:compileDebugKotlin' (registered by plugin 'com.android.internal.application').
> A failure occurred while executing org.jetbrains.kotlin.compilerRunner.btapi.BuildToolsApiCompilationWork
   > Compilation error. See log for more details

* Try:
> Run with --stacktrace option to get the stack trace.
> Run with --info or --debug option to get more log output.
> Run with --scan to get full insights from a Build Scan (powered by Develocity).
> Get more help at https://help.gradle.org.

BUILD FAILED in 29s
22 actionable tasks: 8 executed, 14 up-to-date
Configuration cache entry stored.
