INSTRUMENTATION_STATUS: class=com.whip.app.DataPrivacyJourneyE2ETest
INSTRUMENTATION_STATUS: current=1
INSTRUMENTATION_STATUS: id=AndroidJUnitRunner
INSTRUMENTATION_STATUS: numtests=4
INSTRUMENTATION_STATUS: stream=
com.whip.app.DataPrivacyJourneyE2ETest:
INSTRUMENTATION_STATUS: test=backupChoicesRemainClearInLightTheme
INSTRUMENTATION_STATUS_CODE: 1
INSTRUMENTATION_STATUS: class=com.whip.app.DataPrivacyJourneyE2ETest
INSTRUMENTATION_STATUS: current=1
INSTRUMENTATION_STATUS: id=AndroidJUnitRunner
INSTRUMENTATION_STATUS: numtests=4
INSTRUMENTATION_STATUS: stream=.
INSTRUMENTATION_STATUS: test=backupChoicesRemainClearInLightTheme
INSTRUMENTATION_STATUS_CODE: 0
INSTRUMENTATION_STATUS: class=com.whip.app.DataPrivacyJourneyE2ETest
INSTRUMENTATION_STATUS: current=2
INSTRUMENTATION_STATUS: id=AndroidJUnitRunner
INSTRUMENTATION_STATUS: numtests=4
INSTRUMENTATION_STATUS: stream=
INSTRUMENTATION_STATUS: test=backupChoicesPreserveRecordsAndSettingsAfterReopening
INSTRUMENTATION_STATUS_CODE: 1
INSTRUMENTATION_STATUS: class=com.whip.app.DataPrivacyJourneyE2ETest
INSTRUMENTATION_STATUS: current=2
INSTRUMENTATION_STATUS: id=AndroidJUnitRunner
INSTRUMENTATION_STATUS: numtests=4
INSTRUMENTATION_STATUS: stream=.
INSTRUMENTATION_STATUS: test=backupChoicesPreserveRecordsAndSettingsAfterReopening
INSTRUMENTATION_STATUS_CODE: 0
INSTRUMENTATION_STATUS: class=com.whip.app.TrackDeletionUiTest
INSTRUMENTATION_STATUS: current=3
INSTRUMENTATION_STATUS: id=AndroidJUnitRunner
INSTRUMENTATION_STATUS: numtests=4
INSTRUMENTATION_STATUS: stream=
com.whip.app.TrackDeletionUiTest:
INSTRUMENTATION_STATUS: test=deletionReviewSurvivesRecreationAndClosesOnlyAfterExactCommit
INSTRUMENTATION_STATUS_CODE: 1
INSTRUMENTATION_STATUS: class=com.whip.app.TrackDeletionUiTest
INSTRUMENTATION_STATUS: current=3
INSTRUMENTATION_STATUS: id=AndroidJUnitRunner
INSTRUMENTATION_STATUS: numtests=4
INSTRUMENTATION_STATUS: stream=.
INSTRUMENTATION_STATUS: test=deletionReviewSurvivesRecreationAndClosesOnlyAfterExactCommit
INSTRUMENTATION_STATUS_CODE: 0
INSTRUMENTATION_STATUS: class=com.whip.app.ActivityHistoryUiTest
INSTRUMENTATION_STATUS: current=4
INSTRUMENTATION_STATUS: id=AndroidJUnitRunner
INSTRUMENTATION_STATUS: numtests=4
INSTRUMENTATION_STATUS: stream=
com.whip.app.ActivityHistoryUiTest:
INSTRUMENTATION_STATUS: test=inspectorMakesScheduledPausesEditableAndHistoricalSkipsUndoable
INSTRUMENTATION_STATUS_CODE: 1
INSTRUMENTATION_STATUS: class=com.whip.app.ActivityHistoryUiTest
INSTRUMENTATION_STATUS: current=4
INSTRUMENTATION_STATUS: id=AndroidJUnitRunner
INSTRUMENTATION_STATUS: numtests=4
INSTRUMENTATION_STATUS: stream=.
INSTRUMENTATION_STATUS: test=inspectorMakesScheduledPausesEditableAndHistoricalSkipsUndoable
INSTRUMENTATION_STATUS_CODE: 0
INSTRUMENTATION_RESULT: stream=

Time: 89.66

OK (4 tests)


INSTRUMENTATION_CODE: -1
