com.whip.app.GymPowerInputUiTest#durationExerciseBasicsOmitLoadAndCancelKeepsAuthoredValuesUnsaved
INSTRUMENTATION_STATUS: class=com.whip.app.GymPowerInputUiTest
INSTRUMENTATION_STATUS: current=1
INSTRUMENTATION_STATUS: id=AndroidJUnitRunner
INSTRUMENTATION_STATUS: numtests=1
INSTRUMENTATION_STATUS: stream=
com.whip.app.GymPowerInputUiTest:
INSTRUMENTATION_STATUS: test=durationExerciseBasicsOmitLoadAndCancelKeepsAuthoredValuesUnsaved
INSTRUMENTATION_STATUS_CODE: 1
INSTRUMENTATION_STATUS: class=com.whip.app.GymPowerInputUiTest
INSTRUMENTATION_STATUS: current=1
INSTRUMENTATION_STATUS: id=AndroidJUnitRunner
INSTRUMENTATION_STATUS: numtests=1
INSTRUMENTATION_STATUS: stream=.
INSTRUMENTATION_STATUS: test=durationExerciseBasicsOmitLoadAndCancelKeepsAuthoredValuesUnsaved
INSTRUMENTATION_STATUS_CODE: 0
INSTRUMENTATION_RESULT: stream=

Time: 4.954

OK (1 test)


INSTRUMENTATION_CODE: -1

Elapsed ms: 6920
Command exit: 0
