Calculating task graph as no cached configuration is available for tasks: :app:testDebugUnitTest --tests com.whip.app.ui.GymUxRulesTest.previousSetSuggestionsPreserveUnitsMeaningAndPerformedEvidence
> Task :app:preBuild UP-TO-DATE
> Task :app:preDebugBuild UP-TO-DATE
> Task :app:generateDebugJacocoPropertiesFile UP-TO-DATE
> Task :app:generateDebugBuildConfig UP-TO-DATE
> Task :app:checkDebugAarMetadata UP-TO-DATE
> Task :app:processDebugNavigationResources UP-TO-DATE
> Task :app:createDebugCompatibleScreenManifests UP-TO-DATE
> Task :app:generateDebugResValues UP-TO-DATE
> Task :app:javaPreCompileDebug UP-TO-DATE
> Task :app:preDebugUnitTestBuild UP-TO-DATE
> Task :app:mapDebugSourceSetPaths UP-TO-DATE
> Task :app:extractDeepLinksDebug UP-TO-DATE
> Task :app:compileDebugNavigationResources UP-TO-DATE
> Task :app:generateDebugResources UP-TO-DATE
> Task :app:packageDebugResources UP-TO-DATE
> Task :app:javaPreCompileDebugUnitTest UP-TO-DATE
> Task :app:parseDebugLocalResources UP-TO-DATE
> Task :app:mergeDebugResources UP-TO-DATE
> Task :app:processDebugMainManifest UP-TO-DATE
> Task :app:generateDebugRFile UP-TO-DATE
> Task :app:processDebugManifest UP-TO-DATE
> Task :app:processDebugManifestForPackage UP-TO-DATE
> Task :app:processDebugResources UP-TO-DATE
> Task :app:kspDebugKotlin
> Task :app:compileDebugKotlin
w: file:///root/repos/whip/app/src/main/java/com/whip/app/ui/GoalScreens.kt:1641:54 Unnecessary safe call on a non-null receiver of type 'GoalProjection'.
w: file:///root/repos/whip/app/src/main/java/com/whip/app/ui/RoutineBuilder.kt:3174:77 Unnecessary safe call on a non-null receiver of type 'Exercise'.
w: file:///root/repos/whip/app/src/main/java/com/whip/app/ui/RoutineBuilder.kt:3177:29 Unnecessary safe call on a non-null receiver of type 'Exercise'.
w: file:///root/repos/whip/app/src/main/java/com/whip/app/ui/RoutineBuilder.kt:3178:89 Unnecessary safe call on a non-null receiver of type 'Exercise'.
w: file:///root/repos/whip/app/src/main/java/com/whip/app/ui/RoutineBuilder.kt:3209:45 Unnecessary safe call on a non-null receiver of type 'Exercise'.
w: file:///root/repos/whip/app/src/main/java/com/whip/app/ui/RoutineBuilder.kt:3210:124 Unnecessary safe call on a non-null receiver of type 'Exercise'.
w: file:///root/repos/whip/app/src/main/java/com/whip/app/ui/RoutineBuilder.kt:3211:119 Unnecessary safe call on a non-null receiver of type 'Exercise'.

> Task :app:processDebugJavaRes UP-TO-DATE
> Task :app:compileDebugJavaWithJavac UP-TO-DATE
> Task :app:bundleDebugClassesToCompileJar
> Task :app:bundleDebugClassesToRuntimeJar
> Task :app:kspDebugUnitTestKotlin SKIPPED

> Task :app:compileDebugUnitTestKotlin FAILED
e: file:///root/repos/whip/app/src/test/java/com/whip/app/ui/DeepProductivityTest.kt:40:49 Cannot infer type for type parameter 'R'. Specify it explicitly.
e: file:///root/repos/whip/app/src/test/java/com/whip/app/ui/DeepProductivityTest.kt:40:64 Unresolved reference 'id'.

> Task :app:copyRoomSchemas NO-SOURCE

[Incubating] Problems report is available at: file:///root/repos/whip/build/reports/problems/problems-report.html

FAILURE: Build failed with an exception.

* What went wrong:
Execution failed for task ':app:compileDebugUnitTestKotlin' (registered by plugin 'com.android.internal.application').
> A failure occurred while executing org.jetbrains.kotlin.compilerRunner.btapi.BuildToolsApiCompilationWork
   > Compilation error. See log for more details

* Try:
> Run with --stacktrace option to get the stack trace.
> Run with --info or --debug option to get more log output.
> Run with --scan to get full insights from a Build Scan (powered by Develocity).
> Get more help at https://help.gradle.org.

BUILD FAILED in 49s
27 actionable tasks: 5 executed, 22 up-to-date
Configuration cache entry stored.
