com.whip.app.DeepProductivityJourneyTest#milestoneEditorKeepsOptionalDetailsAndIdentity
INSTRUMENTATION_STATUS: class=com.whip.app.DeepProductivityJourneyTest
INSTRUMENTATION_STATUS: current=1
INSTRUMENTATION_STATUS: id=AndroidJUnitRunner
INSTRUMENTATION_STATUS: numtests=1
INSTRUMENTATION_STATUS: stream=
com.whip.app.DeepProductivityJourneyTest:
INSTRUMENTATION_STATUS: test=milestoneEditorKeepsOptionalDetailsAndIdentity
INSTRUMENTATION_STATUS_CODE: 1
INSTRUMENTATION_STATUS: class=com.whip.app.DeepProductivityJourneyTest
INSTRUMENTATION_STATUS: current=1
INSTRUMENTATION_STATUS: id=AndroidJUnitRunner
INSTRUMENTATION_STATUS: numtests=1
INSTRUMENTATION_STATUS: stack=java.lang.AssertionError: Action performScrollTo() failed.
Reason: Expected exactly '1' node but could not find any node that satisfies: (TestTag = 'goal-edit-action-22')

	at androidx.compose.ui.test.SemanticsNodeInteraction.fetchOneOrThrow(SemanticsNodeInteraction.kt:178)
	at androidx.compose.ui.test.SemanticsNodeInteraction.fetchOneOrThrow$default(SemanticsNodeInteraction.kt:150)
	at androidx.compose.ui.test.SemanticsNodeInteraction.fetchSemanticsNode(SemanticsNodeInteraction.kt:84)
	at androidx.compose.ui.test.ActionsKt.performScrollTo(Actions.kt:82)
	at com.whip.app.DeepProductivityJourneyTest.milestoneEditorKeepsOptionalDetailsAndIdentity(DeepProductivityJourneyTest.kt:242)

INSTRUMENTATION_STATUS: stream=
Error in milestoneEditorKeepsOptionalDetailsAndIdentity(com.whip.app.DeepProductivityJourneyTest):
java.lang.AssertionError: Action performScrollTo() failed.
Reason: Expected exactly '1' node but could not find any node that satisfies: (TestTag = 'goal-edit-action-22')

	at androidx.compose.ui.test.SemanticsNodeInteraction.fetchOneOrThrow(SemanticsNodeInteraction.kt:178)
	at androidx.compose.ui.test.SemanticsNodeInteraction.fetchOneOrThrow$default(SemanticsNodeInteraction.kt:150)
	at androidx.compose.ui.test.SemanticsNodeInteraction.fetchSemanticsNode(SemanticsNodeInteraction.kt:84)
	at androidx.compose.ui.test.ActionsKt.performScrollTo(Actions.kt:82)
	at com.whip.app.DeepProductivityJourneyTest.milestoneEditorKeepsOptionalDetailsAndIdentity(DeepProductivityJourneyTest.kt:242)

INSTRUMENTATION_STATUS: test=milestoneEditorKeepsOptionalDetailsAndIdentity
INSTRUMENTATION_STATUS_CODE: -2
INSTRUMENTATION_RESULT: stream=

Time: 4.593
There was 1 failure:
1) milestoneEditorKeepsOptionalDetailsAndIdentity(com.whip.app.DeepProductivityJourneyTest)
java.lang.AssertionError: Action performScrollTo() failed.
Reason: Expected exactly '1' node but could not find any node that satisfies: (TestTag = 'goal-edit-action-22')

	at androidx.compose.ui.test.SemanticsNodeInteraction.fetchOneOrThrow(SemanticsNodeInteraction.kt:178)
	at androidx.compose.ui.test.SemanticsNodeInteraction.fetchOneOrThrow$default(SemanticsNodeInteraction.kt:150)
	at androidx.compose.ui.test.SemanticsNodeInteraction.fetchSemanticsNode(SemanticsNodeInteraction.kt:84)
	at androidx.compose.ui.test.ActionsKt.performScrollTo(Actions.kt:82)
	at com.whip.app.DeepProductivityJourneyTest.milestoneEditorKeepsOptionalDetailsAndIdentity(DeepProductivityJourneyTest.kt:242)

FAILURES!!!
Tests run: 1,  Failures: 1


INSTRUMENTATION_CODE: -1

Elapsed ms: 7069
Command exit: 0
