com.whip.app.ReviewOutcomeJourneyE2ETest#finishedWorkoutOutcomesOpenTheirOriginalSession
INSTRUMENTATION_STATUS: class=com.whip.app.ReviewOutcomeJourneyE2ETest
INSTRUMENTATION_STATUS: current=1
INSTRUMENTATION_STATUS: id=AndroidJUnitRunner
INSTRUMENTATION_STATUS: numtests=1
INSTRUMENTATION_STATUS: stream=
com.whip.app.ReviewOutcomeJourneyE2ETest:
INSTRUMENTATION_STATUS: test=finishedWorkoutOutcomesOpenTheirOriginalSession
INSTRUMENTATION_STATUS_CODE: 1
s_glBindAttribLocation: bind attrib 0 name position
s_glBindAttribLocation: bind attrib 1 name color
s_glBindAttribLocation: bind attrib 2 name localCoord
INSTRUMENTATION_STATUS: class=com.whip.app.ReviewOutcomeJourneyE2ETest
INSTRUMENTATION_STATUS: current=1
INSTRUMENTATION_STATUS: id=AndroidJUnitRunner
INSTRUMENTATION_STATUS: numtests=1
INSTRUMENTATION_STATUS: stream=.
INSTRUMENTATION_STATUS: test=finishedWorkoutOutcomesOpenTheirOriginalSession
INSTRUMENTATION_STATUS_CODE: 0
INSTRUMENTATION_RESULT: stream=

Time: 12.272

OK (1 test)


INSTRUMENTATION_CODE: -1

Elapsed ms: 14457
Command exit: 0
