com.whip.app.RoutineBuilderUiTest#nestedExerciseFailureRetainsDraftAndOwnedResultAcrossRecreation
INSTRUMENTATION_STATUS: class=com.whip.app.RoutineBuilderUiTest
INSTRUMENTATION_STATUS: current=1
INSTRUMENTATION_STATUS: id=AndroidJUnitRunner
INSTRUMENTATION_STATUS: numtests=1
INSTRUMENTATION_STATUS: stream=
com.whip.app.RoutineBuilderUiTest:
INSTRUMENTATION_STATUS: test=nestedExerciseFailureRetainsDraftAndOwnedResultAcrossRecreation
INSTRUMENTATION_STATUS_CODE: 1
s_glBindAttribLocation: bind attrib 0 name position
s_glBindAttribLocation: bind attrib 1 name color
s_glBindAttribLocation: bind attrib 2 name localCoord
INSTRUMENTATION_STATUS: class=com.whip.app.RoutineBuilderUiTest
INSTRUMENTATION_STATUS: current=1
INSTRUMENTATION_STATUS: id=AndroidJUnitRunner
INSTRUMENTATION_STATUS: numtests=1
INSTRUMENTATION_STATUS: stream=.
INSTRUMENTATION_STATUS: test=nestedExerciseFailureRetainsDraftAndOwnedResultAcrossRecreation
INSTRUMENTATION_STATUS_CODE: 0
INSTRUMENTATION_RESULT: stream=

Time: 10.941

OK (1 test)


INSTRUMENTATION_CODE: -1

Elapsed ms: 12882
Command exit: 0
