com.whip.app.RoutineBuilderUiTest#quickMachineKeepsFailedDraftAndScrollableNumericFieldsAtLargeText
INSTRUMENTATION_STATUS: class=com.whip.app.RoutineBuilderUiTest
INSTRUMENTATION_STATUS: current=1
INSTRUMENTATION_STATUS: id=AndroidJUnitRunner
INSTRUMENTATION_STATUS: numtests=1
INSTRUMENTATION_STATUS: stream=
com.whip.app.RoutineBuilderUiTest:
INSTRUMENTATION_STATUS: test=quickMachineKeepsFailedDraftAndScrollableNumericFieldsAtLargeText
INSTRUMENTATION_STATUS_CODE: 1
INSTRUMENTATION_STATUS: class=com.whip.app.RoutineBuilderUiTest
INSTRUMENTATION_STATUS: current=1
INSTRUMENTATION_STATUS: id=AndroidJUnitRunner
INSTRUMENTATION_STATUS: numtests=1
INSTRUMENTATION_STATUS: stack=java.lang.AssertionError: Action performScrollTo() failed.
Reason: Expected exactly '1' node but could not find any node that satisfies: (Text + InputText + EditableText contains 'Machine bench' (ignoreCase: false))

	at androidx.compose.ui.test.SemanticsNodeInteraction.fetchOneOrThrow(SemanticsNodeInteraction.kt:178)
	at androidx.compose.ui.test.SemanticsNodeInteraction.fetchOneOrThrow$default(SemanticsNodeInteraction.kt:150)
	at androidx.compose.ui.test.SemanticsNodeInteraction.fetchSemanticsNode(SemanticsNodeInteraction.kt:84)
	at androidx.compose.ui.test.ActionsKt.performScrollTo(Actions.kt:82)
	at com.whip.app.RoutineBuilderUiTest.quickMachineKeepsFailedDraftAndScrollableNumericFieldsAtLargeText(RoutineBuilderUiTest.kt:138)

INSTRUMENTATION_STATUS: stream=
Error in quickMachineKeepsFailedDraftAndScrollableNumericFieldsAtLargeText(com.whip.app.RoutineBuilderUiTest):
java.lang.AssertionError: Action performScrollTo() failed.
Reason: Expected exactly '1' node but could not find any node that satisfies: (Text + InputText + EditableText contains 'Machine bench' (ignoreCase: false))

	at androidx.compose.ui.test.SemanticsNodeInteraction.fetchOneOrThrow(SemanticsNodeInteraction.kt:178)
	at androidx.compose.ui.test.SemanticsNodeInteraction.fetchOneOrThrow$default(SemanticsNodeInteraction.kt:150)
	at androidx.compose.ui.test.SemanticsNodeInteraction.fetchSemanticsNode(SemanticsNodeInteraction.kt:84)
	at androidx.compose.ui.test.ActionsKt.performScrollTo(Actions.kt:82)
	at com.whip.app.RoutineBuilderUiTest.quickMachineKeepsFailedDraftAndScrollableNumericFieldsAtLargeText(RoutineBuilderUiTest.kt:138)

INSTRUMENTATION_STATUS: test=quickMachineKeepsFailedDraftAndScrollableNumericFieldsAtLargeText
INSTRUMENTATION_STATUS_CODE: -2
INSTRUMENTATION_RESULT: stream=

Time: 2.587
There was 1 failure:
1) quickMachineKeepsFailedDraftAndScrollableNumericFieldsAtLargeText(com.whip.app.RoutineBuilderUiTest)
java.lang.AssertionError: Action performScrollTo() failed.
Reason: Expected exactly '1' node but could not find any node that satisfies: (Text + InputText + EditableText contains 'Machine bench' (ignoreCase: false))

	at androidx.compose.ui.test.SemanticsNodeInteraction.fetchOneOrThrow(SemanticsNodeInteraction.kt:178)
	at androidx.compose.ui.test.SemanticsNodeInteraction.fetchOneOrThrow$default(SemanticsNodeInteraction.kt:150)
	at androidx.compose.ui.test.SemanticsNodeInteraction.fetchSemanticsNode(SemanticsNodeInteraction.kt:84)
	at androidx.compose.ui.test.ActionsKt.performScrollTo(Actions.kt:82)
	at com.whip.app.RoutineBuilderUiTest.quickMachineKeepsFailedDraftAndScrollableNumericFieldsAtLargeText(RoutineBuilderUiTest.kt:138)

FAILURES!!!
Tests run: 1,  Failures: 1


INSTRUMENTATION_CODE: -1

Elapsed ms: 4878
Command exit: 0
