com.whip.app.ui.SettingsResponsiveUiTest#settingsSearchRestoresQueryAndLandsOnExactControlsAndDisclosures
INSTRUMENTATION_STATUS: class=com.whip.app.ui.SettingsResponsiveUiTest
INSTRUMENTATION_STATUS: current=1
INSTRUMENTATION_STATUS: id=AndroidJUnitRunner
INSTRUMENTATION_STATUS: numtests=1
INSTRUMENTATION_STATUS: stream=
com.whip.app.ui.SettingsResponsiveUiTest:
INSTRUMENTATION_STATUS: test=settingsSearchRestoresQueryAndLandsOnExactControlsAndDisclosures
INSTRUMENTATION_STATUS_CODE: 1
s_glBindAttribLocation: bind attrib 0 name position
s_glBindAttribLocation: bind attrib 1 name color
s_glBindAttribLocation: bind attrib 2 name localCoord
INSTRUMENTATION_STATUS: class=com.whip.app.ui.SettingsResponsiveUiTest
INSTRUMENTATION_STATUS: current=1
INSTRUMENTATION_STATUS: id=AndroidJUnitRunner
INSTRUMENTATION_STATUS: numtests=1
INSTRUMENTATION_STATUS: stream=.
INSTRUMENTATION_STATUS: test=settingsSearchRestoresQueryAndLandsOnExactControlsAndDisclosures
INSTRUMENTATION_STATUS_CODE: 0
INSTRUMENTATION_RESULT: stream=

Time: 16.311

OK (1 test)


INSTRUMENTATION_CODE: -1

Elapsed ms: 18364
Command exit: 0
