Reusing configuration cache.
> Task :app:generateDebugAndroidTestAssets UP-TO-DATE
> Task :app:generateDebugAssets UP-TO-DATE
> Task :app:preBuild UP-TO-DATE
> Task :app:preDebugBuild UP-TO-DATE
> Task :app:preDebugAndroidTestBuild SKIPPED
> Task :app:copyRoomSchemasToAndroidTestAssetsDebugAndroidTest UP-TO-DATE
> Task :app:generateDebugResValues UP-TO-DATE
> Task :app:generateDebugAndroidTestResValues UP-TO-DATE
> Task :app:javaPreCompileDebug UP-TO-DATE
> Task :app:createDebugCompatibleScreenManifests UP-TO-DATE
> Task :app:javaPreCompileDebugAndroidTest UP-TO-DATE
> Task :app:generateDebugAndroidTestResources UP-TO-DATE
> Task :app:generateDebugBuildConfig UP-TO-DATE
> Task :app:mergeDebugNativeDebugMetadata NO-SOURCE
> Task :app:desugarDebugFileDependencies UP-TO-DATE
> Task :app:writeDebugAppMetadata UP-TO-DATE
> Task :app:writeDebugSigningConfigVersions UP-TO-DATE
> Task :app:generateDebugAndroidTestGlobalSynthetics UP-TO-DATE
> Task :app:validateSigningDebug UP-TO-DATE
> Task :app:desugarDebugAndroidTestFileDependencies UP-TO-DATE
> Task :app:generateDebugJacocoPropertiesFile UP-TO-DATE
> Task :app:generateDebugGlobalSynthetics UP-TO-DATE
> Task :app:mapDebugAndroidTestSourceSetPaths UP-TO-DATE
> Task :app:mergeDebugJniLibFolders UP-TO-DATE
> Task :app:processDebugAndroidTestNavigationResources UP-TO-DATE
> Task :app:packageDebugAndroidTestResources UP-TO-DATE
> Task :app:processDebugNavigationResources UP-TO-DATE
> Task :app:writeDebugAndroidTestSigningConfigVersions UP-TO-DATE
> Task :app:generateDebugResources UP-TO-DATE
> Task :app:mergeDebugAndroidTestJniLibFolders UP-TO-DATE
> Task :app:extractDeepLinksDebug UP-TO-DATE
> Task :app:mapDebugSourceSetPaths UP-TO-DATE
> Task :app:validateSigningDebugAndroidTest UP-TO-DATE
> Task :app:compileDebugAndroidTestNavigationResources UP-TO-DATE
> Task :app:compileDebugNavigationResources UP-TO-DATE
> Task :app:packageDebugResources UP-TO-DATE
> Task :app:parseDebugAndroidTestLocalResources UP-TO-DATE
> Task :app:checkDebugDuplicateClasses UP-TO-DATE
> Task :app:parseDebugLocalResources UP-TO-DATE
> Task :app:checkDebugAarMetadata UP-TO-DATE
> Task :app:generateDebugAndroidTestRFile UP-TO-DATE
> Task :app:mergeLibDexDebug UP-TO-DATE
> Task :app:generateDebugRFile UP-TO-DATE
> Task :app:checkDebugAndroidTestAarMetadata UP-TO-DATE
> Task :app:mergeDebugAssets UP-TO-DATE
> Task :app:checkDebugAndroidTestDuplicateClasses UP-TO-DATE
> Task :app:mergeDebugAndroidTestAssets UP-TO-DATE
> Task :app:compressDebugAssets UP-TO-DATE
> Task :app:mergeDebugResources UP-TO-DATE
> Task :app:compressDebugAndroidTestAssets UP-TO-DATE
> Task :app:mergeDebugAndroidTestResources UP-TO-DATE
> Task :app:mergeLibDexDebugAndroidTest UP-TO-DATE
> Task :app:mergeDebugNativeLibs UP-TO-DATE
> Task :app:stripDebugDebugSymbols UP-TO-DATE
> Task :app:processDebugMainManifest UP-TO-DATE
> Task :app:mergeDebugAndroidTestManifest UP-TO-DATE
> Task :app:kspDebugKotlin UP-TO-DATE
> Task :app:processDebugManifest UP-TO-DATE
> Task :app:processDebugAndroidTestManifest UP-TO-DATE
> Task :app:processDebugManifestForPackage UP-TO-DATE
> Task :app:mergeDebugAndroidTestNativeLibs NO-SOURCE
> Task :app:generateDebugAndroidTestBuildConfig UP-TO-DATE
> Task :app:mergeExtDexDebug UP-TO-DATE
> Task :app:stripDebugAndroidTestDebugSymbols NO-SOURCE
> Task :app:mergeExtDexDebugAndroidTest UP-TO-DATE
> Task :app:compileDebugKotlin UP-TO-DATE
> Task :app:processDebugResources UP-TO-DATE
> Task :app:compileDebugJavaWithJavac UP-TO-DATE
> Task :app:processDebugJavaRes UP-TO-DATE
> Task :app:bundleDebugClassesToCompileJar UP-TO-DATE
> Task :app:processDebugAndroidTestResources UP-TO-DATE
> Task :app:kspDebugAndroidTestKotlin SKIPPED
> Task :app:mergeDebugJavaResource

> Task :app:compileDebugAndroidTestKotlin FAILED
e: file:///root/repos/whip/app/src/androidTest/java/com/whip/app/HomeHabitAudit2UiTest.kt:104:105 Argument type mismatch: actual type is '() -> Unit', but 'Boolean' was expected.
e: file:///root/repos/whip/app/src/androidTest/java/com/whip/app/HomeHabitAudit2UiTest.kt:104:114 Argument type mismatch: actual type is '(??? (Unknown type for value parameter <unused var>), ??? (Unknown type for value parameter <unused var>)) -> Unit', but '() -> Unit' was expected.
e: file:///root/repos/whip/app/src/androidTest/java/com/whip/app/HomeHabitAudit2UiTest.kt:104:114 No value passed for parameter 'onLog'.
e: file:///root/repos/whip/app/src/androidTest/java/com/whip/app/HomeHabitAudit2UiTest.kt:104:116 Cannot infer type for implicit value parameter 'it'. Specify it explicitly.
e: file:///root/repos/whip/app/src/androidTest/java/com/whip/app/HomeHabitAudit2UiTest.kt:104:119 Cannot infer type for implicit value parameter 'it'. Specify it explicitly.
e: file:///root/repos/whip/app/src/androidTest/java/com/whip/app/HomeHabitAudit2UiTest.kt:244:41 Argument type mismatch: actual type is '() -> Unit', but 'Boolean' was expected.
e: file:///root/repos/whip/app/src/androidTest/java/com/whip/app/HomeHabitAudit2UiTest.kt:244:45 Argument type mismatch: actual type is '(??? (Unknown type for value parameter <unused var>), ??? (Unknown type for value parameter <unused var>)) -> Unit', but '() -> Unit' was expected.
e: file:///root/repos/whip/app/src/androidTest/java/com/whip/app/HomeHabitAudit2UiTest.kt:244:47 Cannot infer type for implicit value parameter 'it'. Specify it explicitly.
e: file:///root/repos/whip/app/src/androidTest/java/com/whip/app/HomeHabitAudit2UiTest.kt:244:50 Cannot infer type for implicit value parameter 'it'. Specify it explicitly.
e: file:///root/repos/whip/app/src/androidTest/java/com/whip/app/HomeHabitAudit2UiTest.kt:244:58 No value passed for parameter 'onLog'.

> Task :app:copyRoomSchemas NO-SOURCE
> Task :app:jacocoDebug FAILED

[Incubating] Problems report is available at: file:///root/repos/whip/build/reports/problems/problems-report.html

FAILURE: Build completed with 2 failures.

1: Task failed with an exception.
-----------
* What went wrong:
Execution failed for task ':app:compileDebugAndroidTestKotlin' (registered by plugin 'com.android.internal.application').
> A failure occurred while executing org.jetbrains.kotlin.compilerRunner.btapi.BuildToolsApiCompilationWork
   > Compilation error. See log for more details

* Try:
> Run with --stacktrace option to get the stack trace.
> Run with --info or --debug option to get more log output.
> Run with --scan to get full insights from a Build Scan (powered by Develocity).
> Get more help at https://help.gradle.org.
==============================================================================

2: Task failed with an exception.
-----------
* What went wrong:
Execution failed for task ':app:jacocoDebug' (registered by plugin 'com.android.internal.application').
> A failure occurred while executing com.android.build.gradle.internal.tasks.JacocoTask$InstrumentDirAction
   > Unable to instrument file with Jacoco: /root/repos/whip/app/build/intermediates/built_in_kotlinc/debug/compileDebugKotlin/classes/com/whip/app/ui/WhipAppKt.class

* Try:
> Run with --stacktrace option to get the stack trace.
> Run with --info or --debug option to get more log output.
> Run with --scan to get full insights from a Build Scan (powered by Develocity).
> Get more help at https://help.gradle.org.
==============================================================================

BUILD FAILED in 5s
66 actionable tasks: 3 executed, 63 up-to-date
Configuration cache entry reused.
