com.whip.app.FocusTimeSelectionUiTest#customRejectsInvalidInputAndStartsExact37MinutesWithoutClosingDraft
INSTRUMENTATION_STATUS: class=com.whip.app.FocusTimeSelectionUiTest
INSTRUMENTATION_STATUS: current=1
INSTRUMENTATION_STATUS: id=AndroidJUnitRunner
INSTRUMENTATION_STATUS: numtests=1
INSTRUMENTATION_STATUS: stream=
com.whip.app.FocusTimeSelectionUiTest:
INSTRUMENTATION_STATUS: test=customRejectsInvalidInputAndStartsExact37MinutesWithoutClosingDraft
INSTRUMENTATION_STATUS_CODE: 1
s_glBindAttribLocation: bind attrib 0 name position
s_glBindAttribLocation: bind attrib 1 name color
s_glBindAttribLocation: bind attrib 2 name localCoord
INSTRUMENTATION_STATUS: class=com.whip.app.FocusTimeSelectionUiTest
INSTRUMENTATION_STATUS: current=1
INSTRUMENTATION_STATUS: id=AndroidJUnitRunner
INSTRUMENTATION_STATUS: numtests=1
INSTRUMENTATION_STATUS: stream=.
INSTRUMENTATION_STATUS: test=customRejectsInvalidInputAndStartsExact37MinutesWithoutClosingDraft
INSTRUMENTATION_STATUS_CODE: 0
INSTRUMENTATION_RESULT: stream=

Time: 8.815

OK (1 test)


INSTRUMENTATION_CODE: -1

Elapsed ms: 11050
Command exit: 0
