com.whip.app.DeepProductivityJourneyTest#trackInsightRangeLeadsToTheSameCorrectableEvidence
INSTRUMENTATION_STATUS: class=com.whip.app.DeepProductivityJourneyTest
INSTRUMENTATION_STATUS: current=1
INSTRUMENTATION_STATUS: id=AndroidJUnitRunner
INSTRUMENTATION_STATUS: numtests=1
INSTRUMENTATION_STATUS: stream=
com.whip.app.DeepProductivityJourneyTest:
INSTRUMENTATION_STATUS: test=trackInsightRangeLeadsToTheSameCorrectableEvidence
INSTRUMENTATION_STATUS_CODE: 1
s_glBindAttribLocation: bind attrib 0 name position
s_glBindAttribLocation: bind attrib 1 name color
s_glBindAttribLocation: bind attrib 2 name localCoord
INSTRUMENTATION_STATUS: class=com.whip.app.DeepProductivityJourneyTest
INSTRUMENTATION_STATUS: current=1
INSTRUMENTATION_STATUS: id=AndroidJUnitRunner
INSTRUMENTATION_STATUS: numtests=1
INSTRUMENTATION_STATUS: stack=java.lang.AssertionError: No node found that matches Text + InputText + EditableText contains '1500 mL' (ignoreCase: false) as substring in scrollable container
Semantics of the node:
Node #1407 at (l=0.0, t=765.0, r=1080.0, b=2169.0)px, Tag: 'track-insights-list'
CollectionInfo = 'CollectionInfo(rowCount=6, columnCount=1)'
IsTraversalGroup = 'true'
Shape = 'androidx.compose.foundation.VerticalScrollableClipShape@d811cd5'
VerticalScrollAxisRange = 'ScrollAxisRange(value=3217.0, maxValue=3217.0, reverseScrolling=false)'
Actions = [GetScrollViewportLength, IndexForKey, ScrollBy, ScrollByOffset, ScrollToIndex]
Has 3 children, 5 siblings
Selector used: (TestTag = 'track-insights-list')

	at androidx.compose.ui.test.ActionsKt.performScrollToNode(Actions.kt:258)
	at com.whip.app.DeepProductivityJourneyTest.inList(DeepProductivityJourneyTest.kt:136)
	at com.whip.app.DeepProductivityJourneyTest.trackInsightRangeLeadsToTheSameCorrectableEvidence(DeepProductivityJourneyTest.kt:322)

INSTRUMENTATION_STATUS: stream=
Error in trackInsightRangeLeadsToTheSameCorrectableEvidence(com.whip.app.DeepProductivityJourneyTest):
java.lang.AssertionError: No node found that matches Text + InputText + EditableText contains '1500 mL' (ignoreCase: false) as substring in scrollable container
Semantics of the node:
Node #1407 at (l=0.0, t=765.0, r=1080.0, b=2169.0)px, Tag: 'track-insights-list'
CollectionInfo = 'CollectionInfo(rowCount=6, columnCount=1)'
IsTraversalGroup = 'true'
Shape = 'androidx.compose.foundation.VerticalScrollableClipShape@d811cd5'
VerticalScrollAxisRange = 'ScrollAxisRange(value=3217.0, maxValue=3217.0, reverseScrolling=false)'
Actions = [GetScrollViewportLength, IndexForKey, ScrollBy, ScrollByOffset, ScrollToIndex]
Has 3 children, 5 siblings
Selector used: (TestTag = 'track-insights-list')

	at androidx.compose.ui.test.ActionsKt.performScrollToNode(Actions.kt:258)
	at com.whip.app.DeepProductivityJourneyTest.inList(DeepProductivityJourneyTest.kt:136)
	at com.whip.app.DeepProductivityJourneyTest.trackInsightRangeLeadsToTheSameCorrectableEvidence(DeepProductivityJourneyTest.kt:322)

INSTRUMENTATION_STATUS: test=trackInsightRangeLeadsToTheSameCorrectableEvidence
INSTRUMENTATION_STATUS_CODE: -2
INSTRUMENTATION_RESULT: stream=

Time: 23.487
There was 1 failure:
1) trackInsightRangeLeadsToTheSameCorrectableEvidence(com.whip.app.DeepProductivityJourneyTest)
java.lang.AssertionError: No node found that matches Text + InputText + EditableText contains '1500 mL' (ignoreCase: false) as substring in scrollable container
Semantics of the node:
Node #1407 at (l=0.0, t=765.0, r=1080.0, b=2169.0)px, Tag: 'track-insights-list'
CollectionInfo = 'CollectionInfo(rowCount=6, columnCount=1)'
IsTraversalGroup = 'true'
Shape = 'androidx.compose.foundation.VerticalScrollableClipShape@d811cd5'
VerticalScrollAxisRange = 'ScrollAxisRange(value=3217.0, maxValue=3217.0, reverseScrolling=false)'
Actions = [GetScrollViewportLength, IndexForKey, ScrollBy, ScrollByOffset, ScrollToIndex]
Has 3 children, 5 siblings
Selector used: (TestTag = 'track-insights-list')

	at androidx.compose.ui.test.ActionsKt.performScrollToNode(Actions.kt:258)
	at com.whip.app.DeepProductivityJourneyTest.inList(DeepProductivityJourneyTest.kt:136)
	at com.whip.app.DeepProductivityJourneyTest.trackInsightRangeLeadsToTheSameCorrectableEvidence(DeepProductivityJourneyTest.kt:322)

FAILURES!!!
Tests run: 1,  Failures: 1


INSTRUMENTATION_CODE: -1

Elapsed ms: 25387
Command exit: 0
