com.whip.app.DeepProductivityJourneyTest#trackCollectionSearchBoundsSelectionAndShowsConfiguredDetails
INSTRUMENTATION_STATUS: class=com.whip.app.DeepProductivityJourneyTest
INSTRUMENTATION_STATUS: current=1
INSTRUMENTATION_STATUS: id=AndroidJUnitRunner
INSTRUMENTATION_STATUS: numtests=1
INSTRUMENTATION_STATUS: stream=
com.whip.app.DeepProductivityJourneyTest:
INSTRUMENTATION_STATUS: test=trackCollectionSearchBoundsSelectionAndShowsConfiguredDetails
INSTRUMENTATION_STATUS_CODE: 1
s_glBindAttribLocation: bind attrib 0 name position
s_glBindAttribLocation: bind attrib 1 name color
s_glBindAttribLocation: bind attrib 2 name localCoord
INSTRUMENTATION_STATUS: class=com.whip.app.DeepProductivityJourneyTest
INSTRUMENTATION_STATUS: current=1
INSTRUMENTATION_STATUS: id=AndroidJUnitRunner
INSTRUMENTATION_STATUS: numtests=1
INSTRUMENTATION_STATUS: stack=androidx.test.espresso.base.RootViewPicker$RootViewWithoutFocusException: Waited for the root of the view hierarchy to have window focus and not request layout for 10 seconds. If you specified a non default root matcher, it may be picking a root that never takes focus. Root:
Root{application-window-token=android.view.ViewRootImpl$W@77fcda3, window-token=android.view.ViewRootImpl$W@77fcda3, has-window-focus=false, layout-params-type=1, layout-params-string={(0,0)(fillxfill) sim={adjust=resize} layoutInDisplayCutoutMode=always ty=BASE_APPLICATION wanim=0x10302fe
  fl=LAYOUT_IN_SCREEN LAYOUT_INSET_DECOR SPLIT_TOUCH HARDWARE_ACCELERATED DRAWS_SYSTEM_BAR_BACKGROUNDS
  pfl=NO_MOVE_ANIMATION FORCE_DRAW_STATUS_BAR_BACKGROUND FIT_INSETS_CONTROLLED
  bhv=DEFAULT
  fitSides=}, decor-view-string=DecorView{id=-1, visibility=VISIBLE, width=1080, height=2400, has-focus=true, has-focusable=true, has-window-focus=false, is-clickable=false, is-enabled=true, is-focused=false, is-focusable=false, is-layout-requested=false, is-selected=false, layout-params={(0,0)(fillxfill) sim={adjust=resize} layoutInDisplayCutoutMode=always ty=BASE_APPLICATION wanim=0x10302fe
  fl=LAYOUT_IN_SCREEN LAYOUT_INSET_DECOR SPLIT_TOUCH HARDWARE_ACCELERATED DRAWS_SYSTEM_BAR_BACKGROUNDS
  pfl=NO_MOVE_ANIMATION FORCE_DRAW_STATUS_BAR_BACKGROUND FIT_INSETS_CONTROLLED
  bhv=DEFAULT
  fitSides=}, tag=null, root-is-layout-requested=false, has-input-connection=false, x=0.0, y=0.0, child-count=2}}
	at dalvik.system.VMStack.getThreadStackTrace(Native Method)
	at java.lang.Thread.getStackTrace(Thread.java:1841)
	at androidx.test.espresso.base.EspressoExceptionHandler.handleSafely(EspressoExceptionHandler.java:34)
	at androidx.test.espresso.base.EspressoExceptionHandler.handleSafely(EspressoExceptionHandler.java:26)
	at androidx.test.espresso.base.DefaultFailureHandler$TypedFailureHandler.handle(DefaultFailureHandler.java:158)
	at androidx.test.espresso.base.DefaultFailureHandler.handle(DefaultFailureHandler.java:120)
	at androidx.test.espresso.ViewInteraction.waitForAndHandleInteractionResults(ViewInteraction.java:385)
	at androidx.test.espresso.ViewInteraction.desugaredPerform(ViewInteraction.java:212)
	at androidx.test.espresso.ViewInteraction.perform(ViewInteraction.java:140)
	at androidx.test.espresso.Espresso.closeSoftKeyboard(Espresso.java:206)
	at com.whip.app.DeepProductivityJourneyTest.trackCollectionSearchBoundsSelectionAndShowsConfiguredDetails(DeepProductivityJourneyTest.kt:199)

INSTRUMENTATION_STATUS: stream=
Error in trackCollectionSearchBoundsSelectionAndShowsConfiguredDetails(com.whip.app.DeepProductivityJourneyTest):
androidx.test.espresso.base.RootViewPicker$RootViewWithoutFocusException: Waited for the root of the view hierarchy to have window focus and not request layout for 10 seconds. If you specified a non default root matcher, it may be picking a root that never takes focus. Root:
Root{application-window-token=android.view.ViewRootImpl$W@77fcda3, window-token=android.view.ViewRootImpl$W@77fcda3, has-window-focus=false, layout-params-type=1, layout-params-string={(0,0)(fillxfill) sim={adjust=resize} layoutInDisplayCutoutMode=always ty=BASE_APPLICATION wanim=0x10302fe
  fl=LAYOUT_IN_SCREEN LAYOUT_INSET_DECOR SPLIT_TOUCH HARDWARE_ACCELERATED DRAWS_SYSTEM_BAR_BACKGROUNDS
  pfl=NO_MOVE_ANIMATION FORCE_DRAW_STATUS_BAR_BACKGROUND FIT_INSETS_CONTROLLED
  bhv=DEFAULT
  fitSides=}, decor-view-string=DecorView{id=-1, visibility=VISIBLE, width=1080, height=2400, has-focus=true, has-focusable=true, has-window-focus=false, is-clickable=false, is-enabled=true, is-focused=false, is-focusable=false, is-layout-requested=false, is-selected=false, layout-params={(0,0)(fillxfill) sim={adjust=resize} layoutInDisplayCutoutMode=always ty=BASE_APPLICATION wanim=0x10302fe
  fl=LAYOUT_IN_SCREEN LAYOUT_INSET_DECOR SPLIT_TOUCH HARDWARE_ACCELERATED DRAWS_SYSTEM_BAR_BACKGROUNDS
  pfl=NO_MOVE_ANIMATION FORCE_DRAW_STATUS_BAR_BACKGROUND FIT_INSETS_CONTROLLED
  bhv=DEFAULT
  fitSides=}, tag=null, root-is-layout-requested=false, has-input-connection=false, x=0.0, y=0.0, child-count=2}}
	at dalvik.system.VMStack.getThreadStackTrace(Native Method)
	at java.lang.Thread.getStackTrace(Thread.java:1841)
	at androidx.test.espresso.base.EspressoExceptionHandler.handleSafely(EspressoExceptionHandler.java:34)
	at androidx.test.espresso.base.EspressoExceptionHandler.handleSafely(EspressoExceptionHandler.java:26)
	at androidx.test.espresso.base.DefaultFailureHandler$TypedFailureHandler.handle(DefaultFailureHandler.java:158)
	at androidx.test.espresso.base.DefaultFailureHandler.handle(DefaultFailureHandler.java:120)
	at androidx.test.espresso.ViewInteraction.waitForAndHandleInteractionResults(ViewInteraction.java:385)
	at androidx.test.espresso.ViewInteraction.desugaredPerform(ViewInteraction.java:212)
	at androidx.test.espresso.ViewInteraction.perform(ViewInteraction.java:140)
	at androidx.test.espresso.Espresso.closeSoftKeyboard(Espresso.java:206)
	at com.whip.app.DeepProductivityJourneyTest.trackCollectionSearchBoundsSelectionAndShowsConfiguredDetails(DeepProductivityJourneyTest.kt:199)

INSTRUMENTATION_STATUS: test=trackCollectionSearchBoundsSelectionAndShowsConfiguredDetails
INSTRUMENTATION_STATUS_CODE: -2
INSTRUMENTATION_RESULT: stream=

Time: 15.774
There was 1 failure:
1) trackCollectionSearchBoundsSelectionAndShowsConfiguredDetails(com.whip.app.DeepProductivityJourneyTest)
androidx.test.espresso.base.RootViewPicker$RootViewWithoutFocusException: Waited for the root of the view hierarchy to have window focus and not request layout for 10 seconds. If you specified a non default root matcher, it may be picking a root that never takes focus. Root:
Root{application-window-token=android.view.ViewRootImpl$W@77fcda3, window-token=android.view.ViewRootImpl$W@77fcda3, has-window-focus=false, layout-params-type=1, layout-params-string={(0,0)(fillxfill) sim={adjust=resize} layoutInDisplayCutoutMode=always ty=BASE_APPLICATION wanim=0x10302fe
  fl=LAYOUT_IN_SCREEN LAYOUT_INSET_DECOR SPLIT_TOUCH HARDWARE_ACCELERATED DRAWS_SYSTEM_BAR_BACKGROUNDS
  pfl=NO_MOVE_ANIMATION FORCE_DRAW_STATUS_BAR_BACKGROUND FIT_INSETS_CONTROLLED
  bhv=DEFAULT
  fitSides=}, decor-view-string=DecorView{id=-1, visibility=VISIBLE, width=1080, height=2400, has-focus=true, has-focusable=true, has-window-focus=false, is-clickable=false, is-enabled=true, is-focused=false, is-focusable=false, is-layout-requested=false, is-selected=false, layout-params={(0,0)(fillxfill) sim={adjust=resize} layoutInDisplayCutoutMode=always ty=BASE_APPLICATION wanim=0x10302fe
  fl=LAYOUT_IN_SCREEN LAYOUT_INSET_DECOR SPLIT_TOUCH HARDWARE_ACCELERATED DRAWS_SYSTEM_BAR_BACKGROUNDS
  pfl=NO_MOVE_ANIMATION FORCE_DRAW_STATUS_BAR_BACKGROUND FIT_INSETS_CONTROLLED
  bhv=DEFAULT
  fitSides=}, tag=null, root-is-layout-requested=false, has-input-connection=false, x=0.0, y=0.0, child-count=2}}
	at dalvik.system.VMStack.getThreadStackTrace(Native Method)
	at java.lang.Thread.getStackTrace(Thread.java:1841)
	at androidx.test.espresso.base.EspressoExceptionHandler.handleSafely(EspressoExceptionHandler.java:34)
	at androidx.test.espresso.base.EspressoExceptionHandler.handleSafely(EspressoExceptionHandler.java:26)
	at androidx.test.espresso.base.DefaultFailureHandler$TypedFailureHandler.handle(DefaultFailureHandler.java:158)
	at androidx.test.espresso.base.DefaultFailureHandler.handle(DefaultFailureHandler.java:120)
	at androidx.test.espresso.ViewInteraction.waitForAndHandleInteractionResults(ViewInteraction.java:385)
	at androidx.test.espresso.ViewInteraction.desugaredPerform(ViewInteraction.java:212)
	at androidx.test.espresso.ViewInteraction.perform(ViewInteraction.java:140)
	at androidx.test.espresso.Espresso.closeSoftKeyboard(Espresso.java:206)
	at com.whip.app.DeepProductivityJourneyTest.trackCollectionSearchBoundsSelectionAndShowsConfiguredDetails(DeepProductivityJourneyTest.kt:199)

FAILURES!!!
Tests run: 1,  Failures: 1


INSTRUMENTATION_CODE: -1

Elapsed ms: 18186
Command exit: 0
