INSTRUMENTATION_STATUS: class=com.whip.app.GymLibraryJourneyE2ETest
INSTRUMENTATION_STATUS: current=1
INSTRUMENTATION_STATUS: id=AndroidJUnitRunner
INSTRUMENTATION_STATUS: numtests=1
INSTRUMENTATION_STATUS: stream=
com.whip.app.GymLibraryJourneyE2ETest:
INSTRUMENTATION_STATUS: test=historicalSetCorrectionPreservesBothSessionsAndRejectsAStaleEdit
INSTRUMENTATION_STATUS_CODE: 1
s_glBindAttribLocation: bind attrib 0 name position
s_glBindAttribLocation: bind attrib 1 name color
s_glBindAttribLocation: bind attrib 2 name localCoord
INSTRUMENTATION_STATUS: class=com.whip.app.GymLibraryJourneyE2ETest
INSTRUMENTATION_STATUS: current=1
INSTRUMENTATION_STATUS: id=AndroidJUnitRunner
INSTRUMENTATION_STATUS: numtests=1
INSTRUMENTATION_STATUS: stack=java.lang.IllegalArgumentException: Can't scroll to index 100, it is out of bounds [0, 9)
	at androidx.compose.foundation.internal.InlineClassHelperKt.throwIllegalArgumentException(InlineClassHelper.kt:34)
	at androidx.compose.foundation.lazy.layout.LazyLayoutSemanticsModifierNode.updateCachedSemanticsValues$lambda$2(LazyLayoutSemantics.kt:272)
	at androidx.compose.foundation.lazy.layout.LazyLayoutSemanticsModifierNode$$ExternalSyntheticLambda4.invoke(D8$$SyntheticClass:0)
	at androidx.compose.ui.test.ActionsKt.scrollToIndex$lambda$1(Actions.kt:170)
	at androidx.compose.ui.test.ActionsKt$$ExternalSyntheticLambda7.invoke(D8$$SyntheticClass:0)
	at androidx.compose.ui.test.AndroidSynchronization_androidKt.runOnUiThread$lambda$0(AndroidSynchronization.android.kt:39)
	at androidx.compose.ui.test.AndroidSynchronization_androidKt$$ExternalSyntheticLambda0.call(D8$$SyntheticClass:0)
	at java.util.concurrent.FutureTask.run(FutureTask.java:264)
	at java.util.concurrent.Executors$RunnableAdapter.call(Executors.java:487)
	at java.util.concurrent.FutureTask.run(FutureTask.java:264)
	at android.app.Instrumentation$SyncRunnable.run(Instrumentation.java:2420)
	at android.os.Handler.handleCallback(Handler.java:958)
	at android.os.Handler.dispatchMessage(Handler.java:99)
	at android.os.Looper.loopOnce(Looper.java:205)
	at android.os.Looper.loop(Looper.java:294)
	at android.app.ActivityThread.main(ActivityThread.java:8177)
	at java.lang.reflect.Method.invoke(Native Method)
	at com.android.internal.os.RuntimeInit$MethodAndArgsCaller.run(RuntimeInit.java:552)
	at com.android.internal.os.ZygoteInit.main(ZygoteInit.java:971)
	Suppressed: java.util.concurrent.ExecutionException: An Exception occurred on the UI thread during runOnUiThread()
		at androidx.compose.ui.test.AndroidSynchronization_androidKt.runOnUiThread(AndroidSynchronization.android.kt:50)
		at androidx.compose.ui.test.AndroidComposeUiTestEnvironment$AndroidComposeUiTestImpl.runOnUiThread(ComposeUiTest.android.kt:844)
		at androidx.compose.ui.test.AndroidComposeUiTestEnvironment$AndroidTestOwner.runOnUiThread(ComposeUiTest.android.kt:984)
		at androidx.compose.ui.test.ActionsKt.scrollToIndex(Actions.kt:169)
		at androidx.compose.ui.test.ActionsKt.performScrollToIndex(Actions.kt:161)
		at com.whip.app.GymLibraryJourneyE2ETest.historicalSetCorrectionPreservesBothSessionsAndRejectsAStaleEdit(GymLibraryJourneyE2ETest.kt:89)
		at java.lang.reflect.Method.invoke(Native Method)
		at org.junit.runners.model.FrameworkMethod$1.runReflectiveCall(FrameworkMethod.java:59)
		at org.junit.internal.runners.model.ReflectiveCallable.run(ReflectiveCallable.java:12)
		at org.junit.runners.model.FrameworkMethod.invokeExplosively(FrameworkMethod.java:56)
		at org.junit.internal.runners.statements.InvokeMethod.evaluate(InvokeMethod.java:17)
		at androidx.test.internal.runner.junit4.statement.RunAfters.evaluate(RunAfters.java:61)
		at androidx.compose.ui.test.junit4.AndroidComposeTestRule$apply$testWithDisposal$1.evaluate(AndroidComposeTestRule.android.kt:426)
		at androidx.compose.ui.test.junit4.AndroidComposeTestRule$apply$1$evaluate$1.invokeSuspend(AndroidComposeTestRule.android.kt:448)
		at androidx.compose.ui.test.junit4.AndroidComposeTestRule$apply$1$evaluate$1.invoke(Unknown Source:8)
		at androidx.compose.ui.test.junit4.AndroidComposeTestRule$apply$1$evaluate$1.invoke(Unknown Source:4)
		at androidx.compose.ui.test.AndroidComposeUiTestEnvironment$runTest$1$1$1$1$1.invokeSuspend(ComposeUiTest.android.kt:689)
		at androidx.compose.ui.test.AndroidComposeUiTestEnvironment$runTest$1$1$1$1$1.invoke(Unknown Source:8)
		at androidx.compose.ui.test.AndroidComposeUiTestEnvironment$runTest$1$1$1$1$1.invoke(Unknown Source:2)
		at androidx.compose.ui.test.EspressoLink.withStrategy(EspressoLink.android.kt:69)
		at androidx.compose.ui.test.AndroidComposeUiTestEnvironment$runTest$1$1.invokeSuspend(ComposeUiTest.android.kt:686)
		at androidx.compose.ui.test.AndroidComposeUiTestEnvironment$runTest$1$1.invoke(Unknown Source:8)
		at androidx.compose.ui.test.AndroidComposeUiTestEnvironment$runTest$1$1.invoke(Unknown Source:4)
		at kotlinx.coroutines.test.TestBuildersKt__TestBuildersKt$runTest$2$1$1.invokeSuspend(TestBuilders.kt:318)
		at kotlin.coroutines.jvm.internal.BaseContinuationImpl.resumeWith(ContinuationImpl.kt:34)
		at kotlinx.coroutines.DispatchedTask.run(DispatchedTask.kt:101)
		at kotlinx.coroutines.test.TestDispatcher.processEvent$kotlinx_coroutines_test(TestDispatcher.kt:24)
		at kotlinx.coroutines.test.TestCoroutineScheduler.tryRunNextTaskUnless$kotlinx_coroutines_test(TestCoroutineScheduler.kt:99)
		at kotlinx.coroutines.test.TestBuildersKt__TestBuildersKt$runTest$2$1$workRunner$1.invokeSuspend(TestBuilders.kt:327)
		at kotlin.coroutines.jvm.internal.BaseContinuationImpl.resumeWith(ContinuationImpl.kt:34)
		at kotlinx.coroutines.DispatchedTask.run(DispatchedTask.kt:101)
		at kotlinx.coroutines.EventLoopImplBase.processNextEvent(EventLoop.common.kt:263)
		at kotlinx.coroutines.BlockingCoroutine.joinBlocking(Builders.kt:95)
		at kotlinx.coroutines.BuildersKt__BuildersKt.runBlocking(Builders.kt:69)
		at kotlinx.coroutines.BuildersKt.runBlocking(Unknown Source:1)
		at kotlinx.coroutines.BuildersKt__BuildersKt.runBlocking$default(Builders.kt:47)
		at kotlinx.coroutines.BuildersKt.runBlocking$default(Unknown Source:1)
		at kotlinx.coroutines.test.TestBuildersJvmKt.createTestResult(TestBuildersJvm.kt:10)
		at kotlinx.coroutines.test.TestBuildersKt__TestBuildersKt.runTest-8Mi8wO0(TestBuilders.kt:310)
		at kotlinx.coroutines.test.TestBuildersKt.runTest-8Mi8wO0(Unknown Source:1)
		at kotlinx.coroutines.test.TestBuildersKt__TestBuildersKt.runTest-8Mi8wO0(TestBuilders.kt:168)
		at kotlinx.coroutines.test.TestBuildersKt.runTest-8Mi8wO0(Unknown Source:1)
		at androidx.compose.ui.test.AndroidComposeUiTestEnvironment.runTest(ComposeUiTest.android.kt:665)
		at androidx.compose.ui.test.junit4.AndroidComposeTestRule$apply$1.evaluate(AndroidComposeTestRule.android.kt:447)
		at org.junit.runners.ParentRunner$3.evaluate(ParentRunner.java:306)
		at org.junit.runners.BlockJUnit4ClassRunner$1.evaluate(BlockJUnit4ClassRunner.java:100)
		at org.junit.runners.ParentRunner.runLeaf(ParentRunner.java:366)
		at org.junit.runners.BlockJUnit4ClassRunner.runChild(BlockJUnit4ClassRunner.java:103)
		at org.junit.runners.BlockJUnit4ClassRunner.runChild(BlockJUnit4ClassRunner.java:63)
		at org.junit.runners.ParentRunner$4.run(ParentRunner.java:331)
		at org.junit.runners.ParentRunner$1.schedule(ParentRunner.java:79)
		at org.junit.runners.ParentRunner.runChildren(ParentRunner.java:329)
		at org.junit.runners.ParentRunner.access$100(ParentRunner.java:66)
		at org.junit.runners.ParentRunner$2.evaluate(ParentRunner.java:293)
		at org.junit.runners.ParentRunner$3.evaluate(ParentRunner.java:306)
		at org.junit.runners.ParentRunner.run(ParentRunner.java:413)
		at org.junit.runners.Suite.runChild(Suite.java:128)
		at org.junit.runners.Suite.runChild(Suite.java:27)
		at org.junit.runners.ParentRunner$4.run(ParentRunner.java:331)
		at org.junit.runners.ParentRunner$1.schedule(ParentRunner.java:79)
		at org.junit.runners.ParentRunner.runChildren(ParentRunner.java:329)
		at org.junit.runners.ParentRunner.access$100(ParentRunner.java:66)
		at org.junit.runners.ParentRunner$2.evaluate(ParentRunner.java:293)
		at org.junit.runners.ParentRunner$3.evaluate(ParentRunner.java:306)
		at org.junit.runners.ParentRunner.run(ParentRunner.java:413)
		at org.junit.runner.JUnitCore.run(JUnitCore.java:137)
		at org.junit.runner.JUnitCore.run(JUnitCore.java:115)
		at androidx.test.internal.runner.TestExecutor.execute(TestExecutor.java:68)
		at androidx.test.internal.runner.TestExecutor.execute(TestExecutor.java:59)
		at androidx.test.runner.AndroidJUnitRunner.onStart(AndroidJUnitRunner.java:467)
		at android.app.Instrumentation$InstrumentationThread.run(Instrumentation.java:2402)

INSTRUMENTATION_STATUS: stream=
Error in historicalSetCorrectionPreservesBothSessionsAndRejectsAStaleEdit(com.whip.app.GymLibraryJourneyE2ETest):
java.lang.IllegalArgumentException: Can't scroll to index 100, it is out of bounds [0, 9)
	at androidx.compose.foundation.internal.InlineClassHelperKt.throwIllegalArgumentException(InlineClassHelper.kt:34)
	at androidx.compose.foundation.lazy.layout.LazyLayoutSemanticsModifierNode.updateCachedSemanticsValues$lambda$2(LazyLayoutSemantics.kt:272)
	at androidx.compose.foundation.lazy.layout.LazyLayoutSemanticsModifierNode$$ExternalSyntheticLambda4.invoke(D8$$SyntheticClass:0)
	at androidx.compose.ui.test.ActionsKt.scrollToIndex$lambda$1(Actions.kt:170)
	at androidx.compose.ui.test.ActionsKt$$ExternalSyntheticLambda7.invoke(D8$$SyntheticClass:0)
	at androidx.compose.ui.test.AndroidSynchronization_androidKt.runOnUiThread$lambda$0(AndroidSynchronization.android.kt:39)
	at androidx.compose.ui.test.AndroidSynchronization_androidKt$$ExternalSyntheticLambda0.call(D8$$SyntheticClass:0)
	at java.util.concurrent.FutureTask.run(FutureTask.java:264)
	at java.util.concurrent.Executors$RunnableAdapter.call(Executors.java:487)
	at java.util.concurrent.FutureTask.run(FutureTask.java:264)
	at android.app.Instrumentation$SyncRunnable.run(Instrumentation.java:2420)
	at android.os.Handler.handleCallback(Handler.java:958)
	at android.os.Handler.dispatchMessage(Handler.java:99)
	at android.os.Looper.loopOnce(Looper.java:205)
	at android.os.Looper.loop(Looper.java:294)
	at android.app.ActivityThread.main(ActivityThread.java:8177)
	at java.lang.reflect.Method.invoke(Native Method)
	at com.android.internal.os.RuntimeInit$MethodAndArgsCaller.run(RuntimeInit.java:552)
	at com.android.internal.os.ZygoteInit.main(ZygoteInit.java:971)
	Suppressed: java.util.concurrent.ExecutionException: An Exception occurred on the UI thread during runOnUiThread()
		at androidx.compose.ui.test.AndroidSynchronization_androidKt.runOnUiThread(AndroidSynchronization.android.kt:50)
		at androidx.compose.ui.test.AndroidComposeUiTestEnvironment$AndroidComposeUiTestImpl.runOnUiThread(ComposeUiTest.android.kt:844)
		at androidx.compose.ui.test.AndroidComposeUiTestEnvironment$AndroidTestOwner.runOnUiThread(ComposeUiTest.android.kt:984)
		at androidx.compose.ui.test.ActionsKt.scrollToIndex(Actions.kt:169)
		at androidx.compose.ui.test.ActionsKt.performScrollToIndex(Actions.kt:161)
		at com.whip.app.GymLibraryJourneyE2ETest.historicalSetCorrectionPreservesBothSessionsAndRejectsAStaleEdit(GymLibraryJourneyE2ETest.kt:89)
		at java.lang.reflect.Method.invoke(Native Method)
		at org.junit.runners.model.FrameworkMethod$1.runReflectiveCall(FrameworkMethod.java:59)
		at org.junit.internal.runners.model.ReflectiveCallable.run(ReflectiveCallable.java:12)
		at org.junit.runners.model.FrameworkMethod.invokeExplosively(FrameworkMethod.java:56)
		at org.junit.internal.runners.statements.InvokeMethod.evaluate(InvokeMethod.java:17)
		at androidx.test.internal.runner.junit4.statement.RunAfters.evaluate(RunAfters.java:61)
		at androidx.compose.ui.test.junit4.AndroidComposeTestRule$apply$testWithDisposal$1.evaluate(AndroidComposeTestRule.android.kt:426)
		at androidx.compose.ui.test.junit4.AndroidComposeTestRule$apply$1$evaluate$1.invokeSuspend(AndroidComposeTestRule.android.kt:448)
		at androidx.compose.ui.test.junit4.AndroidComposeTestRule$apply$1$evaluate$1.invoke(Unknown Source:8)
		at androidx.compose.ui.test.junit4.AndroidComposeTestRule$apply$1$evaluate$1.invoke(Unknown Source:4)
		at androidx.compose.ui.test.AndroidComposeUiTestEnvironment$runTest$1$1$1$1$1.invokeSuspend(ComposeUiTest.android.kt:689)
		at androidx.compose.ui.test.AndroidComposeUiTestEnvironment$runTest$1$1$1$1$1.invoke(Unknown Source:8)
		at androidx.compose.ui.test.AndroidComposeUiTestEnvironment$runTest$1$1$1$1$1.invoke(Unknown Source:2)
		at androidx.compose.ui.test.EspressoLink.withStrategy(EspressoLink.android.kt:69)
		at androidx.compose.ui.test.AndroidComposeUiTestEnvironment$runTest$1$1.invokeSuspend(ComposeUiTest.android.kt:686)
		at androidx.compose.ui.test.AndroidComposeUiTestEnvironment$runTest$1$1.invoke(Unknown Source:8)
		at androidx.compose.ui.test.AndroidComposeUiTestEnvironment$runTest$1$1.invoke(Unknown Source:4)
		at kotlinx.coroutines.test.TestBuildersKt__TestBuildersKt$runTest$2$1$1.invokeSuspend(TestBuilders.kt:318)
		at kotlin.coroutines.jvm.internal.BaseContinuationImpl.resumeWith(ContinuationImpl.kt:34)
		at kotlinx.coroutines.DispatchedTask.run(DispatchedTask.kt:101)
		at kotlinx.coroutines.test.TestDispatcher.processEvent$kotlinx_coroutines_test(TestDispatcher.kt:24)
		at kotlinx.coroutines.test.TestCoroutineScheduler.tryRunNextTaskUnless$kotlinx_coroutines_test(TestCoroutineScheduler.kt:99)
		at kotlinx.coroutines.test.TestBuildersKt__TestBuildersKt$runTest$2$1$workRunner$1.invokeSuspend(TestBuilders.kt:327)
		at kotlin.coroutines.jvm.internal.BaseContinuationImpl.resumeWith(ContinuationImpl.kt:34)
		at kotlinx.coroutines.DispatchedTask.run(DispatchedTask.kt:101)
		at kotlinx.coroutines.EventLoopImplBase.processNextEvent(EventLoop.common.kt:263)
		at kotlinx.coroutines.BlockingCoroutine.joinBlocking(Builders.kt:95)
		at kotlinx.coroutines.BuildersKt__BuildersKt.runBlocking(Builders.kt:69)
		at kotlinx.coroutines.BuildersKt.runBlocking(Unknown Source:1)
		at kotlinx.coroutines.BuildersKt__BuildersKt.runBlocking$default(Builders.kt:47)
		at kotlinx.coroutines.BuildersKt.runBlocking$default(Unknown Source:1)
		at kotlinx.coroutines.test.TestBuildersJvmKt.createTestResult(TestBuildersJvm.kt:10)
		at kotlinx.coroutines.test.TestBuildersKt__TestBuildersKt.runTest-8Mi8wO0(TestBuilders.kt:310)
		at kotlinx.coroutines.test.TestBuildersKt.runTest-8Mi8wO0(Unknown Source:1)
		at kotlinx.coroutines.test.TestBuildersKt__TestBuildersKt.runTest-8Mi8wO0(TestBuilders.kt:168)
		at kotlinx.coroutines.test.TestBuildersKt.runTest-8Mi8wO0(Unknown Source:1)
		at androidx.compose.ui.test.AndroidComposeUiTestEnvironment.runTest(ComposeUiTest.android.kt:665)
		at androidx.compose.ui.test.junit4.AndroidComposeTestRule$apply$1.evaluate(AndroidComposeTestRule.android.kt:447)
		at org.junit.runners.ParentRunner$3.evaluate(ParentRunner.java:306)
		at org.junit.runners.BlockJUnit4ClassRunner$1.evaluate(BlockJUnit4ClassRunner.java:100)
		at org.junit.runners.ParentRunner.runLeaf(ParentRunner.java:366)
		at org.junit.runners.BlockJUnit4ClassRunner.runChild(BlockJUnit4ClassRunner.java:103)
		at org.junit.runners.BlockJUnit4ClassRunner.runChild(BlockJUnit4ClassRunner.java:63)
		at org.junit.runners.ParentRunner$4.run(ParentRunner.java:331)
		at org.junit.runners.ParentRunner$1.schedule(ParentRunner.java:79)
		at org.junit.runners.ParentRunner.runChildren(ParentRunner.java:329)
		at org.junit.runners.ParentRunner.access$100(ParentRunner.java:66)
		at org.junit.runners.ParentRunner$2.evaluate(ParentRunner.java:293)
		at org.junit.runners.ParentRunner$3.evaluate(ParentRunner.java:306)
		at org.junit.runners.ParentRunner.run(ParentRunner.java:413)
		at org.junit.runners.Suite.runChild(Suite.java:128)
		at org.junit.runners.Suite.runChild(Suite.java:27)
		at org.junit.runners.ParentRunner$4.run(ParentRunner.java:331)
		at org.junit.runners.ParentRunner$1.schedule(ParentRunner.java:79)
		at org.junit.runners.ParentRunner.runChildren(ParentRunner.java:329)
		at org.junit.runners.ParentRunner.access$100(ParentRunner.java:66)
		at org.junit.runners.ParentRunner$2.evaluate(ParentRunner.java:293)
		at org.junit.runners.ParentRunner$3.evaluate(ParentRunner.java:306)
		at org.junit.runners.ParentRunner.run(ParentRunner.java:413)
		at org.junit.runner.JUnitCore.run(JUnitCore.java:137)
		at org.junit.runner.JUnitCore.run(JUnitCore.java:115)
		at androidx.test.internal.runner.TestExecutor.execute(TestExecutor.java:68)
		at androidx.test.internal.runner.TestExecutor.execute(TestExecutor.java:59)
		at androidx.test.runner.AndroidJUnitRunner.onStart(AndroidJUnitRunner.java:467)
		at android.app.Instrumentation$InstrumentationThread.run(Instrumentation.java:2402)

INSTRUMENTATION_STATUS: test=historicalSetCorrectionPreservesBothSessionsAndRejectsAStaleEdit
INSTRUMENTATION_STATUS_CODE: -2
INSTRUMENTATION_RESULT: stream=

Time: 28.488
There was 1 failure:
1) historicalSetCorrectionPreservesBothSessionsAndRejectsAStaleEdit(com.whip.app.GymLibraryJourneyE2ETest)
java.lang.IllegalArgumentException: Can't scroll to index 100, it is out of bounds [0, 9)
	at androidx.compose.foundation.internal.InlineClassHelperKt.throwIllegalArgumentException(InlineClassHelper.kt:34)
	at androidx.compose.foundation.lazy.layout.LazyLayoutSemanticsModifierNode.updateCachedSemanticsValues$lambda$2(LazyLayoutSemantics.kt:272)
	at androidx.compose.foundation.lazy.layout.LazyLayoutSemanticsModifierNode$$ExternalSyntheticLambda4.invoke(D8$$SyntheticClass:0)
	at androidx.compose.ui.test.ActionsKt.scrollToIndex$lambda$1(Actions.kt:170)
	at androidx.compose.ui.test.ActionsKt$$ExternalSyntheticLambda7.invoke(D8$$SyntheticClass:0)
	at androidx.compose.ui.test.AndroidSynchronization_androidKt.runOnUiThread$lambda$0(AndroidSynchronization.android.kt:39)
	at androidx.compose.ui.test.AndroidSynchronization_androidKt$$ExternalSyntheticLambda0.call(D8$$SyntheticClass:0)
	at java.util.concurrent.FutureTask.run(FutureTask.java:264)
	at java.util.concurrent.Executors$RunnableAdapter.call(Executors.java:487)
	at java.util.concurrent.FutureTask.run(FutureTask.java:264)
	at android.app.Instrumentation$SyncRunnable.run(Instrumentation.java:2420)
	at android.os.Handler.handleCallback(Handler.java:958)
	at android.os.Handler.dispatchMessage(Handler.java:99)
	at android.os.Looper.loopOnce(Looper.java:205)
	at android.os.Looper.loop(Looper.java:294)
	at android.app.ActivityThread.main(ActivityThread.java:8177)
	at java.lang.reflect.Method.invoke(Native Method)
	at com.android.internal.os.RuntimeInit$MethodAndArgsCaller.run(RuntimeInit.java:552)
	at com.android.internal.os.ZygoteInit.main(ZygoteInit.java:971)
	Suppressed: java.util.concurrent.ExecutionException: An Exception occurred on the UI thread during runOnUiThread()
		at androidx.compose.ui.test.AndroidSynchronization_androidKt.runOnUiThread(AndroidSynchronization.android.kt:50)
		at androidx.compose.ui.test.AndroidComposeUiTestEnvironment$AndroidComposeUiTestImpl.runOnUiThread(ComposeUiTest.android.kt:844)
		at androidx.compose.ui.test.AndroidComposeUiTestEnvironment$AndroidTestOwner.runOnUiThread(ComposeUiTest.android.kt:984)
		at androidx.compose.ui.test.ActionsKt.scrollToIndex(Actions.kt:169)
		at androidx.compose.ui.test.ActionsKt.performScrollToIndex(Actions.kt:161)
		at com.whip.app.GymLibraryJourneyE2ETest.historicalSetCorrectionPreservesBothSessionsAndRejectsAStaleEdit(GymLibraryJourneyE2ETest.kt:89)
		at java.lang.reflect.Method.invoke(Native Method)
		at org.junit.runners.model.FrameworkMethod$1.runReflectiveCall(FrameworkMethod.java:59)
		at org.junit.internal.runners.model.ReflectiveCallable.run(ReflectiveCallable.java:12)
		at org.junit.runners.model.FrameworkMethod.invokeExplosively(FrameworkMethod.java:56)
		at org.junit.internal.runners.statements.InvokeMethod.evaluate(InvokeMethod.java:17)
		at androidx.test.internal.runner.junit4.statement.RunAfters.evaluate(RunAfters.java:61)
		at androidx.compose.ui.test.junit4.AndroidComposeTestRule$apply$testWithDisposal$1.evaluate(AndroidComposeTestRule.android.kt:426)
		at androidx.compose.ui.test.junit4.AndroidComposeTestRule$apply$1$evaluate$1.invokeSuspend(AndroidComposeTestRule.android.kt:448)
		at androidx.compose.ui.test.junit4.AndroidComposeTestRule$apply$1$evaluate$1.invoke(Unknown Source:8)
		at androidx.compose.ui.test.junit4.AndroidComposeTestRule$apply$1$evaluate$1.invoke(Unknown Source:4)
		at androidx.compose.ui.test.AndroidComposeUiTestEnvironment$runTest$1$1$1$1$1.invokeSuspend(ComposeUiTest.android.kt:689)
		at androidx.compose.ui.test.AndroidComposeUiTestEnvironment$runTest$1$1$1$1$1.invoke(Unknown Source:8)
		at androidx.compose.ui.test.AndroidComposeUiTestEnvironment$runTest$1$1$1$1$1.invoke(Unknown Source:2)
		at androidx.compose.ui.test.EspressoLink.withStrategy(EspressoLink.android.kt:69)
		at androidx.compose.ui.test.AndroidComposeUiTestEnvironment$runTest$1$1.invokeSuspend(ComposeUiTest.android.kt:686)
		at androidx.compose.ui.test.AndroidComposeUiTestEnvironment$runTest$1$1.invoke(Unknown Source:8)
		at androidx.compose.ui.test.AndroidComposeUiTestEnvironment$runTest$1$1.invoke(Unknown Source:4)
		at kotlinx.coroutines.test.TestBuildersKt__TestBuildersKt$runTest$2$1$1.invokeSuspend(TestBuilders.kt:318)
		at kotlin.coroutines.jvm.internal.BaseContinuationImpl.resumeWith(ContinuationImpl.kt:34)
		at kotlinx.coroutines.DispatchedTask.run(DispatchedTask.kt:101)
		at kotlinx.coroutines.test.TestDispatcher.processEvent$kotlinx_coroutines_test(TestDispatcher.kt:24)
		at kotlinx.coroutines.test.TestCoroutineScheduler.tryRunNextTaskUnless$kotlinx_coroutines_test(TestCoroutineScheduler.kt:99)
		at kotlinx.coroutines.test.TestBuildersKt__TestBuildersKt$runTest$2$1$workRunner$1.invokeSuspend(TestBuilders.kt:327)
		at kotlin.coroutines.jvm.internal.BaseContinuationImpl.resumeWith(ContinuationImpl.kt:34)
		at kotlinx.coroutines.DispatchedTask.run(DispatchedTask.kt:101)
		at kotlinx.coroutines.EventLoopImplBase.processNextEvent(EventLoop.common.kt:263)
		at kotlinx.coroutines.BlockingCoroutine.joinBlocking(Builders.kt:95)
		at kotlinx.coroutines.BuildersKt__BuildersKt.runBlocking(Builders.kt:69)
		at kotlinx.coroutines.BuildersKt.runBlocking(Unknown Source:1)
		at kotlinx.coroutines.BuildersKt__BuildersKt.runBlocking$default(Builders.kt:47)
		at kotlinx.coroutines.BuildersKt.runBlocking$default(Unknown Source:1)
		at kotlinx.coroutines.test.TestBuildersJvmKt.createTestResult(TestBuildersJvm.kt:10)
		at kotlinx.coroutines.test.TestBuildersKt__TestBuildersKt.runTest-8Mi8wO0(TestBuilders.kt:310)
		at kotlinx.coroutines.test.TestBuildersKt.runTest-8Mi8wO0(Unknown Source:1)
		at kotlinx.coroutines.test.TestBuildersKt__TestBuildersKt.runTest-8Mi8wO0(TestBuilders.kt:168)
		at kotlinx.coroutines.test.TestBuildersKt.runTest-8Mi8wO0(Unknown Source:1)
		at androidx.compose.ui.test.AndroidComposeUiTestEnvironment.runTest(ComposeUiTest.android.kt:665)
		at androidx.compose.ui.test.junit4.AndroidComposeTestRule$apply$1.evaluate(AndroidComposeTestRule.android.kt:447)
		at org.junit.runners.ParentRunner$3.evaluate(ParentRunner.java:306)
		at org.junit.runners.BlockJUnit4ClassRunner$1.evaluate(BlockJUnit4ClassRunner.java:100)
		at org.junit.runners.ParentRunner.runLeaf(ParentRunner.java:366)
		at org.junit.runners.BlockJUnit4ClassRunner.runChild(BlockJUnit4ClassRunner.java:103)
		at org.junit.runners.BlockJUnit4ClassRunner.runChild(BlockJUnit4ClassRunner.java:63)
		at org.junit.runners.ParentRunner$4.run(ParentRunner.java:331)
		at org.junit.runners.ParentRunner$1.schedule(ParentRunner.java:79)
		at org.junit.runners.ParentRunner.runChildren(ParentRunner.java:329)
		at org.junit.runners.ParentRunner.access$100(ParentRunner.java:66)
		at org.junit.runners.ParentRunner$2.evaluate(ParentRunner.java:293)
		at org.junit.runners.ParentRunner$3.evaluate(ParentRunner.java:306)
		at org.junit.runners.ParentRunner.run(ParentRunner.java:413)
		at org.junit.runners.Suite.runChild(Suite.java:128)
		at org.junit.runners.Suite.runChild(Suite.java:27)
		at org.junit.runners.ParentRunner$4.run(ParentRunner.java:331)
		at org.junit.runners.ParentRunner$1.schedule(ParentRunner.java:79)
		at org.junit.runners.ParentRunner.runChildren(ParentRunner.java:329)
		at org.junit.runners.ParentRunner.access$100(ParentRunner.java:66)
		at org.junit.runners.ParentRunner$2.evaluate(ParentRunner.java:293)
		at org.junit.runners.ParentRunner$3.evaluate(ParentRunner.java:306)
		at org.junit.runners.ParentRunner.run(ParentRunner.java:413)
		at org.junit.runner.JUnitCore.run(JUnitCore.java:137)
		at org.junit.runner.JUnitCore.run(JUnitCore.java:115)
		at androidx.test.internal.runner.TestExecutor.execute(TestExecutor.java:68)
		at androidx.test.internal.runner.TestExecutor.execute(TestExecutor.java:59)
		at androidx.test.runner.AndroidJUnitRunner.onStart(AndroidJUnitRunner.java:467)
		at android.app.Instrumentation$InstrumentationThread.run(Instrumentation.java:2402)

FAILURES!!!
Tests run: 1,  Failures: 1


INSTRUMENTATION_CODE: -1
