INSTRUMENTATION_STATUS: class=com.whip.app.GymPowerInputUiTest
INSTRUMENTATION_STATUS: current=1
INSTRUMENTATION_STATUS: id=AndroidJUnitRunner
INSTRUMENTATION_STATUS: numtests=1
INSTRUMENTATION_STATUS: stream=
com.whip.app.GymPowerInputUiTest:
INSTRUMENTATION_STATUS: test=setDetailsKeepsMalformedOptionalTextThroughRestoreAndDiscardReview
INSTRUMENTATION_STATUS_CODE: 1
INSTRUMENTATION_STATUS: class=com.whip.app.GymPowerInputUiTest
INSTRUMENTATION_STATUS: current=1
INSTRUMENTATION_STATUS: id=AndroidJUnitRunner
INSTRUMENTATION_STATUS: numtests=1
INSTRUMENTATION_STATUS: stack=java.lang.IllegalStateException: Required value was null.
	at com.whip.app.GymPowerInputUiTest.setDetailsKeepsMalformedOptionalTextThroughRestoreAndDiscardReview(GymPowerInputUiTest.kt:174)

INSTRUMENTATION_STATUS: stream=
Error in setDetailsKeepsMalformedOptionalTextThroughRestoreAndDiscardReview(com.whip.app.GymPowerInputUiTest):
java.lang.IllegalStateException: Required value was null.
	at com.whip.app.GymPowerInputUiTest.setDetailsKeepsMalformedOptionalTextThroughRestoreAndDiscardReview(GymPowerInputUiTest.kt:174)

INSTRUMENTATION_STATUS: test=setDetailsKeepsMalformedOptionalTextThroughRestoreAndDiscardReview
INSTRUMENTATION_STATUS_CODE: -2
INSTRUMENTATION_RESULT: stream=

Time: 15.54
There was 1 failure:
1) setDetailsKeepsMalformedOptionalTextThroughRestoreAndDiscardReview(com.whip.app.GymPowerInputUiTest)
java.lang.IllegalStateException: Required value was null.
	at com.whip.app.GymPowerInputUiTest.setDetailsKeepsMalformedOptionalTextThroughRestoreAndDiscardReview(GymPowerInputUiTest.kt:174)

FAILURES!!!
Tests run: 1,  Failures: 1


INSTRUMENTATION_CODE: -1
