INSTRUMENTATION_STATUS: class=com.whip.app.GymLibraryJourneyE2ETest
INSTRUMENTATION_STATUS: current=1
INSTRUMENTATION_STATUS: id=AndroidJUnitRunner
INSTRUMENTATION_STATUS: numtests=1
INSTRUMENTATION_STATUS: stream=
com.whip.app.GymLibraryJourneyE2ETest:
INSTRUMENTATION_STATUS: test=historicalSetCorrectionPreservesBothSessionsAndRejectsAStaleEdit
INSTRUMENTATION_STATUS_CODE: 1
INSTRUMENTATION_STATUS: class=com.whip.app.GymLibraryJourneyE2ETest
INSTRUMENTATION_STATUS: current=1
INSTRUMENTATION_STATUS: id=AndroidJUnitRunner
INSTRUMENTATION_STATUS: numtests=1
INSTRUMENTATION_STATUS: stack=java.lang.AssertionError: expected:<WorkoutSession(id=1, uuid=6d2205f5-b4da-4a21-b4fb-c678432c06d1, name=Earlier workout, notes=, startedAt=2026-09-29T20:17:13.724Z, endedAt=2026-09-29T20:17:13.858Z, localDate=2026-09-29, zoneId=America/Toronto, state=Finished, keepScreenAwake=false, restTimerDeadlineMillis=null, restTimerDurationSeconds=null, archived=false, createdAtMillis=1790713033725, updatedAtMillis=1790713033858, sourceRoutineId=null, sourceRoutineDayId=null, sourceRoutineProgramKind=Static, sourceRoutinePhaseIndex=null, sourceRoutineCycle=null, sourceRoutineDayPosition=null, sourceRoutineDayProgressionIndex=null, programProgressAdvanced=false, requiredMainWorkInvalidated=false, invalidatedMainExerciseIds=[], sourceRoutinePhaseLabel=, sourceRoutinePhaseRole=Standard, workoutRevision=2, restTimerRevision=1, restTimerCleanupPending=true)> but was:<WorkoutSession(id=1, uuid=6d2205f5-b4da-4a21-b4fb-c678432c06d1, name=Earlier workout, notes=, startedAt=2026-09-29T20:17:13.724Z, endedAt=2026-09-29T20:17:13.858Z, localDate=2026-09-29, zoneId=America/Toronto, state=Finished, keepScreenAwake=false, restTimerDeadlineMillis=null, restTimerDurationSeconds=null, archived=false, createdAtMillis=1790713033725, updatedAtMillis=1790713033858, sourceRoutineId=null, sourceRoutineDayId=null, sourceRoutineProgramKind=Static, sourceRoutinePhaseIndex=null, sourceRoutineCycle=null, sourceRoutineDayPosition=null, sourceRoutineDayProgressionIndex=null, programProgressAdvanced=false, requiredMainWorkInvalidated=false, invalidatedMainExerciseIds=[], sourceRoutinePhaseLabel=, sourceRoutinePhaseRole=Standard, workoutRevision=2, restTimerRevision=1, restTimerCleanupPending=false)>
	at org.junit.Assert.fail(Assert.java:89)
	at org.junit.Assert.failNotEquals(Assert.java:835)
	at org.junit.Assert.assertEquals(Assert.java:120)
	at org.junit.Assert.assertEquals(Assert.java:146)
	at com.whip.app.GymLibraryJourneyE2ETest.historicalSetCorrectionPreservesBothSessionsAndRejectsAStaleEdit(GymLibraryJourneyE2ETest.kt:75)

INSTRUMENTATION_STATUS: stream=
Error in historicalSetCorrectionPreservesBothSessionsAndRejectsAStaleEdit(com.whip.app.GymLibraryJourneyE2ETest):
java.lang.AssertionError: expected:<WorkoutSession(id=1, uuid=6d2205f5-b4da-4a21-b4fb-c678432c06d1, name=Earlier workout, notes=, startedAt=2026-09-29T20:17:13.724Z, endedAt=2026-09-29T20:17:13.858Z, localDate=2026-09-29, zoneId=America/Toronto, state=Finished, keepScreenAwake=false, restTimerDeadlineMillis=null, restTimerDurationSeconds=null, archived=false, createdAtMillis=1790713033725, updatedAtMillis=1790713033858, sourceRoutineId=null, sourceRoutineDayId=null, sourceRoutineProgramKind=Static, sourceRoutinePhaseIndex=null, sourceRoutineCycle=null, sourceRoutineDayPosition=null, sourceRoutineDayProgressionIndex=null, programProgressAdvanced=false, requiredMainWorkInvalidated=false, invalidatedMainExerciseIds=[], sourceRoutinePhaseLabel=, sourceRoutinePhaseRole=Standard, workoutRevision=2, restTimerRevision=1, restTimerCleanupPending=true)> but was:<WorkoutSession(id=1, uuid=6d2205f5-b4da-4a21-b4fb-c678432c06d1, name=Earlier workout, notes=, startedAt=2026-09-29T20:17:13.724Z, endedAt=2026-09-29T20:17:13.858Z, localDate=2026-09-29, zoneId=America/Toronto, state=Finished, keepScreenAwake=false, restTimerDeadlineMillis=null, restTimerDurationSeconds=null, archived=false, createdAtMillis=1790713033725, updatedAtMillis=1790713033858, sourceRoutineId=null, sourceRoutineDayId=null, sourceRoutineProgramKind=Static, sourceRoutinePhaseIndex=null, sourceRoutineCycle=null, sourceRoutineDayPosition=null, sourceRoutineDayProgressionIndex=null, programProgressAdvanced=false, requiredMainWorkInvalidated=false, invalidatedMainExerciseIds=[], sourceRoutinePhaseLabel=, sourceRoutinePhaseRole=Standard, workoutRevision=2, restTimerRevision=1, restTimerCleanupPending=false)>
	at org.junit.Assert.fail(Assert.java:89)
	at org.junit.Assert.failNotEquals(Assert.java:835)
	at org.junit.Assert.assertEquals(Assert.java:120)
	at org.junit.Assert.assertEquals(Assert.java:146)
	at com.whip.app.GymLibraryJourneyE2ETest.historicalSetCorrectionPreservesBothSessionsAndRejectsAStaleEdit(GymLibraryJourneyE2ETest.kt:75)

INSTRUMENTATION_STATUS: test=historicalSetCorrectionPreservesBothSessionsAndRejectsAStaleEdit
INSTRUMENTATION_STATUS_CODE: -2
INSTRUMENTATION_RESULT: stream=

Time: 19.162
There was 1 failure:
1) historicalSetCorrectionPreservesBothSessionsAndRejectsAStaleEdit(com.whip.app.GymLibraryJourneyE2ETest)
java.lang.AssertionError: expected:<WorkoutSession(id=1, uuid=6d2205f5-b4da-4a21-b4fb-c678432c06d1, name=Earlier workout, notes=, startedAt=2026-09-29T20:17:13.724Z, endedAt=2026-09-29T20:17:13.858Z, localDate=2026-09-29, zoneId=America/Toronto, state=Finished, keepScreenAwake=false, restTimerDeadlineMillis=null, restTimerDurationSeconds=null, archived=false, createdAtMillis=1790713033725, updatedAtMillis=1790713033858, sourceRoutineId=null, sourceRoutineDayId=null, sourceRoutineProgramKind=Static, sourceRoutinePhaseIndex=null, sourceRoutineCycle=null, sourceRoutineDayPosition=null, sourceRoutineDayProgressionIndex=null, programProgressAdvanced=false, requiredMainWorkInvalidated=false, invalidatedMainExerciseIds=[], sourceRoutinePhaseLabel=, sourceRoutinePhaseRole=Standard, workoutRevision=2, restTimerRevision=1, restTimerCleanupPending=true)> but was:<WorkoutSession(id=1, uuid=6d2205f5-b4da-4a21-b4fb-c678432c06d1, name=Earlier workout, notes=, startedAt=2026-09-29T20:17:13.724Z, endedAt=2026-09-29T20:17:13.858Z, localDate=2026-09-29, zoneId=America/Toronto, state=Finished, keepScreenAwake=false, restTimerDeadlineMillis=null, restTimerDurationSeconds=null, archived=false, createdAtMillis=1790713033725, updatedAtMillis=1790713033858, sourceRoutineId=null, sourceRoutineDayId=null, sourceRoutineProgramKind=Static, sourceRoutinePhaseIndex=null, sourceRoutineCycle=null, sourceRoutineDayPosition=null, sourceRoutineDayProgressionIndex=null, programProgressAdvanced=false, requiredMainWorkInvalidated=false, invalidatedMainExerciseIds=[], sourceRoutinePhaseLabel=, sourceRoutinePhaseRole=Standard, workoutRevision=2, restTimerRevision=1, restTimerCleanupPending=false)>
	at org.junit.Assert.fail(Assert.java:89)
	at org.junit.Assert.failNotEquals(Assert.java:835)
	at org.junit.Assert.assertEquals(Assert.java:120)
	at org.junit.Assert.assertEquals(Assert.java:146)
	at com.whip.app.GymLibraryJourneyE2ETest.historicalSetCorrectionPreservesBothSessionsAndRejectsAStaleEdit(GymLibraryJourneyE2ETest.kt:75)

FAILURES!!!
Tests run: 1,  Failures: 1


INSTRUMENTATION_CODE: -1
