Running fast affected checks for the personal-phone build...
Route N (no changes) -> profile:docs (no changed repository inputs)
Profile: docs
All JVM tests: false
All Android tests: false
Static checks: false
Frozen candidate required: false
Fast affected-test loop passed. Android compilation, lint, and packaging were deferred to scripts/check --ready.
Building signed release APK and bundle...
Calculating task graph as configuration cache cannot be reused because file 'gradle/libs.versions.toml' has changed.
> Task :app:preBuild UP-TO-DATE
> Task :app:generateReleaseAssets UP-TO-DATE
> Task :app:preReleaseBuild UP-TO-DATE
> Task :app:extractProguardFiles UP-TO-DATE
> Task :app:generateReleaseResValues FROM-CACHE
> Task :app:javaPreCompileRelease FROM-CACHE
> Task :app:generateReleaseBuildConfig
> Task :app:writeReleaseAppMetadata
> Task :app:generateReleaseResources FROM-CACHE
> Task :app:validateSigningRelease
> Task :app:mergeReleaseStartupProfile
> Task :app:writeReleaseSigningConfigVersions
> Task :app:createReleaseCompatibleScreenManifests
> Task :app:mergeReleaseJniLibFolders
> Task :app:processReleaseNavigationResources
> Task :app:extractReleaseVersionControlInfo
> Task :app:mapReleaseSourceSetPaths
> Task :app:extractDeepLinksRelease
> Task :app:mergeReleaseAssets
> Task :app:checkReleaseAarMetadata
> Task :app:compileReleaseNavigationResources FROM-CACHE
> Task :app:compressReleaseAssets FROM-CACHE
> Task :app:mergeReleaseArtProfile
> Task :app:mergeReleaseNativeLibs
> Task :app:parseReleaseIntegrityConfig
> Task :app:checkReleaseDuplicateClasses

> Task :app:stripReleaseDebugSymbols
Unable to strip the following libraries, packaging them as they are: libandroidx.graphics.path.so. Run with --info option to learn more.

> Task :app:collectReleaseDependencies
> Task :app:packageReleaseResources
> Task :app:configureReleaseDependencies
> Task :app:parseReleaseLocalResources FROM-CACHE
> Task :app:generateReleaseRFile FROM-CACHE
> Task :app:sdkReleaseDependencyData
> Task :app:processReleaseMainManifest
> Task :app:extractReleaseNativeSymbolTables
> Task :app:mergeReleaseNativeDebugMetadata NO-SOURCE
> Task :app:processReleaseManifest
> Task :app:processReleaseManifestForPackage
> Task :app:mergeReleaseResources
> Task :app:processReleaseResources
> Task :app:kspReleaseKotlin
> Task :app:compileReleaseKotlin
w: file:///root/repos/whip/app/src/main/java/com/whip/app/ui/TrackEntryDeleteCandidate.kt:9:47 Non-public primary constructor is exposed via the generated 'copy()' method of the 'data' class.

The generated 'copy()' will change its visibility in future releases.

To suppress the warning do one of the following:
- Annotate the data class with the '@ConsistentCopyVisibility' annotation.
- Use the '-Xconsistent-data-class-copy-visibility' compiler flag.
- Annotate the data class with the '@ExposedCopyVisibility' annotation
  (Discouraged, but can be used to keep binary compatibility).

To learn more, see the documentation of the '@ConsistentCopyVisibility' and '@ExposedCopyVisibility' annotations.

This will become an error in language version 2.5. See https://youtrack.jetbrains.com/issue/KT-11914.
w: file:///root/repos/whip/app/src/main/java/com/whip/app/ui/WhipManagementHeader.kt:63:38 Unnecessary safe call on a non-null receiver of type 'WhipManagementAction'.
w: file:///root/repos/whip/app/src/main/java/com/whip/app/widget/WhipWidgetProvider.kt:44:43 'fun notifyAppWidgetViewDataChanged(p0: Int, p1: Int): Unit' is deprecated. Deprecated in Java.
w: file:///root/repos/whip/app/src/main/java/com/whip/app/widget/WhipWidgetProvider.kt:89:59 'fun notifyAppWidgetViewDataChanged(p0: Int, p1: Int): Unit' is deprecated. Deprecated in Java.
w: file:///root/repos/whip/app/src/main/java/com/whip/app/widget/WhipWidgetProvider.kt:105:55 'fun notifyAppWidgetViewDataChanged(p0: Int, p1: Int): Unit' is deprecated. Deprecated in Java.
w: file:///root/repos/whip/app/src/main/java/com/whip/app/widget/WhipWidgetProvider.kt:332:43 'fun notifyAppWidgetViewDataChanged(p0: Int, p1: Int): Unit' is deprecated. Deprecated in Java.
w: file:///root/repos/whip/app/src/main/java/com/whip/app/widget/WhipWidgetProvider.kt:377:59 'fun notifyAppWidgetViewDataChanged(p0: Int, p1: Int): Unit' is deprecated. Deprecated in Java.
w: file:///root/repos/whip/app/src/main/java/com/whip/app/widget/WhipWidgetProvider.kt:393:55 'fun notifyAppWidgetViewDataChanged(p0: Int, p1: Int): Unit' is deprecated. Deprecated in Java.
w: file:///root/repos/whip/app/src/main/java/com/whip/app/widget/WhipWidgetProvider.kt:614:13 'fun setRemoteAdapter(p0: Int, p1: Intent!): Unit' is deprecated. Deprecated in Java.
w: file:///root/repos/whip/app/src/main/java/com/whip/app/widget/WhipWidgetProvider.kt:620:17 'fun notifyAppWidgetViewDataChanged(p0: Int, p1: Int): Unit' is deprecated. Deprecated in Java.
w: file:///root/repos/whip/app/src/main/java/com/whip/app/widget/WhipWidgetProvider.kt:715:13 'fun setRemoteAdapter(p0: Int, p1: Intent!): Unit' is deprecated. Deprecated in Java.
w: file:///root/repos/whip/app/src/main/java/com/whip/app/widget/WhipWidgetProvider.kt:732:17 'fun notifyAppWidgetViewDataChanged(p0: Int, p1: Int): Unit' is deprecated. Deprecated in Java.

> Task :app:processReleaseJavaRes
> Task :app:compileReleaseJavaWithJavac
> Task :app:copyRoomSchemas NO-SOURCE
> Task :app:mergeReleaseGeneratedProguardFiles
> Task :app:generateReleaseLintVitalReportModel
> Task :app:mergeReleaseJavaResource
> Task :app:expandReleaseArtProfileWildcards
> Task :app:produceReleaseComposeMapping
> Task :app:reportReleaseComposeMappingErrors
> Task :app:lintVitalAnalyzeRelease
> Task :app:minifyReleaseWithR8
> Task :app:lintVitalReportRelease
> Task :app:lintVitalRelease
> Task :app:convertShrunkResourcesToBinaryRelease
> Task :app:optimizeReleaseResources
> Task :app:buildReleasePreBundle
> Task :app:mergeReleaseComposeMapping
> Task :app:compileReleaseArtProfile
> Task :app:packageRelease
> Task :app:assembleRelease
> Task :app:createReleaseApkListingFileRedirect
> Task :app:packageReleaseBundle
> Task :app:signReleaseBundle
> Task :app:bundleRelease
> Task :app:produceReleaseBundleIdeListingFile
> Task :app:createReleaseBundleListingFileRedirect

[Incubating] Problems report is available at: file:///root/repos/whip/build/reports/problems/problems-report.html

BUILD SUCCESSFUL in 2m 7s
61 actionable tasks: 53 executed, 7 from cache, 1 up-to-date
Configuration cache entry stored.
Installing signed release on <selected-owner-phone>...
Artifact: commvne.com.whip.app · SHA-256 df309f60a30c1b407d24f286efb2e340669bf015a7c1158cf1af999618886fdb
Performing Streamed Install
Success
Installed package: commvne.com.whip.app
    versionCode=73 minSdk=26 targetSdk=37
    versionName=0.3.67
    lastUpdateTime=2026-09-10 22:59:08
Installed base APK SHA-256: df309f60a30c1b407d24f286efb2e340669bf015a7c1158cf1af999618886fdb
Launching commvne.com.whip.app on <selected-owner-phone>...
Stopping: commvne.com.whip.app
Starting: Intent { cmp=commvne.com.whip.app/com.whip.app.MainActivity }
Status: ok
LaunchState: COLD
Activity: commvne.com.whip.app/com.whip.app.MainActivity
TotalTime: 135
WaitTime: 137
Complete
Foreground:     topResumedActivity=ActivityRecord{229270702 u0 commvne.com.whip.app/com.whip.app.MainActivity t12945}
