INSTRUMENTATION_STATUS: class=com.whip.app.ui.ActivityActionLayoutUiTest
INSTRUMENTATION_STATUS: current=1
INSTRUMENTATION_STATUS: id=AndroidJUnitRunner
INSTRUMENTATION_STATUS: numtests=1
INSTRUMENTATION_STATUS: stream=
com.whip.app.ui.ActivityActionLayoutUiTest:
INSTRUMENTATION_STATUS: test=relatedActivityButtonsShareSizeAndKeepFullLabels
INSTRUMENTATION_STATUS_CODE: 1
INSTRUMENTATION_STATUS: class=com.whip.app.ui.ActivityActionLayoutUiTest
INSTRUMENTATION_STATUS: current=1
INSTRUMENTATION_STATUS: id=AndroidJUnitRunner
INSTRUMENTATION_STATUS: numtests=1
INSTRUMENTATION_STATUS: stack=java.lang.IllegalArgumentException: Enter a per-period consistency target
	at com.whip.app.data.GoalRepositoryKt.requireValid(GoalRepository.kt:545)
	at com.whip.app.data.GoalRepositoryKt.access$requireValid(GoalRepository.kt:1)
	at com.whip.app.data.RoomGoalRepository$create$2.invokeSuspend(GoalRepository.kt:109)
	at com.whip.app.data.RoomGoalRepository$create$2.invoke(Unknown Source:14)
	at com.whip.app.data.RoomGoalRepository$create$2.invoke(Unknown Source:9)
	at androidx.room.RoomDatabaseKt__RoomDatabase_androidKt$withTransaction$2.invokeSuspend(RoomDatabase.android.kt:2044)
	at androidx.room.RoomDatabaseKt__RoomDatabase_androidKt$withTransaction$2.invoke(Unknown Source:12)
	at androidx.room.RoomDatabaseKt__RoomDatabase_androidKt$withTransaction$2.invoke(Unknown Source:7)
	at androidx.room.RoomDatabaseKt__RoomDatabase_androidKt$withTransactionContext$transactionBlock$1.invokeSuspend(RoomDatabase.android.kt:2058)
	at androidx.room.RoomDatabaseKt__RoomDatabase_androidKt$withTransactionContext$transactionBlock$1.invoke(Unknown Source:12)
	at androidx.room.RoomDatabaseKt__RoomDatabase_androidKt$withTransactionContext$transactionBlock$1.invoke(Unknown Source:10)
	at kotlinx.coroutines.intrinsics.UndispatchedKt.startUndispatchedOrReturn(Undispatched.kt:42)
	at kotlinx.coroutines.BuildersKt__Builders_commonKt.withContext(Builders.common.kt:164)
	at kotlinx.coroutines.BuildersKt.withContext(Unknown Source:1)
	at androidx.room.RoomDatabaseKt__RoomDatabase_androidKt$startTransactionCoroutine$2$1$1.invokeSuspend(RoomDatabase.android.kt:2087)
	at kotlin.coroutines.jvm.internal.BaseContinuationImpl.resumeWith(ContinuationImpl.kt:34)
	at kotlinx.coroutines.DispatchedTask.run(DispatchedTask.kt:101)
	at kotlinx.coroutines.EventLoopImplBase.processNextEvent(EventLoop.common.kt:263)
	at kotlinx.coroutines.BlockingCoroutine.joinBlocking(Builders.kt:95)
	at kotlinx.coroutines.BuildersKt__BuildersKt.runBlocking(Builders.kt:69)
	at kotlinx.coroutines.BuildersKt.runBlocking(Unknown Source:1)
	at androidx.room.RoomDatabaseKt__RoomDatabase_androidKt$startTransactionCoroutine$2$1.run(RoomDatabase.android.kt:2084)
	at androidx.room.TransactionExecutor.execute$lambda$1$lambda$0(TransactionExecutor.android.kt:38)
	at androidx.room.TransactionExecutor$$ExternalSyntheticLambda0.run(D8$$SyntheticClass:0)
	at java.util.concurrent.ThreadPoolExecutor.runWorker(ThreadPoolExecutor.java:1145)
	at java.util.concurrent.ThreadPoolExecutor$Worker.run(ThreadPoolExecutor.java:644)
	at java.lang.Thread.run(Thread.java:1012)

INSTRUMENTATION_STATUS: stream=
Error in relatedActivityButtonsShareSizeAndKeepFullLabels(com.whip.app.ui.ActivityActionLayoutUiTest):
java.lang.IllegalArgumentException: Enter a per-period consistency target
	at com.whip.app.data.GoalRepositoryKt.requireValid(GoalRepository.kt:545)
	at com.whip.app.data.GoalRepositoryKt.access$requireValid(GoalRepository.kt:1)
	at com.whip.app.data.RoomGoalRepository$create$2.invokeSuspend(GoalRepository.kt:109)
	at com.whip.app.data.RoomGoalRepository$create$2.invoke(Unknown Source:14)
	at com.whip.app.data.RoomGoalRepository$create$2.invoke(Unknown Source:9)
	at androidx.room.RoomDatabaseKt__RoomDatabase_androidKt$withTransaction$2.invokeSuspend(RoomDatabase.android.kt:2044)
	at androidx.room.RoomDatabaseKt__RoomDatabase_androidKt$withTransaction$2.invoke(Unknown Source:12)
	at androidx.room.RoomDatabaseKt__RoomDatabase_androidKt$withTransaction$2.invoke(Unknown Source:7)
	at androidx.room.RoomDatabaseKt__RoomDatabase_androidKt$withTransactionContext$transactionBlock$1.invokeSuspend(RoomDatabase.android.kt:2058)
	at androidx.room.RoomDatabaseKt__RoomDatabase_androidKt$withTransactionContext$transactionBlock$1.invoke(Unknown Source:12)
	at androidx.room.RoomDatabaseKt__RoomDatabase_androidKt$withTransactionContext$transactionBlock$1.invoke(Unknown Source:10)
	at kotlinx.coroutines.intrinsics.UndispatchedKt.startUndispatchedOrReturn(Undispatched.kt:42)
	at kotlinx.coroutines.BuildersKt__Builders_commonKt.withContext(Builders.common.kt:164)
	at kotlinx.coroutines.BuildersKt.withContext(Unknown Source:1)
	at androidx.room.RoomDatabaseKt__RoomDatabase_androidKt$startTransactionCoroutine$2$1$1.invokeSuspend(RoomDatabase.android.kt:2087)
	at kotlin.coroutines.jvm.internal.BaseContinuationImpl.resumeWith(ContinuationImpl.kt:34)
	at kotlinx.coroutines.DispatchedTask.run(DispatchedTask.kt:101)
	at kotlinx.coroutines.EventLoopImplBase.processNextEvent(EventLoop.common.kt:263)
	at kotlinx.coroutines.BlockingCoroutine.joinBlocking(Builders.kt:95)
	at kotlinx.coroutines.BuildersKt__BuildersKt.runBlocking(Builders.kt:69)
	at kotlinx.coroutines.BuildersKt.runBlocking(Unknown Source:1)
	at androidx.room.RoomDatabaseKt__RoomDatabase_androidKt$startTransactionCoroutine$2$1.run(RoomDatabase.android.kt:2084)
	at androidx.room.TransactionExecutor.execute$lambda$1$lambda$0(TransactionExecutor.android.kt:38)
	at androidx.room.TransactionExecutor$$ExternalSyntheticLambda0.run(D8$$SyntheticClass:0)
	at java.util.concurrent.ThreadPoolExecutor.runWorker(ThreadPoolExecutor.java:1145)
	at java.util.concurrent.ThreadPoolExecutor$Worker.run(ThreadPoolExecutor.java:644)
	at java.lang.Thread.run(Thread.java:1012)

INSTRUMENTATION_STATUS: test=relatedActivityButtonsShareSizeAndKeepFullLabels
INSTRUMENTATION_STATUS_CODE: -2
INSTRUMENTATION_RESULT: stream=

Time: 0.131
There was 1 failure:
1) relatedActivityButtonsShareSizeAndKeepFullLabels(com.whip.app.ui.ActivityActionLayoutUiTest)
java.lang.IllegalArgumentException: Enter a per-period consistency target
	at com.whip.app.data.GoalRepositoryKt.requireValid(GoalRepository.kt:545)
	at com.whip.app.data.GoalRepositoryKt.access$requireValid(GoalRepository.kt:1)
	at com.whip.app.data.RoomGoalRepository$create$2.invokeSuspend(GoalRepository.kt:109)
	at com.whip.app.data.RoomGoalRepository$create$2.invoke(Unknown Source:14)
	at com.whip.app.data.RoomGoalRepository$create$2.invoke(Unknown Source:9)
	at androidx.room.RoomDatabaseKt__RoomDatabase_androidKt$withTransaction$2.invokeSuspend(RoomDatabase.android.kt:2044)
	at androidx.room.RoomDatabaseKt__RoomDatabase_androidKt$withTransaction$2.invoke(Unknown Source:12)
	at androidx.room.RoomDatabaseKt__RoomDatabase_androidKt$withTransaction$2.invoke(Unknown Source:7)
	at androidx.room.RoomDatabaseKt__RoomDatabase_androidKt$withTransactionContext$transactionBlock$1.invokeSuspend(RoomDatabase.android.kt:2058)
	at androidx.room.RoomDatabaseKt__RoomDatabase_androidKt$withTransactionContext$transactionBlock$1.invoke(Unknown Source:12)
	at androidx.room.RoomDatabaseKt__RoomDatabase_androidKt$withTransactionContext$transactionBlock$1.invoke(Unknown Source:10)
	at kotlinx.coroutines.intrinsics.UndispatchedKt.startUndispatchedOrReturn(Undispatched.kt:42)
	at kotlinx.coroutines.BuildersKt__Builders_commonKt.withContext(Builders.common.kt:164)
	at kotlinx.coroutines.BuildersKt.withContext(Unknown Source:1)
	at androidx.room.RoomDatabaseKt__RoomDatabase_androidKt$startTransactionCoroutine$2$1$1.invokeSuspend(RoomDatabase.android.kt:2087)
	at kotlin.coroutines.jvm.internal.BaseContinuationImpl.resumeWith(ContinuationImpl.kt:34)
	at kotlinx.coroutines.DispatchedTask.run(DispatchedTask.kt:101)
	at kotlinx.coroutines.EventLoopImplBase.processNextEvent(EventLoop.common.kt:263)
	at kotlinx.coroutines.BlockingCoroutine.joinBlocking(Builders.kt:95)
	at kotlinx.coroutines.BuildersKt__BuildersKt.runBlocking(Builders.kt:69)
	at kotlinx.coroutines.BuildersKt.runBlocking(Unknown Source:1)
	at androidx.room.RoomDatabaseKt__RoomDatabase_androidKt$startTransactionCoroutine$2$1.run(RoomDatabase.android.kt:2084)
	at androidx.room.TransactionExecutor.execute$lambda$1$lambda$0(TransactionExecutor.android.kt:38)
	at androidx.room.TransactionExecutor$$ExternalSyntheticLambda0.run(D8$$SyntheticClass:0)
	at java.util.concurrent.ThreadPoolExecutor.runWorker(ThreadPoolExecutor.java:1145)
	at java.util.concurrent.ThreadPoolExecutor$Worker.run(ThreadPoolExecutor.java:644)
	at java.lang.Thread.run(Thread.java:1012)

FAILURES!!!
Tests run: 1,  Failures: 1


INSTRUMENTATION_CODE: -1
