Reusing configuration cache.
> Task :app:preBuild UP-TO-DATE
> Task :app:generateDebugAndroidTestAssets UP-TO-DATE
> Task :app:generateDebugAssets UP-TO-DATE
> Task :app:preDebugBuild UP-TO-DATE
> Task :app:copyRoomSchemasToAndroidTestAssetsDebugAndroidTest UP-TO-DATE
> Task :app:generateDebugBuildConfig UP-TO-DATE
> Task :app:generateDebugResValues UP-TO-DATE
> Task :app:javaPreCompileDebug UP-TO-DATE
> Task :app:preDebugAndroidTestBuild SKIPPED
> Task :app:generateDebugGlobalSynthetics UP-TO-DATE
> Task :app:generateDebugJacocoPropertiesFile UP-TO-DATE
> Task :app:writeDebugAppMetadata UP-TO-DATE
> Task :app:mergeDebugJniLibFolders UP-TO-DATE
> Task :app:desugarDebugFileDependencies UP-TO-DATE
> Task :app:mergeDebugNativeDebugMetadata NO-SOURCE
> Task :app:javaPreCompileDebugAndroidTest UP-TO-DATE
> Task :app:generateDebugAndroidTestResValues UP-TO-DATE
> Task :app:processDebugAndroidTestNavigationResources UP-TO-DATE
> Task :app:createDebugCompatibleScreenManifests UP-TO-DATE
> Task :app:writeDebugSigningConfigVersions UP-TO-DATE
> Task :app:mapDebugSourceSetPaths UP-TO-DATE
> Task :app:validateSigningDebug UP-TO-DATE
> Task :app:generateDebugResources UP-TO-DATE
> Task :app:extractDeepLinksDebug UP-TO-DATE
> Task :app:generateDebugAndroidTestResources UP-TO-DATE
> Task :app:mapDebugAndroidTestSourceSetPaths UP-TO-DATE
> Task :app:mergeDebugAndroidTestJniLibFolders UP-TO-DATE
> Task :app:generateDebugAndroidTestGlobalSynthetics UP-TO-DATE
> Task :app:writeDebugAndroidTestSigningConfigVersions UP-TO-DATE
> Task :app:validateSigningDebugAndroidTest UP-TO-DATE
> Task :app:desugarDebugAndroidTestFileDependencies UP-TO-DATE
> Task :app:compileDebugAndroidTestNavigationResources UP-TO-DATE
> Task :app:packageDebugResources UP-TO-DATE
> Task :app:packageDebugAndroidTestResources UP-TO-DATE
> Task :app:parseDebugAndroidTestLocalResources UP-TO-DATE
> Task :app:checkDebugDuplicateClasses UP-TO-DATE
> Task :app:generateDebugAndroidTestRFile UP-TO-DATE
> Task :app:mergeLibDexDebug UP-TO-DATE
> Task :app:checkDebugAndroidTestDuplicateClasses UP-TO-DATE
> Task :app:mergeDebugAndroidTestAssets UP-TO-DATE
> Task :app:processDebugNavigationResources UP-TO-DATE
> Task :app:mergeDebugAssets UP-TO-DATE
> Task :app:mergeDebugNativeLibs UP-TO-DATE
> Task :app:mergeDebugAndroidTestResources UP-TO-DATE
> Task :app:compressDebugAndroidTestAssets UP-TO-DATE
> Task :app:checkDebugAarMetadata UP-TO-DATE
> Task :app:checkDebugAndroidTestAarMetadata UP-TO-DATE
> Task :app:stripDebugDebugSymbols UP-TO-DATE
> Task :app:mergeDebugResources UP-TO-DATE
> Task :app:compressDebugAssets UP-TO-DATE
> Task :app:mergeLibDexDebugAndroidTest UP-TO-DATE
> Task :app:compileDebugNavigationResources UP-TO-DATE
> Task :app:parseDebugLocalResources UP-TO-DATE
> Task :app:processDebugMainManifest UP-TO-DATE
> Task :app:mergeDebugAndroidTestManifest UP-TO-DATE
> Task :app:processDebugManifest UP-TO-DATE
> Task :app:mergeDebugAndroidTestNativeLibs NO-SOURCE
> Task :app:generateDebugRFile UP-TO-DATE
> Task :app:stripDebugAndroidTestDebugSymbols NO-SOURCE
> Task :app:processDebugAndroidTestManifest UP-TO-DATE
> Task :app:mergeExtDexDebugAndroidTest UP-TO-DATE
> Task :app:processDebugManifestForPackage UP-TO-DATE
> Task :app:mergeExtDexDebug UP-TO-DATE
> Task :app:generateDebugAndroidTestBuildConfig UP-TO-DATE
> Task :app:processDebugAndroidTestResources UP-TO-DATE
> Task :app:processDebugResources UP-TO-DATE
> Task :app:kspDebugKotlin FROM-CACHE
> Task :app:compileDebugKotlin
w: file:///root/repos/whip/app/src/main/java/com/whip/app/ui/GoalScreens.kt:1592:54 Unnecessary safe call on a non-null receiver of type 'GoalProjection'.
w: file:///root/repos/whip/app/src/main/java/com/whip/app/ui/RoutineBuilder.kt:3174:77 Unnecessary safe call on a non-null receiver of type 'Exercise'.
w: file:///root/repos/whip/app/src/main/java/com/whip/app/ui/RoutineBuilder.kt:3177:29 Unnecessary safe call on a non-null receiver of type 'Exercise'.
w: file:///root/repos/whip/app/src/main/java/com/whip/app/ui/RoutineBuilder.kt:3178:89 Unnecessary safe call on a non-null receiver of type 'Exercise'.
w: file:///root/repos/whip/app/src/main/java/com/whip/app/ui/RoutineBuilder.kt:3209:45 Unnecessary safe call on a non-null receiver of type 'Exercise'.
w: file:///root/repos/whip/app/src/main/java/com/whip/app/ui/RoutineBuilder.kt:3210:124 Unnecessary safe call on a non-null receiver of type 'Exercise'.
w: file:///root/repos/whip/app/src/main/java/com/whip/app/ui/RoutineBuilder.kt:3211:119 Unnecessary safe call on a non-null receiver of type 'Exercise'.
w: file:///root/repos/whip/app/src/main/java/com/whip/app/ui/TrackEntryDeleteCandidate.kt:9:47 Non-public primary constructor is exposed via the generated 'copy()' method of the 'data' class.

The generated 'copy()' will change its visibility in future releases.

To suppress the warning do one of the following:
- Annotate the data class with the '@ConsistentCopyVisibility' annotation.
- Use the '-Xconsistent-data-class-copy-visibility' compiler flag.
- Annotate the data class with the '@ExposedCopyVisibility' annotation
  (Discouraged, but can be used to keep binary compatibility).

To learn more, see the documentation of the '@ConsistentCopyVisibility' and '@ExposedCopyVisibility' annotations.

This will become an error in language version 2.5. See https://youtrack.jetbrains.com/issue/KT-11914.
w: file:///root/repos/whip/app/src/main/java/com/whip/app/ui/WhipManagementHeader.kt:63:38 Unnecessary safe call on a non-null receiver of type 'WhipManagementAction'.
w: file:///root/repos/whip/app/src/main/java/com/whip/app/widget/WhipWidgetProvider.kt:54:31 'fun notifyAppWidgetViewDataChanged(p0: Int, p1: Int): Unit' is deprecated. Deprecated in Java.
w: file:///root/repos/whip/app/src/main/java/com/whip/app/widget/WhipWidgetProvider.kt:103:55 'fun notifyAppWidgetViewDataChanged(p0: Int, p1: Int): Unit' is deprecated. Deprecated in Java.
w: file:///root/repos/whip/app/src/main/java/com/whip/app/widget/WhipWidgetProvider.kt:116:55 'fun notifyAppWidgetViewDataChanged(p0: Int, p1: Int): Unit' is deprecated. Deprecated in Java.
w: file:///root/repos/whip/app/src/main/java/com/whip/app/widget/WhipWidgetProvider.kt:361:55 'fun notifyAppWidgetViewDataChanged(p0: Int, p1: Int): Unit' is deprecated. Deprecated in Java.
w: file:///root/repos/whip/app/src/main/java/com/whip/app/widget/WhipWidgetProvider.kt:374:55 'fun notifyAppWidgetViewDataChanged(p0: Int, p1: Int): Unit' is deprecated. Deprecated in Java.
w: file:///root/repos/whip/app/src/main/java/com/whip/app/widget/WhipWidgetProvider.kt:582:13 'fun setRemoteAdapter(p0: Int, p1: Intent!): Unit' is deprecated. Deprecated in Java.
w: file:///root/repos/whip/app/src/main/java/com/whip/app/widget/WhipWidgetProvider.kt:588:17 'fun notifyAppWidgetViewDataChanged(p0: Int, p1: Int): Unit' is deprecated. Deprecated in Java.
w: file:///root/repos/whip/app/src/main/java/com/whip/app/widget/WhipWidgetProvider.kt:682:13 'fun setRemoteAdapter(p0: Int, p1: Intent!): Unit' is deprecated. Deprecated in Java.
w: file:///root/repos/whip/app/src/main/java/com/whip/app/widget/WhipWidgetProvider.kt:699:17 'fun notifyAppWidgetViewDataChanged(p0: Int, p1: Int): Unit' is deprecated. Deprecated in Java.

> Task :app:processDebugJavaRes
> Task :app:mergeDebugJavaResource
> Task :app:compileDebugJavaWithJavac UP-TO-DATE
> Task :app:bundleDebugClassesToCompileJar
> Task :app:kspDebugAndroidTestKotlin SKIPPED
> Task :app:jacocoDebug
