Route M app/src/androidTest/java/com/whip/app/AdaptiveWhipScreenTest.kt -> android:com.whip.app.AdaptiveWhipScreenTest (exact Android test class)
Route M app/src/androidTest/java/com/whip/app/ui/InteractionControlUiTest.kt -> android:com.whip.app.ui.InteractionControlUiTest (exact Android test class)
Route M app/src/main/java/com/whip/app/ui/GoalScreens.kt -> profile:goals (feature-owned production path)
Route M app/src/main/java/com/whip/app/ui/HabitScreens.kt -> profile:habits (feature-owned production path)
Route M app/src/main/java/com/whip/app/ui/TrackScreens.kt -> profile:tracks (feature-owned production path)
Route M app/src/main/java/com/whip/app/ui/WhipApp.kt -> profile:all (shared UI/core production path)
Route M app/src/main/java/com/whip/app/ui/WhipPagePatterns.kt -> candidate:required (unknown production path)
Route M app/src/test/java/com/whip/app/ui/UiDesignArchitectureTest.kt -> jvm:com.whip.app.ui.UiDesignArchitectureTest (exact JVM test class)
Route M docs/architecture.md -> profile:docs (documentation-only path)
Route M docs/product-memory/DECISIONS.md -> profile:docs (documentation-only path)
Route M docs/product-memory/FINDINGS.md -> profile:docs (documentation-only path)
Route M docs/product-memory/USER_FEEDBACK.md -> profile:docs (documentation-only path)
Profile: all
Profile: docs
Profile: goals
Profile: habits
Profile: tracks
JVM selector: com.whip.app.ui.UiDesignArchitectureTest
Android selector: com.whip.app.AdaptiveWhipScreenTest
Android selector: com.whip.app.ui.InteractionControlUiTest
All JVM tests: false
All Android tests: false
Static checks: true
Frozen candidate required: true
Starting a Gradle Daemon, 1 busy and 1 stopped Daemons could not be reused, use --status for details
Reusing configuration cache.
> Task :app:preBuild UP-TO-DATE
> Task :app:preDebugUnitTestBuild UP-TO-DATE
> Task :app:preDebugBuild UP-TO-DATE
> Task :app:generateDebugBuildConfig UP-TO-DATE
> Task :app:javaPreCompileDebug UP-TO-DATE
> Task :app:generateDebugResValues UP-TO-DATE
> Task :app:createDebugCompatibleScreenManifests UP-TO-DATE
> Task :app:generateDebugJacocoPropertiesFile UP-TO-DATE
> Task :app:javaPreCompileDebugUnitTest UP-TO-DATE
> Task :app:extractDeepLinksDebug UP-TO-DATE
> Task :app:generateDebugResources UP-TO-DATE
> Task :app:mapDebugSourceSetPaths UP-TO-DATE
> Task :app:packageDebugResources UP-TO-DATE
> Task :app:processDebugNavigationResources UP-TO-DATE
> Task :app:checkDebugAarMetadata UP-TO-DATE
> Task :app:compileDebugNavigationResources UP-TO-DATE
> Task :app:mergeDebugResources UP-TO-DATE
> Task :app:parseDebugLocalResources UP-TO-DATE
> Task :app:processDebugMainManifest UP-TO-DATE
> Task :app:generateDebugRFile UP-TO-DATE
> Task :app:processDebugManifest UP-TO-DATE
> Task :app:processDebugManifestForPackage UP-TO-DATE
> Task :app:kspDebugKotlin UP-TO-DATE
> Task :app:processDebugResources UP-TO-DATE
> Task :app:compileDebugKotlin UP-TO-DATE
> Task :app:processDebugJavaRes UP-TO-DATE
> Task :app:compileDebugJavaWithJavac UP-TO-DATE
> Task :app:bundleDebugClassesToRuntimeJar UP-TO-DATE
> Task :app:bundleDebugClassesToCompileJar UP-TO-DATE
> Task :app:kspDebugUnitTestKotlin SKIPPED
> Task :app:compileDebugUnitTestKotlin UP-TO-DATE
> Task :app:compileDebugUnitTestJavaWithJavac NO-SOURCE
> Task :app:processDebugUnitTestJavaRes UP-TO-DATE
> Task :app:copyRoomSchemas NO-SOURCE
> Task :app:testDebugUnitTest UP-TO-DATE

BUILD SUCCESSFUL in 4s
29 actionable tasks: 29 up-to-date
Configuration cache entry reused.
Targeted JVM checks passed; Android-test compilation was intentionally deferred.
Play Store assets verified: 512x512 icon, 1024x500 feature graphic, and 5 phone screenshots
Reusing configuration cache.
> Task :app:preBuild UP-TO-DATE
> Task :app:generateDebugAssets UP-TO-DATE
> Task :app:preDebugBuild UP-TO-DATE
> Task :app:preDebugAndroidTestBuild SKIPPED
> Task :app:preDebugUnitTestBuild UP-TO-DATE
> Task :app:createDebugCompatibleScreenManifests UP-TO-DATE
> Task :app:javaPreCompileDebug UP-TO-DATE
> Task :app:extractProguardFiles UP-TO-DATE
> Task :app:generateDebugGlobalSynthetics UP-TO-DATE
> Task :app:desugarDebugFileDependencies UP-TO-DATE
> Task :app:validateSigningDebug UP-TO-DATE
> Task :app:generateDebugAndroidTestResValues UP-TO-DATE
> Task :app:generateDebugBuildConfig UP-TO-DATE
> Task :app:generateDebugResValues UP-TO-DATE
> Task :app:mergeDebugJniLibFolders UP-TO-DATE
> Task :app:processDebugAndroidTestNavigationResources UP-TO-DATE
> Task :app:writeDebugAppMetadata UP-TO-DATE
> Task :app:generateDebugJacocoPropertiesFile UP-TO-DATE
> Task :app:writeDebugSigningConfigVersions UP-TO-DATE
> Task :app:mergeDebugNativeDebugMetadata NO-SOURCE
> Task :app:generateDebugAndroidTestResources UP-TO-DATE
> Task :app:extractDeepLinksDebug UP-TO-DATE
> Task :app:mapDebugSourceSetPaths UP-TO-DATE
> Task :app:generateDebugResources UP-TO-DATE
> Task :app:packageDebugAndroidTestResources UP-TO-DATE
> Task :app:parseDebugAndroidTestLocalResources UP-TO-DATE
> Task :app:packageDebugResources UP-TO-DATE
> Task :app:generateDebugAndroidTestRFile UP-TO-DATE
> Task :app:checkDebugDuplicateClasses UP-TO-DATE
> Task :app:mergeLibDexDebug UP-TO-DATE
> Task :app:processDebugNavigationResources UP-TO-DATE
> Task :app:mergeDebugAssets UP-TO-DATE
> Task :app:checkDebugAarMetadata UP-TO-DATE
> Task :app:mergeDebugNativeLibs UP-TO-DATE
> Task :app:mergeDebugResources UP-TO-DATE
> Task :app:mergeDebugAndroidTestManifest UP-TO-DATE
> Task :app:compileDebugNavigationResources UP-TO-DATE
> Task :app:parseDebugLocalResources UP-TO-DATE
> Task :app:stripDebugDebugSymbols UP-TO-DATE
> Task :app:processDebugMainManifest UP-TO-DATE
> Task :app:processDebugAndroidTestManifest UP-TO-DATE
> Task :app:processDebugManifest UP-TO-DATE
> Task :app:generateDebugAndroidTestBuildConfig UP-TO-DATE
> Task :app:processDebugManifestForPackage UP-TO-DATE
> Task :app:generateDebugRFile UP-TO-DATE
> Task :app:compressDebugAssets UP-TO-DATE
> Task :app:mergeExtDexDebug UP-TO-DATE
> Task :app:kspDebugKotlin UP-TO-DATE
> Task :app:processDebugResources UP-TO-DATE
> Task :app:compileDebugKotlin UP-TO-DATE
> Task :app:processDebugJavaRes UP-TO-DATE
> Task :app:compileDebugJavaWithJavac UP-TO-DATE
> Task :app:mergeDebugJavaResource UP-TO-DATE
> Task :app:jacocoDebug UP-TO-DATE
> Task :app:bundleDebugClassesToCompileJar UP-TO-DATE
> Task :app:kspDebugAndroidTestKotlin SKIPPED
> Task :app:copyRoomSchemas NO-SOURCE
> Task :app:dexBuilderDebug UP-TO-DATE
> Task :app:generateDebugLintReportModel UP-TO-DATE
> Task :app:lintAnalyzeDebug UP-TO-DATE
> Task :app:mergeProjectDexDebug UP-TO-DATE
> Task :app:packageDebug UP-TO-DATE
> Task :app:assembleDebug UP-TO-DATE
> Task :app:createDebugApkListingFileRedirect UP-TO-DATE
> Task :app:compileDebugAndroidTestKotlin UP-TO-DATE
> Task :app:generateDebugUnitTestLintModel UP-TO-DATE
> Task :app:lintAnalyzeDebugUnitTest UP-TO-DATE
> Task :app:generateDebugAndroidTestLintModel
> Task :app:lintAnalyzeDebugAndroidTest
> Task :app:lintReportDebug UP-TO-DATE
> Task :app:lintDebug

BUILD SUCCESSFUL in 50s
62 actionable tasks: 3 executed, 59 up-to-date
Configuration cache entry reused.
Affected-change readiness gate passed. Frozen-candidate evidence was not created.
Play Store note: qualify these inputs with a fresh scripts/candidate run only when preparing a store release.
