app/src/androidTest/java/com/whip/app/DataPrivacyJourneyE2ETest.kt: OK
app/src/androidTest/java/com/whip/app/GymLibraryJourneyE2ETest.kt: OK
app/src/androidTest/java/com/whip/app/GymPowerInputUiTest.kt: OK
app/src/androidTest/java/com/whip/app/ProductivityExperienceJourneyTest.kt: OK
app/src/androidTest/java/com/whip/app/SettingsBehaviorUiTest.kt: OK
app/src/androidTest/java/com/whip/app/TaskDayPlannerUiTest.kt: OK
app/src/androidTest/java/com/whip/app/ui/SettingsResponsiveUiTest.kt: OK
app/src/androidTest/java/com/whip/app/ui/UnifiedSearchAdaptiveUiTest.kt: OK
app/src/main/java/com/whip/app/ui/GoalScreens.kt: OK
app/src/main/java/com/whip/app/ui/GoalViewModel.kt: OK
app/src/main/java/com/whip/app/ui/GymScreens.kt: OK
app/src/main/java/com/whip/app/ui/GymViewModel.kt: OK
app/src/main/java/com/whip/app/ui/HabitScreens.kt: OK
app/src/main/java/com/whip/app/ui/HabitViewModel.kt: OK
app/src/main/java/com/whip/app/ui/HomeTodayHeader.kt: OK
app/src/main/java/com/whip/app/ui/ProductivityEditorComponents.kt: OK
app/src/main/java/com/whip/app/ui/SettingsScreens.kt: OK
app/src/main/java/com/whip/app/ui/TaskDayPlanDialog.kt: OK
app/src/main/java/com/whip/app/ui/TaskWorkspacePolicy.kt: OK
app/src/main/java/com/whip/app/ui/TrackAuthoringExperience.kt: OK
app/src/main/java/com/whip/app/ui/TrackScreens.kt: OK
app/src/main/java/com/whip/app/ui/UnifiedSearchDialog.kt: OK
app/src/main/java/com/whip/app/ui/WhipApp.kt: OK
app/src/main/java/com/whip/app/ui/WhipSearchQuery.kt: OK
app/src/test/java/com/whip/app/ui/GymUxRulesTest.kt: OK
app/src/test/java/com/whip/app/ui/HabitPresentationTest.kt: OK
app/src/test/java/com/whip/app/ui/ProductivityExperienceTest.kt: OK
app/src/test/java/com/whip/app/ui/TaskWorkspacePolicyTest.kt: OK
app/src/test/java/com/whip/app/ui/UnifiedSearchRulesTest.kt: OK
