INSTRUMENTATION_STATUS: numtests=2
INSTRUMENTATION_STATUS: stream=
com.whip.app.TrackCsvJourneyE2ETest:
INSTRUMENTATION_STATUS: id=AndroidJUnitRunner
INSTRUMENTATION_STATUS: test=csvValuesCanBeReviewedRemappedRecoveredAndImported
INSTRUMENTATION_STATUS: class=com.whip.app.TrackCsvJourneyE2ETest
INSTRUMENTATION_STATUS: current=1
INSTRUMENTATION_STATUS_CODE: 1
INSTRUMENTATION_STATUS: numtests=2
INSTRUMENTATION_STATUS: stream=.
INSTRUMENTATION_STATUS: id=AndroidJUnitRunner
INSTRUMENTATION_STATUS: test=csvValuesCanBeReviewedRemappedRecoveredAndImported
INSTRUMENTATION_STATUS: class=com.whip.app.TrackCsvJourneyE2ETest
INSTRUMENTATION_STATUS: current=1
INSTRUMENTATION_STATUS_CODE: 0
INSTRUMENTATION_STATUS: numtests=2
INSTRUMENTATION_STATUS: stream=
INSTRUMENTATION_STATUS: id=AndroidJUnitRunner
INSTRUMENTATION_STATUS: test=csvValuesCanBeReviewedRemappedRecoveredAndImportedAtLargeText
INSTRUMENTATION_STATUS: class=com.whip.app.TrackCsvJourneyE2ETest
INSTRUMENTATION_STATUS: current=2
INSTRUMENTATION_STATUS_CODE: 1
INSTRUMENTATION_STATUS: numtests=2
INSTRUMENTATION_STATUS: stream=.
INSTRUMENTATION_STATUS: id=AndroidJUnitRunner
INSTRUMENTATION_STATUS: test=csvValuesCanBeReviewedRemappedRecoveredAndImportedAtLargeText
INSTRUMENTATION_STATUS: class=com.whip.app.TrackCsvJourneyE2ETest
INSTRUMENTATION_STATUS: current=2
INSTRUMENTATION_STATUS_CODE: 0
INSTRUMENTATION_RESULT: stream=

Time: 44.936

OK (2 tests)


INSTRUMENTATION_CODE: -1
