INSTRUMENTATION_STATUS: numtests=2
INSTRUMENTATION_STATUS: stream=
com.whip.app.TrackCsvJourneyE2ETest:
INSTRUMENTATION_STATUS: id=AndroidJUnitRunner
INSTRUMENTATION_STATUS: test=csvValuesCanBeReviewedRemappedRecoveredAndImported
INSTRUMENTATION_STATUS: class=com.whip.app.TrackCsvJourneyE2ETest
INSTRUMENTATION_STATUS: current=1
INSTRUMENTATION_STATUS_CODE: 1
INSTRUMENTATION_STATUS: numtests=2
INSTRUMENTATION_STATUS: stream=.
INSTRUMENTATION_STATUS: id=AndroidJUnitRunner
INSTRUMENTATION_STATUS: test=csvValuesCanBeReviewedRemappedRecoveredAndImported
INSTRUMENTATION_STATUS: class=com.whip.app.TrackCsvJourneyE2ETest
INSTRUMENTATION_STATUS: current=1
INSTRUMENTATION_STATUS_CODE: 0
INSTRUMENTATION_STATUS: numtests=2
INSTRUMENTATION_STATUS: stream=
INSTRUMENTATION_STATUS: id=AndroidJUnitRunner
INSTRUMENTATION_STATUS: test=csvValuesCanBeReviewedRemappedRecoveredAndImportedAtLargeText
INSTRUMENTATION_STATUS: class=com.whip.app.TrackCsvJourneyE2ETest
INSTRUMENTATION_STATUS: current=2
INSTRUMENTATION_STATUS_CODE: 1
INSTRUMENTATION_STATUS: numtests=2
INSTRUMENTATION_STATUS: stream=
Error in csvValuesCanBeReviewedRemappedRecoveredAndImportedAtLargeText(com.whip.app.TrackCsvJourneyE2ETest):
androidx.compose.ui.test.ComposeTimeoutException: Condition still not satisfied after 15000 ms
	at androidx.compose.ui.test.AndroidComposeUiTestEnvironment$AndroidComposeUiTestImpl.waitUntil(ComposeUiTest.android.kt:901)
	at androidx.compose.ui.test.junit4.AndroidComposeTestRule.waitUntil(AndroidComposeTestRule.android.kt:500)
	at com.whip.app.TrackCsvJourneyE2ETest.verifyJourney(TrackCsvJourneyE2ETest.kt:121)
	at com.whip.app.TrackCsvJourneyE2ETest.csvValuesCanBeReviewedRemappedRecoveredAndImportedAtLargeText(TrackCsvJourneyE2ETest.kt:48)

INSTRUMENTATION_STATUS: id=AndroidJUnitRunner
INSTRUMENTATION_STATUS: test=csvValuesCanBeReviewedRemappedRecoveredAndImportedAtLargeText
INSTRUMENTATION_STATUS: class=com.whip.app.TrackCsvJourneyE2ETest
INSTRUMENTATION_STATUS: stack=androidx.compose.ui.test.ComposeTimeoutException: Condition still not satisfied after 15000 ms
	at androidx.compose.ui.test.AndroidComposeUiTestEnvironment$AndroidComposeUiTestImpl.waitUntil(ComposeUiTest.android.kt:901)
	at androidx.compose.ui.test.junit4.AndroidComposeTestRule.waitUntil(AndroidComposeTestRule.android.kt:500)
	at com.whip.app.TrackCsvJourneyE2ETest.verifyJourney(TrackCsvJourneyE2ETest.kt:121)
	at com.whip.app.TrackCsvJourneyE2ETest.csvValuesCanBeReviewedRemappedRecoveredAndImportedAtLargeText(TrackCsvJourneyE2ETest.kt:48)

INSTRUMENTATION_STATUS: current=2
INSTRUMENTATION_STATUS_CODE: -2
INSTRUMENTATION_RESULT: stream=

Time: 47.369
There was 1 failure:
1) csvValuesCanBeReviewedRemappedRecoveredAndImportedAtLargeText(com.whip.app.TrackCsvJourneyE2ETest)
androidx.compose.ui.test.ComposeTimeoutException: Condition still not satisfied after 15000 ms
	at androidx.compose.ui.test.AndroidComposeUiTestEnvironment$AndroidComposeUiTestImpl.waitUntil(ComposeUiTest.android.kt:901)
	at androidx.compose.ui.test.junit4.AndroidComposeTestRule.waitUntil(AndroidComposeTestRule.android.kt:500)
	at com.whip.app.TrackCsvJourneyE2ETest.verifyJourney(TrackCsvJourneyE2ETest.kt:121)
	at com.whip.app.TrackCsvJourneyE2ETest.csvValuesCanBeReviewedRemappedRecoveredAndImportedAtLargeText(TrackCsvJourneyE2ETest.kt:48)

FAILURES!!!
Tests run: 2,  Failures: 1


INSTRUMENTATION_CODE: -1
