Route A app/src/androidTest/java/com/whip/app/TrackCsvJourneyE2ETest.kt -> android:com.whip.app.TrackCsvJourneyE2ETest (exact Android test class)
Route A app/src/main/java/com/whip/app/ui/TrackCsvEntryPreview.kt -> profile:tracks (feature-owned production path)
Route A artifacts/astra-audit/2026-09-09/csv-entry-preview/api26/capture-files.json -> candidate:required (unclassified repository path)
Route A artifacts/astra-audit/2026-09-09/csv-entry-preview/api26/tracks.csv-review.complete.large.png -> candidate:required (unclassified repository path)
Route A artifacts/astra-audit/2026-09-09/csv-entry-preview/api26/tracks.csv-review.complete.large.xml -> candidate:required (unclassified repository path)
Route A artifacts/astra-audit/2026-09-09/csv-entry-preview/api26/tracks.csv-review.complete.ordinary.png -> candidate:required (unclassified repository path)
Route A artifacts/astra-audit/2026-09-09/csv-entry-preview/api26/tracks.csv-review.complete.ordinary.xml -> candidate:required (unclassified repository path)
Route A artifacts/astra-audit/2026-09-09/csv-entry-preview/api26/tracks.csv-review.ready.large.png -> candidate:required (unclassified repository path)
Route A artifacts/astra-audit/2026-09-09/csv-entry-preview/api26/tracks.csv-review.ready.large.xml -> candidate:required (unclassified repository path)
Route A artifacts/astra-audit/2026-09-09/csv-entry-preview/api26/tracks.csv-review.ready.ordinary.png -> candidate:required (unclassified repository path)
Route A artifacts/astra-audit/2026-09-09/csv-entry-preview/api26/tracks.csv-review.ready.ordinary.xml -> candidate:required (unclassified repository path)
Route A artifacts/astra-audit/2026-09-09/csv-entry-preview/api26/tracks.csv-review.remapped.large.png -> candidate:required (unclassified repository path)
Route A artifacts/astra-audit/2026-09-09/csv-entry-preview/api26/tracks.csv-review.remapped.large.xml -> candidate:required (unclassified repository path)
Route A artifacts/astra-audit/2026-09-09/csv-entry-preview/api26/tracks.csv-review.remapped.ordinary.png -> candidate:required (unclassified repository path)
Route A artifacts/astra-audit/2026-09-09/csv-entry-preview/api26/tracks.csv-review.remapped.ordinary.xml -> candidate:required (unclassified repository path)
Route A artifacts/astra-audit/2026-09-09/csv-entry-preview/api26/tracks.csv-review.second.large.png -> candidate:required (unclassified repository path)
Route A artifacts/astra-audit/2026-09-09/csv-entry-preview/api26/tracks.csv-review.second.large.xml -> candidate:required (unclassified repository path)
Route A artifacts/astra-audit/2026-09-09/csv-entry-preview/api26/tracks.csv-review.second.ordinary.png -> candidate:required (unclassified repository path)
Route A artifacts/astra-audit/2026-09-09/csv-entry-preview/api26/tracks.csv-review.second.ordinary.xml -> candidate:required (unclassified repository path)
Route A artifacts/astra-audit/2026-09-09/csv-entry-preview/api34/capture-files.json -> candidate:required (unclassified repository path)
Route A artifacts/astra-audit/2026-09-09/csv-entry-preview/api34/tracks.csv-review.complete.large.png -> candidate:required (unclassified repository path)
Route A artifacts/astra-audit/2026-09-09/csv-entry-preview/api34/tracks.csv-review.complete.large.xml -> candidate:required (unclassified repository path)
Route A artifacts/astra-audit/2026-09-09/csv-entry-preview/api34/tracks.csv-review.complete.ordinary.png -> candidate:required (unclassified repository path)
Route A artifacts/astra-audit/2026-09-09/csv-entry-preview/api34/tracks.csv-review.complete.ordinary.xml -> candidate:required (unclassified repository path)
Route A artifacts/astra-audit/2026-09-09/csv-entry-preview/api34/tracks.csv-review.ready.large.png -> candidate:required (unclassified repository path)
Route A artifacts/astra-audit/2026-09-09/csv-entry-preview/api34/tracks.csv-review.ready.large.xml -> candidate:required (unclassified repository path)
Route A artifacts/astra-audit/2026-09-09/csv-entry-preview/api34/tracks.csv-review.ready.ordinary.png -> candidate:required (unclassified repository path)
Route A artifacts/astra-audit/2026-09-09/csv-entry-preview/api34/tracks.csv-review.ready.ordinary.xml -> candidate:required (unclassified repository path)
Route A artifacts/astra-audit/2026-09-09/csv-entry-preview/api34/tracks.csv-review.remapped.large.png -> candidate:required (unclassified repository path)
Route A artifacts/astra-audit/2026-09-09/csv-entry-preview/api34/tracks.csv-review.remapped.large.xml -> candidate:required (unclassified repository path)
Route A artifacts/astra-audit/2026-09-09/csv-entry-preview/api34/tracks.csv-review.remapped.ordinary.png -> candidate:required (unclassified repository path)
Route A artifacts/astra-audit/2026-09-09/csv-entry-preview/api34/tracks.csv-review.remapped.ordinary.xml -> candidate:required (unclassified repository path)
Route A artifacts/astra-audit/2026-09-09/csv-entry-preview/api34/tracks.csv-review.second.large.png -> candidate:required (unclassified repository path)
Route A artifacts/astra-audit/2026-09-09/csv-entry-preview/api34/tracks.csv-review.second.large.xml -> candidate:required (unclassified repository path)
Route A artifacts/astra-audit/2026-09-09/csv-entry-preview/api34/tracks.csv-review.second.ordinary.png -> candidate:required (unclassified repository path)
Route A artifacts/astra-audit/2026-09-09/csv-entry-preview/api34/tracks.csv-review.second.ordinary.xml -> candidate:required (unclassified repository path)
Route A artifacts/astra-audit/2026-09-09/csv-entry-preview/api37/capture-files.json -> candidate:required (unclassified repository path)
Route A artifacts/astra-audit/2026-09-09/csv-entry-preview/api37/tracks.csv-review.complete.large.png -> candidate:required (unclassified repository path)
Route A artifacts/astra-audit/2026-09-09/csv-entry-preview/api37/tracks.csv-review.complete.large.xml -> candidate:required (unclassified repository path)
Route A artifacts/astra-audit/2026-09-09/csv-entry-preview/api37/tracks.csv-review.complete.ordinary.png -> candidate:required (unclassified repository path)
Route A artifacts/astra-audit/2026-09-09/csv-entry-preview/api37/tracks.csv-review.complete.ordinary.xml -> candidate:required (unclassified repository path)
Route A artifacts/astra-audit/2026-09-09/csv-entry-preview/api37/tracks.csv-review.ready.large.png -> candidate:required (unclassified repository path)
Route A artifacts/astra-audit/2026-09-09/csv-entry-preview/api37/tracks.csv-review.ready.large.xml -> candidate:required (unclassified repository path)
Route A artifacts/astra-audit/2026-09-09/csv-entry-preview/api37/tracks.csv-review.ready.ordinary.png -> candidate:required (unclassified repository path)
Route A artifacts/astra-audit/2026-09-09/csv-entry-preview/api37/tracks.csv-review.ready.ordinary.xml -> candidate:required (unclassified repository path)
Route A artifacts/astra-audit/2026-09-09/csv-entry-preview/api37/tracks.csv-review.remapped.large.png -> candidate:required (unclassified repository path)
Route A artifacts/astra-audit/2026-09-09/csv-entry-preview/api37/tracks.csv-review.remapped.large.xml -> candidate:required (unclassified repository path)
Route A artifacts/astra-audit/2026-09-09/csv-entry-preview/api37/tracks.csv-review.remapped.ordinary.png -> candidate:required (unclassified repository path)
Route A artifacts/astra-audit/2026-09-09/csv-entry-preview/api37/tracks.csv-review.remapped.ordinary.xml -> candidate:required (unclassified repository path)
Route A artifacts/astra-audit/2026-09-09/csv-entry-preview/api37/tracks.csv-review.second.large.png -> candidate:required (unclassified repository path)
Route A artifacts/astra-audit/2026-09-09/csv-entry-preview/api37/tracks.csv-review.second.large.xml -> candidate:required (unclassified repository path)
Route A artifacts/astra-audit/2026-09-09/csv-entry-preview/api37/tracks.csv-review.second.ordinary.png -> candidate:required (unclassified repository path)
Route A artifacts/astra-audit/2026-09-09/csv-entry-preview/api37/tracks.csv-review.second.ordinary.xml -> candidate:required (unclassified repository path)
Route A artifacts/astra-audit/2026-09-09/csv-entry-preview/baseline/api34.png -> candidate:required (unclassified repository path)
Route A artifacts/astra-audit/2026-09-09/csv-entry-preview/baseline/api34.xml -> candidate:required (unclassified repository path)
Route A artifacts/astra-audit/2026-09-09/csv-entry-preview/baseline/api37.png -> candidate:required (unclassified repository path)
Route A artifacts/astra-audit/2026-09-09/csv-entry-preview/baseline/api37.xml -> candidate:required (unclassified repository path)
Route A artifacts/astra-audit/2026-09-09/csv-entry-preview/diagnostic/api26-completion-diagnostic.log -> candidate:required (unclassified repository path)
Route A artifacts/astra-audit/2026-09-09/csv-entry-preview/diagnostic/api26-completion-direct.log -> candidate:required (unclassified repository path)
Route A artifacts/astra-audit/2026-09-09/csv-entry-preview/diagnostic/hidden-completion.large.png -> candidate:required (unclassified repository path)
Route A artifacts/astra-audit/2026-09-09/csv-entry-preview/diagnostic/hidden-completion.large.xml -> candidate:required (unclassified repository path)
Route A artifacts/astra-audit/2026-09-09/csv-entry-preview/diagnostic/stale-completion.ordinary.png -> candidate:required (unclassified repository path)
Route A artifacts/astra-audit/2026-09-09/csv-entry-preview/diagnostic/stale-completion.ordinary.xml -> candidate:required (unclassified repository path)
Route A artifacts/astra-audit/2026-09-09/csv-entry-preview/logs/7924ie/aggregate.tsv -> candidate:required (unclassified repository path)
Route A artifacts/astra-audit/2026-09-09/csv-entry-preview/logs/7924ie/batch-1/executed-classes.txt -> candidate:required (unclassified repository path)
Route A artifacts/astra-audit/2026-09-09/csv-entry-preview/logs/7924ie/batch-1/expected-classes.txt -> candidate:required (unclassified repository path)
Route A artifacts/astra-audit/2026-09-09/csv-entry-preview/logs/7924ie/batch-1/result-1.xml -> candidate:required (unclassified repository path)
Route A artifacts/astra-audit/2026-09-09/csv-entry-preview/logs/7924ie/batch-rows/batch-1.tsv -> candidate:required (unclassified repository path)
Route A artifacts/astra-audit/2026-09-09/csv-entry-preview/logs/SIur3n/aggregate.tsv -> candidate:required (unclassified repository path)
Route A artifacts/astra-audit/2026-09-09/csv-entry-preview/logs/SIur3n/batch-1/executed-classes.txt -> candidate:required (unclassified repository path)
Route A artifacts/astra-audit/2026-09-09/csv-entry-preview/logs/SIur3n/batch-1/expected-classes.txt -> candidate:required (unclassified repository path)
Route A artifacts/astra-audit/2026-09-09/csv-entry-preview/logs/SIur3n/batch-1/result-1.xml -> candidate:required (unclassified repository path)
Route A artifacts/astra-audit/2026-09-09/csv-entry-preview/logs/SIur3n/batch-2/executed-classes.txt -> candidate:required (unclassified repository path)
Route A artifacts/astra-audit/2026-09-09/csv-entry-preview/logs/SIur3n/batch-2/expected-classes.txt -> candidate:required (unclassified repository path)
Route A artifacts/astra-audit/2026-09-09/csv-entry-preview/logs/SIur3n/batch-2/result-1.xml -> candidate:required (unclassified repository path)
Route A artifacts/astra-audit/2026-09-09/csv-entry-preview/logs/SIur3n/batch-rows/batch-1.tsv -> candidate:required (unclassified repository path)
Route A artifacts/astra-audit/2026-09-09/csv-entry-preview/logs/SIur3n/batch-rows/batch-2.tsv -> candidate:required (unclassified repository path)
Route A artifacts/astra-audit/2026-09-09/csv-entry-preview/logs/api26-final.log -> candidate:required (unclassified repository path)
Route A artifacts/astra-audit/2026-09-09/csv-entry-preview/logs/api26-journey.log -> candidate:required (unclassified repository path)
Route A artifacts/astra-audit/2026-09-09/csv-entry-preview/logs/api37-journey.log -> candidate:required (unclassified repository path)
Route A artifacts/astra-audit/2026-09-09/csv-entry-preview/logs/baseline-journey-file-verified.log -> candidate:required (unclassified repository path)
Route A artifacts/astra-audit/2026-09-09/csv-entry-preview/logs/baseline-journey-seeded.log -> candidate:required (unclassified repository path)
Route A artifacts/astra-audit/2026-09-09/csv-entry-preview/logs/baseline-journey.log -> candidate:required (unclassified repository path)
Route A artifacts/astra-audit/2026-09-09/csv-entry-preview/logs/catalog-fixtures.log -> candidate:required (unclassified repository path)
Route A artifacts/astra-audit/2026-09-09/csv-entry-preview/logs/catalog-lint.log -> candidate:required (unclassified repository path)
Route A artifacts/astra-audit/2026-09-09/csv-entry-preview/logs/check-fast-fixtures.log -> candidate:required (unclassified repository path)
Route A artifacts/astra-audit/2026-09-09/csv-entry-preview/logs/final-tracks-corrected.log -> candidate:required (unclassified repository path)
Route A artifacts/astra-audit/2026-09-09/csv-entry-preview/logs/final-tracks-emulator.log -> candidate:required (unclassified repository path)
Route A artifacts/astra-audit/2026-09-09/csv-entry-preview/logs/final-tracks-profile.log -> candidate:required (unclassified repository path)
Route A artifacts/astra-audit/2026-09-09/csv-entry-preview/logs/first-preview-journey.log -> candidate:required (unclassified repository path)
Route A artifacts/astra-audit/2026-09-09/csv-entry-preview/logs/hMILHp/aggregate.tsv -> candidate:required (unclassified repository path)
Route A artifacts/astra-audit/2026-09-09/csv-entry-preview/logs/hMILHp/batch-1/executed-classes.txt -> candidate:required (unclassified repository path)
Route A artifacts/astra-audit/2026-09-09/csv-entry-preview/logs/hMILHp/batch-1/expected-classes.txt -> candidate:required (unclassified repository path)
Route A artifacts/astra-audit/2026-09-09/csv-entry-preview/logs/hMILHp/batch-1/result-1.xml -> candidate:required (unclassified repository path)
Route A artifacts/astra-audit/2026-09-09/csv-entry-preview/logs/hMILHp/batch-2/executed-classes.txt -> candidate:required (unclassified repository path)
Route A artifacts/astra-audit/2026-09-09/csv-entry-preview/logs/hMILHp/batch-2/expected-classes.txt -> candidate:required (unclassified repository path)
Route A artifacts/astra-audit/2026-09-09/csv-entry-preview/logs/hMILHp/batch-2/result-1.xml -> candidate:required (unclassified repository path)
Route A artifacts/astra-audit/2026-09-09/csv-entry-preview/logs/hMILHp/batch-rows/batch-1.tsv -> candidate:required (unclassified repository path)
Route A artifacts/astra-audit/2026-09-09/csv-entry-preview/logs/hMILHp/batch-rows/batch-2.tsv -> candidate:required (unclassified repository path)
Route A artifacts/astra-audit/2026-09-09/csv-entry-preview/logs/long-preview.log -> candidate:required (unclassified repository path)
Route A artifacts/astra-audit/2026-09-09/csv-entry-preview/logs/preview-transfer-check.log -> candidate:required (unclassified repository path)
Route A artifacts/astra-audit/2026-09-09/csv-entry-preview/logs/preview-transfer-stable-owner.log -> candidate:required (unclassified repository path)
Route A artifacts/astra-audit/2026-09-09/csv-entry-preview/source-and-apk-sha256.json -> candidate:required (unclassified repository path)
Route M app/src/androidTest/java/com/whip/app/VisualCatalogCapture.kt -> android:all (shared or unresolved Android test source)
Route M app/src/androidTest/java/com/whip/app/ui/TrackCsvImportUiTest.kt -> android:com.whip.app.ui.TrackCsvImportUiTest (exact Android test class)
Route M app/src/main/java/com/whip/app/ui/TrackScreens.kt -> profile:tracks (feature-owned production path)
Route M app/src/main/res/values/strings.xml -> profile:shell (application resource or manifest path)
Route M docs/product-memory/DECISIONS.md -> profile:docs (documentation-only path)
Route M docs/product-memory/FINDINGS.md -> profile:docs (documentation-only path)
Route M docs/product-memory/VERIFICATION.md -> profile:docs (documentation-only path)
Route M docs/quality/astra-dialog-font-review-2026-09-09.tsv -> candidate:required (machine-checked quality harness path)
Route M docs/quality/astra-surface-review-2026-09-08.tsv -> candidate:required (machine-checked quality harness path)
Route M docs/quality/ui-surface-catalog.tsv -> candidate:required (machine-checked quality harness path)
Route M scripts/qa-targeted -> candidate:required (test or release harness integrity path)
Profile: all
Profile: docs
Profile: shell
Profile: tracks
Android selector: com.whip.app.TrackCsvJourneyE2ETest
Android selector: com.whip.app.ui.TrackCsvImportUiTest
Harness check: scripts/test-check-fast
Harness check: scripts/test-check-full
All JVM tests: false
All Android tests: true
Static checks: true
Frozen candidate required: true
Reusing configuration cache.
> Task :app:preBuild UP-TO-DATE
> Task :app:preDebugBuild UP-TO-DATE
> Task :app:preDebugUnitTestBuild UP-TO-DATE
> Task :app:generateDebugResValues UP-TO-DATE
> Task :app:generateDebugJacocoPropertiesFile UP-TO-DATE
> Task :app:createDebugCompatibleScreenManifests UP-TO-DATE
> Task :app:javaPreCompileDebug UP-TO-DATE
> Task :app:javaPreCompileDebugUnitTest UP-TO-DATE
> Task :app:generateDebugBuildConfig UP-TO-DATE
> Task :app:generateDebugResources UP-TO-DATE
> Task :app:mapDebugSourceSetPaths UP-TO-DATE
> Task :app:extractDeepLinksDebug UP-TO-DATE
> Task :app:packageDebugResources UP-TO-DATE
> Task :app:checkDebugAarMetadata UP-TO-DATE
> Task :app:processDebugNavigationResources UP-TO-DATE
> Task :app:compileDebugNavigationResources UP-TO-DATE
> Task :app:mergeDebugResources UP-TO-DATE
> Task :app:parseDebugLocalResources UP-TO-DATE
> Task :app:generateDebugRFile UP-TO-DATE
> Task :app:processDebugMainManifest UP-TO-DATE
> Task :app:processDebugManifest UP-TO-DATE
> Task :app:processDebugManifestForPackage UP-TO-DATE
> Task :app:kspDebugKotlin UP-TO-DATE
> Task :app:compileDebugKotlin UP-TO-DATE
> Task :app:processDebugResources UP-TO-DATE
> Task :app:compileDebugJavaWithJavac UP-TO-DATE
> Task :app:bundleDebugClassesToCompileJar UP-TO-DATE
> Task :app:bundleDebugClassesToRuntimeJar UP-TO-DATE
> Task :app:kspDebugUnitTestKotlin SKIPPED
> Task :app:processDebugJavaRes UP-TO-DATE
> Task :app:compileDebugUnitTestKotlin UP-TO-DATE
> Task :app:compileDebugUnitTestJavaWithJavac NO-SOURCE
> Task :app:processDebugUnitTestJavaRes UP-TO-DATE
> Task :app:copyRoomSchemas NO-SOURCE
> Task :app:testDebugUnitTest UP-TO-DATE

BUILD SUCCESSFUL in 417ms
29 actionable tasks: 29 up-to-date
Configuration cache entry reused.
Targeted JVM checks passed; Android-test compilation was intentionally deferred.
PASS fast-default-explicit-readiness-and-store-boundary
PASS check-full-without-android-serial
All complete-local-gate fixtures passed.
Play Store assets verified: 512x512 icon, 1024x500 feature graphic, and 5 phone screenshots
Reusing configuration cache.
> Task :app:generateDebugAssets UP-TO-DATE
> Task :app:preBuild UP-TO-DATE
> Task :app:preDebugBuild UP-TO-DATE
> Task :app:preDebugAndroidTestBuild SKIPPED
> Task :app:generateDebugResValues UP-TO-DATE
> Task :app:extractProguardFiles UP-TO-DATE
> Task :app:generateDebugAndroidTestResValues UP-TO-DATE
> Task :app:generateDebugBuildConfig UP-TO-DATE
> Task :app:generateDebugResources UP-TO-DATE
> Task :app:preDebugUnitTestBuild UP-TO-DATE
> Task :app:processDebugAndroidTestNavigationResources UP-TO-DATE
> Task :app:mapDebugSourceSetPaths UP-TO-DATE
> Task :app:javaPreCompileDebug UP-TO-DATE
> Task :app:generateDebugAndroidTestResources UP-TO-DATE
> Task :app:extractDeepLinksDebug UP-TO-DATE
> Task :app:createDebugCompatibleScreenManifests UP-TO-DATE
> Task :app:mergeDebugNativeDebugMetadata NO-SOURCE
> Task :app:generateDebugGlobalSynthetics UP-TO-DATE
> Task :app:generateDebugJacocoPropertiesFile UP-TO-DATE
> Task :app:packageDebugResources UP-TO-DATE
> Task :app:mergeDebugJniLibFolders UP-TO-DATE
> Task :app:desugarDebugFileDependencies UP-TO-DATE
> Task :app:validateSigningDebug UP-TO-DATE
> Task :app:packageDebugAndroidTestResources UP-TO-DATE
> Task :app:writeDebugSigningConfigVersions UP-TO-DATE
> Task :app:writeDebugAppMetadata UP-TO-DATE
> Task :app:parseDebugAndroidTestLocalResources UP-TO-DATE
> Task :app:generateDebugAndroidTestRFile UP-TO-DATE
> Task :app:mergeDebugResources UP-TO-DATE
> Task :app:processDebugNavigationResources UP-TO-DATE
> Task :app:checkDebugAarMetadata UP-TO-DATE
> Task :app:checkDebugDuplicateClasses UP-TO-DATE
> Task :app:parseDebugLocalResources UP-TO-DATE
> Task :app:compileDebugNavigationResources UP-TO-DATE
> Task :app:mergeDebugNativeLibs UP-TO-DATE
> Task :app:mergeLibDexDebug UP-TO-DATE
> Task :app:stripDebugDebugSymbols UP-TO-DATE
> Task :app:generateDebugRFile UP-TO-DATE
> Task :app:processDebugMainManifest UP-TO-DATE
> Task :app:processDebugManifest UP-TO-DATE
> Task :app:mergeDebugAndroidTestManifest UP-TO-DATE
> Task :app:processDebugAndroidTestManifest UP-TO-DATE
> Task :app:processDebugManifestForPackage UP-TO-DATE
> Task :app:generateDebugAndroidTestBuildConfig UP-TO-DATE
> Task :app:kspDebugKotlin UP-TO-DATE
> Task :app:mergeDebugAssets UP-TO-DATE
> Task :app:compressDebugAssets UP-TO-DATE
> Task :app:compileDebugKotlin UP-TO-DATE
> Task :app:compileDebugJavaWithJavac UP-TO-DATE
> Task :app:processDebugResources UP-TO-DATE
> Task :app:bundleDebugClassesToCompileJar UP-TO-DATE
> Task :app:kspDebugAndroidTestKotlin SKIPPED
> Task :app:jacocoDebug UP-TO-DATE
> Task :app:processDebugJavaRes UP-TO-DATE
> Task :app:copyRoomSchemas NO-SOURCE
> Task :app:dexBuilderDebug UP-TO-DATE
> Task :app:mergeExtDexDebug UP-TO-DATE
> Task :app:mergeProjectDexDebug UP-TO-DATE
> Task :app:mergeDebugJavaResource UP-TO-DATE
> Task :app:compileDebugAndroidTestKotlin UP-TO-DATE
> Task :app:packageDebug UP-TO-DATE
> Task :app:assembleDebug UP-TO-DATE
> Task :app:createDebugApkListingFileRedirect UP-TO-DATE
> Task :app:generateDebugUnitTestLintModel UP-TO-DATE
> Task :app:generateDebugLintReportModel UP-TO-DATE
> Task :app:lintAnalyzeDebug UP-TO-DATE
> Task :app:lintAnalyzeDebugUnitTest UP-TO-DATE
> Task :app:generateDebugAndroidTestLintModel
> Task :app:lintAnalyzeDebugAndroidTest
> Task :app:lintReportDebug UP-TO-DATE
> Task :app:lintDebug

BUILD SUCCESSFUL in 26s
62 actionable tasks: 3 executed, 59 up-to-date
Configuration cache entry reused.
Affected-change readiness gate passed. Frozen-candidate evidence was not created.
Play Store note: qualify these inputs with a fresh scripts/candidate run only when preparing a store release.
