Reusing configuration cache.
> Task :app:preBuild UP-TO-DATE
> Task :app:generateDebugAssets UP-TO-DATE
> Task :app:copyRoomSchemasToAndroidTestAssetsDebugAndroidTest UP-TO-DATE
> Task :app:generateDebugAndroidTestAssets UP-TO-DATE
> Task :app:preDebugBuild UP-TO-DATE
> Task :app:preDebugAndroidTestBuild SKIPPED
> Task :app:generateDebugBuildConfig UP-TO-DATE
> Task :app:generateDebugResValues UP-TO-DATE
> Task :app:javaPreCompileDebug UP-TO-DATE
> Task :app:generateDebugResources UP-TO-DATE
> Task :app:mapDebugSourceSetPaths UP-TO-DATE
> Task :app:mergeDebugNativeDebugMetadata NO-SOURCE
> Task :app:generateDebugJacocoPropertiesFile UP-TO-DATE
> Task :app:packageDebugResources UP-TO-DATE
> Task :app:generateDebugGlobalSynthetics UP-TO-DATE
> Task :app:writeDebugAppMetadata UP-TO-DATE
> Task :app:validateSigningDebug UP-TO-DATE
> Task :app:writeDebugSigningConfigVersions UP-TO-DATE
> Task :app:checkDebugAarMetadata UP-TO-DATE
> Task :app:extractDeepLinksDebug UP-TO-DATE
> Task :app:createDebugCompatibleScreenManifests UP-TO-DATE
> Task :app:checkDebugDuplicateClasses UP-TO-DATE
> Task :app:mergeDebugAssets UP-TO-DATE
> Task :app:desugarDebugFileDependencies UP-TO-DATE
> Task :app:mergeLibDexDebug UP-TO-DATE
> Task :app:processDebugNavigationResources UP-TO-DATE
> Task :app:processDebugAndroidTestNavigationResources UP-TO-DATE
> Task :app:compileDebugNavigationResources UP-TO-DATE
> Task :app:parseDebugLocalResources UP-TO-DATE
> Task :app:javaPreCompileDebugAndroidTest UP-TO-DATE
> Task :app:generateDebugAndroidTestGlobalSynthetics UP-TO-DATE
> Task :app:mergeDebugResources UP-TO-DATE
> Task :app:desugarDebugAndroidTestFileDependencies UP-TO-DATE
> Task :app:validateSigningDebugAndroidTest UP-TO-DATE
> Task :app:mergeDebugAndroidTestJniLibFolders UP-TO-DATE
> Task :app:mergeDebugAndroidTestAssets UP-TO-DATE
> Task :app:generateDebugRFile UP-TO-DATE
> Task :app:compressDebugAndroidTestAssets UP-TO-DATE
> Task :app:generateDebugAndroidTestResValues UP-TO-DATE
> Task :app:checkDebugAndroidTestDuplicateClasses UP-TO-DATE
> Task :app:mapDebugAndroidTestSourceSetPaths UP-TO-DATE
> Task :app:checkDebugAndroidTestAarMetadata UP-TO-DATE
> Task :app:mergeLibDexDebugAndroidTest UP-TO-DATE
> Task :app:compileDebugAndroidTestNavigationResources UP-TO-DATE
> Task :app:mergeDebugJniLibFolders UP-TO-DATE
> Task :app:kspDebugKotlin UP-TO-DATE
> Task :app:processDebugMainManifest UP-TO-DATE
> Task :app:generateDebugAndroidTestResources UP-TO-DATE
> Task :app:compressDebugAssets UP-TO-DATE
> Task :app:mergeDebugNativeLibs UP-TO-DATE
> Task :app:processDebugManifest UP-TO-DATE
> Task :app:writeDebugAndroidTestSigningConfigVersions UP-TO-DATE
> Task :app:stripDebugDebugSymbols UP-TO-DATE
> Task :app:processDebugManifestForPackage UP-TO-DATE
> Task :app:packageDebugAndroidTestResources UP-TO-DATE
> Task :app:mergeDebugAndroidTestResources UP-TO-DATE
> Task :app:mergeDebugAndroidTestNativeLibs NO-SOURCE
> Task :app:mergeExtDexDebug UP-TO-DATE
> Task :app:parseDebugAndroidTestLocalResources UP-TO-DATE
> Task :app:mergeDebugAndroidTestManifest UP-TO-DATE
> Task :app:mergeExtDexDebugAndroidTest UP-TO-DATE
> Task :app:stripDebugAndroidTestDebugSymbols NO-SOURCE
> Task :app:processDebugAndroidTestManifest UP-TO-DATE
> Task :app:generateDebugAndroidTestBuildConfig UP-TO-DATE
> Task :app:generateDebugAndroidTestRFile UP-TO-DATE
> Task :app:compileDebugKotlin UP-TO-DATE
> Task :app:processDebugJavaRes UP-TO-DATE
> Task :app:compileDebugJavaWithJavac UP-TO-DATE
> Task :app:mergeDebugJavaResource UP-TO-DATE
> Task :app:processDebugAndroidTestResources UP-TO-DATE
> Task :app:processDebugResources UP-TO-DATE
> Task :app:bundleDebugClassesToCompileJar UP-TO-DATE
> Task :app:jacocoDebug UP-TO-DATE
> Task :app:kspDebugAndroidTestKotlin SKIPPED
> Task :app:dexBuilderDebug UP-TO-DATE
> Task :app:mergeProjectDexDebug UP-TO-DATE
> Task :app:packageDebug UP-TO-DATE
> Task :app:assembleDebug UP-TO-DATE
> Task :app:createDebugApkListingFileRedirect UP-TO-DATE
> Task :app:compileDebugAndroidTestKotlin UP-TO-DATE
> Task :app:processDebugAndroidTestJavaRes UP-TO-DATE
> Task :app:compileDebugAndroidTestJavaWithJavac UP-TO-DATE
> Task :app:copyRoomSchemas NO-SOURCE
> Task :app:dexBuilderDebugAndroidTest UP-TO-DATE
> Task :app:mergeDebugAndroidTestJavaResource UP-TO-DATE
> Task :app:mergeProjectDexDebugAndroidTest UP-TO-DATE
> Task :app:packageDebugAndroidTest UP-TO-DATE
> Task :app:assembleDebugAndroidTest UP-TO-DATE
> Task :app:createDebugAndroidTestApkListingFileRedirect UP-TO-DATE

BUILD SUCCESSFUL in 749ms
77 actionable tasks: 77 up-to-date
Configuration cache entry reused.
Android batch 1/1 (ordinary, 10 selector(s)).
> Task :app:preBuild UP-TO-DATE
> Task :app:preDebugBuild UP-TO-DATE
> Task :app:generateDebugBuildConfig UP-TO-DATE
> Task :app:generateDebugResValues UP-TO-DATE
> Task :app:generateDebugResources UP-TO-DATE
> Task :app:packageDebugResources UP-TO-DATE
> Task :app:processDebugNavigationResources UP-TO-DATE
> Task :app:parseDebugLocalResources UP-TO-DATE
> Task :app:generateDebugRFile UP-TO-DATE
> Task :app:kspDebugKotlin UP-TO-DATE
> Task :app:compileDebugKotlin UP-TO-DATE
> Task :app:javaPreCompileDebug UP-TO-DATE
> Task :app:compileDebugJavaWithJavac UP-TO-DATE
> Task :app:checkDebugAarMetadata UP-TO-DATE
> Task :app:mapDebugSourceSetPaths UP-TO-DATE
> Task :app:compileDebugNavigationResources UP-TO-DATE
> Task :app:mergeDebugResources UP-TO-DATE
> Task :app:createDebugCompatibleScreenManifests UP-TO-DATE
> Task :app:extractDeepLinksDebug UP-TO-DATE
> Task :app:processDebugMainManifest UP-TO-DATE
> Task :app:processDebugManifest UP-TO-DATE
> Task :app:processDebugManifestForPackage UP-TO-DATE
> Task :app:processDebugResources UP-TO-DATE
> Task :app:bundleDebugClassesToCompileJar UP-TO-DATE
> Task :app:preDebugAndroidTestBuild SKIPPED
> Task :app:mergeDebugAndroidTestManifest UP-TO-DATE
> Task :app:processDebugAndroidTestManifest UP-TO-DATE
> Task :app:generateDebugAndroidTestBuildConfig UP-TO-DATE
> Task :app:generateDebugAndroidTestResValues UP-TO-DATE
> Task :app:generateDebugAndroidTestResources UP-TO-DATE
> Task :app:packageDebugAndroidTestResources UP-TO-DATE
> Task :app:processDebugAndroidTestNavigationResources UP-TO-DATE
> Task :app:parseDebugAndroidTestLocalResources UP-TO-DATE
> Task :app:generateDebugAndroidTestRFile UP-TO-DATE
> Task :app:kspDebugAndroidTestKotlin SKIPPED
> Task :app:compileDebugAndroidTestKotlin UP-TO-DATE
> Task :app:javaPreCompileDebugAndroidTest UP-TO-DATE
> Task :app:compileDebugAndroidTestJavaWithJavac UP-TO-DATE
> Task :app:copyRoomSchemas NO-SOURCE
> Task :app:generateDebugAssets UP-TO-DATE
> Task :app:mergeDebugAssets UP-TO-DATE
> Task :app:compressDebugAssets UP-TO-DATE
> Task :app:generateDebugGlobalSynthetics UP-TO-DATE
> Task :app:generateDebugJacocoPropertiesFile UP-TO-DATE
> Task :app:processDebugJavaRes UP-TO-DATE
> Task :app:mergeDebugJavaResource UP-TO-DATE
> Task :app:checkDebugDuplicateClasses UP-TO-DATE
> Task :app:desugarDebugFileDependencies UP-TO-DATE
> Task :app:mergeExtDexDebug UP-TO-DATE
> Task :app:mergeLibDexDebug UP-TO-DATE
> Task :app:jacocoDebug UP-TO-DATE
> Task :app:dexBuilderDebug UP-TO-DATE
> Task :app:mergeProjectDexDebug UP-TO-DATE
> Task :app:mergeDebugJniLibFolders UP-TO-DATE
> Task :app:mergeDebugNativeLibs UP-TO-DATE
> Task :app:stripDebugDebugSymbols UP-TO-DATE
> Task :app:validateSigningDebug UP-TO-DATE
> Task :app:writeDebugAppMetadata UP-TO-DATE
> Task :app:writeDebugSigningConfigVersions UP-TO-DATE
> Task :app:packageDebug UP-TO-DATE
> Task :app:createDebugApkListingFileRedirect UP-TO-DATE
> Task :app:copyRoomSchemasToAndroidTestAssetsDebugAndroidTest UP-TO-DATE
> Task :app:generateDebugAndroidTestAssets UP-TO-DATE
> Task :app:mergeDebugAndroidTestAssets UP-TO-DATE
> Task :app:compressDebugAndroidTestAssets UP-TO-DATE
> Task :app:generateDebugAndroidTestGlobalSynthetics UP-TO-DATE
> Task :app:processDebugAndroidTestJavaRes UP-TO-DATE
> Task :app:mergeDebugAndroidTestJavaResource UP-TO-DATE
> Task :app:checkDebugAndroidTestDuplicateClasses UP-TO-DATE
> Task :app:desugarDebugAndroidTestFileDependencies UP-TO-DATE
> Task :app:mergeExtDexDebugAndroidTest UP-TO-DATE
> Task :app:mergeLibDexDebugAndroidTest UP-TO-DATE
> Task :app:checkDebugAndroidTestAarMetadata UP-TO-DATE
> Task :app:mapDebugAndroidTestSourceSetPaths UP-TO-DATE
> Task :app:compileDebugAndroidTestNavigationResources UP-TO-DATE
> Task :app:mergeDebugAndroidTestResources UP-TO-DATE
> Task :app:processDebugAndroidTestResources UP-TO-DATE
> Task :app:dexBuilderDebugAndroidTest UP-TO-DATE
> Task :app:mergeProjectDexDebugAndroidTest UP-TO-DATE
> Task :app:mergeDebugAndroidTestJniLibFolders UP-TO-DATE
> Task :app:mergeDebugAndroidTestNativeLibs NO-SOURCE
> Task :app:stripDebugAndroidTestDebugSymbols NO-SOURCE
> Task :app:validateSigningDebugAndroidTest UP-TO-DATE
> Task :app:writeDebugAndroidTestSigningConfigVersions UP-TO-DATE
> Task :app:packageDebugAndroidTest UP-TO-DATE
> Task :app:createDebugAndroidTestApkListingFileRedirect UP-TO-DATE
Starting 92 tests on whip_api34_parallel(AVD) - 14
whip_api34_parallel(AVD) - 14 Tests 4/92 completed. (0 skipped) (0 failed)
whip_api34_parallel(AVD) - 14 Tests 11/92 completed. (0 skipped) (0 failed)
> Task :app:connectedDebugAndroidTest

whip_api34_parallel(AVD) - 14 Tests 18/92 completed. (0 skipped) (0 failed)
whip_api34_parallel(AVD) - 14 Tests 19/92 completed. (0 skipped) (0 failed)
whip_api34_parallel(AVD) - 14 Tests 20/92 completed. (0 skipped) (0 failed)
whip_api34_parallel(AVD) - 14 Tests 21/92 completed. (0 skipped) (0 failed)
whip_api34_parallel(AVD) - 14 Tests 23/92 completed. (0 skipped) (0 failed)
whip_api34_parallel(AVD) - 14 Tests 24/92 completed. (0 skipped) (0 failed)
whip_api34_parallel(AVD) - 14 Tests 25/92 completed. (0 skipped) (0 failed)
whip_api34_parallel(AVD) - 14 Tests 26/92 completed. (0 skipped) (0 failed)
whip_api34_parallel(AVD) - 14 Tests 27/92 completed. (0 skipped) (0 failed)
whip_api34_parallel(AVD) - 14 Tests 28/92 completed. (0 skipped) (0 failed)
whip_api34_parallel(AVD) - 14 Tests 29/92 completed. (0 skipped) (0 failed)
whip_api34_parallel(AVD) - 14 Tests 30/92 completed. (0 skipped) (0 failed)
whip_api34_parallel(AVD) - 14 Tests 31/92 completed. (0 skipped) (0 failed)
whip_api34_parallel(AVD) - 14 Tests 32/92 completed. (0 skipped) (0 failed)

com.whip.app.PlatformEntrySurfaceE2ETest > widgetTaskActionSelectsAndPersistsItsAreaAcrossRecreation[whip_api34_parallel(AVD) - 14] [31mFAILED [0m
	java.lang.AssertionError: Assert failed: The component with ContentDescription = 'Area selection: Work' (ignoreCase: false) is not displayed!
	at androidx.compose.ui.test.AssertionsKt.assertIsDisplayed(Assertions.kt:34)
whip_api34_parallel(AVD) - 14 Tests 33/92 completed. (0 skipped) (1 failed)
whip_api34_parallel(AVD) - 14 Tests 34/92 completed. (0 skipped) (1 failed)
whip_api34_parallel(AVD) - 14 Tests 35/92 completed. (0 skipped) (1 failed)
whip_api34_parallel(AVD) - 14 Tests 36/92 completed. (0 skipped) (1 failed)
whip_api34_parallel(AVD) - 14 Tests 37/92 completed. (0 skipped) (1 failed)

com.whip.app.PlatformEntrySurfaceE2ETest > widgetDoesNotShowATemporaryBannerForTheOnlyVisibleArea[whip_api34_parallel(AVD) - 14] [31mFAILED [0m
	androidx.compose.ui.test.ComposeTimeoutException: Condition still not satisfied after 10000 ms
	at androidx.compose.ui.test.AndroidComposeUiTestEnvironment$AndroidComposeUiTestImpl.waitUntil(ComposeUiTest.android.kt:901)
whip_api34_parallel(AVD) - 14 Tests 38/92 completed. (0 skipped) (2 failed)
whip_api34_parallel(AVD) - 14 Tests 40/92 completed. (0 skipped) (2 failed)
whip_api34_parallel(AVD) - 14 Tests 41/92 completed. (0 skipped) (2 failed)
whip_api34_parallel(AVD) - 14 Tests 67/92 completed. (0 skipped) (2 failed)
whip_api34_parallel(AVD) - 14 Tests 69/92 completed. (0 skipped) (2 failed)
whip_api34_parallel(AVD) - 14 Tests 71/92 completed. (0 skipped) (2 failed)
whip_api34_parallel(AVD) - 14 Tests 73/92 completed. (0 skipped) (2 failed)
whip_api34_parallel(AVD) - 14 Tests 75/92 completed. (0 skipped) (2 failed)
whip_api34_parallel(AVD) - 14 Tests 78/92 completed. (0 skipped) (2 failed)

com.whip.app.ProductivityCardDesignUiTest > habitAndGoalSummaryRowsKeepDetailsAndInlineActions[whip_api34_parallel(AVD) - 14] [31mFAILED [0m
	java.lang.AssertionError: Action performScrollTo() failed.
	Reason: Expected exactly '1' node but could not find any node that satisfies: (Text + InputText + EditableText contains '2/8' (ignoreCase: false) as substring)
whip_api34_parallel(AVD) - 14 Tests 81/92 completed. (0 skipped) (3 failed)

com.whip.app.ProductivityCreationJourneyE2ETest > smartTaskCaptureExplainsHighlightsPersistsAndReversesThroughTheRealUi[whip_api34_parallel(AVD) - 14] [31mFAILED [0m
	java.lang.AssertionError: Assert failed: The component with TestTag = 'smart-task-capture-examples' is not displayed!
	at androidx.compose.ui.test.AssertionsKt.assertIsDisplayed(Assertions.kt:34)
whip_api34_parallel(AVD) - 14 Tests 82/92 completed. (0 skipped) (4 failed)

com.whip.app.ProductivityCreationJourneyE2ETest > taskHabitAndGoalCanBeCreatedAndUsedThroughTheRealUi[whip_api34_parallel(AVD) - 14] [31mFAILED [0m
	java.lang.AssertionError: Failed to inject touch input.
	Reason: Expected exactly '1' node but could not find any node that satisfies: (Text + InputText + EditableText contains '+1' (ignoreCase: false))
whip_api34_parallel(AVD) - 14 Tests 83/92 completed. (0 skipped) (5 failed)
whip_api34_parallel(AVD) - 14 Tests 84/92 completed. (0 skipped) (5 failed)
whip_api34_parallel(AVD) - 14 Tests 85/92 completed. (0 skipped) (5 failed)

com.whip.app.ProductivityDefaultsUiTest > todayAndInboxQuickCaptureUseMatchingDestinationCopyAndDefaults[whip_api34_parallel(AVD) - 14] [31mFAILED [0m
	java.lang.AssertionError: Assert failed: The component with Text + InputText + EditableText contains 'Task for Today' (ignoreCase: false) is not displayed!
	at androidx.compose.ui.test.AssertionsKt.assertIsDisplayed(Assertions.kt:34)

com.whip.app.ProductivityDefaultsUiTest > emptyTaskWorkspacesKeepClearStateVisibleBelowQuickCapture[whip_api34_parallel(AVD) - 14] [31mFAILED [0m
	java.lang.AssertionError: Assert failed: The component with Text + InputText + EditableText contains 'Task for Today' (ignoreCase: false) is not displayed!
	at androidx.compose.ui.test.AssertionsKt.assertIsDisplayed(Assertions.kt:34)
whip_api34_parallel(AVD) - 14 Tests 87/92 completed. (0 skipped) (7 failed)
whip_api34_parallel(AVD) - 14 Tests 88/92 completed. (0 skipped) (7 failed)
whip_api34_parallel(AVD) - 14 Tests 89/92 completed. (0 skipped) (7 failed)
whip_api34_parallel(AVD) - 14 Tests 90/92 completed. (0 skipped) (7 failed)
whip_api34_parallel(AVD) - 14 Tests 91/92 completed. (0 skipped) (7 failed)
Tests on whip_api34_parallel(AVD) - 14 failed: There was 7 failure(s).
Finished 92 tests on whip_api34_parallel(AVD) - 14
Execute com.whip.app.PlatformEntrySurfaceE2ETest.widgetTaskActionSelectsAndPersistsItsAreaAcrossRecreation: FAILED
java.lang.AssertionError: java.lang.AssertionError: Assert failed: The component with ContentDescription = 'Area selection: Work' (ignoreCase: false) is not displayed!
at androidx.compose.ui.test.AssertionsKt.assertIsDisplayed(Assertions.kt:34)
at com.whip.app.PlatformEntrySurfaceE2ETest$widgetTaskActionSelectsAndPersistsItsAreaAcrossRecreation$1.invokeSuspend(PlatformEntrySurfaceE2ETest.kt:349)
at kotlin.coroutines.jvm.internal.BaseContinuationImpl.resumeWith(ContinuationImpl.kt:34)
at kotlinx.coroutines.DispatchedTask.run(DispatchedTask.kt:101)
at kotlinx.coroutines.EventLoopImplBase.processNextEvent(EventLoop.common.kt:263)
at kotlinx.coroutines.BlockingCoroutine.joinBlocking(Builders.kt:95)
at kotlinx.coroutines.BuildersKt__BuildersKt.runBlocking(Builders.kt:69)
at kotlinx.coroutines.BuildersKt.runBlocking(Unknown Source:1)
at kotlinx.coroutines.BuildersKt__BuildersKt.runBlocking$default(Builders.kt:47)
at kotlinx.coroutines.BuildersKt.runBlocking$default(Unknown Source:1)
at com.whip.app.PlatformEntrySurfaceE2ETest.widgetTaskActionSelectsAndPersistsItsAreaAcrossRecreation(PlatformEntrySurfaceE2ETest.kt:339)

java.lang.AssertionError: Assert failed: The component with ContentDescription = 'Area selection: Work' (ignoreCase: false) is not displayed!
at androidx.compose.ui.test.AssertionsKt.assertIsDisplayed(Assertions.kt:34)
at com.whip.app.PlatformEntrySurfaceE2ETest$widgetTaskActionSelectsAndPersistsItsAreaAcrossRecreation$1.invokeSuspend(PlatformEntrySurfaceE2ETest.kt:349)
at kotlin.coroutines.jvm.internal.BaseContinuationImpl.resumeWith(ContinuationImpl.kt:34)
at kotlinx.coroutines.DispatchedTask.run(DispatchedTask.kt:101)
at kotlinx.coroutines.EventLoopImplBase.processNextEvent(EventLoop.common.kt:263)
at kotlinx.coroutines.BlockingCoroutine.joinBlocking(Builders.kt:95)
at kotlinx.coroutines.BuildersKt__BuildersKt.runBlocking(Builders.kt:69)
at kotlinx.coroutines.BuildersKt.runBlocking(Unknown Source:1)
at kotlinx.coroutines.BuildersKt__BuildersKt.runBlocking$default(Builders.kt:47)
at kotlinx.coroutines.BuildersKt.runBlocking$default(Unknown Source:1)
at com.whip.app.PlatformEntrySurfaceE2ETest.widgetTaskActionSelectsAndPersistsItsAreaAcrossRecreation(PlatformEntrySurfaceE2ETest.kt:339)
Execute com.whip.app.PlatformEntrySurfaceE2ETest.widgetDoesNotShowATemporaryBannerForTheOnlyVisibleArea: FAILED
androidx.compose.ui.test.ComposeTimeoutException: androidx.compose.ui.test.ComposeTimeoutException: Condition still not satisfied after 10000 ms
at androidx.compose.ui.test.AndroidComposeUiTestEnvironment$AndroidComposeUiTestImpl.waitUntil(ComposeUiTest.android.kt:901)
at androidx.compose.ui.test.junit4.AndroidComposeTestRule.waitUntil(AndroidComposeTestRule.android.kt:500)
at com.whip.app.PlatformEntrySurfaceE2ETest$widgetDoesNotShowATemporaryBannerForTheOnlyVisibleArea$1.invokeSuspend(PlatformEntrySurfaceE2ETest.kt:371)
at kotlin.coroutines.jvm.internal.BaseContinuationImpl.resumeWith(ContinuationImpl.kt:34)
at kotlinx.coroutines.DispatchedTask.run(DispatchedTask.kt:101)
at kotlinx.coroutines.EventLoopImplBase.processNextEvent(EventLoop.common.kt:263)
at kotlinx.coroutines.BlockingCoroutine.joinBlocking(Builders.kt:95)
at kotlinx.coroutines.BuildersKt__BuildersKt.runBlocking(Builders.kt:69)
at kotlinx.coroutines.BuildersKt.runBlocking(Unknown Source:1)
at kotlinx.coroutines.BuildersKt__BuildersKt.runBlocking$default(Builders.kt:47)
at kotlinx.coroutines.BuildersKt.runBlocking$default(Unknown Source:1)
at com.whip.app.PlatformEntrySurfaceE2ETest.widgetDoesNotShowATemporaryBannerForTheOnlyVisibleArea(PlatformEntrySurfaceE2ETest.kt:363)

androidx.compose.ui.test.ComposeTimeoutException: Condition still not satisfied after 10000 ms
at androidx.compose.ui.test.AndroidComposeUiTestEnvironment$AndroidComposeUiTestImpl.waitUntil(ComposeUiTest.android.kt:901)
at androidx.compose.ui.test.junit4.AndroidComposeTestRule.waitUntil(AndroidComposeTestRule.android.kt:500)
at com.whip.app.PlatformEntrySurfaceE2ETest$widgetDoesNotShowATemporaryBannerForTheOnlyVisibleArea$1.invokeSuspend(PlatformEntrySurfaceE2ETest.kt:371)
at kotlin.coroutines.jvm.internal.BaseContinuationImpl.resumeWith(ContinuationImpl.kt:34)
at kotlinx.coroutines.DispatchedTask.run(DispatchedTask.kt:101)
at kotlinx.coroutines.EventLoopImplBase.processNextEvent(EventLoop.common.kt:263)
at kotlinx.coroutines.BlockingCoroutine.joinBlocking(Builders.kt:95)
at kotlinx.coroutines.BuildersKt__BuildersKt.runBlocking(Builders.kt:69)
at kotlinx.coroutines.BuildersKt.runBlocking(Unknown Source:1)
at kotlinx.coroutines.BuildersKt__BuildersKt.runBlocking$default(Builders.kt:47)
at kotlinx.coroutines.BuildersKt.runBlocking$default(Unknown Source:1)
at com.whip.app.PlatformEntrySurfaceE2ETest.widgetDoesNotShowATemporaryBannerForTheOnlyVisibleArea(PlatformEntrySurfaceE2ETest.kt:363)
Execute com.whip.app.ProductivityCardDesignUiTest.habitAndGoalSummaryRowsKeepDetailsAndInlineActions: FAILED
java.lang.AssertionError: java.lang.AssertionError: Action performScrollTo() failed.
Reason: Expected exactly '1' node but could not find any node that satisfies: (Text + InputText + EditableText contains '2/8' (ignoreCase: false) as substring)

at androidx.compose.ui.test.SemanticsNodeInteraction.fetchOneOrThrow(SemanticsNodeInteraction.kt:178)
at androidx.compose.ui.test.SemanticsNodeInteraction.fetchOneOrThrow$default(SemanticsNodeInteraction.kt:150)
at androidx.compose.ui.test.SemanticsNodeInteraction.fetchSemanticsNode(SemanticsNodeInteraction.kt:84)
at androidx.compose.ui.test.ActionsKt.performScrollTo(Actions.kt:82)
at com.whip.app.ProductivityCardDesignUiTest.habitAndGoalSummaryRowsKeepDetailsAndInlineActions(ProductivityCardDesignUiTest.kt:530)

java.lang.AssertionError: Action performScrollTo() failed.
Reason: Expected exactly '1' node but could not find any node that satisfies: (Text + InputText + EditableText contains '2/8' (ignoreCase: false) as substring)

at androidx.compose.ui.test.SemanticsNodeInteraction.fetchOneOrThrow(SemanticsNodeInteraction.kt:178)
at androidx.compose.ui.test.SemanticsNodeInteraction.fetchOneOrThrow$default(SemanticsNodeInteraction.kt:150)
at androidx.compose.ui.test.SemanticsNodeInteraction.fetchSemanticsNode(SemanticsNodeInteraction.kt:84)
at androidx.compose.ui.test.ActionsKt.performScrollTo(Actions.kt:82)
at com.whip.app.ProductivityCardDesignUiTest.habitAndGoalSummaryRowsKeepDetailsAndInlineActions(ProductivityCardDesignUiTest.kt:530)
Execute com.whip.app.ProductivityCreationJourneyE2ETest.smartTaskCaptureExplainsHighlightsPersistsAndReversesThroughTheRealUi: FAILED
java.lang.AssertionError: java.lang.AssertionError: Assert failed: The component with TestTag = 'smart-task-capture-examples' is not displayed!
at androidx.compose.ui.test.AssertionsKt.assertIsDisplayed(Assertions.kt:34)
at com.whip.app.ProductivityCreationJourneyE2ETest.smartTaskCaptureExplainsHighlightsPersistsAndReversesThroughTheRealUi(ProductivityCreationJourneyE2ETest.kt:237)

java.lang.AssertionError: Assert failed: The component with TestTag = 'smart-task-capture-examples' is not displayed!
at androidx.compose.ui.test.AssertionsKt.assertIsDisplayed(Assertions.kt:34)
at com.whip.app.ProductivityCreationJourneyE2ETest.smartTaskCaptureExplainsHighlightsPersistsAndReversesThroughTheRealUi(ProductivityCreationJourneyE2ETest.kt:237)
Execute com.whip.app.ProductivityCreationJourneyE2ETest.taskHabitAndGoalCanBeCreatedAndUsedThroughTheRealUi: FAILED
java.lang.AssertionError: java.lang.AssertionError: Failed to inject touch input.
Reason: Expected exactly '1' node but could not find any node that satisfies: (Text + InputText + EditableText contains '+1' (ignoreCase: false))

at androidx.compose.ui.test.SemanticsNodeInteraction.fetchOneOrThrow(SemanticsNodeInteraction.kt:178)
at androidx.compose.ui.test.SemanticsNodeInteraction.fetchOneOrThrow$default(SemanticsNodeInteraction.kt:150)
at androidx.compose.ui.test.SemanticsNodeInteraction.fetchSemanticsNode(SemanticsNodeInteraction.kt:84)
at androidx.compose.ui.test.ActionsKt.performTouchInput(Actions.kt:403)
at androidx.compose.ui.test.AndroidActions.performClickImpl(Actions.android.kt:23)
at androidx.compose.ui.test.ActionsKt.performClick(Actions.kt:61)
at com.whip.app.ProductivityCreationJourneyE2ETest.taskHabitAndGoalCanBeCreatedAndUsedThroughTheRealUi(ProductivityCreationJourneyE2ETest.kt:139)

java.lang.AssertionError: Failed to inject touch input.
Reason: Expected exactly '1' node but could not find any node that satisfies: (Text + InputText + EditableText contains '+1' (ignoreCase: false))

at androidx.compose.ui.test.SemanticsNodeInteraction.fetchOneOrThrow(SemanticsNodeInteraction.kt:178)
at androidx.compose.ui.test.SemanticsNodeInteraction.fetchOneOrThrow$default(SemanticsNodeInteraction.kt:150)
at androidx.compose.ui.test.SemanticsNodeInteraction.fetchSemanticsNode(SemanticsNodeInteraction.kt:84)
at androidx.compose.ui.test.ActionsKt.performTouchInput(Actions.kt:403)
at androidx.compose.ui.test.AndroidActions.performClickImpl(Actions.android.kt:23)
at androidx.compose.ui.test.ActionsKt.performClick(Actions.kt:61)
at com.whip.app.ProductivityCreationJourneyE2ETest.taskHabitAndGoalCanBeCreatedAndUsedThroughTheRealUi(ProductivityCreationJourneyE2ETest.kt:139)
Execute com.whip.app.ProductivityDefaultsUiTest.todayAndInboxQuickCaptureUseMatchingDestinationCopyAndDefaults: FAILED
java.lang.AssertionError: java.lang.AssertionError: Assert failed: The component with Text + InputText + EditableText contains 'Task for Today' (ignoreCase: false) is not displayed!
at androidx.compose.ui.test.AssertionsKt.assertIsDisplayed(Assertions.kt:34)
at com.whip.app.ProductivityDefaultsUiTest.todayAndInboxQuickCaptureUseMatchingDestinationCopyAndDefaults(ProductivityDefaultsUiTest.kt:157)

java.lang.AssertionError: Assert failed: The component with Text + InputText + EditableText contains 'Task for Today' (ignoreCase: false) is not displayed!
at androidx.compose.ui.test.AssertionsKt.assertIsDisplayed(Assertions.kt:34)
at com.whip.app.ProductivityDefaultsUiTest.todayAndInboxQuickCaptureUseMatchingDestinationCopyAndDefaults(ProductivityDefaultsUiTest.kt:157)
Execute com.whip.app.ProductivityDefaultsUiTest.emptyTaskWorkspacesKeepClearStateVisibleBelowQuickCapture: FAILED
java.lang.AssertionError: java.lang.AssertionError: Assert failed: The component with Text + InputText + EditableText contains 'Task for Today' (ignoreCase: false) is not displayed!
at androidx.compose.ui.test.AssertionsKt.assertIsDisplayed(Assertions.kt:34)
at com.whip.app.ProductivityDefaultsUiTest.emptyTaskWorkspacesKeepClearStateVisibleBelowQuickCapture(ProductivityDefaultsUiTest.kt:204)

java.lang.AssertionError: Assert failed: The component with Text + InputText + EditableText contains 'Task for Today' (ignoreCase: false) is not displayed!
at androidx.compose.ui.test.AssertionsKt.assertIsDisplayed(Assertions.kt:34)
at com.whip.app.ProductivityDefaultsUiTest.emptyTaskWorkspacesKeepClearStateVisibleBelowQuickCapture(ProductivityDefaultsUiTest.kt:204)

> Task :app:connectedDebugAndroidTest FAILED

FAILURE: Build failed with an exception.

* What went wrong:
Execution failed for task ':app:connectedDebugAndroidTest' (registered by plugin 'com.android.internal.application').
> There were failing tests. See the report at: file:///root/repos/whip/app/build/whip-android-workers/instrumentation-results-a2bjdr-worker-1/reports/index.html

* Try:
> Run with --stacktrace option to get the stack trace.
> Run with --info or --debug option to get more log output.
> Run with --scan to get full insights from a Build Scan (powered by Develocity).
> Get more help at https://help.gradle.org.

BUILD FAILED in 12m 6s
78 actionable tasks: 1 executed, 77 up-to-date
error: Android batch 1 requires a successful Gradle task, nonzero tests, and zero failures/skips; got status/tests/failures/skips 1/92/7/0; results retained in /root/repos/whip/build/instrumentation-results-A2bJdr
