Reusing configuration cache.
> Task :app:generateDebugAndroidTestAssets UP-TO-DATE
> Task :app:generateDebugAssets UP-TO-DATE
> Task :app:preBuild UP-TO-DATE
> Task :app:preDebugBuild UP-TO-DATE
> Task :app:preDebugAndroidTestBuild SKIPPED
> Task :app:copyRoomSchemasToAndroidTestAssetsDebugAndroidTest UP-TO-DATE
> Task :app:mergeDebugNativeDebugMetadata NO-SOURCE
> Task :app:generateDebugResValues UP-TO-DATE
> Task :app:generateDebugBuildConfig UP-TO-DATE
> Task :app:javaPreCompileDebug UP-TO-DATE
> Task :app:processDebugAndroidTestNavigationResources UP-TO-DATE
> Task :app:generateDebugResources UP-TO-DATE
> Task :app:extractDeepLinksDebug UP-TO-DATE
> Task :app:generateDebugJacocoPropertiesFile UP-TO-DATE
> Task :app:mapDebugSourceSetPaths UP-TO-DATE
> Task :app:processDebugNavigationResources UP-TO-DATE
> Task :app:generateDebugAndroidTestResValues UP-TO-DATE
> Task :app:writeDebugSigningConfigVersions UP-TO-DATE
> Task :app:generateDebugGlobalSynthetics UP-TO-DATE
> Task :app:javaPreCompileDebugAndroidTest UP-TO-DATE
> Task :app:mergeDebugAssets UP-TO-DATE
> Task :app:checkDebugAarMetadata UP-TO-DATE
> Task :app:createDebugCompatibleScreenManifests UP-TO-DATE
> Task :app:desugarDebugFileDependencies UP-TO-DATE
> Task :app:validateSigningDebug UP-TO-DATE
> Task :app:validateSigningDebugAndroidTest UP-TO-DATE
> Task :app:mergeDebugJniLibFolders UP-TO-DATE
> Task :app:checkDebugDuplicateClasses UP-TO-DATE
> Task :app:mergeDebugAndroidTestManifest UP-TO-DATE
> Task :app:generateDebugAndroidTestGlobalSynthetics UP-TO-DATE
> Task :app:mergeDebugAndroidTestJniLibFolders UP-TO-DATE
> Task :app:checkDebugAndroidTestAarMetadata UP-TO-DATE
> Task :app:processDebugMainManifest UP-TO-DATE
> Task :app:checkDebugAndroidTestDuplicateClasses UP-TO-DATE
> Task :app:writeDebugAndroidTestSigningConfigVersions UP-TO-DATE
> Task :app:compressDebugAssets UP-TO-DATE
> Task :app:desugarDebugAndroidTestFileDependencies UP-TO-DATE
> Task :app:writeDebugAppMetadata UP-TO-DATE
> Task :app:compileDebugNavigationResources UP-TO-DATE
> Task :app:mapDebugAndroidTestSourceSetPaths UP-TO-DATE
> Task :app:mergeDebugAndroidTestAssets UP-TO-DATE
> Task :app:packageDebugResources UP-TO-DATE
> Task :app:generateDebugAndroidTestResources UP-TO-DATE
> Task :app:processDebugManifest UP-TO-DATE
> Task :app:mergeLibDexDebugAndroidTest UP-TO-DATE
> Task :app:processDebugAndroidTestManifest UP-TO-DATE
> Task :app:mergeLibDexDebug UP-TO-DATE
> Task :app:processDebugManifestForPackage UP-TO-DATE
> Task :app:compressDebugAndroidTestAssets UP-TO-DATE
> Task :app:compileDebugAndroidTestNavigationResources UP-TO-DATE
> Task :app:parseDebugLocalResources UP-TO-DATE
> Task :app:mergeDebugResources UP-TO-DATE
> Task :app:mergeDebugNativeLibs UP-TO-DATE
> Task :app:stripDebugDebugSymbols UP-TO-DATE
> Task :app:generateDebugAndroidTestBuildConfig UP-TO-DATE
> Task :app:generateDebugRFile UP-TO-DATE
> Task :app:mergeDebugAndroidTestNativeLibs NO-SOURCE
> Task :app:mergeExtDexDebugAndroidTest UP-TO-DATE
> Task :app:mergeDebugAndroidTestResources UP-TO-DATE
> Task :app:packageDebugAndroidTestResources UP-TO-DATE
> Task :app:stripDebugAndroidTestDebugSymbols NO-SOURCE
> Task :app:mergeExtDexDebug UP-TO-DATE
> Task :app:parseDebugAndroidTestLocalResources UP-TO-DATE
> Task :app:generateDebugAndroidTestRFile UP-TO-DATE
> Task :app:processDebugResources UP-TO-DATE
> Task :app:kspDebugKotlin UP-TO-DATE
> Task :app:processDebugAndroidTestResources UP-TO-DATE
> Task :app:compileDebugKotlin UP-TO-DATE
> Task :app:processDebugJavaRes UP-TO-DATE
> Task :app:compileDebugJavaWithJavac UP-TO-DATE
> Task :app:mergeDebugJavaResource UP-TO-DATE
> Task :app:bundleDebugClassesToCompileJar UP-TO-DATE
> Task :app:kspDebugAndroidTestKotlin SKIPPED
> Task :app:jacocoDebug UP-TO-DATE
> Task :app:dexBuilderDebug UP-TO-DATE
> Task :app:compileDebugAndroidTestKotlin UP-TO-DATE
> Task :app:mergeProjectDexDebug UP-TO-DATE
> Task :app:processDebugAndroidTestJavaRes UP-TO-DATE
> Task :app:compileDebugAndroidTestJavaWithJavac UP-TO-DATE
> Task :app:copyRoomSchemas NO-SOURCE
> Task :app:packageDebug UP-TO-DATE
> Task :app:assembleDebug UP-TO-DATE
> Task :app:mergeDebugAndroidTestJavaResource UP-TO-DATE
> Task :app:dexBuilderDebugAndroidTest UP-TO-DATE
> Task :app:createDebugApkListingFileRedirect UP-TO-DATE
> Task :app:mergeProjectDexDebugAndroidTest UP-TO-DATE
> Task :app:packageDebugAndroidTest UP-TO-DATE
> Task :app:assembleDebugAndroidTest UP-TO-DATE
> Task :app:createDebugAndroidTestApkListingFileRedirect UP-TO-DATE

BUILD SUCCESSFUL in 947ms
77 actionable tasks: 77 up-to-date
Configuration cache entry reused.
Android batch 1/1 (ordinary, 10 selector(s)).
> Task :app:preBuild UP-TO-DATE
> Task :app:preDebugBuild UP-TO-DATE
> Task :app:generateDebugBuildConfig UP-TO-DATE
> Task :app:generateDebugResValues UP-TO-DATE
> Task :app:generateDebugResources UP-TO-DATE
> Task :app:packageDebugResources UP-TO-DATE
> Task :app:processDebugNavigationResources UP-TO-DATE
> Task :app:parseDebugLocalResources UP-TO-DATE
> Task :app:generateDebugRFile UP-TO-DATE
> Task :app:kspDebugKotlin UP-TO-DATE
> Task :app:compileDebugKotlin UP-TO-DATE
> Task :app:javaPreCompileDebug UP-TO-DATE
> Task :app:compileDebugJavaWithJavac UP-TO-DATE
> Task :app:checkDebugAarMetadata UP-TO-DATE
> Task :app:mapDebugSourceSetPaths UP-TO-DATE
> Task :app:compileDebugNavigationResources UP-TO-DATE
> Task :app:mergeDebugResources UP-TO-DATE
> Task :app:createDebugCompatibleScreenManifests UP-TO-DATE
> Task :app:extractDeepLinksDebug UP-TO-DATE
> Task :app:processDebugMainManifest UP-TO-DATE
> Task :app:processDebugManifest UP-TO-DATE
> Task :app:processDebugManifestForPackage UP-TO-DATE
> Task :app:processDebugResources UP-TO-DATE
> Task :app:bundleDebugClassesToCompileJar UP-TO-DATE
> Task :app:preDebugAndroidTestBuild SKIPPED
> Task :app:mergeDebugAndroidTestManifest UP-TO-DATE
> Task :app:processDebugAndroidTestManifest UP-TO-DATE
> Task :app:generateDebugAndroidTestBuildConfig UP-TO-DATE
> Task :app:generateDebugAndroidTestResValues UP-TO-DATE
> Task :app:generateDebugAndroidTestResources UP-TO-DATE
> Task :app:packageDebugAndroidTestResources UP-TO-DATE
> Task :app:processDebugAndroidTestNavigationResources UP-TO-DATE
> Task :app:parseDebugAndroidTestLocalResources UP-TO-DATE
> Task :app:generateDebugAndroidTestRFile UP-TO-DATE
> Task :app:kspDebugAndroidTestKotlin SKIPPED
> Task :app:compileDebugAndroidTestKotlin UP-TO-DATE
> Task :app:javaPreCompileDebugAndroidTest UP-TO-DATE
> Task :app:compileDebugAndroidTestJavaWithJavac UP-TO-DATE
> Task :app:copyRoomSchemas NO-SOURCE
> Task :app:generateDebugAssets UP-TO-DATE
> Task :app:mergeDebugAssets UP-TO-DATE
> Task :app:compressDebugAssets UP-TO-DATE
> Task :app:generateDebugGlobalSynthetics UP-TO-DATE
> Task :app:generateDebugJacocoPropertiesFile UP-TO-DATE
> Task :app:processDebugJavaRes UP-TO-DATE
> Task :app:mergeDebugJavaResource UP-TO-DATE
> Task :app:checkDebugDuplicateClasses UP-TO-DATE
> Task :app:desugarDebugFileDependencies UP-TO-DATE
> Task :app:mergeExtDexDebug UP-TO-DATE
> Task :app:mergeLibDexDebug UP-TO-DATE
> Task :app:jacocoDebug UP-TO-DATE
> Task :app:dexBuilderDebug UP-TO-DATE
> Task :app:mergeProjectDexDebug UP-TO-DATE
> Task :app:mergeDebugJniLibFolders UP-TO-DATE
> Task :app:mergeDebugNativeLibs UP-TO-DATE
> Task :app:stripDebugDebugSymbols UP-TO-DATE
> Task :app:validateSigningDebug UP-TO-DATE
> Task :app:writeDebugAppMetadata UP-TO-DATE
> Task :app:writeDebugSigningConfigVersions UP-TO-DATE
> Task :app:packageDebug UP-TO-DATE
> Task :app:createDebugApkListingFileRedirect UP-TO-DATE
> Task :app:copyRoomSchemasToAndroidTestAssetsDebugAndroidTest UP-TO-DATE
> Task :app:generateDebugAndroidTestAssets UP-TO-DATE
> Task :app:mergeDebugAndroidTestAssets UP-TO-DATE
> Task :app:compressDebugAndroidTestAssets UP-TO-DATE
> Task :app:generateDebugAndroidTestGlobalSynthetics UP-TO-DATE
> Task :app:processDebugAndroidTestJavaRes UP-TO-DATE
> Task :app:mergeDebugAndroidTestJavaResource UP-TO-DATE
> Task :app:checkDebugAndroidTestDuplicateClasses UP-TO-DATE
> Task :app:desugarDebugAndroidTestFileDependencies UP-TO-DATE
> Task :app:mergeExtDexDebugAndroidTest UP-TO-DATE
> Task :app:mergeLibDexDebugAndroidTest UP-TO-DATE
> Task :app:checkDebugAndroidTestAarMetadata UP-TO-DATE
> Task :app:mapDebugAndroidTestSourceSetPaths UP-TO-DATE
> Task :app:compileDebugAndroidTestNavigationResources UP-TO-DATE
> Task :app:mergeDebugAndroidTestResources UP-TO-DATE
> Task :app:processDebugAndroidTestResources UP-TO-DATE
> Task :app:dexBuilderDebugAndroidTest UP-TO-DATE
> Task :app:mergeProjectDexDebugAndroidTest UP-TO-DATE
> Task :app:mergeDebugAndroidTestJniLibFolders UP-TO-DATE
> Task :app:mergeDebugAndroidTestNativeLibs NO-SOURCE
> Task :app:stripDebugAndroidTestDebugSymbols NO-SOURCE
> Task :app:validateSigningDebugAndroidTest UP-TO-DATE
> Task :app:writeDebugAndroidTestSigningConfigVersions UP-TO-DATE
> Task :app:packageDebugAndroidTest UP-TO-DATE
> Task :app:createDebugAndroidTestApkListingFileRedirect UP-TO-DATE
Starting 92 tests on whip_api34_parallel(AVD) - 14
whip_api34_parallel(AVD) - 14 Tests 45/92 completed. (0 skipped) (0 failed)
> Task :app:connectedDebugAndroidTest

whip_api34_parallel(AVD) - 14 Tests 46/92 completed. (0 skipped) (0 failed)

com.whip.app.HabitSkipJourneyE2ETest > completedHabitMovesBelowRemainingHabitsAndStaysAvailableForUndo[whip_api34_parallel(AVD) - 14] [31mFAILED [0m
	java.lang.AssertionError: Failed: performScrollToNode(TestTag = 'habit-done-disclosure')
	Reason: Expected exactly '1' node but could not find any node that satisfies: (TestTag = 'habit-list-Today')
whip_api34_parallel(AVD) - 14 Tests 47/92 completed. (0 skipped) (1 failed)

com.whip.app.HabitSkipJourneyE2ETest > completingExpandedChecklistKeepsDoneCollapsedAndCollapsesTheMovedHabit[whip_api34_parallel(AVD) - 14] [31mFAILED [0m
	java.lang.AssertionError: Failed: assertExists.
	Reason: Expected exactly '1' node but could not find any node that satisfies: (TestTag = 'habit-done-disclosure')
whip_api34_parallel(AVD) - 14 Tests 48/92 completed. (0 skipped) (2 failed)

com.whip.app.HabitSkipJourneyE2ETest > skipIsOneVisibleNeutralStateWithHistoryInsightsAndUndo[whip_api34_parallel(AVD) - 14] [31mFAILED [0m
	java.lang.AssertionError: Failed to perform OnClick action.
	Reason: Expected exactly '1' node but could not find any node that satisfies: (ContentDescription = 'Open habit details for Read Today' (ignoreCase: false))
whip_api34_parallel(AVD) - 14 Tests 50/92 completed. (0 skipped) (3 failed)
whip_api34_parallel(AVD) - 14 Tests 51/92 completed. (0 skipped) (3 failed)
whip_api34_parallel(AVD) - 14 Tests 52/92 completed. (0 skipped) (3 failed)
whip_api34_parallel(AVD) - 14 Tests 53/92 completed. (0 skipped) (3 failed)
whip_api34_parallel(AVD) - 14 Tests 54/92 completed. (0 skipped) (3 failed)
whip_api34_parallel(AVD) - 14 Tests 55/92 completed. (0 skipped) (3 failed)
whip_api34_parallel(AVD) - 14 Tests 56/92 completed. (0 skipped) (3 failed)
whip_api34_parallel(AVD) - 14 Tests 57/92 completed. (0 skipped) (3 failed)
whip_api34_parallel(AVD) - 14 Tests 58/92 completed. (0 skipped) (3 failed)

com.whip.app.HomeHabitRecoveryUiTest > offScheduleHabitsOpenSavedCollectionAtLargeText[whip_api34_parallel(AVD) - 14] [31mFAILED [0m
	androidx.compose.ui.test.ComposeTimeoutException: Condition still not satisfied after 10000 ms
	at androidx.compose.ui.test.AndroidComposeUiTestEnvironment$AndroidComposeUiTestImpl.waitUntil(ComposeUiTest.android.kt:901)
whip_api34_parallel(AVD) - 14 Tests 59/92 completed. (0 skipped) (4 failed)

com.whip.app.HomeHabitRecoveryUiTest > habitInsightsShowRealActivityAndOpenThatHabitsHistory[whip_api34_parallel(AVD) - 14] [31mFAILED [0m
	java.lang.AssertionError: Action performScrollTo() failed.
	Reason: Expected exactly '1' node but could not find any node that satisfies: ((Text + InputText + EditableText contains 'Log' (ignoreCase: false)) && (hasAnyAncestorThat(TestTag = 'habit-card-9')))
whip_api34_parallel(AVD) - 14 Tests 60/92 completed. (0 skipped) (5 failed)
whip_api34_parallel(AVD) - 14 Tests 61/92 completed. (0 skipped) (5 failed)
whip_api34_parallel(AVD) - 14 Tests 62/92 completed. (0 skipped) (5 failed)

com.whip.app.HomeHabitRecoveryUiTest > denseTaskCalendarKeepsDateAndCountsLegibleAtLargeText[whip_api34_parallel(AVD) - 14] [31mFAILED [0m
	java.lang.AssertionError: Failed to inject touch input.
	Reason: Expected exactly '1' node but could not find any node that satisfies: (Text + InputText + EditableText contains 'Calendar' (ignoreCase: false))
whip_api34_parallel(AVD) - 14 Tests 63/92 completed. (0 skipped) (6 failed)

com.whip.app.HomeHabitRecoveryUiTest > calendarExplainsClearDayAndBoundsLoadedPlanningWindow[whip_api34_parallel(AVD) - 14] [31mFAILED [0m
	java.lang.AssertionError: Failed to inject touch input.
	Reason: Expected exactly '1' node but could not find any node that satisfies: (Text + InputText + EditableText contains 'Calendar' (ignoreCase: false))
whip_api34_parallel(AVD) - 14 Tests 64/92 completed. (0 skipped) (7 failed)
whip_api34_parallel(AVD) - 14 Tests 65/92 completed. (0 skipped) (7 failed)
whip_api34_parallel(AVD) - 14 Tests 66/92 completed. (0 skipped) (7 failed)

com.whip.app.HomeHabitRecoveryUiTest > manyTaskFiltersKeepTheResultsViewportReachableAtLargeText[whip_api34_parallel(AVD) - 14] [31mFAILED [0m
	java.lang.AssertionError: Action performScrollTo() failed.
	Reason: Expected exactly '1' node but could not find any node that satisfies: (Text + InputText + EditableText contains 'Detailed recipe' (ignoreCase: false))

com.whip.app.HomeHabitRecoveryUiTest > addingNoteAfterNumericLogDoesNotRepeatItsAmount[whip_api34_parallel(AVD) - 14] [31mFAILED [0m
	java.lang.AssertionError: Action performScrollTo() failed.
	Reason: Expected exactly '1' node but could not find any node that satisfies: ((Text + InputText + EditableText contains 'Log' (ignoreCase: false)) && (hasAnyAncestorThat(TestTag = 'habit-card-14')))
whip_api34_parallel(AVD) - 14 Tests 68/92 completed. (0 skipped) (9 failed)

com.whip.app.HomeHabitRecoveryUiTest > taskFiltersShowLiveMatchCountAndSavedRecipesBeforeAdvancedCriteria[whip_api34_parallel(AVD) - 14] [31mFAILED [0m
	java.lang.AssertionError: Action performScrollTo() failed.
	Reason: Expected exactly '1' node but could not find any node that satisfies: (Text + InputText + EditableText contains 'Pinned work' (ignoreCase: false))
whip_api34_parallel(AVD) - 14 Tests 69/92 completed. (0 skipped) (10 failed)
whip_api34_parallel(AVD) - 14 Tests 70/92 completed. (0 skipped) (10 failed)

com.whip.app.InlineTaskCaptureE2ETest > inlineTaskDraftSurvivesRecreationAndSavesWithTheNativeKeyboardAtLargeText[whip_api34_parallel(AVD) - 14] [31mFAILED [0m
	java.lang.AssertionError: Failed to retrieve bounds of the node.
	Reason: Expected exactly '1' node but could not find any node that satisfies: (Text + InputText + EditableText contains 'Task for Today' (ignoreCase: false))
whip_api34_parallel(AVD) - 14 Tests 71/92 completed. (0 skipped) (11 failed)

com.whip.app.InlineTaskCaptureE2ETest > inlineTaskDraftSurvivesRecreationAndSavesWithTheNativeKeyboard[whip_api34_parallel(AVD) - 14] [31mFAILED [0m
	java.lang.AssertionError: Failed to retrieve bounds of the node.
	Reason: Expected exactly '1' node but could not find any node that satisfies: (Text + InputText + EditableText contains 'Task for Today' (ignoreCase: false))
whip_api34_parallel(AVD) - 14 Tests 77/92 completed. (0 skipped) (12 failed)

com.whip.app.LegacyImportJourneyE2ETest > restoredHabitContinuesManuallyAndSettingsFocusOnLocalData[whip_api34_parallel(AVD) - 14] [31mFAILED [0m
	java.lang.AssertionError: Failed to assert the following: (is enabled)
	Reason: Expected exactly '1' node but could not find any node that satisfies: (Text + InputText + EditableText contains '+1' (ignoreCase: false))
Tests on whip_api34_parallel(AVD) - 14 failed: There was 13 failure(s).
Finished 92 tests on whip_api34_parallel(AVD) - 14
Execute com.whip.app.HabitSkipJourneyE2ETest.completedHabitMovesBelowRemainingHabitsAndStaysAvailableForUndo: FAILED
java.lang.AssertionError: java.lang.AssertionError: Failed: performScrollToNode(TestTag = 'habit-done-disclosure')
Reason: Expected exactly '1' node but could not find any node that satisfies: (TestTag = 'habit-list-Today')

at androidx.compose.ui.test.SemanticsNodeInteraction.fetchOneOrThrow(SemanticsNodeInteraction.kt:178)
at androidx.compose.ui.test.SemanticsNodeInteraction.fetchOneOrThrow$default(SemanticsNodeInteraction.kt:150)
at androidx.compose.ui.test.SemanticsNodeInteraction.fetchSemanticsNode(SemanticsNodeInteraction.kt:84)
at androidx.compose.ui.test.ActionsKt.scrollToMatchingDescendantOrReturnScrollable(Actions.kt:278)
at androidx.compose.ui.test.ActionsKt.performScrollToNode(Actions.kt:237)
at com.whip.app.HabitSkipJourneyE2ETest.completedHabitMovesBelowRemainingHabitsAndStaysAvailableForUndo(HabitSkipJourneyE2ETest.kt:170)

java.lang.AssertionError: Failed: performScrollToNode(TestTag = 'habit-done-disclosure')
Reason: Expected exactly '1' node but could not find any node that satisfies: (TestTag = 'habit-list-Today')

at androidx.compose.ui.test.SemanticsNodeInteraction.fetchOneOrThrow(SemanticsNodeInteraction.kt:178)
at androidx.compose.ui.test.SemanticsNodeInteraction.fetchOneOrThrow$default(SemanticsNodeInteraction.kt:150)
at androidx.compose.ui.test.SemanticsNodeInteraction.fetchSemanticsNode(SemanticsNodeInteraction.kt:84)
at androidx.compose.ui.test.ActionsKt.scrollToMatchingDescendantOrReturnScrollable(Actions.kt:278)
at androidx.compose.ui.test.ActionsKt.performScrollToNode(Actions.kt:237)
at com.whip.app.HabitSkipJourneyE2ETest.completedHabitMovesBelowRemainingHabitsAndStaysAvailableForUndo(HabitSkipJourneyE2ETest.kt:170)
Execute com.whip.app.HabitSkipJourneyE2ETest.completingExpandedChecklistKeepsDoneCollapsedAndCollapsesTheMovedHabit: FAILED
java.lang.AssertionError: java.lang.AssertionError: Failed: assertExists.
Reason: Expected exactly '1' node but could not find any node that satisfies: (TestTag = 'habit-done-disclosure')

at androidx.compose.ui.test.SemanticsNodeInteraction.fetchOneOrThrow(SemanticsNodeInteraction.kt:178)
at androidx.compose.ui.test.SemanticsNodeInteraction.fetchOneOrThrow$default(SemanticsNodeInteraction.kt:150)
at androidx.compose.ui.test.SemanticsNodeInteraction.fetchSemanticsNode(SemanticsNodeInteraction.kt:84)
at androidx.compose.ui.test.SemanticsNodeInteraction.fetchSemanticsNode$default(SemanticsNodeInteraction.kt:83)
at com.whip.app.HabitSkipJourneyE2ETest.completingExpandedChecklistKeepsDoneCollapsedAndCollapsesTheMovedHabit(HabitSkipJourneyE2ETest.kt:251)

java.lang.AssertionError: Failed: assertExists.
Reason: Expected exactly '1' node but could not find any node that satisfies: (TestTag = 'habit-done-disclosure')

at androidx.compose.ui.test.SemanticsNodeInteraction.fetchOneOrThrow(SemanticsNodeInteraction.kt:178)
at androidx.compose.ui.test.SemanticsNodeInteraction.fetchOneOrThrow$default(SemanticsNodeInteraction.kt:150)
at androidx.compose.ui.test.SemanticsNodeInteraction.fetchSemanticsNode(SemanticsNodeInteraction.kt:84)
at androidx.compose.ui.test.SemanticsNodeInteraction.fetchSemanticsNode$default(SemanticsNodeInteraction.kt:83)
at com.whip.app.HabitSkipJourneyE2ETest.completingExpandedChecklistKeepsDoneCollapsedAndCollapsesTheMovedHabit(HabitSkipJourneyE2ETest.kt:251)
Execute com.whip.app.HabitSkipJourneyE2ETest.skipIsOneVisibleNeutralStateWithHistoryInsightsAndUndo: FAILED
java.lang.AssertionError: java.lang.AssertionError: Failed to perform OnClick action.
Reason: Expected exactly '1' node but could not find any node that satisfies: (ContentDescription = 'Open habit details for Read Today' (ignoreCase: false))

at androidx.compose.ui.test.SemanticsNodeInteraction.fetchOneOrThrow(SemanticsNodeInteraction.kt:178)
at androidx.compose.ui.test.SemanticsNodeInteraction.fetchOneOrThrow$default(SemanticsNodeInteraction.kt:150)
at androidx.compose.ui.test.SemanticsNodeInteraction.fetchSemanticsNode(SemanticsNodeInteraction.kt:84)
at androidx.compose.ui.test.ActionsKt.performSemanticsAction(Actions.kt:635)
at androidx.compose.ui.test.ActionsKt.performSemanticsAction(Actions.kt:671)
at com.whip.app.HabitSkipJourneyE2ETest.skipIsOneVisibleNeutralStateWithHistoryInsightsAndUndo(HabitSkipJourneyE2ETest.kt:110)

java.lang.AssertionError: Failed to perform OnClick action.
Reason: Expected exactly '1' node but could not find any node that satisfies: (ContentDescription = 'Open habit details for Read Today' (ignoreCase: false))

at androidx.compose.ui.test.SemanticsNodeInteraction.fetchOneOrThrow(SemanticsNodeInteraction.kt:178)
at androidx.compose.ui.test.SemanticsNodeInteraction.fetchOneOrThrow$default(SemanticsNodeInteraction.kt:150)
at androidx.compose.ui.test.SemanticsNodeInteraction.fetchSemanticsNode(SemanticsNodeInteraction.kt:84)
at androidx.compose.ui.test.ActionsKt.performSemanticsAction(Actions.kt:635)
at androidx.compose.ui.test.ActionsKt.performSemanticsAction(Actions.kt:671)
at com.whip.app.HabitSkipJourneyE2ETest.skipIsOneVisibleNeutralStateWithHistoryInsightsAndUndo(HabitSkipJourneyE2ETest.kt:110)
Execute com.whip.app.HomeHabitRecoveryUiTest.offScheduleHabitsOpenSavedCollectionAtLargeText: FAILED
androidx.compose.ui.test.ComposeTimeoutException: androidx.compose.ui.test.ComposeTimeoutException: Condition still not satisfied after 10000 ms
at androidx.compose.ui.test.AndroidComposeUiTestEnvironment$AndroidComposeUiTestImpl.waitUntil(ComposeUiTest.android.kt:901)
at androidx.compose.ui.test.junit4.AndroidComposeTestRule.waitUntil(AndroidComposeTestRule.android.kt:500)
at com.whip.app.HomeHabitRecoveryUiTest.awaitText(HomeHabitRecoveryUiTest.kt:38)
at com.whip.app.HomeHabitRecoveryUiTest.offScheduleHabitsOpenSavedCollectionAtLargeText(HomeHabitRecoveryUiTest.kt:87)

androidx.compose.ui.test.ComposeTimeoutException: Condition still not satisfied after 10000 ms
at androidx.compose.ui.test.AndroidComposeUiTestEnvironment$AndroidComposeUiTestImpl.waitUntil(ComposeUiTest.android.kt:901)
at androidx.compose.ui.test.junit4.AndroidComposeTestRule.waitUntil(AndroidComposeTestRule.android.kt:500)
at com.whip.app.HomeHabitRecoveryUiTest.awaitText(HomeHabitRecoveryUiTest.kt:38)
at com.whip.app.HomeHabitRecoveryUiTest.offScheduleHabitsOpenSavedCollectionAtLargeText(HomeHabitRecoveryUiTest.kt:87)
Execute com.whip.app.HomeHabitRecoveryUiTest.habitInsightsShowRealActivityAndOpenThatHabitsHistory: FAILED
java.lang.AssertionError: java.lang.AssertionError: Action performScrollTo() failed.
Reason: Expected exactly '1' node but could not find any node that satisfies: ((Text + InputText + EditableText contains 'Log' (ignoreCase: false)) && (hasAnyAncestorThat(TestTag = 'habit-card-9')))

at androidx.compose.ui.test.SemanticsNodeInteraction.fetchOneOrThrow(SemanticsNodeInteraction.kt:178)
at androidx.compose.ui.test.SemanticsNodeInteraction.fetchOneOrThrow$default(SemanticsNodeInteraction.kt:150)
at androidx.compose.ui.test.SemanticsNodeInteraction.fetchSemanticsNode(SemanticsNodeInteraction.kt:84)
at androidx.compose.ui.test.ActionsKt.performScrollTo(Actions.kt:82)
at com.whip.app.HomeHabitRecoveryUiTest.habitInsightsShowRealActivityAndOpenThatHabitsHistory(HomeHabitRecoveryUiTest.kt:218)

java.lang.AssertionError: Action performScrollTo() failed.
Reason: Expected exactly '1' node but could not find any node that satisfies: ((Text + InputText + EditableText contains 'Log' (ignoreCase: false)) && (hasAnyAncestorThat(TestTag = 'habit-card-9')))

at androidx.compose.ui.test.SemanticsNodeInteraction.fetchOneOrThrow(SemanticsNodeInteraction.kt:178)
at androidx.compose.ui.test.SemanticsNodeInteraction.fetchOneOrThrow$default(SemanticsNodeInteraction.kt:150)
at androidx.compose.ui.test.SemanticsNodeInteraction.fetchSemanticsNode(SemanticsNodeInteraction.kt:84)
at androidx.compose.ui.test.ActionsKt.performScrollTo(Actions.kt:82)
at com.whip.app.HomeHabitRecoveryUiTest.habitInsightsShowRealActivityAndOpenThatHabitsHistory(HomeHabitRecoveryUiTest.kt:218)
Execute com.whip.app.HomeHabitRecoveryUiTest.denseTaskCalendarKeepsDateAndCountsLegibleAtLargeText: FAILED
java.lang.AssertionError: java.lang.AssertionError: Failed to inject touch input.
Reason: Expected exactly '1' node but could not find any node that satisfies: (Text + InputText + EditableText contains 'Calendar' (ignoreCase: false))

at androidx.compose.ui.test.SemanticsNodeInteraction.fetchOneOrThrow(SemanticsNodeInteraction.kt:178)
at androidx.compose.ui.test.SemanticsNodeInteraction.fetchOneOrThrow$default(SemanticsNodeInteraction.kt:150)
at androidx.compose.ui.test.SemanticsNodeInteraction.fetchSemanticsNode(SemanticsNodeInteraction.kt:84)
at androidx.compose.ui.test.ActionsKt.performTouchInput(Actions.kt:403)
at androidx.compose.ui.test.AndroidActions.performClickImpl(Actions.android.kt:23)
at androidx.compose.ui.test.ActionsKt.performClick(Actions.kt:61)
at com.whip.app.HomeHabitRecoveryUiTest.openTaskCalendar(HomeHabitRecoveryUiTest.kt:49)
at com.whip.app.HomeHabitRecoveryUiTest.denseTaskCalendarKeepsDateAndCountsLegibleAtLargeText(HomeHabitRecoveryUiTest.kt:251)

java.lang.AssertionError: Failed to inject touch input.
Reason: Expected exactly '1' node but could not find any node that satisfies: (Text + InputText + EditableText contains 'Calendar' (ignoreCase: false))

at androidx.compose.ui.test.SemanticsNodeInteraction.fetchOneOrThrow(SemanticsNodeInteraction.kt:178)
at androidx.compose.ui.test.SemanticsNodeInteraction.fetchOneOrThrow$default(SemanticsNodeInteraction.kt:150)
at androidx.compose.ui.test.SemanticsNodeInteraction.fetchSemanticsNode(SemanticsNodeInteraction.kt:84)
at androidx.compose.ui.test.ActionsKt.performTouchInput(Actions.kt:403)
at androidx.compose.ui.test.AndroidActions.performClickImpl(Actions.android.kt:23)
at androidx.compose.ui.test.ActionsKt.performClick(Actions.kt:61)
at com.whip.app.HomeHabitRecoveryUiTest.openTaskCalendar(HomeHabitRecoveryUiTest.kt:49)
at com.whip.app.HomeHabitRecoveryUiTest.denseTaskCalendarKeepsDateAndCountsLegibleAtLargeText(HomeHabitRecoveryUiTest.kt:251)
Execute com.whip.app.HomeHabitRecoveryUiTest.calendarExplainsClearDayAndBoundsLoadedPlanningWindow: FAILED
java.lang.AssertionError: java.lang.AssertionError: Failed to inject touch input.
Reason: Expected exactly '1' node but could not find any node that satisfies: (Text + InputText + EditableText contains 'Calendar' (ignoreCase: false))

at androidx.compose.ui.test.SemanticsNodeInteraction.fetchOneOrThrow(SemanticsNodeInteraction.kt:178)
at androidx.compose.ui.test.SemanticsNodeInteraction.fetchOneOrThrow$default(SemanticsNodeInteraction.kt:150)
at androidx.compose.ui.test.SemanticsNodeInteraction.fetchSemanticsNode(SemanticsNodeInteraction.kt:84)
at androidx.compose.ui.test.ActionsKt.performTouchInput(Actions.kt:403)
at androidx.compose.ui.test.AndroidActions.performClickImpl(Actions.android.kt:23)
at androidx.compose.ui.test.ActionsKt.performClick(Actions.kt:61)
at com.whip.app.HomeHabitRecoveryUiTest.openTaskCalendar(HomeHabitRecoveryUiTest.kt:49)
at com.whip.app.HomeHabitRecoveryUiTest.calendarExplainsClearDayAndBoundsLoadedPlanningWindow(HomeHabitRecoveryUiTest.kt:181)

java.lang.AssertionError: Failed to inject touch input.
Reason: Expected exactly '1' node but could not find any node that satisfies: (Text + InputText + EditableText contains 'Calendar' (ignoreCase: false))

at androidx.compose.ui.test.SemanticsNodeInteraction.fetchOneOrThrow(SemanticsNodeInteraction.kt:178)
at androidx.compose.ui.test.SemanticsNodeInteraction.fetchOneOrThrow$default(SemanticsNodeInteraction.kt:150)
at androidx.compose.ui.test.SemanticsNodeInteraction.fetchSemanticsNode(SemanticsNodeInteraction.kt:84)
at androidx.compose.ui.test.ActionsKt.performTouchInput(Actions.kt:403)
at androidx.compose.ui.test.AndroidActions.performClickImpl(Actions.android.kt:23)
at androidx.compose.ui.test.ActionsKt.performClick(Actions.kt:61)
at com.whip.app.HomeHabitRecoveryUiTest.openTaskCalendar(HomeHabitRecoveryUiTest.kt:49)
at com.whip.app.HomeHabitRecoveryUiTest.calendarExplainsClearDayAndBoundsLoadedPlanningWindow(HomeHabitRecoveryUiTest.kt:181)
Execute com.whip.app.HomeHabitRecoveryUiTest.manyTaskFiltersKeepTheResultsViewportReachableAtLargeText: FAILED
java.lang.AssertionError: java.lang.AssertionError: Action performScrollTo() failed.
Reason: Expected exactly '1' node but could not find any node that satisfies: (Text + InputText + EditableText contains 'Detailed recipe' (ignoreCase: false))

at androidx.compose.ui.test.SemanticsNodeInteraction.fetchOneOrThrow(SemanticsNodeInteraction.kt:178)
at androidx.compose.ui.test.SemanticsNodeInteraction.fetchOneOrThrow$default(SemanticsNodeInteraction.kt:150)
at androidx.compose.ui.test.SemanticsNodeInteraction.fetchSemanticsNode(SemanticsNodeInteraction.kt:84)
at androidx.compose.ui.test.ActionsKt.performScrollTo(Actions.kt:82)
at com.whip.app.HomeHabitRecoveryUiTest.manyTaskFiltersKeepTheResultsViewportReachableAtLargeText(HomeHabitRecoveryUiTest.kt:321)

java.lang.AssertionError: Action performScrollTo() failed.
Reason: Expected exactly '1' node but could not find any node that satisfies: (Text + InputText + EditableText contains 'Detailed recipe' (ignoreCase: false))

at androidx.compose.ui.test.SemanticsNodeInteraction.fetchOneOrThrow(SemanticsNodeInteraction.kt:178)
at androidx.compose.ui.test.SemanticsNodeInteraction.fetchOneOrThrow$default(SemanticsNodeInteraction.kt:150)
at androidx.compose.ui.test.SemanticsNodeInteraction.fetchSemanticsNode(SemanticsNodeInteraction.kt:84)
at androidx.compose.ui.test.ActionsKt.performScrollTo(Actions.kt:82)
at com.whip.app.HomeHabitRecoveryUiTest.manyTaskFiltersKeepTheResultsViewportReachableAtLargeText(HomeHabitRecoveryUiTest.kt:321)
Execute com.whip.app.HomeHabitRecoveryUiTest.addingNoteAfterNumericLogDoesNotRepeatItsAmount: FAILED
java.lang.AssertionError: java.lang.AssertionError: Action performScrollTo() failed.
Reason: Expected exactly '1' node but could not find any node that satisfies: ((Text + InputText + EditableText contains 'Log' (ignoreCase: false)) && (hasAnyAncestorThat(TestTag = 'habit-card-14')))

at androidx.compose.ui.test.SemanticsNodeInteraction.fetchOneOrThrow(SemanticsNodeInteraction.kt:178)
at androidx.compose.ui.test.SemanticsNodeInteraction.fetchOneOrThrow$default(SemanticsNodeInteraction.kt:150)
at androidx.compose.ui.test.SemanticsNodeInteraction.fetchSemanticsNode(SemanticsNodeInteraction.kt:84)
at androidx.compose.ui.test.ActionsKt.performScrollTo(Actions.kt:82)
at com.whip.app.HomeHabitRecoveryUiTest.addingNoteAfterNumericLogDoesNotRepeatItsAmount(HomeHabitRecoveryUiTest.kt:146)

java.lang.AssertionError: Action performScrollTo() failed.
Reason: Expected exactly '1' node but could not find any node that satisfies: ((Text + InputText + EditableText contains 'Log' (ignoreCase: false)) && (hasAnyAncestorThat(TestTag = 'habit-card-14')))

at androidx.compose.ui.test.SemanticsNodeInteraction.fetchOneOrThrow(SemanticsNodeInteraction.kt:178)
at androidx.compose.ui.test.SemanticsNodeInteraction.fetchOneOrThrow$default(SemanticsNodeInteraction.kt:150)
at androidx.compose.ui.test.SemanticsNodeInteraction.fetchSemanticsNode(SemanticsNodeInteraction.kt:84)
at androidx.compose.ui.test.ActionsKt.performScrollTo(Actions.kt:82)
at com.whip.app.HomeHabitRecoveryUiTest.addingNoteAfterNumericLogDoesNotRepeatItsAmount(HomeHabitRecoveryUiTest.kt:146)
Execute com.whip.app.HomeHabitRecoveryUiTest.taskFiltersShowLiveMatchCountAndSavedRecipesBeforeAdvancedCriteria: FAILED
java.lang.AssertionError: java.lang.AssertionError: Action performScrollTo() failed.
Reason: Expected exactly '1' node but could not find any node that satisfies: (Text + InputText + EditableText contains 'Pinned work' (ignoreCase: false))

at androidx.compose.ui.test.SemanticsNodeInteraction.fetchOneOrThrow(SemanticsNodeInteraction.kt:178)
at androidx.compose.ui.test.SemanticsNodeInteraction.fetchOneOrThrow$default(SemanticsNodeInteraction.kt:150)
at androidx.compose.ui.test.SemanticsNodeInteraction.fetchSemanticsNode(SemanticsNodeInteraction.kt:84)
at androidx.compose.ui.test.ActionsKt.performScrollTo(Actions.kt:82)
at com.whip.app.HomeHabitRecoveryUiTest.taskFiltersShowLiveMatchCountAndSavedRecipesBeforeAdvancedCriteria(HomeHabitRecoveryUiTest.kt:297)

java.lang.AssertionError: Action performScrollTo() failed.
Reason: Expected exactly '1' node but could not find any node that satisfies: (Text + InputText + EditableText contains 'Pinned work' (ignoreCase: false))

at androidx.compose.ui.test.SemanticsNodeInteraction.fetchOneOrThrow(SemanticsNodeInteraction.kt:178)
at androidx.compose.ui.test.SemanticsNodeInteraction.fetchOneOrThrow$default(SemanticsNodeInteraction.kt:150)
at androidx.compose.ui.test.SemanticsNodeInteraction.fetchSemanticsNode(SemanticsNodeInteraction.kt:84)
at androidx.compose.ui.test.ActionsKt.performScrollTo(Actions.kt:82)
at com.whip.app.HomeHabitRecoveryUiTest.taskFiltersShowLiveMatchCountAndSavedRecipesBeforeAdvancedCriteria(HomeHabitRecoveryUiTest.kt:297)
Execute com.whip.app.InlineTaskCaptureE2ETest.inlineTaskDraftSurvivesRecreationAndSavesWithTheNativeKeyboardAtLargeText: FAILED
java.lang.AssertionError: java.lang.AssertionError: Failed to retrieve bounds of the node.
Reason: Expected exactly '1' node but could not find any node that satisfies: (Text + InputText + EditableText contains 'Task for Today' (ignoreCase: false))

at androidx.compose.ui.test.SemanticsNodeInteraction.fetchOneOrThrow(SemanticsNodeInteraction.kt:178)
at androidx.compose.ui.test.SemanticsNodeInteraction.fetchOneOrThrow$default(SemanticsNodeInteraction.kt:150)
at androidx.compose.ui.test.SemanticsNodeInteraction.fetchSemanticsNode(SemanticsNodeInteraction.kt:84)
at androidx.compose.ui.test.BoundsAssertionsKt.withUnclippedBoundsInRoot(BoundsAssertions.kt:259)
at androidx.compose.ui.test.BoundsAssertionsKt.getUnclippedBoundsInRoot(BoundsAssertions.kt:150)
at com.whip.app.InlineTaskCaptureE2ETest.assertWholeQueryVisible(InlineTaskCaptureE2ETest.kt:142)
at com.whip.app.InlineTaskCaptureE2ETest.verifyCapture(InlineTaskCaptureE2ETest.kt:71)
at com.whip.app.InlineTaskCaptureE2ETest.inlineTaskDraftSurvivesRecreationAndSavesWithTheNativeKeyboardAtLargeText(InlineTaskCaptureE2ETest.kt:57)

java.lang.AssertionError: Failed to retrieve bounds of the node.
Reason: Expected exactly '1' node but could not find any node that satisfies: (Text + InputText + EditableText contains 'Task for Today' (ignoreCase: false))

at androidx.compose.ui.test.SemanticsNodeInteraction.fetchOneOrThrow(SemanticsNodeInteraction.kt:178)
at androidx.compose.ui.test.SemanticsNodeInteraction.fetchOneOrThrow$default(SemanticsNodeInteraction.kt:150)
at androidx.compose.ui.test.SemanticsNodeInteraction.fetchSemanticsNode(SemanticsNodeInteraction.kt:84)
at androidx.compose.ui.test.BoundsAssertionsKt.withUnclippedBoundsInRoot(BoundsAssertions.kt:259)
at androidx.compose.ui.test.BoundsAssertionsKt.getUnclippedBoundsInRoot(BoundsAssertions.kt:150)
at com.whip.app.InlineTaskCaptureE2ETest.assertWholeQueryVisible(InlineTaskCaptureE2ETest.kt:142)
at com.whip.app.InlineTaskCaptureE2ETest.verifyCapture(InlineTaskCaptureE2ETest.kt:71)
at com.whip.app.InlineTaskCaptureE2ETest.inlineTaskDraftSurvivesRecreationAndSavesWithTheNativeKeyboardAtLargeText(InlineTaskCaptureE2ETest.kt:57)
Execute com.whip.app.InlineTaskCaptureE2ETest.inlineTaskDraftSurvivesRecreationAndSavesWithTheNativeKeyboard: FAILED
java.lang.AssertionError: java.lang.AssertionError: Failed to retrieve bounds of the node.
Reason: Expected exactly '1' node but could not find any node that satisfies: (Text + InputText + EditableText contains 'Task for Today' (ignoreCase: false))

at androidx.compose.ui.test.SemanticsNodeInteraction.fetchOneOrThrow(SemanticsNodeInteraction.kt:178)
at androidx.compose.ui.test.SemanticsNodeInteraction.fetchOneOrThrow$default(SemanticsNodeInteraction.kt:150)
at androidx.compose.ui.test.SemanticsNodeInteraction.fetchSemanticsNode(SemanticsNodeInteraction.kt:84)
at androidx.compose.ui.test.BoundsAssertionsKt.withUnclippedBoundsInRoot(BoundsAssertions.kt:259)
at androidx.compose.ui.test.BoundsAssertionsKt.getUnclippedBoundsInRoot(BoundsAssertions.kt:150)
at com.whip.app.InlineTaskCaptureE2ETest.assertWholeQueryVisible(InlineTaskCaptureE2ETest.kt:142)
at com.whip.app.InlineTaskCaptureE2ETest.verifyCapture(InlineTaskCaptureE2ETest.kt:71)
at com.whip.app.InlineTaskCaptureE2ETest.inlineTaskDraftSurvivesRecreationAndSavesWithTheNativeKeyboard(InlineTaskCaptureE2ETest.kt:54)

java.lang.AssertionError: Failed to retrieve bounds of the node.
Reason: Expected exactly '1' node but could not find any node that satisfies: (Text + InputText + EditableText contains 'Task for Today' (ignoreCase: false))

at androidx.compose.ui.test.SemanticsNodeInteraction.fetchOneOrThrow(SemanticsNodeInteraction.kt:178)
at androidx.compose.ui.test.SemanticsNodeInteraction.fetchOneOrThrow$default(SemanticsNodeInteraction.kt:150)
at androidx.compose.ui.test.SemanticsNodeInteraction.fetchSemanticsNode(SemanticsNodeInteraction.kt:84)
at androidx.compose.ui.test.BoundsAssertionsKt.withUnclippedBoundsInRoot(BoundsAssertions.kt:259)
at androidx.compose.ui.test.BoundsAssertionsKt.getUnclippedBoundsInRoot(BoundsAssertions.kt:150)
at com.whip.app.InlineTaskCaptureE2ETest.assertWholeQueryVisible(InlineTaskCaptureE2ETest.kt:142)
at com.whip.app.InlineTaskCaptureE2ETest.verifyCapture(InlineTaskCaptureE2ETest.kt:71)
at com.whip.app.InlineTaskCaptureE2ETest.inlineTaskDraftSurvivesRecreationAndSavesWithTheNativeKeyboard(InlineTaskCaptureE2ETest.kt:54)
Execute com.whip.app.LegacyImportJourneyE2ETest.restoredHabitContinuesManuallyAndSettingsFocusOnLocalData: FAILED
java.lang.AssertionError: java.lang.AssertionError: Failed to assert the following: (is enabled)
Reason: Expected exactly '1' node but could not find any node that satisfies: (Text + InputText + EditableText contains '+1' (ignoreCase: false))

at androidx.compose.ui.test.SemanticsNodeInteraction.fetchOneOrThrow(SemanticsNodeInteraction.kt:178)
at androidx.compose.ui.test.SemanticsNodeInteraction.fetchOneOrThrow$default(SemanticsNodeInteraction.kt:150)
at androidx.compose.ui.test.SemanticsNodeInteraction.fetchSemanticsNode(SemanticsNodeInteraction.kt:84)
at androidx.compose.ui.test.AssertionsKt.assert(Assertions.kt:291)
at androidx.compose.ui.test.AssertionsKt.assert$default(Assertions.kt:283)
at androidx.compose.ui.test.AssertionsKt.assertIsEnabled(Assertions.kt:60)
at com.whip.app.LegacyImportJourneyE2ETest.restoredHabitContinuesManuallyAndSettingsFocusOnLocalData(LegacyImportJourneyE2ETest.kt:50)

java.lang.AssertionError: Failed to assert the following: (is enabled)
Reason: Expected exactly '1' node but could not find any node that satisfies: (Text + InputText + EditableText contains '+1' (ignoreCase: false))

at androidx.compose.ui.test.SemanticsNodeInteraction.fetchOneOrThrow(SemanticsNodeInteraction.kt:178)
at androidx.compose.ui.test.SemanticsNodeInteraction.fetchOneOrThrow$default(SemanticsNodeInteraction.kt:150)
at androidx.compose.ui.test.SemanticsNodeInteraction.fetchSemanticsNode(SemanticsNodeInteraction.kt:84)
at androidx.compose.ui.test.AssertionsKt.assert(Assertions.kt:291)
at androidx.compose.ui.test.AssertionsKt.assert$default(Assertions.kt:283)
at androidx.compose.ui.test.AssertionsKt.assertIsEnabled(Assertions.kt:60)
at com.whip.app.LegacyImportJourneyE2ETest.restoredHabitContinuesManuallyAndSettingsFocusOnLocalData(LegacyImportJourneyE2ETest.kt:50)

> Task :app:connectedDebugAndroidTest FAILED

FAILURE: Build failed with an exception.

* What went wrong:
Execution failed for task ':app:connectedDebugAndroidTest' (registered by plugin 'com.android.internal.application').
> There were failing tests. See the report at: file:///root/repos/whip/app/build/whip-android-workers/instrumentation-results-7uerrc-worker-1/reports/index.html

* Try:
> Run with --stacktrace option to get the stack trace.
> Run with --info or --debug option to get more log output.
> Run with --scan to get full insights from a Build Scan (powered by Develocity).
> Get more help at https://help.gradle.org.

BUILD FAILED in 7m 20s
78 actionable tasks: 1 executed, 77 up-to-date
error: Android batch 1 requires a successful Gradle task, nonzero tests, and zero failures/skips; got status/tests/failures/skips 1/92/13/0; results retained in /root/repos/whip/build/instrumentation-results-7UerrC
