Reusing configuration cache.
> Task :app:generateDebugAssets UP-TO-DATE
> Task :app:generateDebugAndroidTestAssets UP-TO-DATE
> Task :app:preBuild UP-TO-DATE
> Task :app:preDebugBuild UP-TO-DATE
> Task :app:copyRoomSchemasToAndroidTestAssetsDebugAndroidTest UP-TO-DATE
> Task :app:preDebugAndroidTestBuild SKIPPED
> Task :app:generateDebugAndroidTestResValues UP-TO-DATE
> Task :app:processDebugAndroidTestNavigationResources UP-TO-DATE
> Task :app:generateDebugAndroidTestResources UP-TO-DATE
> Task :app:generateDebugAndroidTestGlobalSynthetics UP-TO-DATE
> Task :app:javaPreCompileDebugAndroidTest UP-TO-DATE
> Task :app:desugarDebugAndroidTestFileDependencies UP-TO-DATE
> Task :app:packageDebugAndroidTestResources UP-TO-DATE
> Task :app:mapDebugAndroidTestSourceSetPaths UP-TO-DATE
> Task :app:writeDebugAndroidTestSigningConfigVersions UP-TO-DATE
> Task :app:checkDebugAndroidTestDuplicateClasses UP-TO-DATE
> Task :app:compileDebugAndroidTestNavigationResources UP-TO-DATE
> Task :app:validateSigningDebugAndroidTest UP-TO-DATE
> Task :app:mergeDebugAndroidTestJniLibFolders UP-TO-DATE
> Task :app:mergeDebugNativeDebugMetadata NO-SOURCE
> Task :app:generateDebugBuildConfig UP-TO-DATE
> Task :app:javaPreCompileDebug UP-TO-DATE
> Task :app:createDebugCompatibleScreenManifests UP-TO-DATE
> Task :app:generateDebugGlobalSynthetics UP-TO-DATE
> Task :app:generateDebugJacocoPropertiesFile UP-TO-DATE
> Task :app:desugarDebugFileDependencies UP-TO-DATE
> Task :app:generateDebugResValues UP-TO-DATE
> Task :app:mergeLibDexDebugAndroidTest UP-TO-DATE
> Task :app:mergeDebugJniLibFolders UP-TO-DATE
> Task :app:parseDebugAndroidTestLocalResources UP-TO-DATE
> Task :app:generateDebugResources UP-TO-DATE
> Task :app:extractDeepLinksDebug UP-TO-DATE
> Task :app:checkDebugDuplicateClasses UP-TO-DATE
> Task :app:writeDebugAppMetadata UP-TO-DATE
> Task :app:packageDebugResources UP-TO-DATE
> Task :app:mergeLibDexDebug UP-TO-DATE
> Task :app:mapDebugSourceSetPaths UP-TO-DATE
> Task :app:generateDebugAndroidTestRFile UP-TO-DATE
> Task :app:writeDebugSigningConfigVersions UP-TO-DATE
> Task :app:validateSigningDebug UP-TO-DATE
> Task :app:processDebugNavigationResources UP-TO-DATE
> Task :app:checkDebugAarMetadata UP-TO-DATE
> Task :app:compileDebugNavigationResources UP-TO-DATE
> Task :app:mergeDebugAssets UP-TO-DATE
> Task :app:parseDebugLocalResources UP-TO-DATE
> Task :app:mergeExtDexDebugAndroidTest UP-TO-DATE
> Task :app:mergeDebugAndroidTestAssets UP-TO-DATE
> Task :app:compressDebugAssets UP-TO-DATE
> Task :app:checkDebugAndroidTestAarMetadata UP-TO-DATE
> Task :app:mergeDebugAndroidTestResources UP-TO-DATE
> Task :app:mergeDebugNativeLibs UP-TO-DATE
> Task :app:mergeDebugAndroidTestManifest UP-TO-DATE
> Task :app:generateDebugRFile UP-TO-DATE
> Task :app:compressDebugAndroidTestAssets UP-TO-DATE
> Task :app:processDebugMainManifest UP-TO-DATE
> Task :app:mergeDebugResources UP-TO-DATE
> Task :app:processDebugManifest UP-TO-DATE
> Task :app:stripDebugDebugSymbols UP-TO-DATE
> Task :app:mergeExtDexDebug UP-TO-DATE
> Task :app:processDebugManifestForPackage UP-TO-DATE
> Task :app:mergeDebugAndroidTestNativeLibs NO-SOURCE
> Task :app:kspDebugKotlin UP-TO-DATE
> Task :app:processDebugAndroidTestManifest UP-TO-DATE
> Task :app:generateDebugAndroidTestBuildConfig UP-TO-DATE
> Task :app:stripDebugAndroidTestDebugSymbols NO-SOURCE
> Task :app:processDebugResources UP-TO-DATE
> Task :app:processDebugAndroidTestResources UP-TO-DATE
> Task :app:compileDebugKotlin UP-TO-DATE
> Task :app:compileDebugJavaWithJavac UP-TO-DATE
> Task :app:processDebugJavaRes UP-TO-DATE
> Task :app:bundleDebugClassesToCompileJar UP-TO-DATE
> Task :app:kspDebugAndroidTestKotlin SKIPPED
> Task :app:jacocoDebug UP-TO-DATE
> Task :app:dexBuilderDebug UP-TO-DATE
> Task :app:mergeProjectDexDebug UP-TO-DATE
> Task :app:mergeDebugJavaResource UP-TO-DATE
> Task :app:packageDebug UP-TO-DATE
> Task :app:assembleDebug UP-TO-DATE
> Task :app:compileDebugAndroidTestKotlin UP-TO-DATE
> Task :app:createDebugApkListingFileRedirect UP-TO-DATE
> Task :app:processDebugAndroidTestJavaRes UP-TO-DATE
> Task :app:compileDebugAndroidTestJavaWithJavac UP-TO-DATE
> Task :app:mergeDebugAndroidTestJavaResource UP-TO-DATE
> Task :app:copyRoomSchemas NO-SOURCE
> Task :app:dexBuilderDebugAndroidTest UP-TO-DATE
> Task :app:mergeProjectDexDebugAndroidTest UP-TO-DATE
> Task :app:packageDebugAndroidTest UP-TO-DATE
> Task :app:assembleDebugAndroidTest UP-TO-DATE
> Task :app:createDebugAndroidTestApkListingFileRedirect UP-TO-DATE

BUILD SUCCESSFUL in 738ms
77 actionable tasks: 77 up-to-date
Configuration cache entry reused.
Android batch 1/1 (ordinary, 10 selector(s)).
> Task :app:preBuild UP-TO-DATE
> Task :app:preDebugBuild UP-TO-DATE
> Task :app:generateDebugBuildConfig UP-TO-DATE
> Task :app:generateDebugResValues UP-TO-DATE
> Task :app:generateDebugResources UP-TO-DATE
> Task :app:packageDebugResources UP-TO-DATE
> Task :app:processDebugNavigationResources UP-TO-DATE
> Task :app:parseDebugLocalResources UP-TO-DATE
> Task :app:generateDebugRFile UP-TO-DATE
> Task :app:kspDebugKotlin UP-TO-DATE
> Task :app:compileDebugKotlin UP-TO-DATE
> Task :app:javaPreCompileDebug UP-TO-DATE
> Task :app:compileDebugJavaWithJavac UP-TO-DATE
> Task :app:checkDebugAarMetadata UP-TO-DATE
> Task :app:mapDebugSourceSetPaths UP-TO-DATE
> Task :app:compileDebugNavigationResources UP-TO-DATE
> Task :app:mergeDebugResources UP-TO-DATE
> Task :app:createDebugCompatibleScreenManifests UP-TO-DATE
> Task :app:extractDeepLinksDebug UP-TO-DATE
> Task :app:processDebugMainManifest UP-TO-DATE
> Task :app:processDebugManifest UP-TO-DATE
> Task :app:processDebugManifestForPackage UP-TO-DATE
> Task :app:processDebugResources UP-TO-DATE
> Task :app:bundleDebugClassesToCompileJar UP-TO-DATE
> Task :app:preDebugAndroidTestBuild SKIPPED
> Task :app:mergeDebugAndroidTestManifest UP-TO-DATE
> Task :app:processDebugAndroidTestManifest UP-TO-DATE
> Task :app:generateDebugAndroidTestBuildConfig UP-TO-DATE
> Task :app:generateDebugAndroidTestResValues UP-TO-DATE
> Task :app:generateDebugAndroidTestResources UP-TO-DATE
> Task :app:packageDebugAndroidTestResources UP-TO-DATE
> Task :app:processDebugAndroidTestNavigationResources UP-TO-DATE
> Task :app:parseDebugAndroidTestLocalResources UP-TO-DATE
> Task :app:generateDebugAndroidTestRFile UP-TO-DATE
> Task :app:kspDebugAndroidTestKotlin SKIPPED
> Task :app:compileDebugAndroidTestKotlin UP-TO-DATE
> Task :app:javaPreCompileDebugAndroidTest UP-TO-DATE
> Task :app:compileDebugAndroidTestJavaWithJavac UP-TO-DATE
> Task :app:copyRoomSchemas NO-SOURCE
> Task :app:generateDebugAssets UP-TO-DATE
> Task :app:mergeDebugAssets UP-TO-DATE
> Task :app:compressDebugAssets UP-TO-DATE
> Task :app:generateDebugGlobalSynthetics UP-TO-DATE
> Task :app:generateDebugJacocoPropertiesFile UP-TO-DATE
> Task :app:processDebugJavaRes UP-TO-DATE
> Task :app:mergeDebugJavaResource UP-TO-DATE
> Task :app:checkDebugDuplicateClasses UP-TO-DATE
> Task :app:desugarDebugFileDependencies UP-TO-DATE
> Task :app:mergeExtDexDebug UP-TO-DATE
> Task :app:mergeLibDexDebug UP-TO-DATE
> Task :app:jacocoDebug UP-TO-DATE
> Task :app:dexBuilderDebug UP-TO-DATE
> Task :app:mergeProjectDexDebug UP-TO-DATE
> Task :app:mergeDebugJniLibFolders UP-TO-DATE
> Task :app:mergeDebugNativeLibs UP-TO-DATE
> Task :app:stripDebugDebugSymbols UP-TO-DATE
> Task :app:validateSigningDebug UP-TO-DATE
> Task :app:writeDebugAppMetadata UP-TO-DATE
> Task :app:writeDebugSigningConfigVersions UP-TO-DATE
> Task :app:packageDebug UP-TO-DATE
> Task :app:createDebugApkListingFileRedirect UP-TO-DATE
> Task :app:copyRoomSchemasToAndroidTestAssetsDebugAndroidTest UP-TO-DATE
> Task :app:generateDebugAndroidTestAssets UP-TO-DATE
> Task :app:mergeDebugAndroidTestAssets UP-TO-DATE
> Task :app:compressDebugAndroidTestAssets UP-TO-DATE
> Task :app:generateDebugAndroidTestGlobalSynthetics UP-TO-DATE
> Task :app:processDebugAndroidTestJavaRes UP-TO-DATE
> Task :app:mergeDebugAndroidTestJavaResource UP-TO-DATE
> Task :app:checkDebugAndroidTestDuplicateClasses UP-TO-DATE
> Task :app:desugarDebugAndroidTestFileDependencies UP-TO-DATE
> Task :app:mergeExtDexDebugAndroidTest UP-TO-DATE
> Task :app:mergeLibDexDebugAndroidTest UP-TO-DATE
> Task :app:checkDebugAndroidTestAarMetadata UP-TO-DATE
> Task :app:mapDebugAndroidTestSourceSetPaths UP-TO-DATE
> Task :app:compileDebugAndroidTestNavigationResources UP-TO-DATE
> Task :app:mergeDebugAndroidTestResources UP-TO-DATE
> Task :app:processDebugAndroidTestResources UP-TO-DATE
> Task :app:dexBuilderDebugAndroidTest UP-TO-DATE
> Task :app:mergeProjectDexDebugAndroidTest UP-TO-DATE
> Task :app:mergeDebugAndroidTestJniLibFolders UP-TO-DATE
> Task :app:mergeDebugAndroidTestNativeLibs NO-SOURCE
> Task :app:stripDebugAndroidTestDebugSymbols NO-SOURCE
> Task :app:validateSigningDebugAndroidTest UP-TO-DATE
> Task :app:writeDebugAndroidTestSigningConfigVersions UP-TO-DATE
> Task :app:packageDebugAndroidTest UP-TO-DATE
> Task :app:createDebugAndroidTestApkListingFileRedirect UP-TO-DATE
Starting 80 tests on whip_api34(AVD) - 14
whip_api34(AVD) - 14 Tests 10/80 completed. (0 skipped) (0 failed)
> Task :app:connectedDebugAndroidTest

whip_api34(AVD) - 14 Tests 11/80 completed. (0 skipped) (0 failed)
whip_api34(AVD) - 14 Tests 12/80 completed. (0 skipped) (0 failed)
whip_api34(AVD) - 14 Tests 13/80 completed. (0 skipped) (0 failed)
whip_api34(AVD) - 14 Tests 14/80 completed. (0 skipped) (0 failed)
whip_api34(AVD) - 14 Tests 15/80 completed. (0 skipped) (0 failed)
whip_api34(AVD) - 14 Tests 16/80 completed. (0 skipped) (0 failed)
whip_api34(AVD) - 14 Tests 17/80 completed. (0 skipped) (0 failed)
whip_api34(AVD) - 14 Tests 18/80 completed. (0 skipped) (0 failed)
whip_api34(AVD) - 14 Tests 19/80 completed. (0 skipped) (0 failed)

com.whip.app.ReviewOutcomeJourneyE2ETest > mixedTaskHistoryKeepsAreaScopeAndDistinctOccurrences[whip_api34(AVD) - 14] [31mFAILED [0m
	java.lang.AssertionError: Assert failed: The component with TestTag = 'review-outcome-list' is not displayed!
	at androidx.compose.ui.test.AssertionsKt.assertIsDisplayed(Assertions.kt:34)
whip_api34(AVD) - 14 Tests 20/80 completed. (0 skipped) (1 failed)
whip_api34(AVD) - 14 Tests 21/80 completed. (0 skipped) (1 failed)
whip_api34(AVD) - 14 Tests 22/80 completed. (0 skipped) (1 failed)

com.whip.app.ReviewOutcomeJourneyE2ETest > finishedWorkoutOutcomesOpenTheirOriginalSession[whip_api34(AVD) - 14] [31mFAILED [0m
	java.lang.AssertionError: Assert failed: The component with Text + InputText + EditableText contains 'Showing the selected workout.' (ignoreCase: false) is not displayed!
	at androidx.compose.ui.test.AssertionsKt.assertIsDisplayed(Assertions.kt:34)
whip_api34(AVD) - 14 Tests 23/80 completed. (0 skipped) (2 failed)
whip_api34(AVD) - 14 Tests 24/80 completed. (0 skipped) (2 failed)
whip_api34(AVD) - 14 Tests 26/80 completed. (0 skipped) (2 failed)
whip_api34(AVD) - 14 Tests 28/80 completed. (0 skipped) (2 failed)
whip_api34(AVD) - 14 Tests 29/80 completed. (0 skipped) (2 failed)
whip_api34(AVD) - 14 Tests 31/80 completed. (0 skipped) (2 failed)
whip_api34(AVD) - 14 Tests 32/80 completed. (0 skipped) (2 failed)
whip_api34(AVD) - 14 Tests 33/80 completed. (0 skipped) (2 failed)
whip_api34(AVD) - 14 Tests 34/80 completed. (0 skipped) (2 failed)
whip_api34(AVD) - 14 Tests 35/80 completed. (0 skipped) (2 failed)
whip_api34(AVD) - 14 Tests 37/80 completed. (0 skipped) (2 failed)
whip_api34(AVD) - 14 Tests 38/80 completed. (0 skipped) (2 failed)

com.whip.app.RoutineBuilderUiTest > advancedMachineCreationReturnsFromSeededExerciseCreationWithBothDraftsPreserved[whip_api34(AVD) - 14] [31mFAILED [0m
	java.lang.AssertionError: Failed to assert the following: (Text + InputText + EditableText contains 'Shared cable' (ignoreCase: false))
	Reason: Expected exactly '1' node but could not find any node that satisfies: (TestTag = 'machine-editor-name')
whip_api34(AVD) - 14 Tests 40/80 completed. (0 skipped) (3 failed)
whip_api34(AVD) - 14 Tests 41/80 completed. (0 skipped) (3 failed)
whip_api34(AVD) - 14 Tests 43/80 completed. (0 skipped) (3 failed)
whip_api34(AVD) - 14 Tests 44/80 completed. (0 skipped) (3 failed)
whip_api34(AVD) - 14 Tests 45/80 completed. (0 skipped) (3 failed)
whip_api34(AVD) - 14 Tests 46/80 completed. (0 skipped) (3 failed)
whip_api34(AVD) - 14 Tests 47/80 completed. (0 skipped) (3 failed)
whip_api34(AVD) - 14 Tests 49/80 completed. (0 skipped) (3 failed)
whip_api34(AVD) - 14 Tests 51/80 completed. (0 skipped) (3 failed)
whip_api34(AVD) - 14 Tests 54/80 completed. (0 skipped) (3 failed)
whip_api34(AVD) - 14 Tests 55/80 completed. (0 skipped) (3 failed)
whip_api34(AVD) - 14 Tests 56/80 completed. (0 skipped) (3 failed)
whip_api34(AVD) - 14 Tests 57/80 completed. (0 skipped) (3 failed)
whip_api34(AVD) - 14 Tests 58/80 completed. (0 skipped) (3 failed)
whip_api34(AVD) - 14 Tests 59/80 completed. (0 skipped) (3 failed)
whip_api34(AVD) - 14 Tests 60/80 completed. (0 skipped) (3 failed)
whip_api34(AVD) - 14 Tests 61/80 completed. (0 skipped) (3 failed)
whip_api34(AVD) - 14 Tests 62/80 completed. (0 skipped) (3 failed)
whip_api34(AVD) - 14 Tests 63/80 completed. (0 skipped) (3 failed)
whip_api34(AVD) - 14 Tests 64/80 completed. (0 skipped) (3 failed)
whip_api34(AVD) - 14 Tests 65/80 completed. (0 skipped) (3 failed)

com.whip.app.SettingsBehaviorUiTest > plainJsonBackupUsesAndroidsDocumentProviderAndReturnsSafelyOnCancel[whip_api34(AVD) - 14] [31mFAILED [0m
	java.lang.AssertionError: Android's document provider did not open for a user-selected export destination
	at org.junit.Assert.fail(Assert.java:89)
whip_api34(AVD) - 14 Tests 66/80 completed. (0 skipped) (4 failed)
whip_api34(AVD) - 14 Tests 67/80 completed. (0 skipped) (4 failed)

com.whip.app.SettingsBehaviorUiTest > malformedClockCannotChangeTheCutoffButCompleteClockCommits[whip_api34(AVD) - 14] [31mFAILED [0m
	androidx.compose.ui.test.ComposeTimeoutException: Condition still not satisfied after 1000 ms
	at androidx.compose.ui.test.AndroidComposeUiTestEnvironment$AndroidComposeUiTestImpl.waitUntil(ComposeUiTest.android.kt:901)
whip_api34(AVD) - 14 Tests 68/80 completed. (0 skipped) (5 failed)
whip_api34(AVD) - 14 Tests 69/80 completed. (0 skipped) (5 failed)
whip_api34(AVD) - 14 Tests 70/80 completed. (0 skipped) (5 failed)
whip_api34(AVD) - 14 Tests 71/80 completed. (0 skipped) (5 failed)
whip_api34(AVD) - 14 Tests 75/80 completed. (0 skipped) (5 failed)
whip_api34(AVD) - 14 Tests 78/80 completed. (0 skipped) (5 failed)
Tests on whip_api34(AVD) - 14 failed: There was 5 failure(s).
Finished 80 tests on whip_api34(AVD) - 14
Execute com.whip.app.ReviewOutcomeJourneyE2ETest.mixedTaskHistoryKeepsAreaScopeAndDistinctOccurrences: FAILED
java.lang.AssertionError: java.lang.AssertionError: Assert failed: The component with TestTag = 'review-outcome-list' is not displayed!
at androidx.compose.ui.test.AssertionsKt.assertIsDisplayed(Assertions.kt:34)
at com.whip.app.ReviewOutcomeJourneyE2ETest.mixedTaskHistoryKeepsAreaScopeAndDistinctOccurrences(ReviewOutcomeJourneyE2ETest.kt:83)

java.lang.AssertionError: Assert failed: The component with TestTag = 'review-outcome-list' is not displayed!
at androidx.compose.ui.test.AssertionsKt.assertIsDisplayed(Assertions.kt:34)
at com.whip.app.ReviewOutcomeJourneyE2ETest.mixedTaskHistoryKeepsAreaScopeAndDistinctOccurrences(ReviewOutcomeJourneyE2ETest.kt:83)
Execute com.whip.app.ReviewOutcomeJourneyE2ETest.finishedWorkoutOutcomesOpenTheirOriginalSession: FAILED
java.lang.AssertionError: java.lang.AssertionError: Assert failed: The component with Text + InputText + EditableText contains 'Showing the selected workout.' (ignoreCase: false) is not displayed!
at androidx.compose.ui.test.AssertionsKt.assertIsDisplayed(Assertions.kt:34)
at com.whip.app.ReviewOutcomeJourneyE2ETest.sourceJourney(ReviewOutcomeJourneyE2ETest.kt:132)
at com.whip.app.ReviewOutcomeJourneyE2ETest.finishedWorkoutOutcomesOpenTheirOriginalSession(ReviewOutcomeJourneyE2ETest.kt:24)

java.lang.AssertionError: Assert failed: The component with Text + InputText + EditableText contains 'Showing the selected workout.' (ignoreCase: false) is not displayed!
at androidx.compose.ui.test.AssertionsKt.assertIsDisplayed(Assertions.kt:34)
at com.whip.app.ReviewOutcomeJourneyE2ETest.sourceJourney(ReviewOutcomeJourneyE2ETest.kt:132)
at com.whip.app.ReviewOutcomeJourneyE2ETest.finishedWorkoutOutcomesOpenTheirOriginalSession(ReviewOutcomeJourneyE2ETest.kt:24)
Execute com.whip.app.RoutineBuilderUiTest.advancedMachineCreationReturnsFromSeededExerciseCreationWithBothDraftsPreserved: FAILED
java.lang.AssertionError: java.lang.AssertionError: Failed to assert the following: (Text + InputText + EditableText contains 'Shared cable' (ignoreCase: false))
Reason: Expected exactly '1' node but could not find any node that satisfies: (TestTag = 'machine-editor-name')

at androidx.compose.ui.test.SemanticsNodeInteraction.fetchOneOrThrow(SemanticsNodeInteraction.kt:178)
at androidx.compose.ui.test.SemanticsNodeInteraction.fetchOneOrThrow$default(SemanticsNodeInteraction.kt:150)
at androidx.compose.ui.test.SemanticsNodeInteraction.fetchSemanticsNode(SemanticsNodeInteraction.kt:84)
at androidx.compose.ui.test.AssertionsKt.assert(Assertions.kt:291)
at androidx.compose.ui.test.AssertionsKt.assert$default(Assertions.kt:283)
at androidx.compose.ui.test.AssertionsKt.assertTextContains(Assertions.kt:237)
at androidx.compose.ui.test.AssertionsKt.assertTextContains$default(Assertions.kt:233)
at com.whip.app.RoutineBuilderUiTest.advancedMachineCreationReturnsFromSeededExerciseCreationWithBothDraftsPreserved(RoutineBuilderUiTest.kt:1082)

java.lang.AssertionError: Failed to assert the following: (Text + InputText + EditableText contains 'Shared cable' (ignoreCase: false))
Reason: Expected exactly '1' node but could not find any node that satisfies: (TestTag = 'machine-editor-name')

at androidx.compose.ui.test.SemanticsNodeInteraction.fetchOneOrThrow(SemanticsNodeInteraction.kt:178)
at androidx.compose.ui.test.SemanticsNodeInteraction.fetchOneOrThrow$default(SemanticsNodeInteraction.kt:150)
at androidx.compose.ui.test.SemanticsNodeInteraction.fetchSemanticsNode(SemanticsNodeInteraction.kt:84)
at androidx.compose.ui.test.AssertionsKt.assert(Assertions.kt:291)
at androidx.compose.ui.test.AssertionsKt.assert$default(Assertions.kt:283)
at androidx.compose.ui.test.AssertionsKt.assertTextContains(Assertions.kt:237)
at androidx.compose.ui.test.AssertionsKt.assertTextContains$default(Assertions.kt:233)
at com.whip.app.RoutineBuilderUiTest.advancedMachineCreationReturnsFromSeededExerciseCreationWithBothDraftsPreserved(RoutineBuilderUiTest.kt:1082)
Execute com.whip.app.SettingsBehaviorUiTest.plainJsonBackupUsesAndroidsDocumentProviderAndReturnsSafelyOnCancel: FAILED
java.lang.AssertionError: java.lang.AssertionError: Android's document provider did not open for a user-selected export destination
at org.junit.Assert.fail(Assert.java:89)
at org.junit.Assert.assertTrue(Assert.java:42)
at com.whip.app.SettingsBehaviorUiTest.plainJsonBackupUsesAndroidsDocumentProviderAndReturnsSafelyOnCancel(SettingsBehaviorUiTest.kt:355)

java.lang.AssertionError: Android's document provider did not open for a user-selected export destination
at org.junit.Assert.fail(Assert.java:89)
at org.junit.Assert.assertTrue(Assert.java:42)
at com.whip.app.SettingsBehaviorUiTest.plainJsonBackupUsesAndroidsDocumentProviderAndReturnsSafelyOnCancel(SettingsBehaviorUiTest.kt:355)
Execute com.whip.app.SettingsBehaviorUiTest.malformedClockCannotChangeTheCutoffButCompleteClockCommits: FAILED
androidx.compose.ui.test.ComposeTimeoutException: androidx.compose.ui.test.ComposeTimeoutException: Condition still not satisfied after 1000 ms
at androidx.compose.ui.test.AndroidComposeUiTestEnvironment$AndroidComposeUiTestImpl.waitUntil(ComposeUiTest.android.kt:901)
at androidx.compose.ui.test.junit4.AndroidComposeTestRule.waitUntil(AndroidComposeTestRule.android.kt:500)
at androidx.compose.ui.test.junit4.ComposeTestRule.waitUntil$default(ComposeTestRule.jvmAndAndroid.kt:166)
at com.whip.app.SettingsBehaviorUiTest.malformedClockCannotChangeTheCutoffButCompleteClockCommits(SettingsBehaviorUiTest.kt:463)

androidx.compose.ui.test.ComposeTimeoutException: Condition still not satisfied after 1000 ms
at androidx.compose.ui.test.AndroidComposeUiTestEnvironment$AndroidComposeUiTestImpl.waitUntil(ComposeUiTest.android.kt:901)
at androidx.compose.ui.test.junit4.AndroidComposeTestRule.waitUntil(AndroidComposeTestRule.android.kt:500)
at androidx.compose.ui.test.junit4.ComposeTestRule.waitUntil$default(ComposeTestRule.jvmAndAndroid.kt:166)
at com.whip.app.SettingsBehaviorUiTest.malformedClockCannotChangeTheCutoffButCompleteClockCommits(SettingsBehaviorUiTest.kt:463)

> Task :app:connectedDebugAndroidTest FAILED

FAILURE: Build failed with an exception.

* What went wrong:
Execution failed for task ':app:connectedDebugAndroidTest' (registered by plugin 'com.android.internal.application').
> There were failing tests. See the report at: file:///root/repos/whip/app/build/whip-android-workers/instrumentation-results-ha7yzr-worker-1/reports/index.html

* Try:
> Run with --stacktrace option to get the stack trace.
> Run with --info or --debug option to get more log output.
> Run with --scan to get full insights from a Build Scan (powered by Develocity).
> Get more help at https://help.gradle.org.

BUILD FAILED in 18m 48s
78 actionable tasks: 1 executed, 77 up-to-date
error: Android batch 1 requires a successful Gradle task, nonzero tests, and zero failures/skips; got status/tests/failures/skips 1/80/5/0; results retained in /root/repos/whip/build/instrumentation-results-hA7YZr
