Reusing configuration cache.
> Task :app:generateDebugAssets UP-TO-DATE
> Task :app:generateDebugAndroidTestAssets UP-TO-DATE
> Task :app:preBuild UP-TO-DATE
> Task :app:preDebugBuild UP-TO-DATE
> Task :app:preDebugAndroidTestBuild SKIPPED
> Task :app:copyRoomSchemasToAndroidTestAssetsDebugAndroidTest UP-TO-DATE
> Task :app:processDebugAndroidTestNavigationResources UP-TO-DATE
> Task :app:generateDebugBuildConfig UP-TO-DATE
> Task :app:generateDebugResValues UP-TO-DATE
> Task :app:generateDebugAndroidTestGlobalSynthetics UP-TO-DATE
> Task :app:javaPreCompileDebug UP-TO-DATE
> Task :app:generateDebugJacocoPropertiesFile UP-TO-DATE
> Task :app:generateDebugGlobalSynthetics UP-TO-DATE
> Task :app:validateSigningDebug UP-TO-DATE
> Task :app:mergeDebugNativeDebugMetadata NO-SOURCE
> Task :app:writeDebugSigningConfigVersions UP-TO-DATE
> Task :app:desugarDebugFileDependencies UP-TO-DATE
> Task :app:javaPreCompileDebugAndroidTest UP-TO-DATE
> Task :app:writeDebugAppMetadata UP-TO-DATE
> Task :app:mergeDebugAndroidTestJniLibFolders UP-TO-DATE
> Task :app:generateDebugAndroidTestResValues UP-TO-DATE
> Task :app:mergeDebugJniLibFolders UP-TO-DATE
> Task :app:writeDebugAndroidTestSigningConfigVersions UP-TO-DATE
> Task :app:validateSigningDebugAndroidTest UP-TO-DATE
> Task :app:generateDebugResources UP-TO-DATE
> Task :app:createDebugCompatibleScreenManifests UP-TO-DATE
> Task :app:desugarDebugAndroidTestFileDependencies UP-TO-DATE
> Task :app:mapDebugSourceSetPaths UP-TO-DATE
> Task :app:extractDeepLinksDebug UP-TO-DATE
> Task :app:checkDebugDuplicateClasses UP-TO-DATE
> Task :app:mapDebugAndroidTestSourceSetPaths UP-TO-DATE
> Task :app:generateDebugAndroidTestResources UP-TO-DATE
> Task :app:mergeLibDexDebug UP-TO-DATE
> Task :app:compileDebugAndroidTestNavigationResources UP-TO-DATE
> Task :app:packageDebugResources UP-TO-DATE
> Task :app:checkDebugAndroidTestDuplicateClasses UP-TO-DATE
> Task :app:processDebugNavigationResources UP-TO-DATE
> Task :app:mergeDebugAssets UP-TO-DATE
> Task :app:checkDebugAndroidTestAarMetadata UP-TO-DATE
> Task :app:mergeDebugAndroidTestAssets UP-TO-DATE
> Task :app:checkDebugAarMetadata UP-TO-DATE
> Task :app:mergeDebugResources UP-TO-DATE
> Task :app:compressDebugAssets UP-TO-DATE
> Task :app:mergeDebugNativeLibs UP-TO-DATE
> Task :app:mergeLibDexDebugAndroidTest UP-TO-DATE
> Task :app:parseDebugLocalResources UP-TO-DATE
> Task :app:mergeDebugAndroidTestManifest UP-TO-DATE
> Task :app:packageDebugAndroidTestResources UP-TO-DATE
> Task :app:mergeDebugAndroidTestResources UP-TO-DATE
> Task :app:compileDebugNavigationResources UP-TO-DATE
> Task :app:compressDebugAndroidTestAssets UP-TO-DATE
> Task :app:mergeExtDexDebug UP-TO-DATE
> Task :app:processDebugMainManifest UP-TO-DATE
> Task :app:processDebugAndroidTestManifest UP-TO-DATE
> Task :app:generateDebugRFile UP-TO-DATE
> Task :app:processDebugManifest UP-TO-DATE
> Task :app:processDebugManifestForPackage UP-TO-DATE
> Task :app:mergeDebugAndroidTestNativeLibs NO-SOURCE
> Task :app:generateDebugAndroidTestBuildConfig UP-TO-DATE
> Task :app:stripDebugAndroidTestDebugSymbols NO-SOURCE
> Task :app:parseDebugAndroidTestLocalResources UP-TO-DATE
> Task :app:mergeExtDexDebugAndroidTest UP-TO-DATE
> Task :app:stripDebugDebugSymbols UP-TO-DATE
> Task :app:generateDebugAndroidTestRFile UP-TO-DATE
> Task :app:kspDebugKotlin UP-TO-DATE
> Task :app:processDebugResources UP-TO-DATE
> Task :app:processDebugAndroidTestResources UP-TO-DATE
> Task :app:compileDebugKotlin UP-TO-DATE
> Task :app:processDebugJavaRes UP-TO-DATE
> Task :app:compileDebugJavaWithJavac UP-TO-DATE
> Task :app:mergeDebugJavaResource UP-TO-DATE
> Task :app:bundleDebugClassesToCompileJar UP-TO-DATE
> Task :app:kspDebugAndroidTestKotlin SKIPPED
> Task :app:jacocoDebug UP-TO-DATE
> Task :app:dexBuilderDebug UP-TO-DATE
> Task :app:compileDebugAndroidTestKotlin UP-TO-DATE
> Task :app:mergeProjectDexDebug UP-TO-DATE
> Task :app:processDebugAndroidTestJavaRes UP-TO-DATE
> Task :app:compileDebugAndroidTestJavaWithJavac UP-TO-DATE
> Task :app:copyRoomSchemas NO-SOURCE
> Task :app:mergeDebugAndroidTestJavaResource UP-TO-DATE
> Task :app:packageDebug UP-TO-DATE
> Task :app:assembleDebug UP-TO-DATE
> Task :app:createDebugApkListingFileRedirect UP-TO-DATE
> Task :app:dexBuilderDebugAndroidTest UP-TO-DATE
> Task :app:mergeProjectDexDebugAndroidTest UP-TO-DATE
> Task :app:packageDebugAndroidTest UP-TO-DATE
> Task :app:createDebugAndroidTestApkListingFileRedirect UP-TO-DATE
> Task :app:assembleDebugAndroidTest UP-TO-DATE

BUILD SUCCESSFUL in 1s
77 actionable tasks: 77 up-to-date
Configuration cache entry reused.
Android batch 1/1 (ordinary, 10 selector(s)).
> Task :app:preBuild UP-TO-DATE
> Task :app:preDebugBuild UP-TO-DATE
> Task :app:generateDebugBuildConfig UP-TO-DATE
> Task :app:generateDebugResValues UP-TO-DATE
> Task :app:generateDebugResources UP-TO-DATE
> Task :app:packageDebugResources UP-TO-DATE
> Task :app:processDebugNavigationResources UP-TO-DATE
> Task :app:parseDebugLocalResources UP-TO-DATE
> Task :app:generateDebugRFile UP-TO-DATE
> Task :app:kspDebugKotlin UP-TO-DATE
> Task :app:compileDebugKotlin UP-TO-DATE
> Task :app:javaPreCompileDebug UP-TO-DATE
> Task :app:compileDebugJavaWithJavac UP-TO-DATE
> Task :app:checkDebugAarMetadata UP-TO-DATE
> Task :app:mapDebugSourceSetPaths UP-TO-DATE
> Task :app:compileDebugNavigationResources UP-TO-DATE
> Task :app:mergeDebugResources UP-TO-DATE
> Task :app:createDebugCompatibleScreenManifests UP-TO-DATE
> Task :app:extractDeepLinksDebug UP-TO-DATE
> Task :app:processDebugMainManifest UP-TO-DATE
> Task :app:processDebugManifest UP-TO-DATE
> Task :app:processDebugManifestForPackage UP-TO-DATE
> Task :app:processDebugResources UP-TO-DATE
> Task :app:bundleDebugClassesToCompileJar UP-TO-DATE
> Task :app:preDebugAndroidTestBuild SKIPPED
> Task :app:mergeDebugAndroidTestManifest UP-TO-DATE
> Task :app:processDebugAndroidTestManifest UP-TO-DATE
> Task :app:generateDebugAndroidTestBuildConfig UP-TO-DATE
> Task :app:generateDebugAndroidTestResValues UP-TO-DATE
> Task :app:generateDebugAndroidTestResources UP-TO-DATE
> Task :app:packageDebugAndroidTestResources UP-TO-DATE
> Task :app:processDebugAndroidTestNavigationResources UP-TO-DATE
> Task :app:parseDebugAndroidTestLocalResources UP-TO-DATE
> Task :app:generateDebugAndroidTestRFile UP-TO-DATE
> Task :app:kspDebugAndroidTestKotlin SKIPPED
> Task :app:compileDebugAndroidTestKotlin UP-TO-DATE
> Task :app:javaPreCompileDebugAndroidTest UP-TO-DATE
> Task :app:compileDebugAndroidTestJavaWithJavac UP-TO-DATE
> Task :app:copyRoomSchemas NO-SOURCE
> Task :app:generateDebugAssets UP-TO-DATE
> Task :app:mergeDebugAssets UP-TO-DATE
> Task :app:compressDebugAssets UP-TO-DATE
> Task :app:generateDebugGlobalSynthetics UP-TO-DATE
> Task :app:generateDebugJacocoPropertiesFile UP-TO-DATE
> Task :app:processDebugJavaRes UP-TO-DATE
> Task :app:mergeDebugJavaResource UP-TO-DATE
> Task :app:checkDebugDuplicateClasses UP-TO-DATE
> Task :app:desugarDebugFileDependencies UP-TO-DATE
> Task :app:mergeExtDexDebug UP-TO-DATE
> Task :app:mergeLibDexDebug UP-TO-DATE
> Task :app:jacocoDebug UP-TO-DATE
> Task :app:dexBuilderDebug UP-TO-DATE
> Task :app:mergeProjectDexDebug UP-TO-DATE
> Task :app:mergeDebugJniLibFolders UP-TO-DATE
> Task :app:mergeDebugNativeLibs UP-TO-DATE
> Task :app:stripDebugDebugSymbols UP-TO-DATE
> Task :app:validateSigningDebug UP-TO-DATE
> Task :app:writeDebugAppMetadata UP-TO-DATE
> Task :app:writeDebugSigningConfigVersions UP-TO-DATE
> Task :app:packageDebug UP-TO-DATE
> Task :app:createDebugApkListingFileRedirect UP-TO-DATE
> Task :app:copyRoomSchemasToAndroidTestAssetsDebugAndroidTest UP-TO-DATE
> Task :app:generateDebugAndroidTestAssets UP-TO-DATE
> Task :app:mergeDebugAndroidTestAssets UP-TO-DATE
> Task :app:compressDebugAndroidTestAssets UP-TO-DATE
> Task :app:generateDebugAndroidTestGlobalSynthetics UP-TO-DATE
> Task :app:processDebugAndroidTestJavaRes UP-TO-DATE
> Task :app:mergeDebugAndroidTestJavaResource UP-TO-DATE
> Task :app:checkDebugAndroidTestDuplicateClasses UP-TO-DATE
> Task :app:desugarDebugAndroidTestFileDependencies UP-TO-DATE
> Task :app:mergeExtDexDebugAndroidTest UP-TO-DATE
> Task :app:mergeLibDexDebugAndroidTest UP-TO-DATE
> Task :app:checkDebugAndroidTestAarMetadata UP-TO-DATE
> Task :app:mapDebugAndroidTestSourceSetPaths UP-TO-DATE
> Task :app:compileDebugAndroidTestNavigationResources UP-TO-DATE
> Task :app:mergeDebugAndroidTestResources UP-TO-DATE
> Task :app:processDebugAndroidTestResources UP-TO-DATE
> Task :app:dexBuilderDebugAndroidTest UP-TO-DATE
> Task :app:mergeProjectDexDebugAndroidTest UP-TO-DATE
> Task :app:mergeDebugAndroidTestJniLibFolders UP-TO-DATE
> Task :app:mergeDebugAndroidTestNativeLibs NO-SOURCE
> Task :app:stripDebugAndroidTestDebugSymbols NO-SOURCE
> Task :app:validateSigningDebugAndroidTest UP-TO-DATE
> Task :app:writeDebugAndroidTestSigningConfigVersions UP-TO-DATE
> Task :app:packageDebugAndroidTest UP-TO-DATE
> Task :app:createDebugAndroidTestApkListingFileRedirect UP-TO-DATE
Starting 58 tests on whip_api34_parallel(AVD) - 14
whip_api34_parallel(AVD) - 14 Tests 1/58 completed. (0 skipped) (0 failed)
> Task :app:connectedDebugAndroidTest


com.whip.app.TrackWorkspaceUiTest > tracksAndEntriesHaveOneExplicitSearchOwnerAndArchivedResultsReturnToArchive[whip_api34_parallel(AVD) - 14] [31mFAILED [0m
	java.lang.AssertionError: Assert failed: The component with Text + InputText + EditableText contains 'Archived · Entries are read-only' (ignoreCase: false) is not displayed!
	at androidx.compose.ui.test.AssertionsKt.assertIsDisplayed(Assertions.kt:34)
whip_api34_parallel(AVD) - 14 Tests 2/58 completed. (0 skipped) (1 failed)
whip_api34_parallel(AVD) - 14 Tests 3/58 completed. (0 skipped) (1 failed)
whip_api34_parallel(AVD) - 14 Tests 4/58 completed. (0 skipped) (1 failed)
whip_api34_parallel(AVD) - 14 Tests 5/58 completed. (0 skipped) (1 failed)

com.whip.app.TrackWorkspaceUiTest > tracksWorkspaceRemainsNavigableInRtlAtTwoHundredPercentText[whip_api34_parallel(AVD) - 14] [31mFAILED [0m
	java.lang.AssertionError: Failed to assert the following: (Text + InputText + EditableText contains 'Patterns across Tracks' (ignoreCase: false))
	Semantics of the node:
whip_api34_parallel(AVD) - 14 Tests 8/58 completed. (0 skipped) (2 failed)
whip_api34_parallel(AVD) - 14 Tests 9/58 completed. (0 skipped) (2 failed)
whip_api34_parallel(AVD) - 14 Tests 10/58 completed. (0 skipped) (2 failed)
whip_api34_parallel(AVD) - 14 Tests 11/58 completed. (0 skipped) (2 failed)
whip_api34_parallel(AVD) - 14 Tests 12/58 completed. (0 skipped) (2 failed)

com.whip.app.VisualCatalogPagesTest > captureTrackPageCatalog[whip_api34_parallel(AVD) - 14] [31mFAILED [0m
	java.lang.AssertionError: Assert failed: The component with Text + InputText + EditableText contains 'The Dispossessed' (ignoreCase: false) is not displayed!
	at androidx.compose.ui.test.AssertionsKt.assertIsDisplayed(Assertions.kt:34)
whip_api34_parallel(AVD) - 14 Tests 13/58 completed. (0 skipped) (3 failed)
whip_api34_parallel(AVD) - 14 Tests 14/58 completed. (0 skipped) (3 failed)
whip_api34_parallel(AVD) - 14 Tests 15/58 completed. (0 skipped) (3 failed)
whip_api34_parallel(AVD) - 14 Tests 16/58 completed. (0 skipped) (3 failed)
whip_api34_parallel(AVD) - 14 Tests 17/58 completed. (0 skipped) (3 failed)
whip_api34_parallel(AVD) - 14 Tests 18/58 completed. (0 skipped) (3 failed)
whip_api34_parallel(AVD) - 14 Tests 19/58 completed. (0 skipped) (3 failed)
whip_api34_parallel(AVD) - 14 Tests 20/58 completed. (0 skipped) (3 failed)
whip_api34_parallel(AVD) - 14 Tests 21/58 completed. (0 skipped) (3 failed)
whip_api34_parallel(AVD) - 14 Tests 22/58 completed. (0 skipped) (3 failed)
whip_api34_parallel(AVD) - 14 Tests 23/58 completed. (0 skipped) (3 failed)

com.whip.app.WhipComposeSemanticsTest > globalAddAndHabitEditorAreReachableThroughComposeSemantics[whip_api34_parallel(AVD) - 14] [31mFAILED [0m
	java.lang.AssertionError: Assert failed: The component with Text + InputText + EditableText contains 'Agenda' (ignoreCase: false) is not displayed!
	at androidx.compose.ui.test.AssertionsKt.assertIsDisplayed(Assertions.kt:34)
whip_api34_parallel(AVD) - 14 Tests 24/58 completed. (0 skipped) (4 failed)

com.whip.app.WhipComposeSemanticsTest > taskHabitAndGoalEditorsStartInBasicModeAndRevealAdvancedFields[whip_api34_parallel(AVD) - 14] [31mFAILED [0m
	java.lang.AssertionError: Assert failed: The component with Text + InputText + EditableText contains 'How do you want to track it?' (ignoreCase: false) is not displayed!
	at androidx.compose.ui.test.AssertionsKt.assertIsDisplayed(Assertions.kt:34)
whip_api34_parallel(AVD) - 14 Tests 25/58 completed. (0 skipped) (5 failed)

com.whip.app.WhipComposeSemanticsTest > gymConfigurationControlsUseProgressiveDisclosure[whip_api34_parallel(AVD) - 14] [31mFAILED [0m
	java.lang.AssertionError: Assert failed: The component with Text + InputText + EditableText contains 'Workout History' (ignoreCase: false) is not displayed!
	at androidx.compose.ui.test.AssertionsKt.assertIsDisplayed(Assertions.kt:34)
whip_api34_parallel(AVD) - 14 Tests 26/58 completed. (0 skipped) (6 failed)

com.whip.app.WhipComposeSemanticsTest > taskToolbarKeepsTemporaryControlsAttachedAndFocused[whip_api34_parallel(AVD) - 14] [31mFAILED [0m
	java.lang.AssertionError: Failed to inject touch input.
	Reason: Expected exactly '1' node but could not find any node that satisfies: (Text + InputText + EditableText contains 'Select' (ignoreCase: false))
whip_api34_parallel(AVD) - 14 Tests 27/58 completed. (0 skipped) (7 failed)
whip_api34_parallel(AVD) - 14 Tests 28/58 completed. (0 skipped) (7 failed)
whip_api34_parallel(AVD) - 14 Tests 29/58 completed. (0 skipped) (7 failed)
whip_api34_parallel(AVD) - 14 Tests 30/58 completed. (0 skipped) (7 failed)

com.whip.app.WhipComposeSemanticsTest > homeCardOpenAndPrimaryCallbacksWorkOnFirstInteractionAfterLaunch[whip_api34_parallel(AVD) - 14] [31mFAILED [0m

Failed to retrieve additional test outputs from device.
com.android.ddmlib.AdbCommandRejectedException: device offline
	at com.android.ddmlib.AdbHelper.setDevice(AdbHelper.java:967)
	at com.android.ddmlib.AdbHelper.setDevice(AdbHelper.java:986)
	at com.android.ddmlib.internal.DeviceImpl.lambda$executeRemoteCommand$18(DeviceImpl.java:785)
	at com.android.ddmlib.internal.DeviceImpl.logRun1(DeviceImpl.java:1801)
	at com.android.ddmlib.internal.DeviceImpl.executeRemoteCommand(DeviceImpl.java:755)
	at com.android.ddmlib.internal.DeviceImpl.lambda$executeRemoteCommand$15(DeviceImpl.java:618)
	at com.android.ddmlib.internal.DeviceImpl.logRun1(DeviceImpl.java:1801)
	at com.android.ddmlib.internal.DeviceImpl.executeRemoteCommand(DeviceImpl.java:615)
	at com.android.ddmlib.internal.DeviceImpl.lambda$executeShellCommand$14(DeviceImpl.java:573)
	at com.android.ddmlib.internal.DeviceImpl.logRun1(DeviceImpl.java:1801)
	at com.android.ddmlib.internal.DeviceImpl.executeShellCommand(DeviceImpl.java:570)
	at com.android.tools.utp.plugins.deviceprovider.ddmlib.DdmlibAndroidDevice.executeShellCommand(DdmlibAndroidDevice.kt)
	at com.android.tools.utp.plugins.deviceprovider.ddmlib.DdmlibAndroidDeviceController$executeAsync$deferred$1.invokeSuspend(DdmlibAndroidDeviceController.kt:165)
	at kotlin.coroutines.jvm.internal.BaseContinuationImpl.resumeWith(ContinuationImpl.kt:34)
	at kotlinx.coroutines.DispatchedTask.run(DispatchedTask.kt:108)
	at java.base@17.0.20.1/java.util.concurrent.ThreadPoolExecutor.runWorker(ThreadPoolExecutor.java:1136)
	at java.base@17.0.20.1/java.util.concurrent.ThreadPoolExecutor$Worker.run(ThreadPoolExecutor.java:635)
	at java.base@17.0.20.1/java.lang.Thread.run(Thread.java:840)
Failed to retrieve test storage service outputs from device.
com.android.ddmlib.AdbCommandRejectedException: device offline
	at com.android.ddmlib.AdbHelper.setDevice(AdbHelper.java:967)
	at com.android.ddmlib.AdbHelper.setDevice(AdbHelper.java:986)
	at com.android.ddmlib.internal.DeviceImpl.lambda$executeRemoteCommand$18(DeviceImpl.java:785)
	at com.android.ddmlib.internal.DeviceImpl.logRun1(DeviceImpl.java:1801)
	at com.android.ddmlib.internal.DeviceImpl.executeRemoteCommand(DeviceImpl.java:755)
	at com.android.ddmlib.internal.DeviceImpl.lambda$executeRemoteCommand$15(DeviceImpl.java:618)
	at com.android.ddmlib.internal.DeviceImpl.logRun1(DeviceImpl.java:1801)
	at com.android.ddmlib.internal.DeviceImpl.executeRemoteCommand(DeviceImpl.java:615)
	at com.android.ddmlib.internal.DeviceImpl.lambda$executeShellCommand$14(DeviceImpl.java:573)
	at com.android.ddmlib.internal.DeviceImpl.logRun1(DeviceImpl.java:1801)
	at com.android.ddmlib.internal.DeviceImpl.executeShellCommand(DeviceImpl.java:570)
	at com.android.tools.utp.plugins.deviceprovider.ddmlib.DdmlibAndroidDevice.executeShellCommand(DdmlibAndroidDevice.kt)
	at com.android.tools.utp.plugins.deviceprovider.ddmlib.DdmlibAndroidDeviceController$executeAsync$deferred$1.invokeSuspend(DdmlibAndroidDeviceController.kt:165)
	at kotlin.coroutines.jvm.internal.BaseContinuationImpl.resumeWith(ContinuationImpl.kt:34)
	at kotlinx.coroutines.DispatchedTask.run(DispatchedTask.kt:108)
	at java.base@17.0.20.1/java.util.concurrent.ThreadPoolExecutor.runWorker(ThreadPoolExecutor.java:1136)
	at java.base@17.0.20.1/java.util.concurrent.ThreadPoolExecutor$Worker.run(ThreadPoolExecutor.java:635)
	at java.base@17.0.20.1/java.lang.Thread.run(Thread.java:840)
Failed to retrieve code coverage data from device.
com.android.ddmlib.AdbCommandRejectedException: device offline
	at com.android.ddmlib.AdbHelper.setDevice(AdbHelper.java:967)
	at com.android.ddmlib.AdbHelper.setDevice(AdbHelper.java:986)
	at com.android.ddmlib.internal.DeviceImpl.lambda$executeRemoteCommand$18(DeviceImpl.java:785)
	at com.android.ddmlib.internal.DeviceImpl.logRun1(DeviceImpl.java:1801)
	at com.android.ddmlib.internal.DeviceImpl.executeRemoteCommand(DeviceImpl.java:755)
	at com.android.ddmlib.internal.DeviceImpl.lambda$executeRemoteCommand$15(DeviceImpl.java:618)
	at com.android.ddmlib.internal.DeviceImpl.logRun1(DeviceImpl.java:1801)
	at com.android.ddmlib.internal.DeviceImpl.executeRemoteCommand(DeviceImpl.java:615)
	at com.android.ddmlib.internal.DeviceImpl.lambda$executeShellCommand$14(DeviceImpl.java:573)
	at com.android.ddmlib.internal.DeviceImpl.logRun1(DeviceImpl.java:1801)
	at com.android.ddmlib.internal.DeviceImpl.executeShellCommand(DeviceImpl.java:570)
	at com.android.tools.utp.plugins.deviceprovider.ddmlib.DdmlibAndroidDevice.executeShellCommand(DdmlibAndroidDevice.kt)
	at com.android.tools.utp.plugins.deviceprovider.ddmlib.DdmlibAndroidDeviceController$executeAsync$deferred$1.invokeSuspend(DdmlibAndroidDeviceController.kt:165)
	at kotlin.coroutines.jvm.internal.BaseContinuationImpl.resumeWith(ContinuationImpl.kt:34)
	at kotlinx.coroutines.DispatchedTask.run(DispatchedTask.kt:108)
	at java.base@17.0.20.1/java.util.concurrent.ThreadPoolExecutor.runWorker(ThreadPoolExecutor.java:1136)
	at java.base@17.0.20.1/java.util.concurrent.ThreadPoolExecutor$Worker.run(ThreadPoolExecutor.java:635)
	at java.base@17.0.20.1/java.lang.Thread.run(Thread.java:840)
whip_api34_parallel(AVD) - 14 Tests 31/58 completed. (0 skipped) (8 failed)
Failed to retrieve logcat for some test cases. We retrieved logcat for 30 test cases out of 31 tests.
Plugin com.android.tools.utp.plugins.host.apkinstaller.AndroidTestApkInstallerPlugin.afterAll failure: com.google.testing.platform.api.plugin.PluginException: ErrorName: PLUGIN_ERROR
NameSpace: com.google.testing.platform
ErrorCode: 2002
ErrorType: TEST
Message: Exception thrown during onAfterAll invocation of plugin AndroidTestApkInstallerPlugin: device 'emulator-5556' not found
	at com.google.testing.platform.plugin.PluginLifecycleKt.invokeOrThrow(PluginLifecycle.kt:561)
	at com.google.testing.platform.plugin.PluginLifecycleKt.invokeOrThrow$default(PluginLifecycle.kt:519)
	at com.google.testing.platform.plugin.PluginLifecycle$onAfterAll$1$1$1.invoke(PluginLifecycle.kt:388)
	at com.google.testing.platform.plugin.PluginLifecycle$onAfterAll$1$1$1.invoke(PluginLifecycle.kt:385)
	at com.google.testing.platform.lib.cancellation.ProcessCancellationContext.runWithTimeoutDuringCancellation(ProcessCancellationContext.kt:182)
	at com.google.testing.platform.plugin.PluginLifecycle$onAfterAll$1$1.invoke(PluginLifecycle.kt:385)
	at com.google.testing.platform.plugin.PluginLifecycle$onAfterAll$1$1.invoke(PluginLifecycle.kt:381)
	at com.google.testing.platform.core.telemetry.common.noop.NoopDiagnosticsScope.recordEvent(NoopDiagnosticsScope.kt:35)
	at com.google.testing.platform.core.telemetry.SequentialEventRecordRequest.record$java_com_google_testing_platform_core_telemetry_telemetry_api(EventRecordRequest.kt:71)
	at com.google.testing.platform.core.telemetry.DiagnosticsExtKt.record(DiagnosticsExt.kt:27)
	at com.google.testing.platform.core.telemetry.TelemetryKt.createEvent(Telemetry.kt:60)
	at com.google.testing.platform.plugin.PluginLifecycle.onAfterAll(PluginLifecycle.kt:378)
	at com.google.testing.platform.executor.SingleDeviceExecutor.execute(SingleDeviceExecutor.kt:190)
	at com.google.testing.platform.RunnerImpl.run(RunnerImpl.kt:132)
	at com.google.testing.platform.server.strategy.NonInteractiveServerStrategy$run$exitCode$1$2.invoke(NonInteractiveServerStrategy.kt:126)
	at com.google.testing.platform.server.strategy.NonInteractiveServerStrategy$run$exitCode$1$2.invoke(NonInteractiveServerStrategy.kt:126)
	at com.google.testing.platform.core.telemetry.common.noop.NoopDiagnosticsScope.recordEvent(NoopDiagnosticsScope.kt:35)
	at com.google.testing.platform.core.telemetry.SequentialEventRecordRequest.record$java_com_google_testing_platform_core_telemetry_telemetry_api(EventRecordRequest.kt:71)
	at com.google.testing.platform.core.telemetry.DiagnosticsExtKt.record(DiagnosticsExt.kt:27)
	at com.google.testing.platform.core.telemetry.TelemetryKt.createEvent(Telemetry.kt:60)
	at com.google.testing.platform.server.strategy.NonInteractiveServerStrategy.run(NonInteractiveServerStrategy.kt:123)
	at com.google.testing.platform.main.MainKt$main$3$1.invokeSuspend(Main.kt:80)
	at kotlin.coroutines.jvm.internal.BaseContinuationImpl.resumeWith(ContinuationImpl.kt:34)
	at kotlinx.coroutines.DispatchedTask.run(DispatchedTask.kt:108)
	at java.base/java.util.concurrent.ThreadPoolExecutor.runWorker(ThreadPoolExecutor.java:1136)
	at java.base/java.util.concurrent.ThreadPoolExecutor$Worker.run(ThreadPoolExecutor.java:635)
	at java.base/java.lang.Thread.run(Thread.java:840)
Caused by: com.android.ddmlib.AdbCommandRejectedException: device 'emulator-5556' not found
	at com.android.ddmlib.AdbHelper.setDevice(AdbHelper.java:967)
	at com.android.ddmlib.AdbHelper.setDevice(AdbHelper.java:986)
	at com.android.ddmlib.internal.DeviceImpl.lambda$executeRemoteCommand$18(DeviceImpl.java:785)
	at com.android.ddmlib.internal.DeviceImpl.logRun1(DeviceImpl.java:1801)
	at com.android.ddmlib.internal.DeviceImpl.executeRemoteCommand(DeviceImpl.java:755)
	at com.android.ddmlib.internal.DeviceImpl.lambda$executeRemoteCommand$15(DeviceImpl.java:618)
	at com.android.ddmlib.internal.DeviceImpl.logRun1(DeviceImpl.java:1801)
	at com.android.ddmlib.internal.DeviceImpl.executeRemoteCommand(DeviceImpl.java:615)
	at com.android.ddmlib.internal.DeviceImpl.lambda$executeShellCommand$14(DeviceImpl.java:573)
	at com.android.ddmlib.internal.DeviceImpl.logRun1(DeviceImpl.java:1801)
	at com.android.ddmlib.internal.DeviceImpl.executeShellCommand(DeviceImpl.java:570)
	at com.android.tools.utp.plugins.deviceprovider.ddmlib.DdmlibAndroidDevice.executeShellCommand(DdmlibAndroidDevice.kt)
	at com.android.tools.utp.plugins.deviceprovider.ddmlib.DdmlibAndroidDeviceController$executeAsync$deferred$1.invokeSuspend(DdmlibAndroidDeviceController.kt:165)
	... 5 more

Tests on whip_api34_parallel(AVD) - 14 failed: There was 8 failure(s).
Finished 31 tests on whip_api34_parallel(AVD) - 14
Execute com.whip.app.TrackWorkspaceUiTest.tracksAndEntriesHaveOneExplicitSearchOwnerAndArchivedResultsReturnToArchive: FAILED
java.lang.AssertionError: java.lang.AssertionError: Assert failed: The component with Text + InputText + EditableText contains 'Archived · Entries are read-only' (ignoreCase: false) is not displayed!
at androidx.compose.ui.test.AssertionsKt.assertIsDisplayed(Assertions.kt:34)
at com.whip.app.TrackWorkspaceUiTest.tracksAndEntriesHaveOneExplicitSearchOwnerAndArchivedResultsReturnToArchive(TrackWorkspaceUiTest.kt:186)

java.lang.AssertionError: Assert failed: The component with Text + InputText + EditableText contains 'Archived · Entries are read-only' (ignoreCase: false) is not displayed!
at androidx.compose.ui.test.AssertionsKt.assertIsDisplayed(Assertions.kt:34)
at com.whip.app.TrackWorkspaceUiTest.tracksAndEntriesHaveOneExplicitSearchOwnerAndArchivedResultsReturnToArchive(TrackWorkspaceUiTest.kt:186)
Execute com.whip.app.TrackWorkspaceUiTest.tracksWorkspaceRemainsNavigableInRtlAtTwoHundredPercentText: FAILED
java.lang.AssertionError: java.lang.AssertionError: Failed to assert the following: (Text + InputText + EditableText contains 'Patterns across Tracks' (ignoreCase: false))
Semantics of the node:
Node #2489 at (l=326.0, t=499.0, r=1027.0, b=677.0)px, Tag: 'workspace-context-summary'
Text = '[0 entries · Patterns across Tracks]'
[Heading]
Actions = [ClearTextSubstitution, GetTextLayoutResult, SetTextSubstitution, ShowTextSubstitution]
Has 1 sibling
Selector used: (TestTag = 'workspace-context-summary')

at androidx.compose.ui.test.AssertionsKt.assert(Assertions.kt:293)
at androidx.compose.ui.test.AssertionsKt.assert$default(Assertions.kt:283)
at androidx.compose.ui.test.AssertionsKt.assertTextContains(Assertions.kt:237)
at androidx.compose.ui.test.AssertionsKt.assertTextContains$default(Assertions.kt:233)
at com.whip.app.TrackWorkspaceUiTest.tracksWorkspaceRemainsNavigableInRtlAtTwoHundredPercentText(TrackWorkspaceUiTest.kt:353)

java.lang.AssertionError: Failed to assert the following: (Text + InputText + EditableText contains 'Patterns across Tracks' (ignoreCase: false))
Semantics of the node:
Node #2489 at (l=326.0, t=499.0, r=1027.0, b=677.0)px, Tag: 'workspace-context-summary'
Text = '[0 entries · Patterns across Tracks]'
[Heading]
Actions = [ClearTextSubstitution, GetTextLayoutResult, SetTextSubstitution, ShowTextSubstitution]
Has 1 sibling
Selector used: (TestTag = 'workspace-context-summary')

at androidx.compose.ui.test.AssertionsKt.assert(Assertions.kt:293)
at androidx.compose.ui.test.AssertionsKt.assert$default(Assertions.kt:283)
at androidx.compose.ui.test.AssertionsKt.assertTextContains(Assertions.kt:237)
at androidx.compose.ui.test.AssertionsKt.assertTextContains$default(Assertions.kt:233)
at com.whip.app.TrackWorkspaceUiTest.tracksWorkspaceRemainsNavigableInRtlAtTwoHundredPercentText(TrackWorkspaceUiTest.kt:353)
Execute com.whip.app.VisualCatalogPagesTest.captureTrackPageCatalog: FAILED
java.lang.AssertionError: java.lang.AssertionError: Assert failed: The component with Text + InputText + EditableText contains 'The Dispossessed' (ignoreCase: false) is not displayed!
at androidx.compose.ui.test.AssertionsKt.assertIsDisplayed(Assertions.kt:34)
at com.whip.app.VisualCatalogPagesTest.captureTrackPages(VisualCatalogPagesTest.kt:345)
at com.whip.app.VisualCatalogPagesTest.captureTrackPageCatalog(VisualCatalogPagesTest.kt:160)

java.lang.AssertionError: Assert failed: The component with Text + InputText + EditableText contains 'The Dispossessed' (ignoreCase: false) is not displayed!
at androidx.compose.ui.test.AssertionsKt.assertIsDisplayed(Assertions.kt:34)
at com.whip.app.VisualCatalogPagesTest.captureTrackPages(VisualCatalogPagesTest.kt:345)
at com.whip.app.VisualCatalogPagesTest.captureTrackPageCatalog(VisualCatalogPagesTest.kt:160)
Execute com.whip.app.WhipComposeSemanticsTest.globalAddAndHabitEditorAreReachableThroughComposeSemantics: FAILED
java.lang.AssertionError: java.lang.AssertionError: Assert failed: The component with Text + InputText + EditableText contains 'Agenda' (ignoreCase: false) is not displayed!
at androidx.compose.ui.test.AssertionsKt.assertIsDisplayed(Assertions.kt:34)
at com.whip.app.WhipComposeSemanticsTest.globalAddAndHabitEditorAreReachableThroughComposeSemantics(WhipComposeSemanticsTest.kt:90)

java.lang.AssertionError: Assert failed: The component with Text + InputText + EditableText contains 'Agenda' (ignoreCase: false) is not displayed!
at androidx.compose.ui.test.AssertionsKt.assertIsDisplayed(Assertions.kt:34)
at com.whip.app.WhipComposeSemanticsTest.globalAddAndHabitEditorAreReachableThroughComposeSemantics(WhipComposeSemanticsTest.kt:90)
Execute com.whip.app.WhipComposeSemanticsTest.taskHabitAndGoalEditorsStartInBasicModeAndRevealAdvancedFields: FAILED
java.lang.AssertionError: java.lang.AssertionError: Assert failed: The component with Text + InputText + EditableText contains 'How do you want to track it?' (ignoreCase: false) is not displayed!
at androidx.compose.ui.test.AssertionsKt.assertIsDisplayed(Assertions.kt:34)
at com.whip.app.WhipComposeSemanticsTest.taskHabitAndGoalEditorsStartInBasicModeAndRevealAdvancedFields(WhipComposeSemanticsTest.kt:671)

java.lang.AssertionError: Assert failed: The component with Text + InputText + EditableText contains 'How do you want to track it?' (ignoreCase: false) is not displayed!
at androidx.compose.ui.test.AssertionsKt.assertIsDisplayed(Assertions.kt:34)
at com.whip.app.WhipComposeSemanticsTest.taskHabitAndGoalEditorsStartInBasicModeAndRevealAdvancedFields(WhipComposeSemanticsTest.kt:671)
Execute com.whip.app.WhipComposeSemanticsTest.gymConfigurationControlsUseProgressiveDisclosure: FAILED
java.lang.AssertionError: java.lang.AssertionError: Assert failed: The component with Text + InputText + EditableText contains 'Workout History' (ignoreCase: false) is not displayed!
at androidx.compose.ui.test.AssertionsKt.assertIsDisplayed(Assertions.kt:34)
at com.whip.app.WhipComposeSemanticsTest.gymConfigurationControlsUseProgressiveDisclosure(WhipComposeSemanticsTest.kt:601)

java.lang.AssertionError: Assert failed: The component with Text + InputText + EditableText contains 'Workout History' (ignoreCase: false) is not displayed!
at androidx.compose.ui.test.AssertionsKt.assertIsDisplayed(Assertions.kt:34)
at com.whip.app.WhipComposeSemanticsTest.gymConfigurationControlsUseProgressiveDisclosure(WhipComposeSemanticsTest.kt:601)
Execute com.whip.app.WhipComposeSemanticsTest.taskToolbarKeepsTemporaryControlsAttachedAndFocused: FAILED
java.lang.AssertionError: java.lang.AssertionError: Failed to inject touch input.
Reason: Expected exactly '1' node but could not find any node that satisfies: (Text + InputText + EditableText contains 'Select' (ignoreCase: false))

at androidx.compose.ui.test.SemanticsNodeInteraction.fetchOneOrThrow(SemanticsNodeInteraction.kt:178)
at androidx.compose.ui.test.SemanticsNodeInteraction.fetchOneOrThrow$default(SemanticsNodeInteraction.kt:150)
at androidx.compose.ui.test.SemanticsNodeInteraction.fetchSemanticsNode(SemanticsNodeInteraction.kt:84)
at androidx.compose.ui.test.ActionsKt.performTouchInput(Actions.kt:403)
at androidx.compose.ui.test.AndroidActions.performClickImpl(Actions.android.kt:23)
at androidx.compose.ui.test.ActionsKt.performClick(Actions.kt:61)
at com.whip.app.WhipComposeSemanticsTest.taskToolbarKeepsTemporaryControlsAttachedAndFocused(WhipComposeSemanticsTest.kt:513)

java.lang.AssertionError: Failed to inject touch input.
Reason: Expected exactly '1' node but could not find any node that satisfies: (Text + InputText + EditableText contains 'Select' (ignoreCase: false))

at androidx.compose.ui.test.SemanticsNodeInteraction.fetchOneOrThrow(SemanticsNodeInteraction.kt:178)
at androidx.compose.ui.test.SemanticsNodeInteraction.fetchOneOrThrow$default(SemanticsNodeInteraction.kt:150)
at androidx.compose.ui.test.SemanticsNodeInteraction.fetchSemanticsNode(SemanticsNodeInteraction.kt:84)
at androidx.compose.ui.test.ActionsKt.performTouchInput(Actions.kt:403)
at androidx.compose.ui.test.AndroidActions.performClickImpl(Actions.android.kt:23)
at androidx.compose.ui.test.ActionsKt.performClick(Actions.kt:61)
at com.whip.app.WhipComposeSemanticsTest.taskToolbarKeepsTemporaryControlsAttachedAndFocused(WhipComposeSemanticsTest.kt:513)
Execute com.whip.app.WhipComposeSemanticsTest.homeCardOpenAndPrimaryCallbacksWorkOnFirstInteractionAfterLaunch: FAILED

> Task :app:connectedDebugAndroidTest FAILED
Exception thrown during onAfterAll invocation of plugin AndroidTestApkInstallerPlugin: device 'emulator-5556' not found
device 'emulator-5556' not found
com.android.ddmlib.AdbCommandRejectedException: device 'emulator-5556' not found
	at com.android.ddmlib.AdbHelper.setDevice(AdbHelper.java:967)
	at com.android.ddmlib.AdbHelper.setDevice(AdbHelper.java:986)
	at com.android.ddmlib.internal.DeviceImpl.lambda$executeRemoteCommand$18(DeviceImpl.java:785)
	at com.android.ddmlib.internal.DeviceImpl.logRun1(DeviceImpl.java:1801)
	at com.android.ddmlib.internal.DeviceImpl.executeRemoteCommand(DeviceImpl.java:755)
	at com.android.ddmlib.internal.DeviceImpl.lambda$executeRemoteCommand$15(DeviceImpl.java:618)
	at com.android.ddmlib.internal.DeviceImpl.logRun1(DeviceImpl.java:1801)
	at com.android.ddmlib.internal.DeviceImpl.executeRemoteCommand(DeviceImpl.java:615)
	at com.android.ddmlib.internal.DeviceImpl.lambda$executeShellCommand$14(DeviceImpl.java:573)
	at com.android.ddmlib.internal.DeviceImpl.logRun1(DeviceImpl.java:1801)
	at com.android.ddmlib.internal.DeviceImpl.executeShellCommand(DeviceImpl.java:570)
	at com.android.tools.utp.plugins.deviceprovider.ddmlib.DdmlibAndroidDevice.executeShellCommand(DdmlibAndroidDevice.kt)
	at com.android.tools.utp.plugins.deviceprovider.ddmlib.DdmlibAndroidDeviceController$executeAsync$deferred$1.invokeSuspend(DdmlibAndroidDeviceController.kt:165)
	at kotlin.coroutines.jvm.internal.BaseContinuationImpl.resumeWith(ContinuationImpl.kt:34)
	at kotlinx.coroutines.DispatchedTask.run(DispatchedTask.kt:108)
	at java.base/java.util.concurrent.ThreadPoolExecutor.runWorker(ThreadPoolExecutor.java:1136)
	at java.base/java.util.concurrent.ThreadPoolExecutor$Worker.run(ThreadPoolExecutor.java:635)
	at java.base/java.lang.Thread.run(Thread.java:840)

Test run failed to complete. Expected 58 tests, received 30

FAILURE: Build failed with an exception.

* What went wrong:
Execution failed for task ':app:connectedDebugAndroidTest' (registered by plugin 'com.android.internal.application').
> There were failing tests. See the report at: file:///root/repos/whip/app/build/whip-android-workers/instrumentation-results-jdrvsu-worker-1/reports/index.html

* Try:
> Run with --stacktrace option to get the stack trace.
> Run with --info or --debug option to get more log output.
> Run with --scan to get full insights from a Build Scan (powered by Develocity).
> Get more help at https://help.gradle.org.

BUILD FAILED in 16m 46s
78 actionable tasks: 1 executed, 77 up-to-date
--- /root/repos/whip/build/instrumentation-results-jDRvSU/batch-1/expected-classes.txt	2026-09-29 12:05:15.264526057 -0400
+++ /root/repos/whip/build/instrumentation-results-jDRvSU/batch-1/executed-classes.txt	2026-09-29 12:05:15.266686355 -0400
@@ -5,6 +5,3 @@
 com.whip.app.WhipAccessibilityChecksTest
 com.whip.app.WhipAppTest
 com.whip.app.WhipComposeSemanticsTest
-com.whip.app.WhipWidgetAreaScopeTest
-com.whip.app.WidgetCacheConfigurationTest
-com.whip.app.WidgetExtremeTextTest
error: Android batch 1 executed a different class set than requested; results retained in /root/repos/whip/build/instrumentation-results-jDRvSU
adb: device 'emulator-5556' not found
adb: device 'emulator-5556' not found
