Reusing configuration cache.
> Task :app:generateDebugAssets UP-TO-DATE
> Task :app:generateDebugAndroidTestAssets UP-TO-DATE
> Task :app:preBuild UP-TO-DATE
> Task :app:preDebugBuild UP-TO-DATE
> Task :app:preDebugAndroidTestBuild SKIPPED
> Task :app:copyRoomSchemasToAndroidTestAssetsDebugAndroidTest UP-TO-DATE
> Task :app:generateDebugResValues UP-TO-DATE
> Task :app:generateDebugAndroidTestResValues UP-TO-DATE
> Task :app:javaPreCompileDebug UP-TO-DATE
> Task :app:processDebugAndroidTestNavigationResources UP-TO-DATE
> Task :app:javaPreCompileDebugAndroidTest UP-TO-DATE
> Task :app:generateDebugJacocoPropertiesFile UP-TO-DATE
> Task :app:mapDebugSourceSetPaths UP-TO-DATE
> Task :app:extractDeepLinksDebug UP-TO-DATE
> Task :app:writeDebugSigningConfigVersions UP-TO-DATE
> Task :app:validateSigningDebug UP-TO-DATE
> Task :app:generateDebugGlobalSynthetics UP-TO-DATE
> Task :app:generateDebugResources UP-TO-DATE
> Task :app:desugarDebugFileDependencies UP-TO-DATE
> Task :app:createDebugCompatibleScreenManifests UP-TO-DATE
> Task :app:generateDebugBuildConfig UP-TO-DATE
> Task :app:mergeDebugJniLibFolders UP-TO-DATE
> Task :app:checkDebugDuplicateClasses UP-TO-DATE
> Task :app:validateSigningDebugAndroidTest UP-TO-DATE
> Task :app:mapDebugAndroidTestSourceSetPaths UP-TO-DATE
> Task :app:checkDebugAndroidTestDuplicateClasses UP-TO-DATE
> Task :app:generateDebugAndroidTestResources UP-TO-DATE
> Task :app:writeDebugAndroidTestSigningConfigVersions UP-TO-DATE
> Task :app:mergeDebugAndroidTestJniLibFolders UP-TO-DATE
> Task :app:desugarDebugAndroidTestFileDependencies UP-TO-DATE
> Task :app:generateDebugAndroidTestGlobalSynthetics UP-TO-DATE
> Task :app:packageDebugResources UP-TO-DATE
> Task :app:mergeDebugNativeDebugMetadata NO-SOURCE
> Task :app:compileDebugAndroidTestNavigationResources UP-TO-DATE
> Task :app:mergeDebugAssets UP-TO-DATE
> Task :app:mergeLibDexDebugAndroidTest UP-TO-DATE
> Task :app:packageDebugAndroidTestResources UP-TO-DATE
> Task :app:writeDebugAppMetadata UP-TO-DATE
> Task :app:processDebugNavigationResources UP-TO-DATE
> Task :app:mergeLibDexDebug UP-TO-DATE
> Task :app:mergeDebugAndroidTestAssets UP-TO-DATE
> Task :app:compressDebugAndroidTestAssets UP-TO-DATE
> Task :app:compressDebugAssets UP-TO-DATE
> Task :app:parseDebugAndroidTestLocalResources UP-TO-DATE
> Task :app:checkDebugAarMetadata UP-TO-DATE
> Task :app:mergeDebugAndroidTestResources UP-TO-DATE
> Task :app:checkDebugAndroidTestAarMetadata UP-TO-DATE
> Task :app:generateDebugAndroidTestRFile UP-TO-DATE
> Task :app:mergeDebugResources UP-TO-DATE
> Task :app:processDebugMainManifest UP-TO-DATE
> Task :app:mergeDebugNativeLibs UP-TO-DATE
> Task :app:mergeDebugAndroidTestManifest UP-TO-DATE
> Task :app:mergeExtDexDebugAndroidTest UP-TO-DATE
> Task :app:stripDebugDebugSymbols UP-TO-DATE
> Task :app:compileDebugNavigationResources UP-TO-DATE
> Task :app:parseDebugLocalResources UP-TO-DATE
> Task :app:processDebugManifest UP-TO-DATE
> Task :app:processDebugAndroidTestManifest UP-TO-DATE
> Task :app:generateDebugAndroidTestBuildConfig UP-TO-DATE
> Task :app:generateDebugRFile UP-TO-DATE
> Task :app:processDebugManifestForPackage UP-TO-DATE
> Task :app:mergeExtDexDebug UP-TO-DATE
> Task :app:mergeDebugAndroidTestNativeLibs NO-SOURCE
> Task :app:stripDebugAndroidTestDebugSymbols NO-SOURCE
> Task :app:kspDebugKotlin UP-TO-DATE
> Task :app:processDebugResources UP-TO-DATE
> Task :app:processDebugAndroidTestResources UP-TO-DATE
> Task :app:compileDebugKotlin UP-TO-DATE
> Task :app:processDebugJavaRes UP-TO-DATE
> Task :app:compileDebugJavaWithJavac UP-TO-DATE
> Task :app:mergeDebugJavaResource UP-TO-DATE
> Task :app:bundleDebugClassesToCompileJar UP-TO-DATE
> Task :app:kspDebugAndroidTestKotlin SKIPPED
> Task :app:jacocoDebug UP-TO-DATE
> Task :app:compileDebugAndroidTestKotlin UP-TO-DATE
> Task :app:processDebugAndroidTestJavaRes UP-TO-DATE
> Task :app:dexBuilderDebug UP-TO-DATE
> Task :app:compileDebugAndroidTestJavaWithJavac UP-TO-DATE
> Task :app:copyRoomSchemas NO-SOURCE
> Task :app:mergeDebugAndroidTestJavaResource UP-TO-DATE
> Task :app:mergeProjectDexDebug UP-TO-DATE
> Task :app:dexBuilderDebugAndroidTest UP-TO-DATE
> Task :app:packageDebug UP-TO-DATE
> Task :app:assembleDebug UP-TO-DATE
> Task :app:mergeProjectDexDebugAndroidTest UP-TO-DATE
> Task :app:createDebugApkListingFileRedirect UP-TO-DATE
> Task :app:packageDebugAndroidTest UP-TO-DATE
> Task :app:assembleDebugAndroidTest UP-TO-DATE
> Task :app:createDebugAndroidTestApkListingFileRedirect UP-TO-DATE

BUILD SUCCESSFUL in 750ms
77 actionable tasks: 77 up-to-date
Configuration cache entry reused.
Android batch 1/1 (ordinary, 10 selector(s)).
> Task :app:preBuild UP-TO-DATE
> Task :app:preDebugBuild UP-TO-DATE
> Task :app:generateDebugBuildConfig UP-TO-DATE
> Task :app:generateDebugResValues UP-TO-DATE
> Task :app:generateDebugResources UP-TO-DATE
> Task :app:packageDebugResources UP-TO-DATE
> Task :app:processDebugNavigationResources UP-TO-DATE
> Task :app:parseDebugLocalResources UP-TO-DATE
> Task :app:generateDebugRFile UP-TO-DATE
> Task :app:kspDebugKotlin UP-TO-DATE
> Task :app:compileDebugKotlin UP-TO-DATE
> Task :app:javaPreCompileDebug UP-TO-DATE
> Task :app:compileDebugJavaWithJavac UP-TO-DATE
> Task :app:checkDebugAarMetadata UP-TO-DATE
> Task :app:mapDebugSourceSetPaths UP-TO-DATE
> Task :app:compileDebugNavigationResources UP-TO-DATE
> Task :app:mergeDebugResources UP-TO-DATE
> Task :app:createDebugCompatibleScreenManifests UP-TO-DATE
> Task :app:extractDeepLinksDebug UP-TO-DATE
> Task :app:processDebugMainManifest UP-TO-DATE
> Task :app:processDebugManifest UP-TO-DATE
> Task :app:processDebugManifestForPackage UP-TO-DATE
> Task :app:processDebugResources UP-TO-DATE
> Task :app:bundleDebugClassesToCompileJar UP-TO-DATE
> Task :app:preDebugAndroidTestBuild SKIPPED
> Task :app:mergeDebugAndroidTestManifest UP-TO-DATE
> Task :app:processDebugAndroidTestManifest UP-TO-DATE
> Task :app:generateDebugAndroidTestBuildConfig UP-TO-DATE
> Task :app:generateDebugAndroidTestResValues UP-TO-DATE
> Task :app:generateDebugAndroidTestResources UP-TO-DATE
> Task :app:packageDebugAndroidTestResources UP-TO-DATE
> Task :app:processDebugAndroidTestNavigationResources UP-TO-DATE
> Task :app:parseDebugAndroidTestLocalResources UP-TO-DATE
> Task :app:generateDebugAndroidTestRFile UP-TO-DATE
> Task :app:kspDebugAndroidTestKotlin SKIPPED
> Task :app:compileDebugAndroidTestKotlin UP-TO-DATE
> Task :app:javaPreCompileDebugAndroidTest UP-TO-DATE
> Task :app:compileDebugAndroidTestJavaWithJavac UP-TO-DATE
> Task :app:copyRoomSchemas NO-SOURCE
> Task :app:generateDebugAssets UP-TO-DATE
> Task :app:mergeDebugAssets UP-TO-DATE
> Task :app:compressDebugAssets UP-TO-DATE
> Task :app:generateDebugGlobalSynthetics UP-TO-DATE
> Task :app:generateDebugJacocoPropertiesFile UP-TO-DATE
> Task :app:processDebugJavaRes UP-TO-DATE
> Task :app:mergeDebugJavaResource UP-TO-DATE
> Task :app:checkDebugDuplicateClasses UP-TO-DATE
> Task :app:desugarDebugFileDependencies UP-TO-DATE
> Task :app:mergeExtDexDebug UP-TO-DATE
> Task :app:mergeLibDexDebug UP-TO-DATE
> Task :app:jacocoDebug UP-TO-DATE
> Task :app:dexBuilderDebug UP-TO-DATE
> Task :app:mergeProjectDexDebug UP-TO-DATE
> Task :app:mergeDebugJniLibFolders UP-TO-DATE
> Task :app:mergeDebugNativeLibs UP-TO-DATE
> Task :app:stripDebugDebugSymbols UP-TO-DATE
> Task :app:validateSigningDebug UP-TO-DATE
> Task :app:writeDebugAppMetadata UP-TO-DATE
> Task :app:writeDebugSigningConfigVersions UP-TO-DATE
> Task :app:packageDebug UP-TO-DATE
> Task :app:createDebugApkListingFileRedirect UP-TO-DATE
> Task :app:copyRoomSchemasToAndroidTestAssetsDebugAndroidTest UP-TO-DATE
> Task :app:generateDebugAndroidTestAssets UP-TO-DATE
> Task :app:mergeDebugAndroidTestAssets UP-TO-DATE
> Task :app:compressDebugAndroidTestAssets UP-TO-DATE
> Task :app:generateDebugAndroidTestGlobalSynthetics UP-TO-DATE
> Task :app:processDebugAndroidTestJavaRes UP-TO-DATE
> Task :app:mergeDebugAndroidTestJavaResource UP-TO-DATE
> Task :app:checkDebugAndroidTestDuplicateClasses UP-TO-DATE
> Task :app:desugarDebugAndroidTestFileDependencies UP-TO-DATE
> Task :app:mergeExtDexDebugAndroidTest UP-TO-DATE
> Task :app:mergeLibDexDebugAndroidTest UP-TO-DATE
> Task :app:checkDebugAndroidTestAarMetadata UP-TO-DATE
> Task :app:mapDebugAndroidTestSourceSetPaths UP-TO-DATE
> Task :app:compileDebugAndroidTestNavigationResources UP-TO-DATE
> Task :app:mergeDebugAndroidTestResources UP-TO-DATE
> Task :app:processDebugAndroidTestResources UP-TO-DATE
> Task :app:dexBuilderDebugAndroidTest UP-TO-DATE
> Task :app:mergeProjectDexDebugAndroidTest UP-TO-DATE
> Task :app:mergeDebugAndroidTestJniLibFolders UP-TO-DATE
> Task :app:mergeDebugAndroidTestNativeLibs NO-SOURCE
> Task :app:stripDebugAndroidTestDebugSymbols NO-SOURCE
> Task :app:validateSigningDebugAndroidTest UP-TO-DATE
> Task :app:writeDebugAndroidTestSigningConfigVersions UP-TO-DATE
> Task :app:packageDebugAndroidTest UP-TO-DATE
> Task :app:createDebugAndroidTestApkListingFileRedirect UP-TO-DATE
Starting 98 tests on whip_api34_parallel(AVD) - 14
whip_api34_parallel(AVD) - 14 Tests 0/98 completed. (0 skipped) (0 failed)

com.whip.app.TaskBulkSelectionUiTest > bulkArchiveImpactRemainsScrollableAtTwoHundredPercentText[whip_api34_parallel(AVD) - 14] [31mFAILED [0m
	java.lang.AssertionError: Failed to inject touch input.
	Reason: Expected exactly '1' node but could not find any node that satisfies: (Text + InputText + EditableText contains 'Select Tasks' (ignoreCase: false))
whip_api34_parallel(AVD) - 14 Tests 1/98 completed. (0 skipped) (1 failed)
> Task :app:connectedDebugAndroidTest

whip_api34_parallel(AVD) - 14 Tests 2/98 completed. (0 skipped) (1 failed)
whip_api34_parallel(AVD) - 14 Tests 3/98 completed. (0 skipped) (1 failed)

com.whip.app.TaskBulkSelectionUiTest > fixedDateBulkMoveFailureKeepsSelectionAndShowsRetryContext[whip_api34_parallel(AVD) - 14] [31mFAILED [0m
	java.lang.AssertionError: Failed to inject touch input.
	Reason: Expected exactly '1' node but could not find any node that satisfies: (Text + InputText + EditableText contains 'Select Tasks' (ignoreCase: false))
whip_api34_parallel(AVD) - 14 Tests 4/98 completed. (0 skipped) (2 failed)

com.whip.app.TaskBulkSelectionUiTest > activeSelectionKeepsPrimaryActionsVisibleAndSecondaryActionsInOverflow[whip_api34_parallel(AVD) - 14] [31mFAILED [0m
	java.lang.AssertionError: Failed to inject touch input.
	Reason: Expected exactly '1' node but could not find any node that satisfies: (Text + InputText + EditableText contains 'Select Tasks' (ignoreCase: false))

com.whip.app.TaskBulkSelectionUiTest > archivedRecurringTaskEditsTheSeriesDefinitionInsteadOfAnOpenOccurrence[whip_api34_parallel(AVD) - 14] [31mFAILED [0m
	java.lang.AssertionError: Failed to inject touch input.
	Reason: Expected exactly '1' node but could not find any node that satisfies: (Text + InputText + EditableText contains 'Archived' (ignoreCase: false))
whip_api34_parallel(AVD) - 14 Tests 6/98 completed. (0 skipped) (4 failed)

com.whip.app.TaskBulkSelectionUiTest > bulkDeleteReissuesItsExactPreviewAfterStateRestoration[whip_api34_parallel(AVD) - 14] [31mFAILED [0m
	java.lang.AssertionError: Failed to inject touch input.
	Reason: Expected exactly '1' node but could not find any node that satisfies: (Text + InputText + EditableText contains 'Select Tasks' (ignoreCase: false))
whip_api34_parallel(AVD) - 14 Tests 7/98 completed. (0 skipped) (5 failed)

com.whip.app.TaskBulkSelectionUiTest > bulkAreaChangeCannotApplyUntilAnAreaIsExplicitlyChosen[whip_api34_parallel(AVD) - 14] [31mFAILED [0m
	java.lang.AssertionError: Failed to inject touch input.
	Reason: Expected exactly '1' node but could not find any node that satisfies: (Text + InputText + EditableText contains 'Select Tasks' (ignoreCase: false))
whip_api34_parallel(AVD) - 14 Tests 8/98 completed. (0 skipped) (6 failed)
whip_api34_parallel(AVD) - 14 Tests 9/98 completed. (0 skipped) (6 failed)

com.whip.app.TaskBulkSelectionUiTest > bulkDateFailureRetainsTheFrozenSelectionAndOnlyMatchingSuccessCloses[whip_api34_parallel(AVD) - 14] [31mFAILED [0m
	java.lang.AssertionError: Failed to inject touch input.
	Reason: Expected exactly '1' node but could not find any node that satisfies: (Text + InputText + EditableText contains 'Select Tasks' (ignoreCase: false))
whip_api34_parallel(AVD) - 14 Tests 10/98 completed. (0 skipped) (7 failed)

com.whip.app.TaskBulkSelectionUiTest > bulkEditDraftAndSelectionSurviveSavedStateRestoration[whip_api34_parallel(AVD) - 14] [31mFAILED [0m
	java.lang.AssertionError: Failed to inject touch input.
	Reason: Expected exactly '1' node but could not find any node that satisfies: (Text + InputText + EditableText contains 'Select Tasks' (ignoreCase: false))
whip_api34_parallel(AVD) - 14 Tests 11/98 completed. (0 skipped) (8 failed)
whip_api34_parallel(AVD) - 14 Tests 12/98 completed. (0 skipped) (8 failed)

com.whip.app.TaskBulkSelectionUiTest > historySelectionOffersRelevantActionsForCompletedAndArchivedTasks[whip_api34_parallel(AVD) - 14] [31mFAILED [0m
	java.lang.AssertionError: Failed to inject touch input.
	Reason: Expected exactly '1' node but could not find any node that satisfies: (Text + InputText + EditableText contains 'Archived' (ignoreCase: false))
whip_api34_parallel(AVD) - 14 Tests 13/98 completed. (0 skipped) (9 failed)

com.whip.app.TaskBulkSelectionUiTest > bulkArchiveFailureRetainsFrozenSelectionAndMatchingSuccessAloneCloses[whip_api34_parallel(AVD) - 14] [31mFAILED [0m
	java.lang.AssertionError: Failed to inject touch input.
	Reason: Expected exactly '1' node but could not find any node that satisfies: (Text + InputText + EditableText contains 'Select Tasks' (ignoreCase: false))
whip_api34_parallel(AVD) - 14 Tests 14/98 completed. (0 skipped) (10 failed)

com.whip.app.TaskBulkSelectionUiTest > bulkCompletionReviewsUnfinishedSubtasksBeforeCommitAndCancelKeepsSelection[whip_api34_parallel(AVD) - 14] [31mFAILED [0m
	java.lang.AssertionError: Failed to inject touch input.
	Reason: Expected exactly '1' node but could not find any node that satisfies: (Text + InputText + EditableText contains 'Select Tasks' (ignoreCase: false))
whip_api34_parallel(AVD) - 14 Tests 15/98 completed. (0 skipped) (11 failed)
whip_api34_parallel(AVD) - 14 Tests 16/98 completed. (0 skipped) (11 failed)
whip_api34_parallel(AVD) - 14 Tests 17/98 completed. (0 skipped) (11 failed)
whip_api34_parallel(AVD) - 14 Tests 18/98 completed. (0 skipped) (11 failed)

com.whip.app.TaskDayPlannerUiTest > shortLargeTextSelectionKeepsResultsAndCompletionReachable[whip_api34_parallel(AVD) - 14] [31mFAILED [0m
	java.lang.AssertionError: Failed to inject touch input.
	Reason: Expected exactly '1' node but could not find any node that satisfies: (Text + InputText + EditableText contains 'Select Tasks' (ignoreCase: false))
whip_api34_parallel(AVD) - 14 Tests 21/98 completed. (0 skipped) (12 failed)
whip_api34_parallel(AVD) - 14 Tests 23/98 completed. (0 skipped) (12 failed)
whip_api34_parallel(AVD) - 14 Tests 24/98 completed. (0 skipped) (12 failed)
whip_api34_parallel(AVD) - 14 Tests 25/98 completed. (0 skipped) (12 failed)
whip_api34_parallel(AVD) - 14 Tests 27/98 completed. (0 skipped) (12 failed)
whip_api34_parallel(AVD) - 14 Tests 28/98 completed. (0 skipped) (12 failed)

com.whip.app.TaskEditorJourneyE2ETest > existingTaskCanBeReadEditedRecreatedSavedAndReopened[whip_api34_parallel(AVD) - 14] [31mFAILED [0m
	java.lang.IllegalStateException: Visual catalog hierarchy for tasks.editor.existing-input.ordinary contains an unlabeled interactive node:                                 <node NAF="true" index="1" text="" resource-id="" class="android.widget.FrameLayout" package="com.google.android.inputmethod.latin" content-desc="" checkable="false" checked="false" clickable="true" enabled="true" focusable="true" focused="false" scrollable="false" long-clickable="false" password="false" selected="false" visible-to-user="true" bounds="[387,1517][693,1633]" drawing-order="2" hint="" display-id="0">
	at com.whip.app.VisualCatalogCaptureKt.captureVisualCatalogSurface(VisualCatalogCapture.kt:95)
whip_api34_parallel(AVD) - 14 Tests 29/98 completed. (0 skipped) (13 failed)

com.whip.app.TaskReorderJourneyE2ETest > dragPreviewsPersistsCancelsAndSurvivesRecreation[whip_api34_parallel(AVD) - 14] [31mFAILED [0m
	java.lang.AssertionError: Failed to inject touch input.
	Reason: Expected exactly '1' node but could not find any node that satisfies: (Text + InputText + EditableText contains 'Reorder Tasks' (ignoreCase: false))
whip_api34_parallel(AVD) - 14 Tests 72/98 completed. (0 skipped) (14 failed)
whip_api34_parallel(AVD) - 14 Tests 78/98 completed. (0 skipped) (14 failed)
whip_api34_parallel(AVD) - 14 Tests 80/98 completed. (0 skipped) (14 failed)
whip_api34_parallel(AVD) - 14 Tests 82/98 completed. (0 skipped) (14 failed)
whip_api34_parallel(AVD) - 14 Tests 89/98 completed. (0 skipped) (14 failed)
whip_api34_parallel(AVD) - 14 Tests 92/98 completed. (0 skipped) (14 failed)
whip_api34_parallel(AVD) - 14 Tests 94/98 completed. (0 skipped) (14 failed)

com.whip.app.TrackAuthoringJourneyE2ETest > mixedTrackCanBeAuthoredRecoveredAndUsedAtLargeText[whip_api34_parallel(AVD) - 14] [31mFAILED [0m
	java.lang.IllegalStateException: Visual catalog hierarchy for tracks.authoring.track-name.large contains an unlabeled interactive node:                                 <node NAF="true" index="1" text="" resource-id="" class="android.widget.FrameLayout" package="com.google.android.inputmethod.latin" content-desc="" checkable="false" checked="false" clickable="true" enabled="true" focusable="true" focused="false" scrollable="false" long-clickable="false" password="false" selected="false" visible-to-user="true" bounds="[387,1517][693,1633]" drawing-order="2" hint="" display-id="0">
	at com.whip.app.VisualCatalogCaptureKt.captureVisualCatalogSurface(VisualCatalogCapture.kt:95)
whip_api34_parallel(AVD) - 14 Tests 95/98 completed. (0 skipped) (15 failed)

com.whip.app.TrackAuthoringJourneyE2ETest > mixedTrackCanBeAuthoredRecoveredAndUsed[whip_api34_parallel(AVD) - 14] [31mFAILED [0m
	java.lang.IllegalStateException: Visual catalog hierarchy for tracks.authoring.track-name.ordinary contains an unlabeled interactive node:                                 <node NAF="true" index="1" text="" resource-id="" class="android.widget.FrameLayout" package="com.google.android.inputmethod.latin" content-desc="" checkable="false" checked="false" clickable="true" enabled="true" focusable="true" focused="false" scrollable="false" long-clickable="false" password="false" selected="false" visible-to-user="true" bounds="[387,1517][693,1633]" drawing-order="2" hint="" display-id="0">
	at com.whip.app.VisualCatalogCaptureKt.captureVisualCatalogSurface(VisualCatalogCapture.kt:95)
whip_api34_parallel(AVD) - 14 Tests 96/98 completed. (0 skipped) (16 failed)
whip_api34_parallel(AVD) - 14 Tests 97/98 completed. (0 skipped) (16 failed)
whip_api34_parallel(AVD) - 14 Tests 98/98 completed. (0 skipped) (16 failed)
Tests on whip_api34_parallel(AVD) - 14 failed: There was 16 failure(s).
Finished 98 tests on whip_api34_parallel(AVD) - 14
Execute com.whip.app.TaskBulkSelectionUiTest.bulkArchiveImpactRemainsScrollableAtTwoHundredPercentText: FAILED
java.lang.AssertionError: java.lang.AssertionError: Failed to inject touch input.
Reason: Expected exactly '1' node but could not find any node that satisfies: (Text + InputText + EditableText contains 'Select Tasks' (ignoreCase: false))

at androidx.compose.ui.test.SemanticsNodeInteraction.fetchOneOrThrow(SemanticsNodeInteraction.kt:178)
at androidx.compose.ui.test.SemanticsNodeInteraction.fetchOneOrThrow$default(SemanticsNodeInteraction.kt:150)
at androidx.compose.ui.test.SemanticsNodeInteraction.fetchSemanticsNode(SemanticsNodeInteraction.kt:84)
at androidx.compose.ui.test.ActionsKt.performTouchInput(Actions.kt:403)
at androidx.compose.ui.test.AndroidActions.performClickImpl(Actions.android.kt:23)
at androidx.compose.ui.test.ActionsKt.performClick(Actions.kt:61)
at com.whip.app.TaskBulkSelectionUiTest.bulkArchiveImpactRemainsScrollableAtTwoHundredPercentText(TaskBulkSelectionUiTest.kt:641)

java.lang.AssertionError: Failed to inject touch input.
Reason: Expected exactly '1' node but could not find any node that satisfies: (Text + InputText + EditableText contains 'Select Tasks' (ignoreCase: false))

at androidx.compose.ui.test.SemanticsNodeInteraction.fetchOneOrThrow(SemanticsNodeInteraction.kt:178)
at androidx.compose.ui.test.SemanticsNodeInteraction.fetchOneOrThrow$default(SemanticsNodeInteraction.kt:150)
at androidx.compose.ui.test.SemanticsNodeInteraction.fetchSemanticsNode(SemanticsNodeInteraction.kt:84)
at androidx.compose.ui.test.ActionsKt.performTouchInput(Actions.kt:403)
at androidx.compose.ui.test.AndroidActions.performClickImpl(Actions.android.kt:23)
at androidx.compose.ui.test.ActionsKt.performClick(Actions.kt:61)
at com.whip.app.TaskBulkSelectionUiTest.bulkArchiveImpactRemainsScrollableAtTwoHundredPercentText(TaskBulkSelectionUiTest.kt:641)
Execute com.whip.app.TaskBulkSelectionUiTest.fixedDateBulkMoveFailureKeepsSelectionAndShowsRetryContext: FAILED
java.lang.AssertionError: java.lang.AssertionError: Failed to inject touch input.
Reason: Expected exactly '1' node but could not find any node that satisfies: (Text + InputText + EditableText contains 'Select Tasks' (ignoreCase: false))

at androidx.compose.ui.test.SemanticsNodeInteraction.fetchOneOrThrow(SemanticsNodeInteraction.kt:178)
at androidx.compose.ui.test.SemanticsNodeInteraction.fetchOneOrThrow$default(SemanticsNodeInteraction.kt:150)
at androidx.compose.ui.test.SemanticsNodeInteraction.fetchSemanticsNode(SemanticsNodeInteraction.kt:84)
at androidx.compose.ui.test.ActionsKt.performTouchInput(Actions.kt:403)
at androidx.compose.ui.test.AndroidActions.performClickImpl(Actions.android.kt:23)
at androidx.compose.ui.test.ActionsKt.performClick(Actions.kt:61)
at com.whip.app.TaskBulkSelectionUiTest.openCurrentDestinationSelection(TaskBulkSelectionUiTest.kt:765)
at com.whip.app.TaskBulkSelectionUiTest.openSelectionFor(TaskBulkSelectionUiTest.kt:760)
at com.whip.app.TaskBulkSelectionUiTest.fixedDateBulkMoveFailureKeepsSelectionAndShowsRetryContext(TaskBulkSelectionUiTest.kt:593)

java.lang.AssertionError: Failed to inject touch input.
Reason: Expected exactly '1' node but could not find any node that satisfies: (Text + InputText + EditableText contains 'Select Tasks' (ignoreCase: false))

at androidx.compose.ui.test.SemanticsNodeInteraction.fetchOneOrThrow(SemanticsNodeInteraction.kt:178)
at androidx.compose.ui.test.SemanticsNodeInteraction.fetchOneOrThrow$default(SemanticsNodeInteraction.kt:150)
at androidx.compose.ui.test.SemanticsNodeInteraction.fetchSemanticsNode(SemanticsNodeInteraction.kt:84)
at androidx.compose.ui.test.ActionsKt.performTouchInput(Actions.kt:403)
at androidx.compose.ui.test.AndroidActions.performClickImpl(Actions.android.kt:23)
at androidx.compose.ui.test.ActionsKt.performClick(Actions.kt:61)
at com.whip.app.TaskBulkSelectionUiTest.openCurrentDestinationSelection(TaskBulkSelectionUiTest.kt:765)
at com.whip.app.TaskBulkSelectionUiTest.openSelectionFor(TaskBulkSelectionUiTest.kt:760)
at com.whip.app.TaskBulkSelectionUiTest.fixedDateBulkMoveFailureKeepsSelectionAndShowsRetryContext(TaskBulkSelectionUiTest.kt:593)
Execute com.whip.app.TaskBulkSelectionUiTest.activeSelectionKeepsPrimaryActionsVisibleAndSecondaryActionsInOverflow: FAILED
java.lang.AssertionError: java.lang.AssertionError: Failed to inject touch input.
Reason: Expected exactly '1' node but could not find any node that satisfies: (Text + InputText + EditableText contains 'Select Tasks' (ignoreCase: false))

at androidx.compose.ui.test.SemanticsNodeInteraction.fetchOneOrThrow(SemanticsNodeInteraction.kt:178)
at androidx.compose.ui.test.SemanticsNodeInteraction.fetchOneOrThrow$default(SemanticsNodeInteraction.kt:150)
at androidx.compose.ui.test.SemanticsNodeInteraction.fetchSemanticsNode(SemanticsNodeInteraction.kt:84)
at androidx.compose.ui.test.ActionsKt.performTouchInput(Actions.kt:403)
at androidx.compose.ui.test.AndroidActions.performClickImpl(Actions.android.kt:23)
at androidx.compose.ui.test.ActionsKt.performClick(Actions.kt:61)
at com.whip.app.TaskBulkSelectionUiTest.openCurrentDestinationSelection(TaskBulkSelectionUiTest.kt:765)
at com.whip.app.TaskBulkSelectionUiTest.openSelectionFor(TaskBulkSelectionUiTest.kt:760)
at com.whip.app.TaskBulkSelectionUiTest.activeSelectionKeepsPrimaryActionsVisibleAndSecondaryActionsInOverflow(TaskBulkSelectionUiTest.kt:93)

java.lang.AssertionError: Failed to inject touch input.
Reason: Expected exactly '1' node but could not find any node that satisfies: (Text + InputText + EditableText contains 'Select Tasks' (ignoreCase: false))

at androidx.compose.ui.test.SemanticsNodeInteraction.fetchOneOrThrow(SemanticsNodeInteraction.kt:178)
at androidx.compose.ui.test.SemanticsNodeInteraction.fetchOneOrThrow$default(SemanticsNodeInteraction.kt:150)
at androidx.compose.ui.test.SemanticsNodeInteraction.fetchSemanticsNode(SemanticsNodeInteraction.kt:84)
at androidx.compose.ui.test.ActionsKt.performTouchInput(Actions.kt:403)
at androidx.compose.ui.test.AndroidActions.performClickImpl(Actions.android.kt:23)
at androidx.compose.ui.test.ActionsKt.performClick(Actions.kt:61)
at com.whip.app.TaskBulkSelectionUiTest.openCurrentDestinationSelection(TaskBulkSelectionUiTest.kt:765)
at com.whip.app.TaskBulkSelectionUiTest.openSelectionFor(TaskBulkSelectionUiTest.kt:760)
at com.whip.app.TaskBulkSelectionUiTest.activeSelectionKeepsPrimaryActionsVisibleAndSecondaryActionsInOverflow(TaskBulkSelectionUiTest.kt:93)
Execute com.whip.app.TaskBulkSelectionUiTest.archivedRecurringTaskEditsTheSeriesDefinitionInsteadOfAnOpenOccurrence: FAILED
java.lang.AssertionError: java.lang.AssertionError: Failed to inject touch input.
Reason: Expected exactly '1' node but could not find any node that satisfies: (Text + InputText + EditableText contains 'Archived' (ignoreCase: false))

at androidx.compose.ui.test.SemanticsNodeInteraction.fetchOneOrThrow(SemanticsNodeInteraction.kt:178)
at androidx.compose.ui.test.SemanticsNodeInteraction.fetchOneOrThrow$default(SemanticsNodeInteraction.kt:150)
at androidx.compose.ui.test.SemanticsNodeInteraction.fetchSemanticsNode(SemanticsNodeInteraction.kt:84)
at androidx.compose.ui.test.ActionsKt.performTouchInput(Actions.kt:403)
at androidx.compose.ui.test.AndroidActions.performClickImpl(Actions.android.kt:23)
at androidx.compose.ui.test.ActionsKt.performClick(Actions.kt:61)
at com.whip.app.TaskBulkSelectionUiTest.archivedRecurringTaskEditsTheSeriesDefinitionInsteadOfAnOpenOccurrence(TaskBulkSelectionUiTest.kt:273)

java.lang.AssertionError: Failed to inject touch input.
Reason: Expected exactly '1' node but could not find any node that satisfies: (Text + InputText + EditableText contains 'Archived' (ignoreCase: false))

at androidx.compose.ui.test.SemanticsNodeInteraction.fetchOneOrThrow(SemanticsNodeInteraction.kt:178)
at androidx.compose.ui.test.SemanticsNodeInteraction.fetchOneOrThrow$default(SemanticsNodeInteraction.kt:150)
at androidx.compose.ui.test.SemanticsNodeInteraction.fetchSemanticsNode(SemanticsNodeInteraction.kt:84)
at androidx.compose.ui.test.ActionsKt.performTouchInput(Actions.kt:403)
at androidx.compose.ui.test.AndroidActions.performClickImpl(Actions.android.kt:23)
at androidx.compose.ui.test.ActionsKt.performClick(Actions.kt:61)
at com.whip.app.TaskBulkSelectionUiTest.archivedRecurringTaskEditsTheSeriesDefinitionInsteadOfAnOpenOccurrence(TaskBulkSelectionUiTest.kt:273)
Execute com.whip.app.TaskBulkSelectionUiTest.bulkDeleteReissuesItsExactPreviewAfterStateRestoration: FAILED
java.lang.AssertionError: java.lang.AssertionError: Failed to inject touch input.
Reason: Expected exactly '1' node but could not find any node that satisfies: (Text + InputText + EditableText contains 'Select Tasks' (ignoreCase: false))

at androidx.compose.ui.test.SemanticsNodeInteraction.fetchOneOrThrow(SemanticsNodeInteraction.kt:178)
at androidx.compose.ui.test.SemanticsNodeInteraction.fetchOneOrThrow$default(SemanticsNodeInteraction.kt:150)
at androidx.compose.ui.test.SemanticsNodeInteraction.fetchSemanticsNode(SemanticsNodeInteraction.kt:84)
at androidx.compose.ui.test.ActionsKt.performTouchInput(Actions.kt:403)
at androidx.compose.ui.test.AndroidActions.performClickImpl(Actions.android.kt:23)
at androidx.compose.ui.test.ActionsKt.performClick(Actions.kt:61)
at com.whip.app.TaskBulkSelectionUiTest.openCurrentDestinationSelection(TaskBulkSelectionUiTest.kt:765)
at com.whip.app.TaskBulkSelectionUiTest.openSelectionFor(TaskBulkSelectionUiTest.kt:760)
at com.whip.app.TaskBulkSelectionUiTest.bulkDeleteReissuesItsExactPreviewAfterStateRestoration(TaskBulkSelectionUiTest.kt:551)

java.lang.AssertionError: Failed to inject touch input.
Reason: Expected exactly '1' node but could not find any node that satisfies: (Text + InputText + EditableText contains 'Select Tasks' (ignoreCase: false))

at androidx.compose.ui.test.SemanticsNodeInteraction.fetchOneOrThrow(SemanticsNodeInteraction.kt:178)
at androidx.compose.ui.test.SemanticsNodeInteraction.fetchOneOrThrow$default(SemanticsNodeInteraction.kt:150)
at androidx.compose.ui.test.SemanticsNodeInteraction.fetchSemanticsNode(SemanticsNodeInteraction.kt:84)
at androidx.compose.ui.test.ActionsKt.performTouchInput(Actions.kt:403)
at androidx.compose.ui.test.AndroidActions.performClickImpl(Actions.android.kt:23)
at androidx.compose.ui.test.ActionsKt.performClick(Actions.kt:61)
at com.whip.app.TaskBulkSelectionUiTest.openCurrentDestinationSelection(TaskBulkSelectionUiTest.kt:765)
at com.whip.app.TaskBulkSelectionUiTest.openSelectionFor(TaskBulkSelectionUiTest.kt:760)
at com.whip.app.TaskBulkSelectionUiTest.bulkDeleteReissuesItsExactPreviewAfterStateRestoration(TaskBulkSelectionUiTest.kt:551)
Execute com.whip.app.TaskBulkSelectionUiTest.bulkAreaChangeCannotApplyUntilAnAreaIsExplicitlyChosen: FAILED
java.lang.AssertionError: java.lang.AssertionError: Failed to inject touch input.
Reason: Expected exactly '1' node but could not find any node that satisfies: (Text + InputText + EditableText contains 'Select Tasks' (ignoreCase: false))

at androidx.compose.ui.test.SemanticsNodeInteraction.fetchOneOrThrow(SemanticsNodeInteraction.kt:178)
at androidx.compose.ui.test.SemanticsNodeInteraction.fetchOneOrThrow$default(SemanticsNodeInteraction.kt:150)
at androidx.compose.ui.test.SemanticsNodeInteraction.fetchSemanticsNode(SemanticsNodeInteraction.kt:84)
at androidx.compose.ui.test.ActionsKt.performTouchInput(Actions.kt:403)
at androidx.compose.ui.test.AndroidActions.performClickImpl(Actions.android.kt:23)
at androidx.compose.ui.test.ActionsKt.performClick(Actions.kt:61)
at com.whip.app.TaskBulkSelectionUiTest.openCurrentDestinationSelection(TaskBulkSelectionUiTest.kt:765)
at com.whip.app.TaskBulkSelectionUiTest.openSelectionFor(TaskBulkSelectionUiTest.kt:760)
at com.whip.app.TaskBulkSelectionUiTest.bulkAreaChangeCannotApplyUntilAnAreaIsExplicitlyChosen(TaskBulkSelectionUiTest.kt:369)

java.lang.AssertionError: Failed to inject touch input.
Reason: Expected exactly '1' node but could not find any node that satisfies: (Text + InputText + EditableText contains 'Select Tasks' (ignoreCase: false))

at androidx.compose.ui.test.SemanticsNodeInteraction.fetchOneOrThrow(SemanticsNodeInteraction.kt:178)
at androidx.compose.ui.test.SemanticsNodeInteraction.fetchOneOrThrow$default(SemanticsNodeInteraction.kt:150)
at androidx.compose.ui.test.SemanticsNodeInteraction.fetchSemanticsNode(SemanticsNodeInteraction.kt:84)
at androidx.compose.ui.test.ActionsKt.performTouchInput(Actions.kt:403)
at androidx.compose.ui.test.AndroidActions.performClickImpl(Actions.android.kt:23)
at androidx.compose.ui.test.ActionsKt.performClick(Actions.kt:61)
at com.whip.app.TaskBulkSelectionUiTest.openCurrentDestinationSelection(TaskBulkSelectionUiTest.kt:765)
at com.whip.app.TaskBulkSelectionUiTest.openSelectionFor(TaskBulkSelectionUiTest.kt:760)
at com.whip.app.TaskBulkSelectionUiTest.bulkAreaChangeCannotApplyUntilAnAreaIsExplicitlyChosen(TaskBulkSelectionUiTest.kt:369)
Execute com.whip.app.TaskBulkSelectionUiTest.bulkDateFailureRetainsTheFrozenSelectionAndOnlyMatchingSuccessCloses: FAILED
java.lang.AssertionError: java.lang.AssertionError: Failed to inject touch input.
Reason: Expected exactly '1' node but could not find any node that satisfies: (Text + InputText + EditableText contains 'Select Tasks' (ignoreCase: false))

at androidx.compose.ui.test.SemanticsNodeInteraction.fetchOneOrThrow(SemanticsNodeInteraction.kt:178)
at androidx.compose.ui.test.SemanticsNodeInteraction.fetchOneOrThrow$default(SemanticsNodeInteraction.kt:150)
at androidx.compose.ui.test.SemanticsNodeInteraction.fetchSemanticsNode(SemanticsNodeInteraction.kt:84)
at androidx.compose.ui.test.ActionsKt.performTouchInput(Actions.kt:403)
at androidx.compose.ui.test.AndroidActions.performClickImpl(Actions.android.kt:23)
at androidx.compose.ui.test.ActionsKt.performClick(Actions.kt:61)
at com.whip.app.TaskBulkSelectionUiTest.openCurrentDestinationSelection(TaskBulkSelectionUiTest.kt:765)
at com.whip.app.TaskBulkSelectionUiTest.openSelectionFor(TaskBulkSelectionUiTest.kt:760)
at com.whip.app.TaskBulkSelectionUiTest.bulkDateFailureRetainsTheFrozenSelectionAndOnlyMatchingSuccessCloses(TaskBulkSelectionUiTest.kt:313)

java.lang.AssertionError: Failed to inject touch input.
Reason: Expected exactly '1' node but could not find any node that satisfies: (Text + InputText + EditableText contains 'Select Tasks' (ignoreCase: false))

at androidx.compose.ui.test.SemanticsNodeInteraction.fetchOneOrThrow(SemanticsNodeInteraction.kt:178)
at androidx.compose.ui.test.SemanticsNodeInteraction.fetchOneOrThrow$default(SemanticsNodeInteraction.kt:150)
at androidx.compose.ui.test.SemanticsNodeInteraction.fetchSemanticsNode(SemanticsNodeInteraction.kt:84)
at androidx.compose.ui.test.ActionsKt.performTouchInput(Actions.kt:403)
at androidx.compose.ui.test.AndroidActions.performClickImpl(Actions.android.kt:23)
at androidx.compose.ui.test.ActionsKt.performClick(Actions.kt:61)
at com.whip.app.TaskBulkSelectionUiTest.openCurrentDestinationSelection(TaskBulkSelectionUiTest.kt:765)
at com.whip.app.TaskBulkSelectionUiTest.openSelectionFor(TaskBulkSelectionUiTest.kt:760)
at com.whip.app.TaskBulkSelectionUiTest.bulkDateFailureRetainsTheFrozenSelectionAndOnlyMatchingSuccessCloses(TaskBulkSelectionUiTest.kt:313)
Execute com.whip.app.TaskBulkSelectionUiTest.bulkEditDraftAndSelectionSurviveSavedStateRestoration: FAILED
java.lang.AssertionError: java.lang.AssertionError: Failed to inject touch input.
Reason: Expected exactly '1' node but could not find any node that satisfies: (Text + InputText + EditableText contains 'Select Tasks' (ignoreCase: false))

at androidx.compose.ui.test.SemanticsNodeInteraction.fetchOneOrThrow(SemanticsNodeInteraction.kt:178)
at androidx.compose.ui.test.SemanticsNodeInteraction.fetchOneOrThrow$default(SemanticsNodeInteraction.kt:150)
at androidx.compose.ui.test.SemanticsNodeInteraction.fetchSemanticsNode(SemanticsNodeInteraction.kt:84)
at androidx.compose.ui.test.ActionsKt.performTouchInput(Actions.kt:403)
at androidx.compose.ui.test.AndroidActions.performClickImpl(Actions.android.kt:23)
at androidx.compose.ui.test.ActionsKt.performClick(Actions.kt:61)
at com.whip.app.TaskBulkSelectionUiTest.openCurrentDestinationSelection(TaskBulkSelectionUiTest.kt:765)
at com.whip.app.TaskBulkSelectionUiTest.openSelectionFor(TaskBulkSelectionUiTest.kt:760)
at com.whip.app.TaskBulkSelectionUiTest.bulkEditDraftAndSelectionSurviveSavedStateRestoration(TaskBulkSelectionUiTest.kt:507)

java.lang.AssertionError: Failed to inject touch input.
Reason: Expected exactly '1' node but could not find any node that satisfies: (Text + InputText + EditableText contains 'Select Tasks' (ignoreCase: false))

at androidx.compose.ui.test.SemanticsNodeInteraction.fetchOneOrThrow(SemanticsNodeInteraction.kt:178)
at androidx.compose.ui.test.SemanticsNodeInteraction.fetchOneOrThrow$default(SemanticsNodeInteraction.kt:150)
at androidx.compose.ui.test.SemanticsNodeInteraction.fetchSemanticsNode(SemanticsNodeInteraction.kt:84)
at androidx.compose.ui.test.ActionsKt.performTouchInput(Actions.kt:403)
at androidx.compose.ui.test.AndroidActions.performClickImpl(Actions.android.kt:23)
at androidx.compose.ui.test.ActionsKt.performClick(Actions.kt:61)
at com.whip.app.TaskBulkSelectionUiTest.openCurrentDestinationSelection(TaskBulkSelectionUiTest.kt:765)
at com.whip.app.TaskBulkSelectionUiTest.openSelectionFor(TaskBulkSelectionUiTest.kt:760)
at com.whip.app.TaskBulkSelectionUiTest.bulkEditDraftAndSelectionSurviveSavedStateRestoration(TaskBulkSelectionUiTest.kt:507)
Execute com.whip.app.TaskBulkSelectionUiTest.historySelectionOffersRelevantActionsForCompletedAndArchivedTasks: FAILED
java.lang.AssertionError: java.lang.AssertionError: Failed to inject touch input.
Reason: Expected exactly '1' node but could not find any node that satisfies: (Text + InputText + EditableText contains 'Archived' (ignoreCase: false))

at androidx.compose.ui.test.SemanticsNodeInteraction.fetchOneOrThrow(SemanticsNodeInteraction.kt:178)
at androidx.compose.ui.test.SemanticsNodeInteraction.fetchOneOrThrow$default(SemanticsNodeInteraction.kt:150)
at androidx.compose.ui.test.SemanticsNodeInteraction.fetchSemanticsNode(SemanticsNodeInteraction.kt:84)
at androidx.compose.ui.test.ActionsKt.performTouchInput(Actions.kt:403)
at androidx.compose.ui.test.AndroidActions.performClickImpl(Actions.android.kt:23)
at androidx.compose.ui.test.ActionsKt.performClick(Actions.kt:61)
at com.whip.app.TaskBulkSelectionUiTest.historySelectionOffersRelevantActionsForCompletedAndArchivedTasks(TaskBulkSelectionUiTest.kt:160)

java.lang.AssertionError: Failed to inject touch input.
Reason: Expected exactly '1' node but could not find any node that satisfies: (Text + InputText + EditableText contains 'Archived' (ignoreCase: false))

at androidx.compose.ui.test.SemanticsNodeInteraction.fetchOneOrThrow(SemanticsNodeInteraction.kt:178)
at androidx.compose.ui.test.SemanticsNodeInteraction.fetchOneOrThrow$default(SemanticsNodeInteraction.kt:150)
at androidx.compose.ui.test.SemanticsNodeInteraction.fetchSemanticsNode(SemanticsNodeInteraction.kt:84)
at androidx.compose.ui.test.ActionsKt.performTouchInput(Actions.kt:403)
at androidx.compose.ui.test.AndroidActions.performClickImpl(Actions.android.kt:23)
at androidx.compose.ui.test.ActionsKt.performClick(Actions.kt:61)
at com.whip.app.TaskBulkSelectionUiTest.historySelectionOffersRelevantActionsForCompletedAndArchivedTasks(TaskBulkSelectionUiTest.kt:160)
Execute com.whip.app.TaskBulkSelectionUiTest.bulkArchiveFailureRetainsFrozenSelectionAndMatchingSuccessAloneCloses: FAILED
java.lang.AssertionError: java.lang.AssertionError: Failed to inject touch input.
Reason: Expected exactly '1' node but could not find any node that satisfies: (Text + InputText + EditableText contains 'Select Tasks' (ignoreCase: false))

at androidx.compose.ui.test.SemanticsNodeInteraction.fetchOneOrThrow(SemanticsNodeInteraction.kt:178)
at androidx.compose.ui.test.SemanticsNodeInteraction.fetchOneOrThrow$default(SemanticsNodeInteraction.kt:150)
at androidx.compose.ui.test.SemanticsNodeInteraction.fetchSemanticsNode(SemanticsNodeInteraction.kt:84)
at androidx.compose.ui.test.ActionsKt.performTouchInput(Actions.kt:403)
at androidx.compose.ui.test.AndroidActions.performClickImpl(Actions.android.kt:23)
at androidx.compose.ui.test.ActionsKt.performClick(Actions.kt:61)
at com.whip.app.TaskBulkSelectionUiTest.openCurrentDestinationSelection(TaskBulkSelectionUiTest.kt:765)
at com.whip.app.TaskBulkSelectionUiTest.openSelectionFor(TaskBulkSelectionUiTest.kt:760)
at com.whip.app.TaskBulkSelectionUiTest.bulkArchiveFailureRetainsFrozenSelectionAndMatchingSuccessAloneCloses(TaskBulkSelectionUiTest.kt:686)

java.lang.AssertionError: Failed to inject touch input.
Reason: Expected exactly '1' node but could not find any node that satisfies: (Text + InputText + EditableText contains 'Select Tasks' (ignoreCase: false))

at androidx.compose.ui.test.SemanticsNodeInteraction.fetchOneOrThrow(SemanticsNodeInteraction.kt:178)
at androidx.compose.ui.test.SemanticsNodeInteraction.fetchOneOrThrow$default(SemanticsNodeInteraction.kt:150)
at androidx.compose.ui.test.SemanticsNodeInteraction.fetchSemanticsNode(SemanticsNodeInteraction.kt:84)
at androidx.compose.ui.test.ActionsKt.performTouchInput(Actions.kt:403)
at androidx.compose.ui.test.AndroidActions.performClickImpl(Actions.android.kt:23)
at androidx.compose.ui.test.ActionsKt.performClick(Actions.kt:61)
at com.whip.app.TaskBulkSelectionUiTest.openCurrentDestinationSelection(TaskBulkSelectionUiTest.kt:765)
at com.whip.app.TaskBulkSelectionUiTest.openSelectionFor(TaskBulkSelectionUiTest.kt:760)
at com.whip.app.TaskBulkSelectionUiTest.bulkArchiveFailureRetainsFrozenSelectionAndMatchingSuccessAloneCloses(TaskBulkSelectionUiTest.kt:686)
Execute com.whip.app.TaskBulkSelectionUiTest.bulkCompletionReviewsUnfinishedSubtasksBeforeCommitAndCancelKeepsSelection: FAILED
java.lang.AssertionError: java.lang.AssertionError: Failed to inject touch input.
Reason: Expected exactly '1' node but could not find any node that satisfies: (Text + InputText + EditableText contains 'Select Tasks' (ignoreCase: false))

at androidx.compose.ui.test.SemanticsNodeInteraction.fetchOneOrThrow(SemanticsNodeInteraction.kt:178)
at androidx.compose.ui.test.SemanticsNodeInteraction.fetchOneOrThrow$default(SemanticsNodeInteraction.kt:150)
at androidx.compose.ui.test.SemanticsNodeInteraction.fetchSemanticsNode(SemanticsNodeInteraction.kt:84)
at androidx.compose.ui.test.ActionsKt.performTouchInput(Actions.kt:403)
at androidx.compose.ui.test.AndroidActions.performClickImpl(Actions.android.kt:23)
at androidx.compose.ui.test.ActionsKt.performClick(Actions.kt:61)
at com.whip.app.TaskBulkSelectionUiTest.openCurrentDestinationSelection(TaskBulkSelectionUiTest.kt:765)
at com.whip.app.TaskBulkSelectionUiTest.openSelectionFor(TaskBulkSelectionUiTest.kt:760)
at com.whip.app.TaskBulkSelectionUiTest.bulkCompletionReviewsUnfinishedSubtasksBeforeCommitAndCancelKeepsSelection(TaskBulkSelectionUiTest.kt:745)

java.lang.AssertionError: Failed to inject touch input.
Reason: Expected exactly '1' node but could not find any node that satisfies: (Text + InputText + EditableText contains 'Select Tasks' (ignoreCase: false))

at androidx.compose.ui.test.SemanticsNodeInteraction.fetchOneOrThrow(SemanticsNodeInteraction.kt:178)
at androidx.compose.ui.test.SemanticsNodeInteraction.fetchOneOrThrow$default(SemanticsNodeInteraction.kt:150)
at androidx.compose.ui.test.SemanticsNodeInteraction.fetchSemanticsNode(SemanticsNodeInteraction.kt:84)
at androidx.compose.ui.test.ActionsKt.performTouchInput(Actions.kt:403)
at androidx.compose.ui.test.AndroidActions.performClickImpl(Actions.android.kt:23)
at androidx.compose.ui.test.ActionsKt.performClick(Actions.kt:61)
at com.whip.app.TaskBulkSelectionUiTest.openCurrentDestinationSelection(TaskBulkSelectionUiTest.kt:765)
at com.whip.app.TaskBulkSelectionUiTest.openSelectionFor(TaskBulkSelectionUiTest.kt:760)
at com.whip.app.TaskBulkSelectionUiTest.bulkCompletionReviewsUnfinishedSubtasksBeforeCommitAndCancelKeepsSelection(TaskBulkSelectionUiTest.kt:745)
Execute com.whip.app.TaskDayPlannerUiTest.shortLargeTextSelectionKeepsResultsAndCompletionReachable: FAILED
java.lang.AssertionError: java.lang.AssertionError: Failed to inject touch input.
Reason: Expected exactly '1' node but could not find any node that satisfies: (Text + InputText + EditableText contains 'Select Tasks' (ignoreCase: false))

at androidx.compose.ui.test.SemanticsNodeInteraction.fetchOneOrThrow(SemanticsNodeInteraction.kt:178)
at androidx.compose.ui.test.SemanticsNodeInteraction.fetchOneOrThrow$default(SemanticsNodeInteraction.kt:150)
at androidx.compose.ui.test.SemanticsNodeInteraction.fetchSemanticsNode(SemanticsNodeInteraction.kt:84)
at androidx.compose.ui.test.ActionsKt.performTouchInput(Actions.kt:403)
at androidx.compose.ui.test.AndroidActions.performClickImpl(Actions.android.kt:23)
at androidx.compose.ui.test.ActionsKt.performClick(Actions.kt:61)
at com.whip.app.TaskDayPlannerUiTest.shortLargeTextSelectionKeepsResultsAndCompletionReachable(TaskDayPlannerUiTest.kt:104)

java.lang.AssertionError: Failed to inject touch input.
Reason: Expected exactly '1' node but could not find any node that satisfies: (Text + InputText + EditableText contains 'Select Tasks' (ignoreCase: false))

at androidx.compose.ui.test.SemanticsNodeInteraction.fetchOneOrThrow(SemanticsNodeInteraction.kt:178)
at androidx.compose.ui.test.SemanticsNodeInteraction.fetchOneOrThrow$default(SemanticsNodeInteraction.kt:150)
at androidx.compose.ui.test.SemanticsNodeInteraction.fetchSemanticsNode(SemanticsNodeInteraction.kt:84)
at androidx.compose.ui.test.ActionsKt.performTouchInput(Actions.kt:403)
at androidx.compose.ui.test.AndroidActions.performClickImpl(Actions.android.kt:23)
at androidx.compose.ui.test.ActionsKt.performClick(Actions.kt:61)
at com.whip.app.TaskDayPlannerUiTest.shortLargeTextSelectionKeepsResultsAndCompletionReachable(TaskDayPlannerUiTest.kt:104)
Execute com.whip.app.TaskEditorJourneyE2ETest.existingTaskCanBeReadEditedRecreatedSavedAndReopened: FAILED
java.lang.IllegalStateException: java.lang.IllegalStateException: Visual catalog hierarchy for tasks.editor.existing-input.ordinary contains an unlabeled interactive node:                                 <node NAF="true" index="1" text="" resource-id="" class="android.widget.FrameLayout" package="com.google.android.inputmethod.latin" content-desc="" checkable="false" checked="false" clickable="true" enabled="true" focusable="true" focused="false" scrollable="false" long-clickable="false" password="false" selected="false" visible-to-user="true" bounds="[387,1517][693,1633]" drawing-order="2" hint="" display-id="0">
at com.whip.app.VisualCatalogCaptureKt.captureVisualCatalogSurface(VisualCatalogCapture.kt:95)
at com.whip.app.VisualCatalogCaptureKt.captureVisualCatalogSurface$default(VisualCatalogCapture.kt:26)
at com.whip.app.TaskEditorJourneyE2ETest.capture(TaskEditorJourneyE2ETest.kt:162)
at com.whip.app.TaskEditorJourneyE2ETest.verifyExistingTask(TaskEditorJourneyE2ETest.kt:88)
at com.whip.app.TaskEditorJourneyE2ETest.existingTaskCanBeReadEditedRecreatedSavedAndReopened(TaskEditorJourneyE2ETest.kt:71)

java.lang.IllegalStateException: Visual catalog hierarchy for tasks.editor.existing-input.ordinary contains an unlabeled interactive node:                                 <node NAF="true" index="1" text="" resource-id="" class="android.widget.FrameLayout" package="com.google.android.inputmethod.latin" content-desc="" checkable="false" checked="false" clickable="true" enabled="true" focusable="true" focused="false" scrollable="false" long-clickable="false" password="false" selected="false" visible-to-user="true" bounds="[387,1517][693,1633]" drawing-order="2" hint="" display-id="0">
at com.whip.app.VisualCatalogCaptureKt.captureVisualCatalogSurface(VisualCatalogCapture.kt:95)
at com.whip.app.VisualCatalogCaptureKt.captureVisualCatalogSurface$default(VisualCatalogCapture.kt:26)
at com.whip.app.TaskEditorJourneyE2ETest.capture(TaskEditorJourneyE2ETest.kt:162)
at com.whip.app.TaskEditorJourneyE2ETest.verifyExistingTask(TaskEditorJourneyE2ETest.kt:88)
at com.whip.app.TaskEditorJourneyE2ETest.existingTaskCanBeReadEditedRecreatedSavedAndReopened(TaskEditorJourneyE2ETest.kt:71)
Execute com.whip.app.TaskReorderJourneyE2ETest.dragPreviewsPersistsCancelsAndSurvivesRecreation: FAILED
java.lang.AssertionError: java.lang.AssertionError: Failed to inject touch input.
Reason: Expected exactly '1' node but could not find any node that satisfies: (Text + InputText + EditableText contains 'Reorder Tasks' (ignoreCase: false))

at androidx.compose.ui.test.SemanticsNodeInteraction.fetchOneOrThrow(SemanticsNodeInteraction.kt:178)
at androidx.compose.ui.test.SemanticsNodeInteraction.fetchOneOrThrow$default(SemanticsNodeInteraction.kt:150)
at androidx.compose.ui.test.SemanticsNodeInteraction.fetchSemanticsNode(SemanticsNodeInteraction.kt:84)
at androidx.compose.ui.test.ActionsKt.performTouchInput(Actions.kt:403)
at androidx.compose.ui.test.AndroidActions.performClickImpl(Actions.android.kt:23)
at androidx.compose.ui.test.ActionsKt.performClick(Actions.kt:61)
at com.whip.app.TaskReorderJourneyE2ETest.dragPreviewsPersistsCancelsAndSurvivesRecreation(TaskReorderJourneyE2ETest.kt:75)

java.lang.AssertionError: Failed to inject touch input.
Reason: Expected exactly '1' node but could not find any node that satisfies: (Text + InputText + EditableText contains 'Reorder Tasks' (ignoreCase: false))

at androidx.compose.ui.test.SemanticsNodeInteraction.fetchOneOrThrow(SemanticsNodeInteraction.kt:178)
at androidx.compose.ui.test.SemanticsNodeInteraction.fetchOneOrThrow$default(SemanticsNodeInteraction.kt:150)
at androidx.compose.ui.test.SemanticsNodeInteraction.fetchSemanticsNode(SemanticsNodeInteraction.kt:84)
at androidx.compose.ui.test.ActionsKt.performTouchInput(Actions.kt:403)
at androidx.compose.ui.test.AndroidActions.performClickImpl(Actions.android.kt:23)
at androidx.compose.ui.test.ActionsKt.performClick(Actions.kt:61)
at com.whip.app.TaskReorderJourneyE2ETest.dragPreviewsPersistsCancelsAndSurvivesRecreation(TaskReorderJourneyE2ETest.kt:75)
Execute com.whip.app.TrackAuthoringJourneyE2ETest.mixedTrackCanBeAuthoredRecoveredAndUsedAtLargeText: FAILED
java.lang.IllegalStateException: java.lang.IllegalStateException: Visual catalog hierarchy for tracks.authoring.track-name.large contains an unlabeled interactive node:                                 <node NAF="true" index="1" text="" resource-id="" class="android.widget.FrameLayout" package="com.google.android.inputmethod.latin" content-desc="" checkable="false" checked="false" clickable="true" enabled="true" focusable="true" focused="false" scrollable="false" long-clickable="false" password="false" selected="false" visible-to-user="true" bounds="[387,1517][693,1633]" drawing-order="2" hint="" display-id="0">
at com.whip.app.VisualCatalogCaptureKt.captureVisualCatalogSurface(VisualCatalogCapture.kt:95)
at com.whip.app.VisualCatalogCaptureKt.captureVisualCatalogSurface$default(VisualCatalogCapture.kt:26)
at com.whip.app.TrackAuthoringJourneyE2ETest.capture(TrackAuthoringJourneyE2ETest.kt:346)
at com.whip.app.TrackAuthoringJourneyE2ETest.verifyAuthoring(TrackAuthoringJourneyE2ETest.kt:69)
at com.whip.app.TrackAuthoringJourneyE2ETest.mixedTrackCanBeAuthoredRecoveredAndUsedAtLargeText(TrackAuthoringJourneyE2ETest.kt:50)

java.lang.IllegalStateException: Visual catalog hierarchy for tracks.authoring.track-name.large contains an unlabeled interactive node:                                 <node NAF="true" index="1" text="" resource-id="" class="android.widget.FrameLayout" package="com.google.android.inputmethod.latin" content-desc="" checkable="false" checked="false" clickable="true" enabled="true" focusable="true" focused="false" scrollable="false" long-clickable="false" password="false" selected="false" visible-to-user="true" bounds="[387,1517][693,1633]" drawing-order="2" hint="" display-id="0">
at com.whip.app.VisualCatalogCaptureKt.captureVisualCatalogSurface(VisualCatalogCapture.kt:95)
at com.whip.app.VisualCatalogCaptureKt.captureVisualCatalogSurface$default(VisualCatalogCapture.kt:26)
at com.whip.app.TrackAuthoringJourneyE2ETest.capture(TrackAuthoringJourneyE2ETest.kt:346)
at com.whip.app.TrackAuthoringJourneyE2ETest.verifyAuthoring(TrackAuthoringJourneyE2ETest.kt:69)
at com.whip.app.TrackAuthoringJourneyE2ETest.mixedTrackCanBeAuthoredRecoveredAndUsedAtLargeText(TrackAuthoringJourneyE2ETest.kt:50)
Execute com.whip.app.TrackAuthoringJourneyE2ETest.mixedTrackCanBeAuthoredRecoveredAndUsed: FAILED
java.lang.IllegalStateException: java.lang.IllegalStateException: Visual catalog hierarchy for tracks.authoring.track-name.ordinary contains an unlabeled interactive node:                                 <node NAF="true" index="1" text="" resource-id="" class="android.widget.FrameLayout" package="com.google.android.inputmethod.latin" content-desc="" checkable="false" checked="false" clickable="true" enabled="true" focusable="true" focused="false" scrollable="false" long-clickable="false" password="false" selected="false" visible-to-user="true" bounds="[387,1517][693,1633]" drawing-order="2" hint="" display-id="0">
at com.whip.app.VisualCatalogCaptureKt.captureVisualCatalogSurface(VisualCatalogCapture.kt:95)
at com.whip.app.VisualCatalogCaptureKt.captureVisualCatalogSurface$default(VisualCatalogCapture.kt:26)
at com.whip.app.TrackAuthoringJourneyE2ETest.capture(TrackAuthoringJourneyE2ETest.kt:346)
at com.whip.app.TrackAuthoringJourneyE2ETest.verifyAuthoring(TrackAuthoringJourneyE2ETest.kt:69)
at com.whip.app.TrackAuthoringJourneyE2ETest.mixedTrackCanBeAuthoredRecoveredAndUsed(TrackAuthoringJourneyE2ETest.kt:47)

java.lang.IllegalStateException: Visual catalog hierarchy for tracks.authoring.track-name.ordinary contains an unlabeled interactive node:                                 <node NAF="true" index="1" text="" resource-id="" class="android.widget.FrameLayout" package="com.google.android.inputmethod.latin" content-desc="" checkable="false" checked="false" clickable="true" enabled="true" focusable="true" focused="false" scrollable="false" long-clickable="false" password="false" selected="false" visible-to-user="true" bounds="[387,1517][693,1633]" drawing-order="2" hint="" display-id="0">
at com.whip.app.VisualCatalogCaptureKt.captureVisualCatalogSurface(VisualCatalogCapture.kt:95)
at com.whip.app.VisualCatalogCaptureKt.captureVisualCatalogSurface$default(VisualCatalogCapture.kt:26)
at com.whip.app.TrackAuthoringJourneyE2ETest.capture(TrackAuthoringJourneyE2ETest.kt:346)
at com.whip.app.TrackAuthoringJourneyE2ETest.verifyAuthoring(TrackAuthoringJourneyE2ETest.kt:69)
at com.whip.app.TrackAuthoringJourneyE2ETest.mixedTrackCanBeAuthoredRecoveredAndUsed(TrackAuthoringJourneyE2ETest.kt:47)

> Task :app:connectedDebugAndroidTest FAILED

FAILURE: Build failed with an exception.

* What went wrong:
Execution failed for task ':app:connectedDebugAndroidTest' (registered by plugin 'com.android.internal.application').
> There were failing tests. See the report at: file:///root/repos/whip/app/build/whip-android-workers/instrumentation-results-xspue8-worker-1/reports/index.html

* Try:
> Run with --stacktrace option to get the stack trace.
> Run with --info or --debug option to get more log output.
> Run with --scan to get full insights from a Build Scan (powered by Develocity).
> Get more help at https://help.gradle.org.

BUILD FAILED in 8m 31s
78 actionable tasks: 1 executed, 77 up-to-date
error: Android batch 1 requires a successful Gradle task, nonzero tests, and zero failures/skips; got status/tests/failures/skips 1/98/16/0; results retained in /root/repos/whip/build/instrumentation-results-XspuE8
