Reusing configuration cache.
> Task :app:generateDebugAndroidTestAssets UP-TO-DATE
> Task :app:preBuild UP-TO-DATE
> Task :app:generateDebugAssets UP-TO-DATE
> Task :app:preDebugBuild UP-TO-DATE
> Task :app:preDebugAndroidTestBuild SKIPPED
> Task :app:copyRoomSchemasToAndroidTestAssetsDebugAndroidTest UP-TO-DATE
> Task :app:generateDebugResValues UP-TO-DATE
> Task :app:generateDebugBuildConfig UP-TO-DATE
> Task :app:mergeDebugNativeDebugMetadata NO-SOURCE
> Task :app:javaPreCompileDebug UP-TO-DATE
> Task :app:javaPreCompileDebugAndroidTest UP-TO-DATE
> Task :app:mergeDebugJniLibFolders UP-TO-DATE
> Task :app:desugarDebugFileDependencies UP-TO-DATE
> Task :app:writeDebugAppMetadata UP-TO-DATE
> Task :app:mapDebugSourceSetPaths UP-TO-DATE
> Task :app:generateDebugAndroidTestResValues UP-TO-DATE
> Task :app:createDebugCompatibleScreenManifests UP-TO-DATE
> Task :app:validateSigningDebug UP-TO-DATE
> Task :app:mergeDebugAndroidTestJniLibFolders UP-TO-DATE
> Task :app:extractDeepLinksDebug UP-TO-DATE
> Task :app:generateDebugResources UP-TO-DATE
> Task :app:writeDebugSigningConfigVersions UP-TO-DATE
> Task :app:checkDebugDuplicateClasses UP-TO-DATE
> Task :app:processDebugAndroidTestNavigationResources UP-TO-DATE
> Task :app:validateSigningDebugAndroidTest UP-TO-DATE
> Task :app:generateDebugGlobalSynthetics UP-TO-DATE
> Task :app:generateDebugAndroidTestGlobalSynthetics UP-TO-DATE
> Task :app:desugarDebugAndroidTestFileDependencies UP-TO-DATE
> Task :app:mapDebugAndroidTestSourceSetPaths UP-TO-DATE
> Task :app:writeDebugAndroidTestSigningConfigVersions UP-TO-DATE
> Task :app:checkDebugAndroidTestDuplicateClasses UP-TO-DATE
> Task :app:packageDebugResources UP-TO-DATE
> Task :app:generateDebugAndroidTestResources UP-TO-DATE
> Task :app:mergeLibDexDebug UP-TO-DATE
> Task :app:generateDebugJacocoPropertiesFile UP-TO-DATE
> Task :app:compileDebugAndroidTestNavigationResources UP-TO-DATE
> Task :app:mergeLibDexDebugAndroidTest UP-TO-DATE
> Task :app:packageDebugAndroidTestResources UP-TO-DATE
> Task :app:parseDebugAndroidTestLocalResources UP-TO-DATE
> Task :app:generateDebugAndroidTestRFile UP-TO-DATE
> Task :app:mergeExtDexDebugAndroidTest UP-TO-DATE
> Task :app:mergeDebugAssets UP-TO-DATE
> Task :app:processDebugNavigationResources UP-TO-DATE
> Task :app:mergeExtDexDebug UP-TO-DATE
> Task :app:checkDebugAarMetadata UP-TO-DATE
> Task :app:mergeDebugAndroidTestAssets UP-TO-DATE
> Task :app:checkDebugAndroidTestAarMetadata UP-TO-DATE
> Task :app:mergeDebugNativeLibs UP-TO-DATE
> Task :app:mergeDebugAndroidTestResources UP-TO-DATE
> Task :app:mergeDebugResources UP-TO-DATE
> Task :app:compileDebugNavigationResources UP-TO-DATE
> Task :app:compressDebugAssets UP-TO-DATE
> Task :app:parseDebugLocalResources UP-TO-DATE
> Task :app:stripDebugDebugSymbols UP-TO-DATE
> Task :app:processDebugMainManifest UP-TO-DATE
> Task :app:mergeDebugAndroidTestManifest UP-TO-DATE
> Task :app:generateDebugRFile UP-TO-DATE
> Task :app:processDebugAndroidTestManifest UP-TO-DATE
> Task :app:processDebugManifest UP-TO-DATE
> Task :app:processDebugManifestForPackage UP-TO-DATE
> Task :app:generateDebugAndroidTestBuildConfig UP-TO-DATE
> Task :app:mergeDebugAndroidTestNativeLibs NO-SOURCE
> Task :app:stripDebugAndroidTestDebugSymbols NO-SOURCE
> Task :app:compressDebugAndroidTestAssets UP-TO-DATE
> Task :app:kspDebugKotlin UP-TO-DATE
> Task :app:processDebugResources UP-TO-DATE
> Task :app:processDebugAndroidTestResources UP-TO-DATE
> Task :app:compileDebugKotlin UP-TO-DATE
> Task :app:processDebugJavaRes UP-TO-DATE
> Task :app:compileDebugJavaWithJavac UP-TO-DATE
> Task :app:mergeDebugJavaResource UP-TO-DATE
> Task :app:bundleDebugClassesToCompileJar UP-TO-DATE
> Task :app:kspDebugAndroidTestKotlin SKIPPED
> Task :app:jacocoDebug UP-TO-DATE
> Task :app:dexBuilderDebug UP-TO-DATE
> Task :app:mergeProjectDexDebug UP-TO-DATE
> Task :app:compileDebugAndroidTestKotlin UP-TO-DATE
> Task :app:packageDebug UP-TO-DATE
> Task :app:assembleDebug UP-TO-DATE
> Task :app:processDebugAndroidTestJavaRes UP-TO-DATE
> Task :app:createDebugApkListingFileRedirect UP-TO-DATE
> Task :app:compileDebugAndroidTestJavaWithJavac UP-TO-DATE
> Task :app:copyRoomSchemas NO-SOURCE
> Task :app:mergeDebugAndroidTestJavaResource UP-TO-DATE
> Task :app:dexBuilderDebugAndroidTest UP-TO-DATE
> Task :app:mergeProjectDexDebugAndroidTest UP-TO-DATE
> Task :app:packageDebugAndroidTest UP-TO-DATE
> Task :app:assembleDebugAndroidTest UP-TO-DATE
> Task :app:createDebugAndroidTestApkListingFileRedirect UP-TO-DATE

BUILD SUCCESSFUL in 818ms
77 actionable tasks: 77 up-to-date
Configuration cache entry reused.
Android batch 1/1 (ordinary, 10 selector(s)).
> Task :app:preBuild UP-TO-DATE
> Task :app:preDebugBuild UP-TO-DATE
> Task :app:generateDebugBuildConfig UP-TO-DATE
> Task :app:generateDebugResValues UP-TO-DATE
> Task :app:generateDebugResources UP-TO-DATE
> Task :app:packageDebugResources UP-TO-DATE
> Task :app:processDebugNavigationResources UP-TO-DATE
> Task :app:parseDebugLocalResources UP-TO-DATE
> Task :app:generateDebugRFile UP-TO-DATE
> Task :app:kspDebugKotlin UP-TO-DATE
> Task :app:compileDebugKotlin UP-TO-DATE
> Task :app:javaPreCompileDebug UP-TO-DATE
> Task :app:compileDebugJavaWithJavac UP-TO-DATE
> Task :app:checkDebugAarMetadata UP-TO-DATE
> Task :app:mapDebugSourceSetPaths UP-TO-DATE
> Task :app:compileDebugNavigationResources UP-TO-DATE
> Task :app:mergeDebugResources UP-TO-DATE
> Task :app:createDebugCompatibleScreenManifests UP-TO-DATE
> Task :app:extractDeepLinksDebug UP-TO-DATE
> Task :app:processDebugMainManifest UP-TO-DATE
> Task :app:processDebugManifest UP-TO-DATE
> Task :app:processDebugManifestForPackage UP-TO-DATE
> Task :app:processDebugResources UP-TO-DATE
> Task :app:bundleDebugClassesToCompileJar UP-TO-DATE
> Task :app:preDebugAndroidTestBuild SKIPPED
> Task :app:mergeDebugAndroidTestManifest UP-TO-DATE
> Task :app:processDebugAndroidTestManifest UP-TO-DATE
> Task :app:generateDebugAndroidTestBuildConfig UP-TO-DATE
> Task :app:generateDebugAndroidTestResValues UP-TO-DATE
> Task :app:generateDebugAndroidTestResources UP-TO-DATE
> Task :app:packageDebugAndroidTestResources UP-TO-DATE
> Task :app:processDebugAndroidTestNavigationResources UP-TO-DATE
> Task :app:parseDebugAndroidTestLocalResources UP-TO-DATE
> Task :app:generateDebugAndroidTestRFile UP-TO-DATE
> Task :app:kspDebugAndroidTestKotlin SKIPPED
> Task :app:compileDebugAndroidTestKotlin UP-TO-DATE
> Task :app:javaPreCompileDebugAndroidTest UP-TO-DATE
> Task :app:compileDebugAndroidTestJavaWithJavac UP-TO-DATE
> Task :app:copyRoomSchemas NO-SOURCE
> Task :app:generateDebugAssets UP-TO-DATE
> Task :app:mergeDebugAssets UP-TO-DATE
> Task :app:compressDebugAssets UP-TO-DATE
> Task :app:generateDebugGlobalSynthetics UP-TO-DATE
> Task :app:generateDebugJacocoPropertiesFile UP-TO-DATE
> Task :app:processDebugJavaRes UP-TO-DATE
> Task :app:mergeDebugJavaResource UP-TO-DATE
> Task :app:checkDebugDuplicateClasses UP-TO-DATE
> Task :app:desugarDebugFileDependencies UP-TO-DATE
> Task :app:mergeExtDexDebug UP-TO-DATE
> Task :app:mergeLibDexDebug UP-TO-DATE
> Task :app:jacocoDebug UP-TO-DATE
> Task :app:dexBuilderDebug UP-TO-DATE
> Task :app:mergeProjectDexDebug UP-TO-DATE
> Task :app:mergeDebugJniLibFolders UP-TO-DATE
> Task :app:mergeDebugNativeLibs UP-TO-DATE
> Task :app:stripDebugDebugSymbols UP-TO-DATE
> Task :app:validateSigningDebug UP-TO-DATE
> Task :app:writeDebugAppMetadata UP-TO-DATE
> Task :app:writeDebugSigningConfigVersions UP-TO-DATE
> Task :app:packageDebug UP-TO-DATE
> Task :app:createDebugApkListingFileRedirect UP-TO-DATE
> Task :app:copyRoomSchemasToAndroidTestAssetsDebugAndroidTest UP-TO-DATE
> Task :app:generateDebugAndroidTestAssets UP-TO-DATE
> Task :app:mergeDebugAndroidTestAssets UP-TO-DATE
> Task :app:compressDebugAndroidTestAssets UP-TO-DATE
> Task :app:generateDebugAndroidTestGlobalSynthetics UP-TO-DATE
> Task :app:processDebugAndroidTestJavaRes UP-TO-DATE
> Task :app:mergeDebugAndroidTestJavaResource UP-TO-DATE
> Task :app:checkDebugAndroidTestDuplicateClasses UP-TO-DATE
> Task :app:desugarDebugAndroidTestFileDependencies UP-TO-DATE
> Task :app:mergeExtDexDebugAndroidTest UP-TO-DATE
> Task :app:mergeLibDexDebugAndroidTest UP-TO-DATE
> Task :app:checkDebugAndroidTestAarMetadata UP-TO-DATE
> Task :app:mapDebugAndroidTestSourceSetPaths UP-TO-DATE
> Task :app:compileDebugAndroidTestNavigationResources UP-TO-DATE
> Task :app:mergeDebugAndroidTestResources UP-TO-DATE
> Task :app:processDebugAndroidTestResources UP-TO-DATE
> Task :app:dexBuilderDebugAndroidTest UP-TO-DATE
> Task :app:mergeProjectDexDebugAndroidTest UP-TO-DATE
> Task :app:mergeDebugAndroidTestJniLibFolders UP-TO-DATE
> Task :app:mergeDebugAndroidTestNativeLibs NO-SOURCE
> Task :app:stripDebugAndroidTestDebugSymbols NO-SOURCE
> Task :app:validateSigningDebugAndroidTest UP-TO-DATE
> Task :app:writeDebugAndroidTestSigningConfigVersions UP-TO-DATE
> Task :app:packageDebugAndroidTest UP-TO-DATE
> Task :app:createDebugAndroidTestApkListingFileRedirect UP-TO-DATE
Starting 41 tests on whip_api34(AVD) - 14
whip_api34(AVD) - 14 Tests 0/41 completed. (0 skipped) (0 failed)
> Task :app:connectedDebugAndroidTest

whip_api34(AVD) - 14 Tests 2/41 completed. (0 skipped) (0 failed)
whip_api34(AVD) - 14 Tests 3/41 completed. (0 skipped) (0 failed)
whip_api34(AVD) - 14 Tests 4/41 completed. (0 skipped) (0 failed)
whip_api34(AVD) - 14 Tests 5/41 completed. (0 skipped) (0 failed)
whip_api34(AVD) - 14 Tests 6/41 completed. (0 skipped) (0 failed)
whip_api34(AVD) - 14 Tests 7/41 completed. (0 skipped) (0 failed)
whip_api34(AVD) - 14 Tests 8/41 completed. (0 skipped) (0 failed)
whip_api34(AVD) - 14 Tests 9/41 completed. (0 skipped) (0 failed)
whip_api34(AVD) - 14 Tests 10/41 completed. (0 skipped) (0 failed)
whip_api34(AVD) - 14 Tests 11/41 completed. (0 skipped) (0 failed)
whip_api34(AVD) - 14 Tests 12/41 completed. (0 skipped) (0 failed)

com.whip.app.TrackHistoryControlsJourneyE2ETest > dateBetweenConditionIncludesBothBoundariesAndSurvivesRecreation[whip_api34(AVD) - 14] [31mFAILED [0m
	java.lang.AssertionError: No node found that matches ContentDescription = 'Filter Insights' (ignoreCase: false) in scrollable container
	Semantics of the node:
whip_api34(AVD) - 14 Tests 13/41 completed. (0 skipped) (1 failed)

com.whip.app.TrackHistoryControlsJourneyE2ETest > pagedHistoryCanCombineAndRecoverFiltersAtLargeText[whip_api34(AVD) - 14] [31mFAILED [0m
	java.lang.AssertionError: No node found that matches Text + InputText + EditableText contains 'Walk 1' (ignoreCase: false) in scrollable container
	Semantics of the node:
whip_api34(AVD) - 14 Tests 14/41 completed. (0 skipped) (2 failed)
whip_api34(AVD) - 14 Tests 15/41 completed. (0 skipped) (2 failed)

com.whip.app.TrackHistoryControlsJourneyE2ETest > pagedHistoryCanCombineAndRecoverFilters[whip_api34(AVD) - 14] [31mFAILED [0m
	java.lang.AssertionError: No node found that matches Text + InputText + EditableText contains 'Walk 1' (ignoreCase: false) in scrollable container
	Semantics of the node:
whip_api34(AVD) - 14 Tests 16/41 completed. (0 skipped) (3 failed)

com.whip.app.TrackHistoryJourneyE2ETest > archivedHistoryCanBeSearchedRecreatedAndRestoredAtLargeText[whip_api34(AVD) - 14] [31mFAILED [0m
	java.lang.AssertionError: Complete history text Neighbourhood walk 1: null versus DpRect(left=32.38095.dp, top=763.4286.dp, right=379.0476.dp, bottom=796.1905.dp)
	at org.junit.Assert.fail(Assert.java:89)
whip_api34(AVD) - 14 Tests 17/41 completed. (0 skipped) (4 failed)
whip_api34(AVD) - 14 Tests 18/41 completed. (0 skipped) (4 failed)

com.whip.app.TrackHistoryJourneyE2ETest > archivedHistoryCanBeSearchedRecreatedAndRestored[whip_api34(AVD) - 14] [31mFAILED [0m
	java.lang.AssertionError: No node found that matches TestTag = 'track-entry-search' in scrollable container
	Semantics of the node:
whip_api34(AVD) - 14 Tests 19/41 completed. (0 skipped) (5 failed)
whip_api34(AVD) - 14 Tests 20/41 completed. (0 skipped) (5 failed)
whip_api34(AVD) - 14 Tests 21/41 completed. (0 skipped) (5 failed)

com.whip.app.TrackInsightRecoveryJourneyE2ETest > archivedEntrylessTrackOffersReadOnlyRecovery[whip_api34(AVD) - 14] [31mFAILED [0m
	java.lang.AssertionError: Failed to inject touch input.
	Reason: Expected exactly '1' node but could not find any node that satisfies: (TestTag = 'track-workspace-destination-Archived')
whip_api34(AVD) - 14 Tests 22/41 completed. (0 skipped) (6 failed)

com.whip.app.TrackInsightRecoveryJourneyE2ETest > unmatchedInsightFiltersCanRecoverExactHistory[whip_api34(AVD) - 14] [31mFAILED [0m
	java.lang.AssertionError: Failed to inject touch input.
	Reason: Expected exactly '1' node but found '2' nodes that satisfy: (Text + InputText + EditableText contains 'Name' (ignoreCase: false))
whip_api34(AVD) - 14 Tests 23/41 completed. (0 skipped) (7 failed)
whip_api34(AVD) - 14 Tests 24/41 completed. (0 skipped) (7 failed)
whip_api34(AVD) - 14 Tests 25/41 completed. (0 skipped) (7 failed)
whip_api34(AVD) - 14 Tests 26/41 completed. (0 skipped) (7 failed)

com.whip.app.TrackInsightsJourneyE2ETest > temperatureAndFineScaleInsightsPreserveReadingsWithoutTotals[whip_api34(AVD) - 14] [31mFAILED [0m
	java.lang.AssertionError: Assert failed: The component with Text + InputText + EditableText contains '32.0 °F' (ignoreCase: false) is not displayed!
	at androidx.compose.ui.test.AssertionsKt.assertIsDisplayed(Assertions.kt:34)
whip_api34(AVD) - 14 Tests 27/41 completed. (0 skipped) (8 failed)

com.whip.app.TrackInsightsJourneyE2ETest > mixedDistanceUnitsUseTheFieldUnitAndPrecisionAcrossInsights[whip_api34(AVD) - 14] [31mFAILED [0m
	java.lang.AssertionError: Assert failed: The component with Text + InputText + EditableText contains '1.621 mi' (ignoreCase: false) is not displayed!
	at androidx.compose.ui.test.AssertionsKt.assertIsDisplayed(Assertions.kt:34)
whip_api34(AVD) - 14 Tests 28/41 completed. (0 skipped) (9 failed)
whip_api34(AVD) - 14 Tests 38/41 completed. (0 skipped) (9 failed)
Tests on whip_api34(AVD) - 14 failed: There was 9 failure(s).
Finished 41 tests on whip_api34(AVD) - 14
Execute com.whip.app.TrackHistoryControlsJourneyE2ETest.dateBetweenConditionIncludesBothBoundariesAndSurvivesRecreation: FAILED
java.lang.AssertionError: java.lang.AssertionError: No node found that matches ContentDescription = 'Filter Insights' (ignoreCase: false) in scrollable container
Semantics of the node:
Node #17360 at (l=0.0, t=765.0, r=1080.0, b=2169.0)px, Tag: 'track-insights-list'
CollectionInfo = 'CollectionInfo(rowCount=6, columnCount=1)'
IsTraversalGroup = 'true'
Shape = 'androidx.compose.foundation.VerticalScrollableClipShape@284a4b'
VerticalScrollAxisRange = 'ScrollAxisRange(value=2176.0, maxValue=2176.0, reverseScrolling=false)'
Actions = [GetScrollViewportLength, IndexForKey, ScrollBy, ScrollByOffset, ScrollToIndex]
Has 3 children, 5 siblings
Selector used: (TestTag = 'track-insights-list')

at androidx.compose.ui.test.ActionsKt.performScrollToNode(Actions.kt:258)
at com.whip.app.TrackHistoryControlsJourneyE2ETest.dateBetweenConditionIncludesBothBoundariesAndSurvivesRecreation(TrackHistoryControlsJourneyE2ETest.kt:71)

java.lang.AssertionError: No node found that matches ContentDescription = 'Filter Insights' (ignoreCase: false) in scrollable container
Semantics of the node:
Node #17360 at (l=0.0, t=765.0, r=1080.0, b=2169.0)px, Tag: 'track-insights-list'
CollectionInfo = 'CollectionInfo(rowCount=6, columnCount=1)'
IsTraversalGroup = 'true'
Shape = 'androidx.compose.foundation.VerticalScrollableClipShape@284a4b'
VerticalScrollAxisRange = 'ScrollAxisRange(value=2176.0, maxValue=2176.0, reverseScrolling=false)'
Actions = [GetScrollViewportLength, IndexForKey, ScrollBy, ScrollByOffset, ScrollToIndex]
Has 3 children, 5 siblings
Selector used: (TestTag = 'track-insights-list')

at androidx.compose.ui.test.ActionsKt.performScrollToNode(Actions.kt:258)
at com.whip.app.TrackHistoryControlsJourneyE2ETest.dateBetweenConditionIncludesBothBoundariesAndSurvivesRecreation(TrackHistoryControlsJourneyE2ETest.kt:71)
Execute com.whip.app.TrackHistoryControlsJourneyE2ETest.pagedHistoryCanCombineAndRecoverFiltersAtLargeText: FAILED
java.lang.AssertionError: java.lang.AssertionError: No node found that matches Text + InputText + EditableText contains 'Walk 1' (ignoreCase: false) in scrollable container
Semantics of the node:
Node #23032 at (l=0.0, t=852.0, r=1080.0, b=1959.0)px, Tag: 'track-entry-list'
CollectionInfo = 'CollectionInfo(rowCount=4, columnCount=1)'
IsTraversalGroup = 'true'
Shape = 'androidx.compose.foundation.VerticalScrollableClipShape@284a4b'
VerticalScrollAxisRange = 'ScrollAxisRange(value=352.0, maxValue=352.0, reverseScrolling=false)'
Actions = [GetScrollViewportLength, IndexForKey, ScrollBy, ScrollByOffset, ScrollToIndex]
Has 14 children, 5 siblings
Selector used: (TestTag = 'track-entry-list')

at androidx.compose.ui.test.ActionsKt.performScrollToNode(Actions.kt:258)
at com.whip.app.TrackHistoryControlsJourneyE2ETest.history(TrackHistoryControlsJourneyE2ETest.kt:240)
at com.whip.app.TrackHistoryControlsJourneyE2ETest.filters(TrackHistoryControlsJourneyE2ETest.kt:180)
at com.whip.app.TrackHistoryControlsJourneyE2ETest.pagedHistoryCanCombineAndRecoverFiltersAtLargeText(TrackHistoryControlsJourneyE2ETest.kt:34)

java.lang.AssertionError: No node found that matches Text + InputText + EditableText contains 'Walk 1' (ignoreCase: false) in scrollable container
Semantics of the node:
Node #23032 at (l=0.0, t=852.0, r=1080.0, b=1959.0)px, Tag: 'track-entry-list'
CollectionInfo = 'CollectionInfo(rowCount=4, columnCount=1)'
IsTraversalGroup = 'true'
Shape = 'androidx.compose.foundation.VerticalScrollableClipShape@284a4b'
VerticalScrollAxisRange = 'ScrollAxisRange(value=352.0, maxValue=352.0, reverseScrolling=false)'
Actions = [GetScrollViewportLength, IndexForKey, ScrollBy, ScrollByOffset, ScrollToIndex]
Has 14 children, 5 siblings
Selector used: (TestTag = 'track-entry-list')

at androidx.compose.ui.test.ActionsKt.performScrollToNode(Actions.kt:258)
at com.whip.app.TrackHistoryControlsJourneyE2ETest.history(TrackHistoryControlsJourneyE2ETest.kt:240)
at com.whip.app.TrackHistoryControlsJourneyE2ETest.filters(TrackHistoryControlsJourneyE2ETest.kt:180)
at com.whip.app.TrackHistoryControlsJourneyE2ETest.pagedHistoryCanCombineAndRecoverFiltersAtLargeText(TrackHistoryControlsJourneyE2ETest.kt:34)
Execute com.whip.app.TrackHistoryControlsJourneyE2ETest.pagedHistoryCanCombineAndRecoverFilters: FAILED
java.lang.AssertionError: java.lang.AssertionError: No node found that matches Text + InputText + EditableText contains 'Walk 1' (ignoreCase: false) in scrollable container
Semantics of the node:
Node #29456 at (l=0.0, t=765.0, r=1080.0, b=2169.0)px, Tag: 'track-entry-list'
CollectionInfo = 'CollectionInfo(rowCount=4, columnCount=1)'
IsTraversalGroup = 'true'
Shape = 'androidx.compose.foundation.VerticalScrollableClipShape@284a4b'
VerticalScrollAxisRange = 'ScrollAxisRange(value=0.0, maxValue=0.0, reverseScrolling=false)'
Actions = [GetScrollViewportLength, IndexForKey, ScrollBy, ScrollByOffset, ScrollToIndex]
Has 14 children, 5 siblings
Selector used: (TestTag = 'track-entry-list')

at androidx.compose.ui.test.ActionsKt.performScrollToNode(Actions.kt:258)
at com.whip.app.TrackHistoryControlsJourneyE2ETest.history(TrackHistoryControlsJourneyE2ETest.kt:240)
at com.whip.app.TrackHistoryControlsJourneyE2ETest.filters(TrackHistoryControlsJourneyE2ETest.kt:180)
at com.whip.app.TrackHistoryControlsJourneyE2ETest.pagedHistoryCanCombineAndRecoverFilters(TrackHistoryControlsJourneyE2ETest.kt:32)

java.lang.AssertionError: No node found that matches Text + InputText + EditableText contains 'Walk 1' (ignoreCase: false) in scrollable container
Semantics of the node:
Node #29456 at (l=0.0, t=765.0, r=1080.0, b=2169.0)px, Tag: 'track-entry-list'
CollectionInfo = 'CollectionInfo(rowCount=4, columnCount=1)'
IsTraversalGroup = 'true'
Shape = 'androidx.compose.foundation.VerticalScrollableClipShape@284a4b'
VerticalScrollAxisRange = 'ScrollAxisRange(value=0.0, maxValue=0.0, reverseScrolling=false)'
Actions = [GetScrollViewportLength, IndexForKey, ScrollBy, ScrollByOffset, ScrollToIndex]
Has 14 children, 5 siblings
Selector used: (TestTag = 'track-entry-list')

at androidx.compose.ui.test.ActionsKt.performScrollToNode(Actions.kt:258)
at com.whip.app.TrackHistoryControlsJourneyE2ETest.history(TrackHistoryControlsJourneyE2ETest.kt:240)
at com.whip.app.TrackHistoryControlsJourneyE2ETest.filters(TrackHistoryControlsJourneyE2ETest.kt:180)
at com.whip.app.TrackHistoryControlsJourneyE2ETest.pagedHistoryCanCombineAndRecoverFilters(TrackHistoryControlsJourneyE2ETest.kt:32)
Execute com.whip.app.TrackHistoryJourneyE2ETest.archivedHistoryCanBeSearchedRecreatedAndRestoredAtLargeText: FAILED
java.lang.AssertionError: java.lang.AssertionError: Complete history text Neighbourhood walk 1: null versus DpRect(left=32.38095.dp, top=763.4286.dp, right=379.0476.dp, bottom=796.1905.dp)
at org.junit.Assert.fail(Assert.java:89)
at org.junit.Assert.assertTrue(Assert.java:42)
at com.whip.app.TrackHistoryJourneyE2ETest.assertNativeTextFullyVisible(TrackHistoryJourneyE2ETest.kt:266)
at com.whip.app.TrackHistoryJourneyE2ETest.verifyHistory(TrackHistoryJourneyE2ETest.kt:138)
at com.whip.app.TrackHistoryJourneyE2ETest.archivedHistoryCanBeSearchedRecreatedAndRestoredAtLargeText(TrackHistoryJourneyE2ETest.kt:103)

java.lang.AssertionError: Complete history text Neighbourhood walk 1: null versus DpRect(left=32.38095.dp, top=763.4286.dp, right=379.0476.dp, bottom=796.1905.dp)
at org.junit.Assert.fail(Assert.java:89)
at org.junit.Assert.assertTrue(Assert.java:42)
at com.whip.app.TrackHistoryJourneyE2ETest.assertNativeTextFullyVisible(TrackHistoryJourneyE2ETest.kt:266)
at com.whip.app.TrackHistoryJourneyE2ETest.verifyHistory(TrackHistoryJourneyE2ETest.kt:138)
at com.whip.app.TrackHistoryJourneyE2ETest.archivedHistoryCanBeSearchedRecreatedAndRestoredAtLargeText(TrackHistoryJourneyE2ETest.kt:103)
Execute com.whip.app.TrackHistoryJourneyE2ETest.archivedHistoryCanBeSearchedRecreatedAndRestored: FAILED
java.lang.AssertionError: java.lang.AssertionError: No node found that matches TestTag = 'track-entry-search' in scrollable container
Semantics of the node:
Node #31221 at (l=0.0, t=839.0, r=1080.0, b=2169.0)px, Tag: 'track-entry-list'
CollectionInfo = 'CollectionInfo(rowCount=33, columnCount=1)'
IsTraversalGroup = 'true'
Shape = 'androidx.compose.foundation.VerticalScrollableClipShape@284a4b'
VerticalScrollAxisRange = 'ScrollAxisRange(value=14024.0, maxValue=14024.0, reverseScrolling=false)'
Actions = [GetScrollViewportLength, IndexForKey, ScrollBy, ScrollByOffset, ScrollToIndex]
Has 6 children, 5 siblings
Selector used: (TestTag = 'track-entry-list')

at androidx.compose.ui.test.ActionsKt.performScrollToNode(Actions.kt:258)
at com.whip.app.TrackHistoryJourneyE2ETest.verifyHistory(TrackHistoryJourneyE2ETest.kt:182)
at com.whip.app.TrackHistoryJourneyE2ETest.archivedHistoryCanBeSearchedRecreatedAndRestored(TrackHistoryJourneyE2ETest.kt:100)

java.lang.AssertionError: No node found that matches TestTag = 'track-entry-search' in scrollable container
Semantics of the node:
Node #31221 at (l=0.0, t=839.0, r=1080.0, b=2169.0)px, Tag: 'track-entry-list'
CollectionInfo = 'CollectionInfo(rowCount=33, columnCount=1)'
IsTraversalGroup = 'true'
Shape = 'androidx.compose.foundation.VerticalScrollableClipShape@284a4b'
VerticalScrollAxisRange = 'ScrollAxisRange(value=14024.0, maxValue=14024.0, reverseScrolling=false)'
Actions = [GetScrollViewportLength, IndexForKey, ScrollBy, ScrollByOffset, ScrollToIndex]
Has 6 children, 5 siblings
Selector used: (TestTag = 'track-entry-list')

at androidx.compose.ui.test.ActionsKt.performScrollToNode(Actions.kt:258)
at com.whip.app.TrackHistoryJourneyE2ETest.verifyHistory(TrackHistoryJourneyE2ETest.kt:182)
at com.whip.app.TrackHistoryJourneyE2ETest.archivedHistoryCanBeSearchedRecreatedAndRestored(TrackHistoryJourneyE2ETest.kt:100)
Execute com.whip.app.TrackInsightRecoveryJourneyE2ETest.archivedEntrylessTrackOffersReadOnlyRecovery: FAILED
java.lang.AssertionError: java.lang.AssertionError: Failed to inject touch input.
Reason: Expected exactly '1' node but could not find any node that satisfies: (TestTag = 'track-workspace-destination-Archived')

at androidx.compose.ui.test.SemanticsNodeInteraction.fetchOneOrThrow(SemanticsNodeInteraction.kt:178)
at androidx.compose.ui.test.SemanticsNodeInteraction.fetchOneOrThrow$default(SemanticsNodeInteraction.kt:150)
at androidx.compose.ui.test.SemanticsNodeInteraction.fetchSemanticsNode(SemanticsNodeInteraction.kt:84)
at androidx.compose.ui.test.ActionsKt.performTouchInput(Actions.kt:403)
at androidx.compose.ui.test.AndroidActions.performClickImpl(Actions.android.kt:23)
at androidx.compose.ui.test.ActionsKt.performClick(Actions.kt:61)
at com.whip.app.TrackInsightRecoveryJourneyE2ETest.workspace(TrackInsightRecoveryJourneyE2ETest.kt:166)
at com.whip.app.TrackInsightRecoveryJourneyE2ETest.archivedEntrylessTrackOffersReadOnlyRecovery(TrackInsightRecoveryJourneyE2ETest.kt:131)

java.lang.AssertionError: Failed to inject touch input.
Reason: Expected exactly '1' node but could not find any node that satisfies: (TestTag = 'track-workspace-destination-Archived')

at androidx.compose.ui.test.SemanticsNodeInteraction.fetchOneOrThrow(SemanticsNodeInteraction.kt:178)
at androidx.compose.ui.test.SemanticsNodeInteraction.fetchOneOrThrow$default(SemanticsNodeInteraction.kt:150)
at androidx.compose.ui.test.SemanticsNodeInteraction.fetchSemanticsNode(SemanticsNodeInteraction.kt:84)
at androidx.compose.ui.test.ActionsKt.performTouchInput(Actions.kt:403)
at androidx.compose.ui.test.AndroidActions.performClickImpl(Actions.android.kt:23)
at androidx.compose.ui.test.ActionsKt.performClick(Actions.kt:61)
at com.whip.app.TrackInsightRecoveryJourneyE2ETest.workspace(TrackInsightRecoveryJourneyE2ETest.kt:166)
at com.whip.app.TrackInsightRecoveryJourneyE2ETest.archivedEntrylessTrackOffersReadOnlyRecovery(TrackInsightRecoveryJourneyE2ETest.kt:131)
Execute com.whip.app.TrackInsightRecoveryJourneyE2ETest.unmatchedInsightFiltersCanRecoverExactHistory: FAILED
java.lang.AssertionError: java.lang.AssertionError: Failed to inject touch input.
Reason: Expected exactly '1' node but found '2' nodes that satisfy: (Text + InputText + EditableText contains 'Name' (ignoreCase: false))
Nodes found:
1) Node #34804 at (l=95.0, t=2153.0, r=206.0, b=2202.0)px
Text = '[Name]'
[Heading]
Actions = [ClearTextSubstitution, GetTextLayoutResult, SetTextSubstitution, ShowTextSubstitution]
Has 2 siblings
2) Node #34901 at (l=0.0, t=147.0, r=315.0, b=273.0)px
ContentDescription = '[Field option: Name]'
Focused = 'false'
Selected = 'false'
Text = '[Name]'
Actions = [ClearTextSubstitution, GetTextLayoutResult, OnClick, RequestFocus, SetTextSubstitution, ShowTextSubstitution]
MergeDescendants = 'true'
Has 2 siblings

at androidx.compose.ui.test.SemanticsNodeInteraction.fetchOneOrThrow(SemanticsNodeInteraction.kt:178)
at androidx.compose.ui.test.SemanticsNodeInteraction.fetchOneOrThrow$default(SemanticsNodeInteraction.kt:150)
at androidx.compose.ui.test.SemanticsNodeInteraction.fetchSemanticsNode(SemanticsNodeInteraction.kt:84)
at androidx.compose.ui.test.ActionsKt.performTouchInput(Actions.kt:403)
at androidx.compose.ui.test.AndroidActions.performClickImpl(Actions.android.kt:23)
at androidx.compose.ui.test.ActionsKt.performClick(Actions.kt:61)
at com.whip.app.TrackInsightRecoveryJourneyE2ETest.unmatchedInsightFiltersCanRecoverExactHistory(TrackInsightRecoveryJourneyE2ETest.kt:108)

java.lang.AssertionError: Failed to inject touch input.
Reason: Expected exactly '1' node but found '2' nodes that satisfy: (Text + InputText + EditableText contains 'Name' (ignoreCase: false))
Nodes found:
1) Node #34804 at (l=95.0, t=2153.0, r=206.0, b=2202.0)px
Text = '[Name]'
[Heading]
Actions = [ClearTextSubstitution, GetTextLayoutResult, SetTextSubstitution, ShowTextSubstitution]
Has 2 siblings
2) Node #34901 at (l=0.0, t=147.0, r=315.0, b=273.0)px
ContentDescription = '[Field option: Name]'
Focused = 'false'
Selected = 'false'
Text = '[Name]'
Actions = [ClearTextSubstitution, GetTextLayoutResult, OnClick, RequestFocus, SetTextSubstitution, ShowTextSubstitution]
MergeDescendants = 'true'
Has 2 siblings

at androidx.compose.ui.test.SemanticsNodeInteraction.fetchOneOrThrow(SemanticsNodeInteraction.kt:178)
at androidx.compose.ui.test.SemanticsNodeInteraction.fetchOneOrThrow$default(SemanticsNodeInteraction.kt:150)
at androidx.compose.ui.test.SemanticsNodeInteraction.fetchSemanticsNode(SemanticsNodeInteraction.kt:84)
at androidx.compose.ui.test.ActionsKt.performTouchInput(Actions.kt:403)
at androidx.compose.ui.test.AndroidActions.performClickImpl(Actions.android.kt:23)
at androidx.compose.ui.test.ActionsKt.performClick(Actions.kt:61)
at com.whip.app.TrackInsightRecoveryJourneyE2ETest.unmatchedInsightFiltersCanRecoverExactHistory(TrackInsightRecoveryJourneyE2ETest.kt:108)
Execute com.whip.app.TrackInsightsJourneyE2ETest.temperatureAndFineScaleInsightsPreserveReadingsWithoutTotals: FAILED
java.lang.AssertionError: java.lang.AssertionError: Assert failed: The component with Text + InputText + EditableText contains '32.0 °F' (ignoreCase: false) is not displayed!
at androidx.compose.ui.test.AssertionsKt.assertIsDisplayed(Assertions.kt:34)
at com.whip.app.TrackInsightsJourneyE2ETest.temperatureAndFineScaleInsightsPreserveReadingsWithoutTotals(TrackInsightsJourneyE2ETest.kt:160)

java.lang.AssertionError: Assert failed: The component with Text + InputText + EditableText contains '32.0 °F' (ignoreCase: false) is not displayed!
at androidx.compose.ui.test.AssertionsKt.assertIsDisplayed(Assertions.kt:34)
at com.whip.app.TrackInsightsJourneyE2ETest.temperatureAndFineScaleInsightsPreserveReadingsWithoutTotals(TrackInsightsJourneyE2ETest.kt:160)
Execute com.whip.app.TrackInsightsJourneyE2ETest.mixedDistanceUnitsUseTheFieldUnitAndPrecisionAcrossInsights: FAILED
java.lang.AssertionError: java.lang.AssertionError: Assert failed: The component with Text + InputText + EditableText contains '1.621 mi' (ignoreCase: false) is not displayed!
at androidx.compose.ui.test.AssertionsKt.assertIsDisplayed(Assertions.kt:34)
at com.whip.app.TrackInsightsJourneyE2ETest.assertNumberFullyVisible(TrackInsightsJourneyE2ETest.kt:184)
at com.whip.app.TrackInsightsJourneyE2ETest.mixedDistanceUnitsUseTheFieldUnitAndPrecisionAcrossInsights(TrackInsightsJourneyE2ETest.kt:94)

java.lang.AssertionError: Assert failed: The component with Text + InputText + EditableText contains '1.621 mi' (ignoreCase: false) is not displayed!
at androidx.compose.ui.test.AssertionsKt.assertIsDisplayed(Assertions.kt:34)
at com.whip.app.TrackInsightsJourneyE2ETest.assertNumberFullyVisible(TrackInsightsJourneyE2ETest.kt:184)
at com.whip.app.TrackInsightsJourneyE2ETest.mixedDistanceUnitsUseTheFieldUnitAndPrecisionAcrossInsights(TrackInsightsJourneyE2ETest.kt:94)

> Task :app:connectedDebugAndroidTest FAILED

FAILURE: Build failed with an exception.

* What went wrong:
Execution failed for task ':app:connectedDebugAndroidTest' (registered by plugin 'com.android.internal.application').
> There were failing tests. See the report at: file:///root/repos/whip/app/build/whip-android-workers/instrumentation-results-waiius-worker-1/reports/index.html

* Try:
> Run with --stacktrace option to get the stack trace.
> Run with --info or --debug option to get more log output.
> Run with --scan to get full insights from a Build Scan (powered by Develocity).
> Get more help at https://help.gradle.org.

BUILD FAILED in 30m 36s
78 actionable tasks: 1 executed, 77 up-to-date
error: Android batch 1 requires a successful Gradle task, nonzero tests, and zero failures/skips; got status/tests/failures/skips 1/41/9/0; results retained in /root/repos/whip/build/instrumentation-results-WAiIus
