Reusing configuration cache.
> Task :app:generateDebugAssets UP-TO-DATE
> Task :app:generateDebugAndroidTestAssets UP-TO-DATE
> Task :app:preBuild UP-TO-DATE
> Task :app:preDebugBuild UP-TO-DATE
> Task :app:preDebugAndroidTestBuild SKIPPED
> Task :app:generateDebugBuildConfig UP-TO-DATE
> Task :app:copyRoomSchemasToAndroidTestAssetsDebugAndroidTest UP-TO-DATE
> Task :app:generateDebugResValues UP-TO-DATE
> Task :app:javaPreCompileDebug UP-TO-DATE
> Task :app:createDebugCompatibleScreenManifests UP-TO-DATE
> Task :app:processDebugAndroidTestNavigationResources UP-TO-DATE
> Task :app:mergeDebugNativeDebugMetadata NO-SOURCE
> Task :app:generateDebugGlobalSynthetics UP-TO-DATE
> Task :app:generateDebugAndroidTestResValues UP-TO-DATE
> Task :app:generateDebugResources UP-TO-DATE
> Task :app:validateSigningDebug UP-TO-DATE
> Task :app:desugarDebugFileDependencies UP-TO-DATE
> Task :app:writeDebugAppMetadata UP-TO-DATE
> Task :app:extractDeepLinksDebug UP-TO-DATE
> Task :app:mergeDebugJniLibFolders UP-TO-DATE
> Task :app:mapDebugSourceSetPaths UP-TO-DATE
> Task :app:checkDebugDuplicateClasses UP-TO-DATE
> Task :app:generateDebugJacocoPropertiesFile UP-TO-DATE
> Task :app:javaPreCompileDebugAndroidTest UP-TO-DATE
> Task :app:validateSigningDebugAndroidTest UP-TO-DATE
> Task :app:mapDebugAndroidTestSourceSetPaths UP-TO-DATE
> Task :app:writeDebugSigningConfigVersions UP-TO-DATE
> Task :app:generateDebugAndroidTestResources UP-TO-DATE
> Task :app:writeDebugAndroidTestSigningConfigVersions UP-TO-DATE
> Task :app:mergeDebugAndroidTestJniLibFolders UP-TO-DATE
> Task :app:mergeLibDexDebug UP-TO-DATE
> Task :app:generateDebugAndroidTestGlobalSynthetics UP-TO-DATE
> Task :app:checkDebugAndroidTestDuplicateClasses UP-TO-DATE
> Task :app:desugarDebugAndroidTestFileDependencies UP-TO-DATE
> Task :app:packageDebugResources UP-TO-DATE
> Task :app:mergeLibDexDebugAndroidTest UP-TO-DATE
> Task :app:mergeDebugAssets UP-TO-DATE
> Task :app:processDebugNavigationResources UP-TO-DATE
> Task :app:mergeDebugResources UP-TO-DATE
> Task :app:checkDebugAarMetadata UP-TO-DATE
> Task :app:mergeDebugNativeLibs UP-TO-DATE
> Task :app:compileDebugAndroidTestNavigationResources UP-TO-DATE
> Task :app:mergeDebugAndroidTestAssets UP-TO-DATE
> Task :app:checkDebugAndroidTestAarMetadata UP-TO-DATE
> Task :app:processDebugMainManifest UP-TO-DATE
> Task :app:mergeExtDexDebug UP-TO-DATE
> Task :app:compileDebugNavigationResources UP-TO-DATE
> Task :app:compressDebugAssets UP-TO-DATE
> Task :app:packageDebugAndroidTestResources UP-TO-DATE
> Task :app:mergeDebugAndroidTestManifest UP-TO-DATE
> Task :app:parseDebugLocalResources UP-TO-DATE
> Task :app:compressDebugAndroidTestAssets UP-TO-DATE
> Task :app:mergeExtDexDebugAndroidTest UP-TO-DATE
> Task :app:stripDebugDebugSymbols UP-TO-DATE
> Task :app:parseDebugAndroidTestLocalResources UP-TO-DATE
> Task :app:processDebugManifest UP-TO-DATE
> Task :app:generateDebugRFile UP-TO-DATE
> Task :app:processDebugAndroidTestManifest UP-TO-DATE
> Task :app:processDebugManifestForPackage UP-TO-DATE
> Task :app:mergeDebugAndroidTestNativeLibs NO-SOURCE
> Task :app:generateDebugAndroidTestBuildConfig UP-TO-DATE
> Task :app:mergeDebugAndroidTestResources UP-TO-DATE
> Task :app:generateDebugAndroidTestRFile UP-TO-DATE
> Task :app:kspDebugKotlin UP-TO-DATE
> Task :app:stripDebugAndroidTestDebugSymbols NO-SOURCE
> Task :app:processDebugResources UP-TO-DATE
> Task :app:processDebugAndroidTestResources UP-TO-DATE
> Task :app:compileDebugKotlin UP-TO-DATE
> Task :app:processDebugJavaRes UP-TO-DATE
> Task :app:compileDebugJavaWithJavac UP-TO-DATE
> Task :app:mergeDebugJavaResource UP-TO-DATE
> Task :app:jacocoDebug UP-TO-DATE
> Task :app:bundleDebugClassesToCompileJar UP-TO-DATE
> Task :app:kspDebugAndroidTestKotlin SKIPPED
> Task :app:dexBuilderDebug UP-TO-DATE
> Task :app:mergeProjectDexDebug UP-TO-DATE
> Task :app:packageDebug UP-TO-DATE
> Task :app:assembleDebug UP-TO-DATE
> Task :app:createDebugApkListingFileRedirect UP-TO-DATE
> Task :app:compileDebugAndroidTestKotlin UP-TO-DATE
> Task :app:processDebugAndroidTestJavaRes UP-TO-DATE
> Task :app:compileDebugAndroidTestJavaWithJavac UP-TO-DATE
> Task :app:copyRoomSchemas NO-SOURCE
> Task :app:mergeDebugAndroidTestJavaResource UP-TO-DATE
> Task :app:dexBuilderDebugAndroidTest UP-TO-DATE
> Task :app:mergeProjectDexDebugAndroidTest UP-TO-DATE
> Task :app:packageDebugAndroidTest UP-TO-DATE
> Task :app:assembleDebugAndroidTest UP-TO-DATE
> Task :app:createDebugAndroidTestApkListingFileRedirect UP-TO-DATE

BUILD SUCCESSFUL in 698ms
77 actionable tasks: 77 up-to-date
Configuration cache entry reused.
Android batch 1/1 (ordinary, 10 selector(s)).
> Task :app:preBuild UP-TO-DATE
> Task :app:preDebugBuild UP-TO-DATE
> Task :app:generateDebugBuildConfig UP-TO-DATE
> Task :app:generateDebugResValues UP-TO-DATE
> Task :app:generateDebugResources UP-TO-DATE
> Task :app:packageDebugResources UP-TO-DATE
> Task :app:processDebugNavigationResources UP-TO-DATE
> Task :app:parseDebugLocalResources UP-TO-DATE
> Task :app:generateDebugRFile UP-TO-DATE
> Task :app:kspDebugKotlin UP-TO-DATE
> Task :app:compileDebugKotlin UP-TO-DATE
> Task :app:javaPreCompileDebug UP-TO-DATE
> Task :app:compileDebugJavaWithJavac UP-TO-DATE
> Task :app:checkDebugAarMetadata UP-TO-DATE
> Task :app:mapDebugSourceSetPaths UP-TO-DATE
> Task :app:compileDebugNavigationResources UP-TO-DATE
> Task :app:mergeDebugResources UP-TO-DATE
> Task :app:createDebugCompatibleScreenManifests UP-TO-DATE
> Task :app:extractDeepLinksDebug UP-TO-DATE
> Task :app:processDebugMainManifest UP-TO-DATE
> Task :app:processDebugManifest UP-TO-DATE
> Task :app:processDebugManifestForPackage UP-TO-DATE
> Task :app:processDebugResources UP-TO-DATE
> Task :app:bundleDebugClassesToCompileJar UP-TO-DATE
> Task :app:preDebugAndroidTestBuild SKIPPED
> Task :app:mergeDebugAndroidTestManifest UP-TO-DATE
> Task :app:processDebugAndroidTestManifest UP-TO-DATE
> Task :app:generateDebugAndroidTestBuildConfig UP-TO-DATE
> Task :app:generateDebugAndroidTestResValues UP-TO-DATE
> Task :app:generateDebugAndroidTestResources UP-TO-DATE
> Task :app:packageDebugAndroidTestResources UP-TO-DATE
> Task :app:processDebugAndroidTestNavigationResources UP-TO-DATE
> Task :app:parseDebugAndroidTestLocalResources UP-TO-DATE
> Task :app:generateDebugAndroidTestRFile UP-TO-DATE
> Task :app:kspDebugAndroidTestKotlin SKIPPED
> Task :app:compileDebugAndroidTestKotlin UP-TO-DATE
> Task :app:javaPreCompileDebugAndroidTest UP-TO-DATE
> Task :app:compileDebugAndroidTestJavaWithJavac UP-TO-DATE
> Task :app:copyRoomSchemas NO-SOURCE
> Task :app:generateDebugAssets UP-TO-DATE
> Task :app:mergeDebugAssets UP-TO-DATE
> Task :app:compressDebugAssets UP-TO-DATE
> Task :app:generateDebugGlobalSynthetics UP-TO-DATE
> Task :app:generateDebugJacocoPropertiesFile UP-TO-DATE
> Task :app:processDebugJavaRes UP-TO-DATE
> Task :app:mergeDebugJavaResource UP-TO-DATE
> Task :app:checkDebugDuplicateClasses UP-TO-DATE
> Task :app:desugarDebugFileDependencies UP-TO-DATE
> Task :app:mergeExtDexDebug UP-TO-DATE
> Task :app:mergeLibDexDebug UP-TO-DATE
> Task :app:jacocoDebug UP-TO-DATE
> Task :app:dexBuilderDebug UP-TO-DATE
> Task :app:mergeProjectDexDebug UP-TO-DATE
> Task :app:mergeDebugJniLibFolders UP-TO-DATE
> Task :app:mergeDebugNativeLibs UP-TO-DATE
> Task :app:stripDebugDebugSymbols UP-TO-DATE
> Task :app:validateSigningDebug UP-TO-DATE
> Task :app:writeDebugAppMetadata UP-TO-DATE
> Task :app:writeDebugSigningConfigVersions UP-TO-DATE
> Task :app:packageDebug UP-TO-DATE
> Task :app:createDebugApkListingFileRedirect UP-TO-DATE
> Task :app:copyRoomSchemasToAndroidTestAssetsDebugAndroidTest UP-TO-DATE
> Task :app:generateDebugAndroidTestAssets UP-TO-DATE
> Task :app:mergeDebugAndroidTestAssets UP-TO-DATE
> Task :app:compressDebugAndroidTestAssets UP-TO-DATE
> Task :app:generateDebugAndroidTestGlobalSynthetics UP-TO-DATE
> Task :app:processDebugAndroidTestJavaRes UP-TO-DATE
> Task :app:mergeDebugAndroidTestJavaResource UP-TO-DATE
> Task :app:checkDebugAndroidTestDuplicateClasses UP-TO-DATE
> Task :app:desugarDebugAndroidTestFileDependencies UP-TO-DATE
> Task :app:mergeExtDexDebugAndroidTest UP-TO-DATE
> Task :app:mergeLibDexDebugAndroidTest UP-TO-DATE
> Task :app:checkDebugAndroidTestAarMetadata UP-TO-DATE
> Task :app:mapDebugAndroidTestSourceSetPaths UP-TO-DATE
> Task :app:compileDebugAndroidTestNavigationResources UP-TO-DATE
> Task :app:mergeDebugAndroidTestResources UP-TO-DATE
> Task :app:processDebugAndroidTestResources UP-TO-DATE
> Task :app:dexBuilderDebugAndroidTest UP-TO-DATE
> Task :app:mergeProjectDexDebugAndroidTest UP-TO-DATE
> Task :app:mergeDebugAndroidTestJniLibFolders UP-TO-DATE
> Task :app:mergeDebugAndroidTestNativeLibs NO-SOURCE
> Task :app:stripDebugAndroidTestDebugSymbols NO-SOURCE
> Task :app:validateSigningDebugAndroidTest UP-TO-DATE
> Task :app:writeDebugAndroidTestSigningConfigVersions UP-TO-DATE
> Task :app:packageDebugAndroidTest UP-TO-DATE
> Task :app:createDebugAndroidTestApkListingFileRedirect UP-TO-DATE
Starting 151 tests on whip_api34(AVD) - 14
whip_api34(AVD) - 14 Tests 0/151 completed. (0 skipped) (0 failed)
> Task :app:connectedDebugAndroidTest

whip_api34(AVD) - 14 Tests 1/151 completed. (0 skipped) (0 failed)
whip_api34(AVD) - 14 Tests 3/151 completed. (0 skipped) (0 failed)
whip_api34(AVD) - 14 Tests 6/151 completed. (0 skipped) (0 failed)
whip_api34(AVD) - 14 Tests 7/151 completed. (0 skipped) (0 failed)

com.whip.app.GlobalSearchRoutingTest > everyNonTaskSearchDomainLandsOnTheExactActiveOrArchivedRecord[whip_api34(AVD) - 14] [31mFAILED [0m
	java.lang.AssertionError: Assert failed: The component with Text + InputText + EditableText contains 'Workout History' (ignoreCase: false) is not displayed!
	at androidx.compose.ui.test.AssertionsKt.assertIsDisplayed(Assertions.kt:34)
whip_api34(AVD) - 14 Tests 8/151 completed. (0 skipped) (1 failed)
whip_api34(AVD) - 14 Tests 9/151 completed. (0 skipped) (1 failed)
whip_api34(AVD) - 14 Tests 10/151 completed. (0 skipped) (1 failed)
whip_api34(AVD) - 14 Tests 11/151 completed. (0 skipped) (1 failed)

com.whip.app.GoalProgressJourneyE2ETest > tinyAndNearlyCompleteGoalsRemainDistinctFromTheirEndpoints[whip_api34(AVD) - 14] [31mFAILED [0m
	java.lang.AssertionError: Action performScrollTo() failed.
	Reason: Expected exactly '1' node but could not find any node that satisfies: (Text + InputText + EditableText contains 'progress 120%' (ignoreCase: false) as substring)
whip_api34(AVD) - 14 Tests 12/151 completed. (0 skipped) (2 failed)
whip_api34(AVD) - 14 Tests 13/151 completed. (0 skipped) (2 failed)
whip_api34(AVD) - 14 Tests 14/151 completed. (0 skipped) (2 failed)
whip_api34(AVD) - 14 Tests 15/151 completed. (0 skipped) (2 failed)
whip_api34(AVD) - 14 Tests 30/151 completed. (0 skipped) (2 failed)
whip_api34(AVD) - 14 Tests 34/151 completed. (0 skipped) (2 failed)
whip_api34(AVD) - 14 Tests 35/151 completed. (0 skipped) (2 failed)
whip_api34(AVD) - 14 Tests 36/151 completed. (0 skipped) (2 failed)

com.whip.app.GymLibraryJourneyE2ETest > equipmentSearchAndFilterIncludeEveryLinkedExercise[whip_api34(AVD) - 14] [31mFAILED [0m
	java.lang.AssertionError: Failed: assertDoesNotExist.
	Reason: Did not expect any node but found '1' node that satisfies: (Text + InputText + EditableText contains 'Unlinked walk' (ignoreCase: false))
whip_api34(AVD) - 14 Tests 37/151 completed. (0 skipped) (3 failed)

com.whip.app.GymLibraryJourneyE2ETest > overviewFinishReviewsRemainingWorkAndOpensExactHistory[whip_api34(AVD) - 14] [31mFAILED [0m
	java.lang.AssertionError: Action performScrollTo() failed.
	Reason: Expected exactly '1' node but could not find any node that satisfies: (TestTag = 'history-workout-card-6')
whip_api34(AVD) - 14 Tests 38/151 completed. (0 skipped) (4 failed)
whip_api34(AVD) - 14 Tests 39/151 completed. (0 skipped) (4 failed)
whip_api34(AVD) - 14 Tests 40/151 completed. (0 skipped) (4 failed)
whip_api34(AVD) - 14 Tests 41/151 completed. (0 skipped) (4 failed)
whip_api34(AVD) - 14 Tests 42/151 completed. (0 skipped) (4 failed)
whip_api34(AVD) - 14 Tests 43/151 completed. (0 skipped) (4 failed)
whip_api34(AVD) - 14 Tests 44/151 completed. (0 skipped) (4 failed)
whip_api34(AVD) - 14 Tests 45/151 completed. (0 skipped) (4 failed)
whip_api34(AVD) - 14 Tests 47/151 completed. (0 skipped) (4 failed)
whip_api34(AVD) - 14 Tests 48/151 completed. (0 skipped) (4 failed)
whip_api34(AVD) - 14 Tests 49/151 completed. (0 skipped) (4 failed)
whip_api34(AVD) - 14 Tests 50/151 completed. (0 skipped) (4 failed)
whip_api34(AVD) - 14 Tests 52/151 completed. (0 skipped) (4 failed)
whip_api34(AVD) - 14 Tests 53/151 completed. (0 skipped) (4 failed)
whip_api34(AVD) - 14 Tests 55/151 completed. (0 skipped) (4 failed)
whip_api34(AVD) - 14 Tests 56/151 completed. (0 skipped) (4 failed)
whip_api34(AVD) - 14 Tests 58/151 completed. (0 skipped) (4 failed)
whip_api34(AVD) - 14 Tests 59/151 completed. (0 skipped) (4 failed)
whip_api34(AVD) - 14 Tests 60/151 completed. (0 skipped) (4 failed)
whip_api34(AVD) - 14 Tests 61/151 completed. (0 skipped) (4 failed)
whip_api34(AVD) - 14 Tests 62/151 completed. (0 skipped) (4 failed)
whip_api34(AVD) - 14 Tests 63/151 completed. (0 skipped) (4 failed)
whip_api34(AVD) - 14 Tests 64/151 completed. (0 skipped) (4 failed)
whip_api34(AVD) - 14 Tests 65/151 completed. (0 skipped) (4 failed)
whip_api34(AVD) - 14 Tests 66/151 completed. (0 skipped) (4 failed)
whip_api34(AVD) - 14 Tests 68/151 completed. (0 skipped) (4 failed)
whip_api34(AVD) - 14 Tests 69/151 completed. (0 skipped) (4 failed)
whip_api34(AVD) - 14 Tests 70/151 completed. (0 skipped) (4 failed)
whip_api34(AVD) - 14 Tests 71/151 completed. (0 skipped) (4 failed)
whip_api34(AVD) - 14 Tests 72/151 completed. (0 skipped) (4 failed)
whip_api34(AVD) - 14 Tests 73/151 completed. (0 skipped) (4 failed)
whip_api34(AVD) - 14 Tests 74/151 completed. (0 skipped) (4 failed)
whip_api34(AVD) - 14 Tests 75/151 completed. (0 skipped) (4 failed)
whip_api34(AVD) - 14 Tests 77/151 completed. (0 skipped) (4 failed)
whip_api34(AVD) - 14 Tests 78/151 completed. (0 skipped) (4 failed)
whip_api34(AVD) - 14 Tests 80/151 completed. (0 skipped) (4 failed)
whip_api34(AVD) - 14 Tests 81/151 completed. (0 skipped) (4 failed)
whip_api34(AVD) - 14 Tests 82/151 completed. (0 skipped) (4 failed)
whip_api34(AVD) - 14 Tests 83/151 completed. (0 skipped) (4 failed)
whip_api34(AVD) - 14 Tests 86/151 completed. (0 skipped) (4 failed)

com.whip.app.GymPowerInputUiTest > passiveWorkoutSetCardSeparatesIdentityValuesStatusAndTargetAtLargeText[whip_api34(AVD) - 14] [31mFAILED [0m
	java.lang.AssertionError: Assert failed: The component with TestTag = 'workout-set-card-14' is not displayed!
	at androidx.compose.ui.test.AssertionsKt.assertIsDisplayed(Assertions.kt:34)
whip_api34(AVD) - 14 Tests 88/151 completed. (0 skipped) (5 failed)
whip_api34(AVD) - 14 Tests 90/151 completed. (0 skipped) (5 failed)
whip_api34(AVD) - 14 Tests 91/151 completed. (0 skipped) (5 failed)
whip_api34(AVD) - 14 Tests 92/151 completed. (0 skipped) (5 failed)
whip_api34(AVD) - 14 Tests 93/151 completed. (0 skipped) (5 failed)
whip_api34(AVD) - 14 Tests 94/151 completed. (0 skipped) (5 failed)
whip_api34(AVD) - 14 Tests 96/151 completed. (0 skipped) (5 failed)
whip_api34(AVD) - 14 Tests 97/151 completed. (0 skipped) (5 failed)
whip_api34(AVD) - 14 Tests 98/151 completed. (0 skipped) (5 failed)
whip_api34(AVD) - 14 Tests 100/151 completed. (0 skipped) (5 failed)
whip_api34(AVD) - 14 Tests 114/151 completed. (0 skipped) (5 failed)
whip_api34(AVD) - 14 Tests 140/151 completed. (0 skipped) (5 failed)
Tests on whip_api34(AVD) - 14 failed: There was 5 failure(s).
Finished 151 tests on whip_api34(AVD) - 14
Execute com.whip.app.GlobalSearchRoutingTest.everyNonTaskSearchDomainLandsOnTheExactActiveOrArchivedRecord: FAILED
java.lang.AssertionError: java.lang.AssertionError: Assert failed: The component with Text + InputText + EditableText contains 'Workout History' (ignoreCase: false) is not displayed!
at androidx.compose.ui.test.AssertionsKt.assertIsDisplayed(Assertions.kt:34)
at com.whip.app.GlobalSearchRoutingTest$everyNonTaskSearchDomainLandsOnTheExactActiveOrArchivedRecord$1.invokeSuspend(GlobalSearchRoutingTest.kt:265)
at kotlin.coroutines.jvm.internal.BaseContinuationImpl.resumeWith(ContinuationImpl.kt:34)
at kotlinx.coroutines.DispatchedTask.run(DispatchedTask.kt:101)
at kotlinx.coroutines.EventLoopImplBase.processNextEvent(EventLoop.common.kt:263)
at kotlinx.coroutines.BlockingCoroutine.joinBlocking(Builders.kt:95)
at kotlinx.coroutines.BuildersKt__BuildersKt.runBlocking(Builders.kt:69)
at kotlinx.coroutines.BuildersKt.runBlocking(Unknown Source:1)
at kotlinx.coroutines.BuildersKt__BuildersKt.runBlocking$default(Builders.kt:47)
at kotlinx.coroutines.BuildersKt.runBlocking$default(Unknown Source:1)
at com.whip.app.GlobalSearchRoutingTest.everyNonTaskSearchDomainLandsOnTheExactActiveOrArchivedRecord(GlobalSearchRoutingTest.kt:211)

java.lang.AssertionError: Assert failed: The component with Text + InputText + EditableText contains 'Workout History' (ignoreCase: false) is not displayed!
at androidx.compose.ui.test.AssertionsKt.assertIsDisplayed(Assertions.kt:34)
at com.whip.app.GlobalSearchRoutingTest$everyNonTaskSearchDomainLandsOnTheExactActiveOrArchivedRecord$1.invokeSuspend(GlobalSearchRoutingTest.kt:265)
at kotlin.coroutines.jvm.internal.BaseContinuationImpl.resumeWith(ContinuationImpl.kt:34)
at kotlinx.coroutines.DispatchedTask.run(DispatchedTask.kt:101)
at kotlinx.coroutines.EventLoopImplBase.processNextEvent(EventLoop.common.kt:263)
at kotlinx.coroutines.BlockingCoroutine.joinBlocking(Builders.kt:95)
at kotlinx.coroutines.BuildersKt__BuildersKt.runBlocking(Builders.kt:69)
at kotlinx.coroutines.BuildersKt.runBlocking(Unknown Source:1)
at kotlinx.coroutines.BuildersKt__BuildersKt.runBlocking$default(Builders.kt:47)
at kotlinx.coroutines.BuildersKt.runBlocking$default(Unknown Source:1)
at com.whip.app.GlobalSearchRoutingTest.everyNonTaskSearchDomainLandsOnTheExactActiveOrArchivedRecord(GlobalSearchRoutingTest.kt:211)
Execute com.whip.app.GoalProgressJourneyE2ETest.tinyAndNearlyCompleteGoalsRemainDistinctFromTheirEndpoints: FAILED
java.lang.AssertionError: java.lang.AssertionError: Action performScrollTo() failed.
Reason: Expected exactly '1' node but could not find any node that satisfies: (Text + InputText + EditableText contains 'progress 120%' (ignoreCase: false) as substring)

at androidx.compose.ui.test.SemanticsNodeInteraction.fetchOneOrThrow(SemanticsNodeInteraction.kt:178)
at androidx.compose.ui.test.SemanticsNodeInteraction.fetchOneOrThrow$default(SemanticsNodeInteraction.kt:150)
at androidx.compose.ui.test.SemanticsNodeInteraction.fetchSemanticsNode(SemanticsNodeInteraction.kt:84)
at androidx.compose.ui.test.ActionsKt.performScrollTo(Actions.kt:82)
at com.whip.app.GoalProgressJourneyE2ETest.tinyAndNearlyCompleteGoalsRemainDistinctFromTheirEndpoints(GoalProgressJourneyE2ETest.kt:284)

java.lang.AssertionError: Action performScrollTo() failed.
Reason: Expected exactly '1' node but could not find any node that satisfies: (Text + InputText + EditableText contains 'progress 120%' (ignoreCase: false) as substring)

at androidx.compose.ui.test.SemanticsNodeInteraction.fetchOneOrThrow(SemanticsNodeInteraction.kt:178)
at androidx.compose.ui.test.SemanticsNodeInteraction.fetchOneOrThrow$default(SemanticsNodeInteraction.kt:150)
at androidx.compose.ui.test.SemanticsNodeInteraction.fetchSemanticsNode(SemanticsNodeInteraction.kt:84)
at androidx.compose.ui.test.ActionsKt.performScrollTo(Actions.kt:82)
at com.whip.app.GoalProgressJourneyE2ETest.tinyAndNearlyCompleteGoalsRemainDistinctFromTheirEndpoints(GoalProgressJourneyE2ETest.kt:284)
Execute com.whip.app.GymLibraryJourneyE2ETest.equipmentSearchAndFilterIncludeEveryLinkedExercise: FAILED
java.lang.AssertionError: java.lang.AssertionError: Failed: assertDoesNotExist.
Reason: Did not expect any node but found '1' node that satisfies: (Text + InputText + EditableText contains 'Unlinked walk' (ignoreCase: false))
Node found:
Node #11328 at (l=53.0, t=1514.0, r=1027.0, b=1745.0)px
Focused = 'false'
IsContainer = 'true'
Shape = 'RoundedCornerShape(topStart = CornerSize(size = 8.0.dp), topEnd = CornerSize(size = 8.0.dp), bottomEnd = CornerSize(size = 8.0.dp), bottomStart = CornerSize(size = 8.0.dp))'
Text = '[Unlinked walk, Duration Only]'
Actions = [ClearTextSubstitution, GetTextLayoutResult, OnClick, RequestFocus, SetTextSubstitution, ShowTextSubstitution]
MergeDescendants = 'true'
Has 1 child, 6 siblings

at androidx.compose.ui.test.SemanticsNodeInteraction.assertDoesNotExist(SemanticsNodeInteraction.kt:101)
at com.whip.app.GymLibraryJourneyE2ETest.equipmentSearchAndFilterIncludeEveryLinkedExercise(GymLibraryJourneyE2ETest.kt:244)

java.lang.AssertionError: Failed: assertDoesNotExist.
Reason: Did not expect any node but found '1' node that satisfies: (Text + InputText + EditableText contains 'Unlinked walk' (ignoreCase: false))
Node found:
Node #11328 at (l=53.0, t=1514.0, r=1027.0, b=1745.0)px
Focused = 'false'
IsContainer = 'true'
Shape = 'RoundedCornerShape(topStart = CornerSize(size = 8.0.dp), topEnd = CornerSize(size = 8.0.dp), bottomEnd = CornerSize(size = 8.0.dp), bottomStart = CornerSize(size = 8.0.dp))'
Text = '[Unlinked walk, Duration Only]'
Actions = [ClearTextSubstitution, GetTextLayoutResult, OnClick, RequestFocus, SetTextSubstitution, ShowTextSubstitution]
MergeDescendants = 'true'
Has 1 child, 6 siblings

at androidx.compose.ui.test.SemanticsNodeInteraction.assertDoesNotExist(SemanticsNodeInteraction.kt:101)
at com.whip.app.GymLibraryJourneyE2ETest.equipmentSearchAndFilterIncludeEveryLinkedExercise(GymLibraryJourneyE2ETest.kt:244)
Execute com.whip.app.GymLibraryJourneyE2ETest.overviewFinishReviewsRemainingWorkAndOpensExactHistory: FAILED
java.lang.AssertionError: java.lang.AssertionError: Action performScrollTo() failed.
Reason: Expected exactly '1' node but could not find any node that satisfies: (TestTag = 'history-workout-card-6')

at androidx.compose.ui.test.SemanticsNodeInteraction.fetchOneOrThrow(SemanticsNodeInteraction.kt:178)
at androidx.compose.ui.test.SemanticsNodeInteraction.fetchOneOrThrow$default(SemanticsNodeInteraction.kt:150)
at androidx.compose.ui.test.SemanticsNodeInteraction.fetchSemanticsNode(SemanticsNodeInteraction.kt:84)
at androidx.compose.ui.test.ActionsKt.performScrollTo(Actions.kt:82)
at com.whip.app.GymLibraryJourneyE2ETest.overviewFinishReviewsRemainingWorkAndOpensExactHistory(GymLibraryJourneyE2ETest.kt:110)

java.lang.AssertionError: Action performScrollTo() failed.
Reason: Expected exactly '1' node but could not find any node that satisfies: (TestTag = 'history-workout-card-6')

at androidx.compose.ui.test.SemanticsNodeInteraction.fetchOneOrThrow(SemanticsNodeInteraction.kt:178)
at androidx.compose.ui.test.SemanticsNodeInteraction.fetchOneOrThrow$default(SemanticsNodeInteraction.kt:150)
at androidx.compose.ui.test.SemanticsNodeInteraction.fetchSemanticsNode(SemanticsNodeInteraction.kt:84)
at androidx.compose.ui.test.ActionsKt.performScrollTo(Actions.kt:82)
at com.whip.app.GymLibraryJourneyE2ETest.overviewFinishReviewsRemainingWorkAndOpensExactHistory(GymLibraryJourneyE2ETest.kt:110)
Execute com.whip.app.GymPowerInputUiTest.passiveWorkoutSetCardSeparatesIdentityValuesStatusAndTargetAtLargeText: FAILED
java.lang.AssertionError: java.lang.AssertionError: Assert failed: The component with TestTag = 'workout-set-card-14' is not displayed!
at androidx.compose.ui.test.AssertionsKt.assertIsDisplayed(Assertions.kt:34)
at com.whip.app.GymPowerInputUiTest.passiveWorkoutSetCardSeparatesIdentityValuesStatusAndTargetAtLargeText(GymPowerInputUiTest.kt:2041)

java.lang.AssertionError: Assert failed: The component with TestTag = 'workout-set-card-14' is not displayed!
at androidx.compose.ui.test.AssertionsKt.assertIsDisplayed(Assertions.kt:34)
at com.whip.app.GymPowerInputUiTest.passiveWorkoutSetCardSeparatesIdentityValuesStatusAndTargetAtLargeText(GymPowerInputUiTest.kt:2041)

> Task :app:connectedDebugAndroidTest FAILED

FAILURE: Build failed with an exception.

* What went wrong:
Execution failed for task ':app:connectedDebugAndroidTest' (registered by plugin 'com.android.internal.application').
> There were failing tests. See the report at: file:///root/repos/whip/app/build/whip-android-workers/instrumentation-results-klwrct-worker-1/reports/index.html

* Try:
> Run with --stacktrace option to get the stack trace.
> Run with --info or --debug option to get more log output.
> Run with --scan to get full insights from a Build Scan (powered by Develocity).
> Get more help at https://help.gradle.org.

BUILD FAILED in 24m 32s
78 actionable tasks: 1 executed, 77 up-to-date
error: Android batch 1 requires a successful Gradle task, nonzero tests, and zero failures/skips; got status/tests/failures/skips 1/151/5/0; results retained in /root/repos/whip/build/instrumentation-results-KlwRCt
