INSTRUMENTATION_STATUS: class=com.whip.app.ReviewJourneyE2ETest
INSTRUMENTATION_STATUS: current=1
INSTRUMENTATION_STATUS: id=AndroidJUnitRunner
INSTRUMENTATION_STATUS: numtests=7
INSTRUMENTATION_STATUS: stream=
com.whip.app.ReviewJourneyE2ETest:
INSTRUMENTATION_STATUS: test=trackOnlyHistoryOffersReviewWithoutInventingOutcomes
INSTRUMENTATION_STATUS_CODE: 1
INSTRUMENTATION_STATUS: class=com.whip.app.ReviewJourneyE2ETest
INSTRUMENTATION_STATUS: current=1
INSTRUMENTATION_STATUS: id=AndroidJUnitRunner
INSTRUMENTATION_STATUS: numtests=7
INSTRUMENTATION_STATUS: stream=.
INSTRUMENTATION_STATUS: test=trackOnlyHistoryOffersReviewWithoutInventingOutcomes
INSTRUMENTATION_STATUS_CODE: 0
INSTRUMENTATION_STATUS: class=com.whip.app.ReviewJourneyE2ETest
INSTRUMENTATION_STATUS: current=2
INSTRUMENTATION_STATUS: id=AndroidJUnitRunner
INSTRUMENTATION_STATUS: numtests=7
INSTRUMENTATION_STATUS: stream=
INSTRUMENTATION_STATUS: test=archivedTaskAndHabitOutcomesRemainInReviewHistory
INSTRUMENTATION_STATUS_CODE: 1
INSTRUMENTATION_STATUS: class=com.whip.app.ReviewJourneyE2ETest
INSTRUMENTATION_STATUS: current=2
INSTRUMENTATION_STATUS: id=AndroidJUnitRunner
INSTRUMENTATION_STATUS: numtests=7
INSTRUMENTATION_STATUS: stream=.
INSTRUMENTATION_STATUS: test=archivedTaskAndHabitOutcomesRemainInReviewHistory
INSTRUMENTATION_STATUS_CODE: 0
INSTRUMENTATION_STATUS: class=com.whip.app.ReviewJourneyE2ETest
INSTRUMENTATION_STATUS: current=3
INSTRUMENTATION_STATUS: id=AndroidJUnitRunner
INSTRUMENTATION_STATUS: numtests=7
INSTRUMENTATION_STATUS: stream=
INSTRUMENTATION_STATUS: test=changingReviewOptionsRevealsSavedOutcomesWithoutLosingTheView
INSTRUMENTATION_STATUS_CODE: 1
INSTRUMENTATION_STATUS: class=com.whip.app.ReviewJourneyE2ETest
INSTRUMENTATION_STATUS: current=3
INSTRUMENTATION_STATUS: id=AndroidJUnitRunner
INSTRUMENTATION_STATUS: numtests=7
INSTRUMENTATION_STATUS: stream=.
INSTRUMENTATION_STATUS: test=changingReviewOptionsRevealsSavedOutcomesWithoutLosingTheView
INSTRUMENTATION_STATUS_CODE: 0
INSTRUMENTATION_STATUS: class=com.whip.app.ReviewJourneyE2ETest
INSTRUMENTATION_STATUS: current=4
INSTRUMENTATION_STATUS: id=AndroidJUnitRunner
INSTRUMENTATION_STATUS: numtests=7
INSTRUMENTATION_STATUS: stream=
INSTRUMENTATION_STATUS: test=allTrackEvidenceKeepsItsScopeAcrossAreaReviewAndRecreation
INSTRUMENTATION_STATUS_CODE: 1
INSTRUMENTATION_STATUS: class=com.whip.app.ReviewJourneyE2ETest
INSTRUMENTATION_STATUS: current=4
INSTRUMENTATION_STATUS: id=AndroidJUnitRunner
INSTRUMENTATION_STATUS: numtests=7
INSTRUMENTATION_STATUS: stream=.
INSTRUMENTATION_STATUS: test=allTrackEvidenceKeepsItsScopeAcrossAreaReviewAndRecreation
INSTRUMENTATION_STATUS_CODE: 0
INSTRUMENTATION_STATUS: class=com.whip.app.ReviewAvailabilityUiTest
INSTRUMENTATION_STATUS: current=5
INSTRUMENTATION_STATUS: id=AndroidJUnitRunner
INSTRUMENTATION_STATUS: numtests=7
INSTRUMENTATION_STATUS: stream=
com.whip.app.ReviewAvailabilityUiTest:
INSTRUMENTATION_STATUS: test=incompleteSourcesNeverClaimThereAreNoOutcomes
INSTRUMENTATION_STATUS_CODE: 1
INSTRUMENTATION_STATUS: class=com.whip.app.ReviewAvailabilityUiTest
INSTRUMENTATION_STATUS: current=5
INSTRUMENTATION_STATUS: id=AndroidJUnitRunner
INSTRUMENTATION_STATUS: numtests=7
INSTRUMENTATION_STATUS: stream=.
INSTRUMENTATION_STATUS: test=incompleteSourcesNeverClaimThereAreNoOutcomes
INSTRUMENTATION_STATUS_CODE: 0
INSTRUMENTATION_STATUS: class=com.whip.app.ReviewAvailabilityUiTest
INSTRUMENTATION_STATUS: current=6
INSTRUMENTATION_STATUS: id=AndroidJUnitRunner
INSTRUMENTATION_STATUS: numtests=7
INSTRUMENTATION_STATUS: stream=
INSTRUMENTATION_STATUS: test=partialReviewPreservesAvailableOutcomesAndRetriesOnlyUnavailableSources
INSTRUMENTATION_STATUS_CODE: 1
INSTRUMENTATION_STATUS: class=com.whip.app.ReviewAvailabilityUiTest
INSTRUMENTATION_STATUS: current=6
INSTRUMENTATION_STATUS: id=AndroidJUnitRunner
INSTRUMENTATION_STATUS: numtests=7
INSTRUMENTATION_STATUS: stream=.
INSTRUMENTATION_STATUS: test=partialReviewPreservesAvailableOutcomesAndRetriesOnlyUnavailableSources
INSTRUMENTATION_STATUS_CODE: 0
INSTRUMENTATION_STATUS: class=com.whip.app.ReviewAvailabilityUiTest
INSTRUMENTATION_STATUS: current=7
INSTRUMENTATION_STATUS: id=AndroidJUnitRunner
INSTRUMENTATION_STATUS: numtests=7
INSTRUMENTATION_STATUS: stream=
INSTRUMENTATION_STATUS: test=correlationsUseReadySourcesEvenWhenOtherEvidenceIsUnavailable
INSTRUMENTATION_STATUS_CODE: 1
INSTRUMENTATION_STATUS: class=com.whip.app.ReviewAvailabilityUiTest
INSTRUMENTATION_STATUS: current=7
INSTRUMENTATION_STATUS: id=AndroidJUnitRunner
INSTRUMENTATION_STATUS: numtests=7
INSTRUMENTATION_STATUS: stream=.
INSTRUMENTATION_STATUS: test=correlationsUseReadySourcesEvenWhenOtherEvidenceIsUnavailable
INSTRUMENTATION_STATUS_CODE: 0
INSTRUMENTATION_RESULT: stream=

Time: 47.305

OK (7 tests)


INSTRUMENTATION_CODE: -1
