Reusing configuration cache.
> Task :app:generateDebugAssets UP-TO-DATE
> Task :app:generateDebugAndroidTestAssets UP-TO-DATE
> Task :app:preBuild UP-TO-DATE
> Task :app:copyRoomSchemasToAndroidTestAssetsDebugAndroidTest UP-TO-DATE
> Task :app:preDebugBuild UP-TO-DATE
> Task :app:mergeDebugNativeDebugMetadata NO-SOURCE
> Task :app:preDebugAndroidTestBuild SKIPPED
> Task :app:generateDebugResValues UP-TO-DATE
> Task :app:javaPreCompileDebug UP-TO-DATE
> Task :app:generateDebugGlobalSynthetics UP-TO-DATE
> Task :app:generateDebugBuildConfig UP-TO-DATE
> Task :app:processDebugAndroidTestNavigationResources UP-TO-DATE
> Task :app:generateDebugJacocoPropertiesFile UP-TO-DATE
> Task :app:validateSigningDebug UP-TO-DATE
> Task :app:writeDebugAppMetadata UP-TO-DATE
> Task :app:writeDebugSigningConfigVersions UP-TO-DATE
> Task :app:generateDebugAndroidTestGlobalSynthetics UP-TO-DATE
> Task :app:desugarDebugFileDependencies UP-TO-DATE
> Task :app:desugarDebugAndroidTestFileDependencies UP-TO-DATE
> Task :app:writeDebugAndroidTestSigningConfigVersions UP-TO-DATE
> Task :app:javaPreCompileDebugAndroidTest UP-TO-DATE
> Task :app:extractDeepLinksDebug UP-TO-DATE
> Task :app:mergeDebugJniLibFolders UP-TO-DATE
> Task :app:checkDebugDuplicateClasses UP-TO-DATE
> Task :app:mapDebugSourceSetPaths UP-TO-DATE
> Task :app:checkDebugAndroidTestDuplicateClasses UP-TO-DATE
> Task :app:createDebugCompatibleScreenManifests UP-TO-DATE
> Task :app:generateDebugAndroidTestResValues UP-TO-DATE
> Task :app:generateDebugResources UP-TO-DATE
> Task :app:mergeDebugAndroidTestJniLibFolders UP-TO-DATE
> Task :app:validateSigningDebugAndroidTest UP-TO-DATE
> Task :app:mapDebugAndroidTestSourceSetPaths UP-TO-DATE
> Task :app:compileDebugAndroidTestNavigationResources UP-TO-DATE
> Task :app:mergeLibDexDebugAndroidTest UP-TO-DATE
> Task :app:packageDebugResources UP-TO-DATE
> Task :app:generateDebugAndroidTestResources UP-TO-DATE
> Task :app:mergeLibDexDebug UP-TO-DATE
> Task :app:packageDebugAndroidTestResources UP-TO-DATE
> Task :app:parseDebugAndroidTestLocalResources UP-TO-DATE
> Task :app:generateDebugAndroidTestRFile UP-TO-DATE
> Task :app:mergeDebugAndroidTestAssets UP-TO-DATE
> Task :app:mergeDebugAssets UP-TO-DATE
> Task :app:checkDebugAarMetadata UP-TO-DATE
> Task :app:mergeDebugNativeLibs UP-TO-DATE
> Task :app:processDebugNavigationResources UP-TO-DATE
> Task :app:mergeDebugAndroidTestResources UP-TO-DATE
> Task :app:stripDebugDebugSymbols UP-TO-DATE
> Task :app:mergeDebugResources UP-TO-DATE
> Task :app:mergeExtDexDebugAndroidTest UP-TO-DATE
> Task :app:compileDebugNavigationResources UP-TO-DATE
> Task :app:parseDebugLocalResources UP-TO-DATE
> Task :app:checkDebugAndroidTestAarMetadata UP-TO-DATE
> Task :app:processDebugMainManifest UP-TO-DATE
> Task :app:mergeDebugAndroidTestManifest UP-TO-DATE
> Task :app:mergeExtDexDebug UP-TO-DATE
> Task :app:processDebugAndroidTestManifest UP-TO-DATE
> Task :app:processDebugManifest UP-TO-DATE
> Task :app:mergeDebugAndroidTestNativeLibs NO-SOURCE
> Task :app:compressDebugAndroidTestAssets UP-TO-DATE
> Task :app:generateDebugRFile UP-TO-DATE
> Task :app:processDebugManifestForPackage UP-TO-DATE
> Task :app:stripDebugAndroidTestDebugSymbols NO-SOURCE
> Task :app:compressDebugAssets UP-TO-DATE
> Task :app:generateDebugAndroidTestBuildConfig UP-TO-DATE
> Task :app:processDebugResources UP-TO-DATE
> Task :app:processDebugAndroidTestResources UP-TO-DATE
> Task :app:kspDebugKotlin UP-TO-DATE
> Task :app:compileDebugKotlin UP-TO-DATE
> Task :app:processDebugJavaRes UP-TO-DATE
> Task :app:compileDebugJavaWithJavac UP-TO-DATE
> Task :app:bundleDebugClassesToCompileJar UP-TO-DATE
> Task :app:kspDebugAndroidTestKotlin SKIPPED
> Task :app:mergeDebugJavaResource UP-TO-DATE
> Task :app:compileDebugAndroidTestKotlin UP-TO-DATE
> Task :app:jacocoDebug UP-TO-DATE
> Task :app:processDebugAndroidTestJavaRes UP-TO-DATE
> Task :app:compileDebugAndroidTestJavaWithJavac UP-TO-DATE
> Task :app:copyRoomSchemas NO-SOURCE
> Task :app:mergeDebugAndroidTestJavaResource UP-TO-DATE
> Task :app:dexBuilderDebugAndroidTest UP-TO-DATE
> Task :app:mergeProjectDexDebugAndroidTest UP-TO-DATE
> Task :app:packageDebugAndroidTest UP-TO-DATE
> Task :app:assembleDebugAndroidTest UP-TO-DATE
> Task :app:createDebugAndroidTestApkListingFileRedirect UP-TO-DATE
> Task :app:dexBuilderDebug UP-TO-DATE
> Task :app:mergeProjectDexDebug UP-TO-DATE
> Task :app:packageDebug UP-TO-DATE
> Task :app:assembleDebug UP-TO-DATE
> Task :app:createDebugApkListingFileRedirect UP-TO-DATE

BUILD SUCCESSFUL in 1s
77 actionable tasks: 77 up-to-date
Configuration cache entry reused.
Android batch 1/1 (ordinary, 8 selector(s)).
> Task :app:preBuild UP-TO-DATE
> Task :app:preDebugBuild UP-TO-DATE
> Task :app:generateDebugBuildConfig UP-TO-DATE
> Task :app:generateDebugResValues UP-TO-DATE
> Task :app:generateDebugResources UP-TO-DATE
> Task :app:packageDebugResources UP-TO-DATE
> Task :app:processDebugNavigationResources UP-TO-DATE
> Task :app:parseDebugLocalResources UP-TO-DATE
> Task :app:generateDebugRFile UP-TO-DATE
> Task :app:kspDebugKotlin UP-TO-DATE
> Task :app:compileDebugKotlin UP-TO-DATE
> Task :app:javaPreCompileDebug UP-TO-DATE
> Task :app:compileDebugJavaWithJavac UP-TO-DATE
> Task :app:checkDebugAarMetadata UP-TO-DATE
> Task :app:mapDebugSourceSetPaths UP-TO-DATE
> Task :app:compileDebugNavigationResources UP-TO-DATE
> Task :app:mergeDebugResources UP-TO-DATE
> Task :app:createDebugCompatibleScreenManifests UP-TO-DATE
> Task :app:extractDeepLinksDebug UP-TO-DATE
> Task :app:processDebugMainManifest UP-TO-DATE
> Task :app:processDebugManifest UP-TO-DATE
> Task :app:processDebugManifestForPackage UP-TO-DATE
> Task :app:processDebugResources UP-TO-DATE
> Task :app:bundleDebugClassesToCompileJar UP-TO-DATE
> Task :app:preDebugAndroidTestBuild SKIPPED
> Task :app:mergeDebugAndroidTestManifest UP-TO-DATE
> Task :app:processDebugAndroidTestManifest UP-TO-DATE
> Task :app:generateDebugAndroidTestBuildConfig UP-TO-DATE
> Task :app:generateDebugAndroidTestResValues UP-TO-DATE
> Task :app:generateDebugAndroidTestResources UP-TO-DATE
> Task :app:packageDebugAndroidTestResources UP-TO-DATE
> Task :app:processDebugAndroidTestNavigationResources UP-TO-DATE
> Task :app:parseDebugAndroidTestLocalResources UP-TO-DATE
> Task :app:generateDebugAndroidTestRFile UP-TO-DATE
> Task :app:kspDebugAndroidTestKotlin SKIPPED
> Task :app:compileDebugAndroidTestKotlin UP-TO-DATE
> Task :app:javaPreCompileDebugAndroidTest UP-TO-DATE
> Task :app:compileDebugAndroidTestJavaWithJavac UP-TO-DATE
> Task :app:copyRoomSchemas NO-SOURCE
> Task :app:generateDebugAssets UP-TO-DATE
> Task :app:mergeDebugAssets UP-TO-DATE
> Task :app:compressDebugAssets UP-TO-DATE
> Task :app:generateDebugGlobalSynthetics UP-TO-DATE
> Task :app:generateDebugJacocoPropertiesFile UP-TO-DATE
> Task :app:processDebugJavaRes UP-TO-DATE
> Task :app:mergeDebugJavaResource UP-TO-DATE
> Task :app:checkDebugDuplicateClasses UP-TO-DATE
> Task :app:desugarDebugFileDependencies UP-TO-DATE
> Task :app:mergeExtDexDebug UP-TO-DATE
> Task :app:mergeLibDexDebug UP-TO-DATE
> Task :app:jacocoDebug UP-TO-DATE
> Task :app:dexBuilderDebug UP-TO-DATE
> Task :app:mergeProjectDexDebug UP-TO-DATE
> Task :app:mergeDebugJniLibFolders UP-TO-DATE
> Task :app:mergeDebugNativeLibs UP-TO-DATE
> Task :app:stripDebugDebugSymbols UP-TO-DATE
> Task :app:validateSigningDebug UP-TO-DATE
> Task :app:writeDebugAppMetadata UP-TO-DATE
> Task :app:writeDebugSigningConfigVersions UP-TO-DATE
> Task :app:packageDebug UP-TO-DATE
> Task :app:createDebugApkListingFileRedirect UP-TO-DATE
> Task :app:copyRoomSchemasToAndroidTestAssetsDebugAndroidTest UP-TO-DATE
> Task :app:generateDebugAndroidTestAssets UP-TO-DATE
> Task :app:mergeDebugAndroidTestAssets UP-TO-DATE
> Task :app:compressDebugAndroidTestAssets UP-TO-DATE
> Task :app:generateDebugAndroidTestGlobalSynthetics UP-TO-DATE
> Task :app:processDebugAndroidTestJavaRes UP-TO-DATE
> Task :app:mergeDebugAndroidTestJavaResource UP-TO-DATE
> Task :app:checkDebugAndroidTestDuplicateClasses UP-TO-DATE
> Task :app:desugarDebugAndroidTestFileDependencies UP-TO-DATE
> Task :app:mergeExtDexDebugAndroidTest UP-TO-DATE
> Task :app:mergeLibDexDebugAndroidTest UP-TO-DATE
> Task :app:checkDebugAndroidTestAarMetadata UP-TO-DATE
> Task :app:mapDebugAndroidTestSourceSetPaths UP-TO-DATE
> Task :app:compileDebugAndroidTestNavigationResources UP-TO-DATE
> Task :app:mergeDebugAndroidTestResources UP-TO-DATE
> Task :app:processDebugAndroidTestResources UP-TO-DATE
> Task :app:dexBuilderDebugAndroidTest UP-TO-DATE
> Task :app:mergeProjectDexDebugAndroidTest UP-TO-DATE
> Task :app:mergeDebugAndroidTestJniLibFolders UP-TO-DATE
> Task :app:mergeDebugAndroidTestNativeLibs NO-SOURCE
> Task :app:stripDebugAndroidTestDebugSymbols NO-SOURCE
> Task :app:validateSigningDebugAndroidTest UP-TO-DATE
> Task :app:writeDebugAndroidTestSigningConfigVersions UP-TO-DATE
> Task :app:packageDebugAndroidTest UP-TO-DATE
> Task :app:createDebugAndroidTestApkListingFileRedirect UP-TO-DATE
Starting 8 tests on whip_release_api34(AVD) - 14
whip_release_api34(AVD) - 14 Tests 0/8 completed. (0 skipped) (0 failed)
> Task :app:connectedDebugAndroidTest


com.whip.app.LegacyImportJourneyE2ETest > restoredHabitContinuesManuallyAndSettingsFocusOnLocalData[whip_release_api34(AVD) - 14] [31mFAILED [0m
	androidx.compose.ui.test.ComposeTimeoutException: Condition still not satisfied after 10000 ms
	at androidx.compose.ui.test.AndroidComposeUiTestEnvironment$AndroidComposeUiTestImpl.waitUntil(ComposeUiTest.android.kt:901)
whip_release_api34(AVD) - 14 Tests 1/8 completed. (0 skipped) (1 failed)
whip_release_api34(AVD) - 14 Tests 3/8 completed. (0 skipped) (1 failed)

com.whip.app.ProductivityCardDesignUiTest > habitAndGoalSummaryRowsKeepDetailsAndInlineActions[whip_release_api34(AVD) - 14] [31mFAILED [0m
	java.lang.AssertionError: Action performScrollTo() failed.
	Reason: Expected exactly '1' node but could not find any node that satisfies: (Text + InputText + EditableText contains '50% complete' (ignoreCase: false))
whip_release_api34(AVD) - 14 Tests 4/8 completed. (0 skipped) (2 failed)

com.whip.app.ProductivityCreationJourneyE2ETest > smartTaskCaptureExplainsHighlightsPersistsAndReversesThroughTheRealUi[whip_release_api34(AVD) - 14] [31mFAILED [0m
	java.lang.AssertionError: No node found that matches TestTag = 'smart-task-capture-examples' in scrollable container
	Semantics of the node:
whip_release_api34(AVD) - 14 Tests 5/8 completed. (0 skipped) (3 failed)

com.whip.app.ProductivityCreationJourneyE2ETest > taskHabitAndGoalCanBeCreatedAndUsedThroughTheRealUi[whip_release_api34(AVD) - 14] [31mFAILED [0m
	java.lang.AssertionError: Failed to perform checkIsDisplayed check: Expected at most 1 node but found 2 nodes that satisfy (TestTag = 'entity-inspector-content-options')
	at androidx.compose.ui.test.AndroidAssertions_androidKt.checkIsDisplayed(AndroidAssertions.android.kt:35)
whip_release_api34(AVD) - 14 Tests 6/8 completed. (0 skipped) (4 failed)
whip_release_api34(AVD) - 14 Tests 7/8 completed. (0 skipped) (4 failed)
whip_release_api34(AVD) - 14 Tests 8/8 completed. (0 skipped) (4 failed)
Tests on whip_release_api34(AVD) - 14 failed: There was 4 failure(s).
Finished 8 tests on whip_release_api34(AVD) - 14
Execute com.whip.app.LegacyImportJourneyE2ETest.restoredHabitContinuesManuallyAndSettingsFocusOnLocalData: FAILED
androidx.compose.ui.test.ComposeTimeoutException: androidx.compose.ui.test.ComposeTimeoutException: Condition still not satisfied after 10000 ms
at androidx.compose.ui.test.AndroidComposeUiTestEnvironment$AndroidComposeUiTestImpl.waitUntil(ComposeUiTest.android.kt:901)
at androidx.compose.ui.test.junit4.AndroidComposeTestRule.waitUntil(AndroidComposeTestRule.android.kt:500)
at com.whip.app.LegacyImportJourneyE2ETest.restoredHabitContinuesManuallyAndSettingsFocusOnLocalData(LegacyImportJourneyE2ETest.kt:53)

androidx.compose.ui.test.ComposeTimeoutException: Condition still not satisfied after 10000 ms
at androidx.compose.ui.test.AndroidComposeUiTestEnvironment$AndroidComposeUiTestImpl.waitUntil(ComposeUiTest.android.kt:901)
at androidx.compose.ui.test.junit4.AndroidComposeTestRule.waitUntil(AndroidComposeTestRule.android.kt:500)
at com.whip.app.LegacyImportJourneyE2ETest.restoredHabitContinuesManuallyAndSettingsFocusOnLocalData(LegacyImportJourneyE2ETest.kt:53)
Execute com.whip.app.ProductivityCardDesignUiTest.habitAndGoalSummaryRowsKeepDetailsAndInlineActions: FAILED
java.lang.AssertionError: java.lang.AssertionError: Action performScrollTo() failed.
Reason: Expected exactly '1' node but could not find any node that satisfies: (Text + InputText + EditableText contains '50% complete' (ignoreCase: false))

at androidx.compose.ui.test.SemanticsNodeInteraction.fetchOneOrThrow(SemanticsNodeInteraction.kt:178)
at androidx.compose.ui.test.SemanticsNodeInteraction.fetchOneOrThrow$default(SemanticsNodeInteraction.kt:150)
at androidx.compose.ui.test.SemanticsNodeInteraction.fetchSemanticsNode(SemanticsNodeInteraction.kt:84)
at androidx.compose.ui.test.ActionsKt.performScrollTo(Actions.kt:82)
at com.whip.app.ProductivityCardDesignUiTest.habitAndGoalSummaryRowsKeepDetailsAndInlineActions(ProductivityCardDesignUiTest.kt:531)

java.lang.AssertionError: Action performScrollTo() failed.
Reason: Expected exactly '1' node but could not find any node that satisfies: (Text + InputText + EditableText contains '50% complete' (ignoreCase: false))

at androidx.compose.ui.test.SemanticsNodeInteraction.fetchOneOrThrow(SemanticsNodeInteraction.kt:178)
at androidx.compose.ui.test.SemanticsNodeInteraction.fetchOneOrThrow$default(SemanticsNodeInteraction.kt:150)
at androidx.compose.ui.test.SemanticsNodeInteraction.fetchSemanticsNode(SemanticsNodeInteraction.kt:84)
at androidx.compose.ui.test.ActionsKt.performScrollTo(Actions.kt:82)
at com.whip.app.ProductivityCardDesignUiTest.habitAndGoalSummaryRowsKeepDetailsAndInlineActions(ProductivityCardDesignUiTest.kt:531)
Execute com.whip.app.ProductivityCreationJourneyE2ETest.smartTaskCaptureExplainsHighlightsPersistsAndReversesThroughTheRealUi: FAILED
java.lang.AssertionError: java.lang.AssertionError: No node found that matches TestTag = 'smart-task-capture-examples' in scrollable container
Semantics of the node:
Node #2108 at (l=0.0, t=458.0, r=1080.0, b=2106.0)px, Tag: 'settings-list'
CollectionInfo = 'CollectionInfo(rowCount=19, columnCount=1)'
IsTraversalGroup = 'true'
Shape = 'androidx.compose.foundation.VerticalScrollableClipShape@c26403b'
VerticalScrollAxisRange = 'ScrollAxisRange(value=6656.0, maxValue=6656.0, reverseScrolling=false)'
Actions = [GetScrollViewportLength, IndexForKey, ScrollBy, ScrollByOffset, ScrollToIndex]
Has 6 children, 4 siblings
Selector used: (TestTag = 'settings-list')

at androidx.compose.ui.test.ActionsKt.performScrollToNode(Actions.kt:258)
at com.whip.app.ProductivityCreationJourneyE2ETest.smartTaskCaptureExplainsHighlightsPersistsAndReversesThroughTheRealUi(ProductivityCreationJourneyE2ETest.kt:238)

java.lang.AssertionError: No node found that matches TestTag = 'smart-task-capture-examples' in scrollable container
Semantics of the node:
Node #2108 at (l=0.0, t=458.0, r=1080.0, b=2106.0)px, Tag: 'settings-list'
CollectionInfo = 'CollectionInfo(rowCount=19, columnCount=1)'
IsTraversalGroup = 'true'
Shape = 'androidx.compose.foundation.VerticalScrollableClipShape@c26403b'
VerticalScrollAxisRange = 'ScrollAxisRange(value=6656.0, maxValue=6656.0, reverseScrolling=false)'
Actions = [GetScrollViewportLength, IndexForKey, ScrollBy, ScrollByOffset, ScrollToIndex]
Has 6 children, 4 siblings
Selector used: (TestTag = 'settings-list')

at androidx.compose.ui.test.ActionsKt.performScrollToNode(Actions.kt:258)
at com.whip.app.ProductivityCreationJourneyE2ETest.smartTaskCaptureExplainsHighlightsPersistsAndReversesThroughTheRealUi(ProductivityCreationJourneyE2ETest.kt:238)
Execute com.whip.app.ProductivityCreationJourneyE2ETest.taskHabitAndGoalCanBeCreatedAndUsedThroughTheRealUi: FAILED
java.lang.AssertionError: java.lang.AssertionError: Failed to perform checkIsDisplayed check: Expected at most 1 node but found 2 nodes that satisfy (TestTag = 'entity-inspector-content-options')
at androidx.compose.ui.test.AndroidAssertions_androidKt.checkIsDisplayed(AndroidAssertions.android.kt:35)
at androidx.compose.ui.test.AssertionsKt.isDisplayed(Assertions.kt:380)
at androidx.compose.ui.test.AssertionsKt.assertIsDisplayed(Assertions.kt:33)
at com.whip.app.ProductivityCreationJourneyE2ETest.taskHabitAndGoalCanBeCreatedAndUsedThroughTheRealUi(ProductivityCreationJourneyE2ETest.kt:164)

java.lang.AssertionError: Failed to perform checkIsDisplayed check: Expected at most 1 node but found 2 nodes that satisfy (TestTag = 'entity-inspector-content-options')
at androidx.compose.ui.test.AndroidAssertions_androidKt.checkIsDisplayed(AndroidAssertions.android.kt:35)
at androidx.compose.ui.test.AssertionsKt.isDisplayed(Assertions.kt:380)
at androidx.compose.ui.test.AssertionsKt.assertIsDisplayed(Assertions.kt:33)
at com.whip.app.ProductivityCreationJourneyE2ETest.taskHabitAndGoalCanBeCreatedAndUsedThroughTheRealUi(ProductivityCreationJourneyE2ETest.kt:164)

> Task :app:connectedDebugAndroidTest FAILED

FAILURE: Build failed with an exception.

* What went wrong:
Execution failed for task ':app:connectedDebugAndroidTest' (registered by plugin 'com.android.internal.application').
> There were failing tests. See the report at: file:///tmp/whip-history-probe/app/build/whip-android-workers/instrumentation-results-imbw8j-worker-1/reports/index.html

* Try:
> Run with --stacktrace option to get the stack trace.
> Run with --info or --debug option to get more log output.
> Run with --scan to get full insights from a Build Scan (powered by Develocity).
> Get more help at https://help.gradle.org.

BUILD FAILED in 3m 44s
78 actionable tasks: 1 executed, 77 up-to-date
error: Android batch 1 requires a successful Gradle task, nonzero tests, and zero failures/skips; got status/tests/failures/skips 1/8/4/0; results retained in /tmp/whip-history-probe/build/instrumentation-results-ImbW8J
