Calculating task graph as no cached configuration is available for tasks: :app:assembleDebug :app:assembleDebugAndroidTest
> Task :app:preBuild UP-TO-DATE
> Task :app:generateDebugAssets UP-TO-DATE
> Task :app:generateDebugAndroidTestAssets UP-TO-DATE
> Task :app:preDebugBuild UP-TO-DATE
> Task :app:mergeDebugNativeDebugMetadata NO-SOURCE
> Task :app:copyRoomSchemasToAndroidTestAssetsDebugAndroidTest
> Task :app:generateDebugBuildConfig FROM-CACHE
> Task :app:generateDebugResValues
> Task :app:createDebugCompatibleScreenManifests
> Task :app:javaPreCompileDebug FROM-CACHE
> Task :app:preDebugAndroidTestBuild SKIPPED
> Task :app:writeDebugSigningConfigVersions
> Task :app:writeDebugAppMetadata
> Task :app:generateDebugResources FROM-CACHE
> Task :app:mergeDebugJniLibFolders
> Task :app:mapDebugSourceSetPaths
> Task :app:processDebugAndroidTestNavigationResources
> Task :app:validateSigningDebug
> Task :app:generateDebugJacocoPropertiesFile
> Task :app:desugarDebugFileDependencies
> Task :app:extractDeepLinksDebug
> Task :app:generateDebugAndroidTestResValues FROM-CACHE
> Task :app:processDebugNavigationResources FROM-CACHE
> Task :app:mergeDebugAssets
> Task :app:mergeDebugAndroidTestJniLibFolders
> Task :app:desugarDebugAndroidTestFileDependencies FROM-CACHE
> Task :app:checkDebugAarMetadata
> Task :app:validateSigningDebugAndroidTest
> Task :app:mergeDebugAndroidTestAssets
> Task :app:writeDebugAndroidTestSigningConfigVersions
> Task :app:compileDebugNavigationResources FROM-CACHE
> Task :app:mapDebugAndroidTestSourceSetPaths
> Task :app:checkDebugDuplicateClasses
> Task :app:packageDebugResources FROM-CACHE
> Task :app:compressDebugAssets
> Task :app:checkDebugAndroidTestAarMetadata
> Task :app:compileDebugAndroidTestNavigationResources FROM-CACHE
> Task :app:generateDebugAndroidTestResources
> Task :app:mergeDebugNativeLibs
> Task :app:checkDebugAndroidTestDuplicateClasses
> Task :app:processDebugMainManifest FROM-CACHE
> Task :app:parseDebugLocalResources FROM-CACHE
> Task :app:mergeDebugAndroidTestManifest
> Task :app:processDebugManifest FROM-CACHE
> Task :app:processDebugAndroidTestManifest
> Task :app:processDebugManifestForPackage FROM-CACHE
> Task :app:mergeDebugResources FROM-CACHE
> Task :app:packageDebugAndroidTestResources
> Task :app:generateDebugRFile FROM-CACHE
> Task :app:compressDebugAndroidTestAssets
> Task :app:javaPreCompileDebugAndroidTest
> Task :app:generateDebugAndroidTestBuildConfig
> Task :app:mergeDebugAndroidTestNativeLibs NO-SOURCE
> Task :app:mergeLibDexDebugAndroidTest
> Task :app:mergeLibDexDebug
> Task :app:processDebugResources FROM-CACHE
> Task :app:stripDebugAndroidTestDebugSymbols NO-SOURCE

> Task :app:stripDebugDebugSymbols
Unable to strip the following libraries, packaging them as they are: libandroidx.graphics.path.so. Run with --info option to learn more.

> Task :app:parseDebugAndroidTestLocalResources
> Task :app:generateDebugAndroidTestRFile
> Task :app:generateDebugGlobalSynthetics
> Task :app:generateDebugAndroidTestGlobalSynthetics
> Task :app:mergeDebugAndroidTestResources
> Task :app:processDebugAndroidTestResources
> Task :app:mergeExtDexDebugAndroidTest
> Task :app:mergeExtDexDebug
> Task :app:kspDebugKotlin
> Task :app:compileDebugKotlin
w: file:///tmp/whip-history-probe/app/src/main/java/com/whip/app/ui/GoalScreens.kt:1592:54 Unnecessary safe call on a non-null receiver of type 'GoalProjection'.
w: file:///tmp/whip-history-probe/app/src/main/java/com/whip/app/ui/RoutineBuilder.kt:3174:77 Unnecessary safe call on a non-null receiver of type 'Exercise'.
w: file:///tmp/whip-history-probe/app/src/main/java/com/whip/app/ui/RoutineBuilder.kt:3177:29 Unnecessary safe call on a non-null receiver of type 'Exercise'.
w: file:///tmp/whip-history-probe/app/src/main/java/com/whip/app/ui/RoutineBuilder.kt:3178:89 Unnecessary safe call on a non-null receiver of type 'Exercise'.
w: file:///tmp/whip-history-probe/app/src/main/java/com/whip/app/ui/RoutineBuilder.kt:3209:45 Unnecessary safe call on a non-null receiver of type 'Exercise'.
w: file:///tmp/whip-history-probe/app/src/main/java/com/whip/app/ui/RoutineBuilder.kt:3210:124 Unnecessary safe call on a non-null receiver of type 'Exercise'.
w: file:///tmp/whip-history-probe/app/src/main/java/com/whip/app/ui/RoutineBuilder.kt:3211:119 Unnecessary safe call on a non-null receiver of type 'Exercise'.
w: file:///tmp/whip-history-probe/app/src/main/java/com/whip/app/ui/TrackEntryDeleteCandidate.kt:9:47 Non-public primary constructor is exposed via the generated 'copy()' method of the 'data' class.

The generated 'copy()' will change its visibility in future releases.

To suppress the warning do one of the following:
- Annotate the data class with the '@ConsistentCopyVisibility' annotation.
- Use the '-Xconsistent-data-class-copy-visibility' compiler flag.
- Annotate the data class with the '@ExposedCopyVisibility' annotation
  (Discouraged, but can be used to keep binary compatibility).

To learn more, see the documentation of the '@ConsistentCopyVisibility' and '@ExposedCopyVisibility' annotations.

This will become an error in language version 2.5. See https://youtrack.jetbrains.com/issue/KT-11914.
w: file:///tmp/whip-history-probe/app/src/main/java/com/whip/app/ui/WhipManagementHeader.kt:63:38 Unnecessary safe call on a non-null receiver of type 'WhipManagementAction'.
w: file:///tmp/whip-history-probe/app/src/main/java/com/whip/app/widget/WhipWidgetProvider.kt:54:31 'fun notifyAppWidgetViewDataChanged(p0: Int, p1: Int): Unit' is deprecated. Deprecated in Java.
w: file:///tmp/whip-history-probe/app/src/main/java/com/whip/app/widget/WhipWidgetProvider.kt:103:55 'fun notifyAppWidgetViewDataChanged(p0: Int, p1: Int): Unit' is deprecated. Deprecated in Java.
w: file:///tmp/whip-history-probe/app/src/main/java/com/whip/app/widget/WhipWidgetProvider.kt:116:55 'fun notifyAppWidgetViewDataChanged(p0: Int, p1: Int): Unit' is deprecated. Deprecated in Java.
w: file:///tmp/whip-history-probe/app/src/main/java/com/whip/app/widget/WhipWidgetProvider.kt:361:55 'fun notifyAppWidgetViewDataChanged(p0: Int, p1: Int): Unit' is deprecated. Deprecated in Java.
w: file:///tmp/whip-history-probe/app/src/main/java/com/whip/app/widget/WhipWidgetProvider.kt:374:55 'fun notifyAppWidgetViewDataChanged(p0: Int, p1: Int): Unit' is deprecated. Deprecated in Java.
w: file:///tmp/whip-history-probe/app/src/main/java/com/whip/app/widget/WhipWidgetProvider.kt:582:13 'fun setRemoteAdapter(p0: Int, p1: Intent!): Unit' is deprecated. Deprecated in Java.
w: file:///tmp/whip-history-probe/app/src/main/java/com/whip/app/widget/WhipWidgetProvider.kt:588:17 'fun notifyAppWidgetViewDataChanged(p0: Int, p1: Int): Unit' is deprecated. Deprecated in Java.
w: file:///tmp/whip-history-probe/app/src/main/java/com/whip/app/widget/WhipWidgetProvider.kt:682:13 'fun setRemoteAdapter(p0: Int, p1: Intent!): Unit' is deprecated. Deprecated in Java.
w: file:///tmp/whip-history-probe/app/src/main/java/com/whip/app/widget/WhipWidgetProvider.kt:699:17 'fun notifyAppWidgetViewDataChanged(p0: Int, p1: Int): Unit' is deprecated. Deprecated in Java.

> Task :app:processDebugJavaRes
> Task :app:mergeDebugJavaResource
> Task :app:compileDebugJavaWithJavac
> Task :app:bundleDebugClassesToCompileJar
> Task :app:kspDebugAndroidTestKotlin SKIPPED
> Task :app:jacocoDebug
> Task :app:dexBuilderDebug
> Task :app:mergeProjectDexDebug
> Task :app:packageDebug
> Task :app:assembleDebug
> Task :app:createDebugApkListingFileRedirect

> Task :app:compileDebugAndroidTestKotlin
w: file:///tmp/whip-history-probe/app/src/androidTest/java/com/whip/app/GymPowerInputUiTest.kt:265:43 Unnecessary safe call on a non-null receiver of type 'WorkoutSetDraft'.
w: file:///tmp/whip-history-probe/app/src/androidTest/java/com/whip/app/GymPowerInputUiTest.kt:266:36 Unnecessary safe call on a non-null receiver of type 'WorkoutSetDraft'.
w: file:///tmp/whip-history-probe/app/src/androidTest/java/com/whip/app/RoutineBuilderUiTest.kt:115:81 Unnecessary non-null assertion (!!) on a non-null receiver of type '(Long?) -> Unit'.
w: file:///tmp/whip-history-probe/app/src/androidTest/java/com/whip/app/ui/TrackHistorySearchUiTest.kt:43:118 Unnecessary non-null assertion (!!) on a non-null receiver of type 'Double'.
w: file:///tmp/whip-history-probe/app/src/androidTest/java/com/whip/app/ui/TrackHistorySearchUiTest.kt:45:61 Unnecessary non-null assertion (!!) on a non-null receiver of type 'Double'.
w: file:///tmp/whip-history-probe/app/src/androidTest/java/com/whip/app/ui/TrackHistorySearchUiTest.kt:45:130 Unnecessary non-null assertion (!!) on a non-null receiver of type 'Double'.

> Task :app:processDebugAndroidTestJavaRes
> Task :app:mergeDebugAndroidTestJavaResource
> Task :app:compileDebugAndroidTestJavaWithJavac
> Task :app:copyRoomSchemas NO-SOURCE
> Task :app:dexBuilderDebugAndroidTest
> Task :app:mergeProjectDexDebugAndroidTest
> Task :app:packageDebugAndroidTest
> Task :app:assembleDebugAndroidTest
> Task :app:createDebugAndroidTestApkListingFileRedirect

[Incubating] Problems report is available at: file:///tmp/whip-history-probe/build/reports/problems/problems-report.html

BUILD SUCCESSFUL in 1m 51s
77 actionable tasks: 61 executed, 16 from cache
Configuration cache entry stored.
Android batch 1/1 (ordinary, 6 selector(s)).
> Task :app:preBuild UP-TO-DATE
> Task :app:preDebugBuild UP-TO-DATE
> Task :app:generateDebugBuildConfig UP-TO-DATE
> Task :app:generateDebugResValues UP-TO-DATE
> Task :app:generateDebugResources UP-TO-DATE
> Task :app:packageDebugResources UP-TO-DATE
> Task :app:processDebugNavigationResources UP-TO-DATE
> Task :app:parseDebugLocalResources UP-TO-DATE
> Task :app:generateDebugRFile UP-TO-DATE
> Task :app:kspDebugKotlin UP-TO-DATE
> Task :app:compileDebugKotlin UP-TO-DATE
> Task :app:javaPreCompileDebug UP-TO-DATE
> Task :app:compileDebugJavaWithJavac UP-TO-DATE
> Task :app:checkDebugAarMetadata UP-TO-DATE
> Task :app:mapDebugSourceSetPaths UP-TO-DATE
> Task :app:compileDebugNavigationResources UP-TO-DATE
> Task :app:mergeDebugResources UP-TO-DATE
> Task :app:createDebugCompatibleScreenManifests UP-TO-DATE
> Task :app:extractDeepLinksDebug UP-TO-DATE
> Task :app:processDebugMainManifest UP-TO-DATE
> Task :app:processDebugManifest UP-TO-DATE
> Task :app:processDebugManifestForPackage UP-TO-DATE
> Task :app:processDebugResources UP-TO-DATE
> Task :app:bundleDebugClassesToCompileJar UP-TO-DATE
> Task :app:preDebugAndroidTestBuild SKIPPED
> Task :app:mergeDebugAndroidTestManifest UP-TO-DATE
> Task :app:processDebugAndroidTestManifest UP-TO-DATE
> Task :app:generateDebugAndroidTestBuildConfig UP-TO-DATE
> Task :app:generateDebugAndroidTestResValues UP-TO-DATE
> Task :app:generateDebugAndroidTestResources UP-TO-DATE
> Task :app:packageDebugAndroidTestResources UP-TO-DATE
> Task :app:processDebugAndroidTestNavigationResources UP-TO-DATE
> Task :app:parseDebugAndroidTestLocalResources UP-TO-DATE
> Task :app:generateDebugAndroidTestRFile UP-TO-DATE
> Task :app:kspDebugAndroidTestKotlin SKIPPED
> Task :app:compileDebugAndroidTestKotlin UP-TO-DATE
> Task :app:javaPreCompileDebugAndroidTest UP-TO-DATE
> Task :app:compileDebugAndroidTestJavaWithJavac UP-TO-DATE
> Task :app:copyRoomSchemas NO-SOURCE
> Task :app:generateDebugAssets UP-TO-DATE
> Task :app:mergeDebugAssets UP-TO-DATE
> Task :app:compressDebugAssets UP-TO-DATE
> Task :app:generateDebugGlobalSynthetics UP-TO-DATE
> Task :app:generateDebugJacocoPropertiesFile UP-TO-DATE
> Task :app:processDebugJavaRes UP-TO-DATE
> Task :app:mergeDebugJavaResource UP-TO-DATE
> Task :app:checkDebugDuplicateClasses UP-TO-DATE
> Task :app:desugarDebugFileDependencies UP-TO-DATE
> Task :app:mergeExtDexDebug UP-TO-DATE
> Task :app:mergeLibDexDebug UP-TO-DATE
> Task :app:jacocoDebug UP-TO-DATE
> Task :app:dexBuilderDebug UP-TO-DATE
> Task :app:mergeProjectDexDebug UP-TO-DATE
> Task :app:mergeDebugJniLibFolders UP-TO-DATE
> Task :app:mergeDebugNativeLibs UP-TO-DATE
> Task :app:stripDebugDebugSymbols UP-TO-DATE
> Task :app:validateSigningDebug UP-TO-DATE
> Task :app:writeDebugAppMetadata UP-TO-DATE
> Task :app:writeDebugSigningConfigVersions UP-TO-DATE
> Task :app:packageDebug UP-TO-DATE
> Task :app:createDebugApkListingFileRedirect UP-TO-DATE
> Task :app:copyRoomSchemasToAndroidTestAssetsDebugAndroidTest UP-TO-DATE
> Task :app:generateDebugAndroidTestAssets UP-TO-DATE
> Task :app:mergeDebugAndroidTestAssets UP-TO-DATE
> Task :app:compressDebugAndroidTestAssets UP-TO-DATE
> Task :app:generateDebugAndroidTestGlobalSynthetics UP-TO-DATE
> Task :app:processDebugAndroidTestJavaRes UP-TO-DATE
> Task :app:mergeDebugAndroidTestJavaResource UP-TO-DATE
> Task :app:checkDebugAndroidTestDuplicateClasses UP-TO-DATE
> Task :app:desugarDebugAndroidTestFileDependencies UP-TO-DATE
> Task :app:mergeExtDexDebugAndroidTest UP-TO-DATE
> Task :app:mergeLibDexDebugAndroidTest UP-TO-DATE
> Task :app:checkDebugAndroidTestAarMetadata UP-TO-DATE
> Task :app:mapDebugAndroidTestSourceSetPaths UP-TO-DATE
> Task :app:compileDebugAndroidTestNavigationResources UP-TO-DATE
> Task :app:mergeDebugAndroidTestResources UP-TO-DATE
> Task :app:processDebugAndroidTestResources UP-TO-DATE
> Task :app:dexBuilderDebugAndroidTest UP-TO-DATE
> Task :app:mergeProjectDexDebugAndroidTest UP-TO-DATE
> Task :app:mergeDebugAndroidTestJniLibFolders UP-TO-DATE
> Task :app:mergeDebugAndroidTestNativeLibs NO-SOURCE
> Task :app:stripDebugAndroidTestDebugSymbols NO-SOURCE
> Task :app:validateSigningDebugAndroidTest UP-TO-DATE
> Task :app:writeDebugAndroidTestSigningConfigVersions UP-TO-DATE
> Task :app:packageDebugAndroidTest UP-TO-DATE
> Task :app:createDebugAndroidTestApkListingFileRedirect UP-TO-DATE
Starting 177 tests on whip_release_api34(AVD) - 14
whip_release_api34(AVD) - 14 Tests 0/177 completed. (0 skipped) (0 failed)
whip_release_api34(AVD) - 14 Tests 20/177 completed. (0 skipped) (0 failed)
> Task :app:connectedDebugAndroidTest

whip_release_api34(AVD) - 14 Tests 42/177 completed. (0 skipped) (0 failed)
whip_release_api34(AVD) - 14 Tests 53/177 completed. (0 skipped) (0 failed)
whip_release_api34(AVD) - 14 Tests 70/177 completed. (0 skipped) (0 failed)
whip_release_api34(AVD) - 14 Tests 84/177 completed. (0 skipped) (0 failed)
whip_release_api34(AVD) - 14 Tests 104/177 completed. (0 skipped) (0 failed)
whip_release_api34(AVD) - 14 Tests 132/177 completed. (0 skipped) (0 failed)
whip_release_api34(AVD) - 14 Tests 161/177 completed. (0 skipped) (0 failed)
Finished 177 tests on whip_release_api34(AVD) - 14

BUILD SUCCESSFUL in 1m 48s
78 actionable tasks: 1 executed, 77 up-to-date
Android batch 1/1 accepted on emulator worker 1.
Android instrumentation accepted 177 tests with zero failures/skips across 1 batches on 1 emulator(s) (0 reused). Evidence: /tmp/whip-history-probe/build/instrumentation-results-QGgyKt
