INSTRUMENTATION_STATUS: class=com.whip.app.ui.SettingItemBuilderUiTest
INSTRUMENTATION_STATUS: current=1
INSTRUMENTATION_STATUS: id=AndroidJUnitRunner
INSTRUMENTATION_STATUS: numtests=4
INSTRUMENTATION_STATUS: stream=
com.whip.app.ui.SettingItemBuilderUiTest:
INSTRUMENTATION_STATUS: test=settingChoiceKeepsCompleteValuesAndAnIdentityOwnedCurrentMenu
INSTRUMENTATION_STATUS_CODE: 1
INSTRUMENTATION_STATUS: class=com.whip.app.ui.SettingItemBuilderUiTest
INSTRUMENTATION_STATUS: current=1
INSTRUMENTATION_STATUS: id=AndroidJUnitRunner
INSTRUMENTATION_STATUS: numtests=4
INSTRUMENTATION_STATUS: stream=.
INSTRUMENTATION_STATUS: test=settingChoiceKeepsCompleteValuesAndAnIdentityOwnedCurrentMenu
INSTRUMENTATION_STATUS_CODE: 0
INSTRUMENTATION_STATUS: class=com.whip.app.ui.SettingItemBuilderUiTest
INSTRUMENTATION_STATUS: current=2
INSTRUMENTATION_STATUS: id=AndroidJUnitRunner
INSTRUMENTATION_STATUS: numtests=4
INSTRUMENTATION_STATUS: stream=
INSTRUMENTATION_STATUS: test=settingInformationUsesFullWidthAndEachRoleDispatchesOnce
INSTRUMENTATION_STATUS_CODE: 1
INSTRUMENTATION_STATUS: class=com.whip.app.ui.SettingItemBuilderUiTest
INSTRUMENTATION_STATUS: current=2
INSTRUMENTATION_STATUS: id=AndroidJUnitRunner
INSTRUMENTATION_STATUS: numtests=4
INSTRUMENTATION_STATUS: stream=.
INSTRUMENTATION_STATUS: test=settingInformationUsesFullWidthAndEachRoleDispatchesOnce
INSTRUMENTATION_STATUS_CODE: 0
INSTRUMENTATION_STATUS: class=com.whip.app.SettingItemBuilderJourneyE2ETest
INSTRUMENTATION_STATUS: current=3
INSTRUMENTATION_STATUS: id=AndroidJUnitRunner
INSTRUMENTATION_STATUS: numtests=4
INSTRUMENTATION_STATUS: stream=
com.whip.app.SettingItemBuilderJourneyE2ETest:
INSTRUMENTATION_STATUS: test=choicesSaveImmediatelyWhileTypedDraftsWaitForConfirmedSave
INSTRUMENTATION_STATUS_CODE: 1
INSTRUMENTATION_STATUS: class=com.whip.app.SettingItemBuilderJourneyE2ETest
INSTRUMENTATION_STATUS: current=3
INSTRUMENTATION_STATUS: id=AndroidJUnitRunner
INSTRUMENTATION_STATUS: numtests=4
INSTRUMENTATION_STATUS: stack=java.lang.AssertionError: Failed to inject touch input.
Reason: Expected exactly '1' node but could not find any node that satisfies: (TestTag = 'settings-section-Appearance & Home')

	at androidx.compose.ui.test.SemanticsNodeInteraction.fetchOneOrThrow(SemanticsNodeInteraction.kt:178)
	at androidx.compose.ui.test.SemanticsNodeInteraction.fetchOneOrThrow$default(SemanticsNodeInteraction.kt:150)
	at androidx.compose.ui.test.SemanticsNodeInteraction.fetchSemanticsNode(SemanticsNodeInteraction.kt:84)
	at androidx.compose.ui.test.ActionsKt.performTouchInput(Actions.kt:403)
	at androidx.compose.ui.test.AndroidActions.performClickImpl(Actions.android.kt:23)
	at androidx.compose.ui.test.ActionsKt.performClick(Actions.kt:61)
	at com.whip.app.SettingItemBuilderJourneyE2ETest.choicesSaveImmediatelyWhileTypedDraftsWaitForConfirmedSave(SettingItemBuilderJourneyE2ETest.kt:35)

INSTRUMENTATION_STATUS: stream=
Error in choicesSaveImmediatelyWhileTypedDraftsWaitForConfirmedSave(com.whip.app.SettingItemBuilderJourneyE2ETest):
java.lang.AssertionError: Failed to inject touch input.
Reason: Expected exactly '1' node but could not find any node that satisfies: (TestTag = 'settings-section-Appearance & Home')

	at androidx.compose.ui.test.SemanticsNodeInteraction.fetchOneOrThrow(SemanticsNodeInteraction.kt:178)
	at androidx.compose.ui.test.SemanticsNodeInteraction.fetchOneOrThrow$default(SemanticsNodeInteraction.kt:150)
	at androidx.compose.ui.test.SemanticsNodeInteraction.fetchSemanticsNode(SemanticsNodeInteraction.kt:84)
	at androidx.compose.ui.test.ActionsKt.performTouchInput(Actions.kt:403)
	at androidx.compose.ui.test.AndroidActions.performClickImpl(Actions.android.kt:23)
	at androidx.compose.ui.test.ActionsKt.performClick(Actions.kt:61)
	at com.whip.app.SettingItemBuilderJourneyE2ETest.choicesSaveImmediatelyWhileTypedDraftsWaitForConfirmedSave(SettingItemBuilderJourneyE2ETest.kt:35)

INSTRUMENTATION_STATUS: test=choicesSaveImmediatelyWhileTypedDraftsWaitForConfirmedSave
INSTRUMENTATION_STATUS_CODE: -2
INSTRUMENTATION_STATUS: class=com.whip.app.VisualCatalogPagesTest
INSTRUMENTATION_STATUS: current=4
INSTRUMENTATION_STATUS: id=AndroidJUnitRunner
INSTRUMENTATION_STATUS: numtests=4
INSTRUMENTATION_STATUS: stream=
com.whip.app.VisualCatalogPagesTest:
INSTRUMENTATION_STATUS: test=captureSettingsPageCatalog
INSTRUMENTATION_STATUS_CODE: 1
INSTRUMENTATION_STATUS: class=com.whip.app.VisualCatalogPagesTest
INSTRUMENTATION_STATUS: current=4
INSTRUMENTATION_STATUS: id=AndroidJUnitRunner
INSTRUMENTATION_STATUS: numtests=4
INSTRUMENTATION_STATUS: stack=java.lang.AssertionError: Failed to inject touch input.
Reason: Expected exactly '1' node but could not find any node that satisfies: (TestTag = 'settings-section-Appearance & Home')

	at androidx.compose.ui.test.SemanticsNodeInteraction.fetchOneOrThrow(SemanticsNodeInteraction.kt:178)
	at androidx.compose.ui.test.SemanticsNodeInteraction.fetchOneOrThrow$default(SemanticsNodeInteraction.kt:150)
	at androidx.compose.ui.test.SemanticsNodeInteraction.fetchSemanticsNode(SemanticsNodeInteraction.kt:84)
	at androidx.compose.ui.test.ActionsKt.performTouchInput(Actions.kt:403)
	at androidx.compose.ui.test.AndroidActions.performClickImpl(Actions.android.kt:23)
	at androidx.compose.ui.test.ActionsKt.performClick(Actions.kt:61)
	at com.whip.app.VisualCatalogPagesTest.captureSettingsPages(VisualCatalogPagesTest.kt:433)
	at com.whip.app.VisualCatalogPagesTest.captureSettingsPageCatalog(VisualCatalogPagesTest.kt:182)

INSTRUMENTATION_STATUS: stream=
Error in captureSettingsPageCatalog(com.whip.app.VisualCatalogPagesTest):
java.lang.AssertionError: Failed to inject touch input.
Reason: Expected exactly '1' node but could not find any node that satisfies: (TestTag = 'settings-section-Appearance & Home')

	at androidx.compose.ui.test.SemanticsNodeInteraction.fetchOneOrThrow(SemanticsNodeInteraction.kt:178)
	at androidx.compose.ui.test.SemanticsNodeInteraction.fetchOneOrThrow$default(SemanticsNodeInteraction.kt:150)
	at androidx.compose.ui.test.SemanticsNodeInteraction.fetchSemanticsNode(SemanticsNodeInteraction.kt:84)
	at androidx.compose.ui.test.ActionsKt.performTouchInput(Actions.kt:403)
	at androidx.compose.ui.test.AndroidActions.performClickImpl(Actions.android.kt:23)
	at androidx.compose.ui.test.ActionsKt.performClick(Actions.kt:61)
	at com.whip.app.VisualCatalogPagesTest.captureSettingsPages(VisualCatalogPagesTest.kt:433)
	at com.whip.app.VisualCatalogPagesTest.captureSettingsPageCatalog(VisualCatalogPagesTest.kt:182)

INSTRUMENTATION_STATUS: test=captureSettingsPageCatalog
INSTRUMENTATION_STATUS_CODE: -2
INSTRUMENTATION_RESULT: stream=

Time: 21.004
There were 2 failures:
1) choicesSaveImmediatelyWhileTypedDraftsWaitForConfirmedSave(com.whip.app.SettingItemBuilderJourneyE2ETest)
java.lang.AssertionError: Failed to inject touch input.
Reason: Expected exactly '1' node but could not find any node that satisfies: (TestTag = 'settings-section-Appearance & Home')

	at androidx.compose.ui.test.SemanticsNodeInteraction.fetchOneOrThrow(SemanticsNodeInteraction.kt:178)
	at androidx.compose.ui.test.SemanticsNodeInteraction.fetchOneOrThrow$default(SemanticsNodeInteraction.kt:150)
	at androidx.compose.ui.test.SemanticsNodeInteraction.fetchSemanticsNode(SemanticsNodeInteraction.kt:84)
	at androidx.compose.ui.test.ActionsKt.performTouchInput(Actions.kt:403)
	at androidx.compose.ui.test.AndroidActions.performClickImpl(Actions.android.kt:23)
	at androidx.compose.ui.test.ActionsKt.performClick(Actions.kt:61)
	at com.whip.app.SettingItemBuilderJourneyE2ETest.choicesSaveImmediatelyWhileTypedDraftsWaitForConfirmedSave(SettingItemBuilderJourneyE2ETest.kt:35)
2) captureSettingsPageCatalog(com.whip.app.VisualCatalogPagesTest)
java.lang.AssertionError: Failed to inject touch input.
Reason: Expected exactly '1' node but could not find any node that satisfies: (TestTag = 'settings-section-Appearance & Home')

	at androidx.compose.ui.test.SemanticsNodeInteraction.fetchOneOrThrow(SemanticsNodeInteraction.kt:178)
	at androidx.compose.ui.test.SemanticsNodeInteraction.fetchOneOrThrow$default(SemanticsNodeInteraction.kt:150)
	at androidx.compose.ui.test.SemanticsNodeInteraction.fetchSemanticsNode(SemanticsNodeInteraction.kt:84)
	at androidx.compose.ui.test.ActionsKt.performTouchInput(Actions.kt:403)
	at androidx.compose.ui.test.AndroidActions.performClickImpl(Actions.android.kt:23)
	at androidx.compose.ui.test.ActionsKt.performClick(Actions.kt:61)
	at com.whip.app.VisualCatalogPagesTest.captureSettingsPages(VisualCatalogPagesTest.kt:433)
	at com.whip.app.VisualCatalogPagesTest.captureSettingsPageCatalog(VisualCatalogPagesTest.kt:182)

FAILURES!!!
Tests run: 4,  Failures: 2


INSTRUMENTATION_CODE: -1
