Reusing configuration cache.
> Task :app:preBuild UP-TO-DATE
> Task :app:preDebugBuild UP-TO-DATE
> Task :app:generateDebugResValues UP-TO-DATE
> Task :app:generateDebugBuildConfig UP-TO-DATE
> Task :app:javaPreCompileDebug UP-TO-DATE
> Task :app:preDebugAndroidTestBuild SKIPPED
> Task :app:mapDebugSourceSetPaths UP-TO-DATE
> Task :app:generateDebugResources UP-TO-DATE
> Task :app:createDebugCompatibleScreenManifests UP-TO-DATE
> Task :app:packageDebugResources UP-TO-DATE
> Task :app:extractDeepLinksDebug UP-TO-DATE
> Task :app:generateDebugAndroidTestResValues UP-TO-DATE
> Task :app:processDebugAndroidTestNavigationResources UP-TO-DATE
> Task :app:generateDebugAndroidTestResources UP-TO-DATE
> Task :app:packageDebugAndroidTestResources UP-TO-DATE
> Task :app:parseDebugAndroidTestLocalResources UP-TO-DATE
> Task :app:generateDebugAndroidTestRFile UP-TO-DATE
> Task :app:checkDebugAarMetadata UP-TO-DATE
> Task :app:processDebugNavigationResources UP-TO-DATE
> Task :app:mergeDebugResources UP-TO-DATE
> Task :app:compileDebugNavigationResources UP-TO-DATE
> Task :app:parseDebugLocalResources UP-TO-DATE
> Task :app:generateDebugRFile UP-TO-DATE
> Task :app:processDebugMainManifest UP-TO-DATE
> Task :app:mergeDebugAndroidTestManifest UP-TO-DATE
> Task :app:processDebugAndroidTestManifest UP-TO-DATE
> Task :app:processDebugManifest UP-TO-DATE
> Task :app:processDebugManifestForPackage UP-TO-DATE
> Task :app:generateDebugAndroidTestBuildConfig UP-TO-DATE
> Task :app:kspDebugKotlin UP-TO-DATE
> Task :app:compileDebugKotlin UP-TO-DATE
> Task :app:compileDebugJavaWithJavac UP-TO-DATE
> Task :app:processDebugResources UP-TO-DATE
> Task :app:bundleDebugClassesToCompileJar UP-TO-DATE
> Task :app:kspDebugAndroidTestKotlin SKIPPED
> Task :app:copyRoomSchemas NO-SOURCE
> Task :app:compileDebugAndroidTestKotlin

BUILD SUCCESSFUL in 908ms
32 actionable tasks: 1 executed, 31 up-to-date
Configuration cache entry reused.
Targeted Android run 1/1.
Reusing configuration cache.
> Task :app:preBuild UP-TO-DATE
> Task :app:generateDebugAndroidTestAssets UP-TO-DATE
> Task :app:generateDebugAssets UP-TO-DATE
> Task :app:preDebugBuild UP-TO-DATE
> Task :app:mergeDebugNativeDebugMetadata NO-SOURCE
> Task :app:preDebugAndroidTestBuild SKIPPED
> Task :app:generateDebugResValues UP-TO-DATE
> Task :app:generateDebugBuildConfig UP-TO-DATE
> Task :app:copyRoomSchemasToAndroidTestAssetsDebugAndroidTest UP-TO-DATE
> Task :app:createDebugCompatibleScreenManifests UP-TO-DATE
> Task :app:javaPreCompileDebug UP-TO-DATE
> Task :app:mapDebugSourceSetPaths UP-TO-DATE
> Task :app:generateDebugJacocoPropertiesFile UP-TO-DATE
> Task :app:validateSigningDebug UP-TO-DATE
> Task :app:generateDebugResources UP-TO-DATE
> Task :app:generateDebugAndroidTestResValues UP-TO-DATE
> Task :app:extractDeepLinksDebug UP-TO-DATE
> Task :app:javaPreCompileDebugAndroidTest UP-TO-DATE
> Task :app:desugarDebugFileDependencies UP-TO-DATE
> Task :app:writeDebugSigningConfigVersions UP-TO-DATE
> Task :app:writeDebugAppMetadata UP-TO-DATE
> Task :app:generateDebugAndroidTestGlobalSynthetics UP-TO-DATE
> Task :app:desugarDebugAndroidTestFileDependencies UP-TO-DATE
> Task :app:mergeDebugAndroidTestJniLibFolders UP-TO-DATE
> Task :app:generateDebugGlobalSynthetics UP-TO-DATE
> Task :app:mergeDebugJniLibFolders UP-TO-DATE
> Task :app:writeDebugAndroidTestSigningConfigVersions UP-TO-DATE
> Task :app:processDebugAndroidTestNavigationResources UP-TO-DATE
> Task :app:generateDebugAndroidTestResources UP-TO-DATE
> Task :app:packageDebugResources UP-TO-DATE
> Task :app:mapDebugAndroidTestSourceSetPaths UP-TO-DATE
> Task :app:validateSigningDebugAndroidTest UP-TO-DATE
> Task :app:packageDebugAndroidTestResources UP-TO-DATE
> Task :app:compileDebugAndroidTestNavigationResources UP-TO-DATE
> Task :app:parseDebugAndroidTestLocalResources UP-TO-DATE
> Task :app:generateDebugAndroidTestRFile UP-TO-DATE
> Task :app:mergeDebugAssets UP-TO-DATE
> Task :app:compressDebugAssets UP-TO-DATE
> Task :app:mergeDebugAndroidTestAssets UP-TO-DATE
> Task :app:checkDebugAarMetadata UP-TO-DATE
> Task :app:compressDebugAndroidTestAssets UP-TO-DATE
> Task :app:checkDebugDuplicateClasses UP-TO-DATE
> Task :app:processDebugNavigationResources UP-TO-DATE
> Task :app:checkDebugAndroidTestAarMetadata UP-TO-DATE
> Task :app:mergeDebugResources UP-TO-DATE
> Task :app:mergeLibDexDebug UP-TO-DATE
> Task :app:mergeDebugAndroidTestResources UP-TO-DATE
> Task :app:checkDebugAndroidTestDuplicateClasses UP-TO-DATE
> Task :app:compileDebugNavigationResources UP-TO-DATE
> Task :app:parseDebugLocalResources UP-TO-DATE
> Task :app:mergeLibDexDebugAndroidTest UP-TO-DATE
> Task :app:mergeDebugNativeLibs UP-TO-DATE
> Task :app:generateDebugRFile UP-TO-DATE
> Task :app:stripDebugDebugSymbols UP-TO-DATE
> Task :app:processDebugMainManifest UP-TO-DATE
> Task :app:mergeDebugAndroidTestManifest UP-TO-DATE
> Task :app:processDebugManifest UP-TO-DATE
> Task :app:processDebugAndroidTestManifest UP-TO-DATE
> Task :app:mergeDebugAndroidTestNativeLibs NO-SOURCE
> Task :app:processDebugManifestForPackage UP-TO-DATE
> Task :app:stripDebugAndroidTestDebugSymbols NO-SOURCE
> Task :app:generateDebugAndroidTestBuildConfig UP-TO-DATE
> Task :app:kspDebugKotlin UP-TO-DATE
> Task :app:mergeExtDexDebug UP-TO-DATE
> Task :app:mergeExtDexDebugAndroidTest UP-TO-DATE
> Task :app:compileDebugKotlin UP-TO-DATE
> Task :app:processDebugResources UP-TO-DATE
> Task :app:processDebugAndroidTestResources UP-TO-DATE
> Task :app:compileDebugJavaWithJavac UP-TO-DATE
> Task :app:bundleDebugClassesToCompileJar UP-TO-DATE
> Task :app:jacocoDebug UP-TO-DATE
> Task :app:kspDebugAndroidTestKotlin SKIPPED
> Task :app:processDebugJavaRes UP-TO-DATE
> Task :app:dexBuilderDebug UP-TO-DATE
> Task :app:mergeProjectDexDebug UP-TO-DATE
> Task :app:mergeDebugJavaResource UP-TO-DATE
> Task :app:packageDebug UP-TO-DATE
> Task :app:assembleDebug UP-TO-DATE
> Task :app:createDebugApkListingFileRedirect UP-TO-DATE
> Task :app:compileDebugAndroidTestKotlin UP-TO-DATE
> Task :app:processDebugAndroidTestJavaRes UP-TO-DATE
> Task :app:compileDebugAndroidTestJavaWithJavac UP-TO-DATE
> Task :app:copyRoomSchemas NO-SOURCE
> Task :app:mergeDebugAndroidTestJavaResource UP-TO-DATE
> Task :app:dexBuilderDebugAndroidTest
> Task :app:mergeProjectDexDebugAndroidTest
> Task :app:packageDebugAndroidTest
> Task :app:assembleDebugAndroidTest
> Task :app:createDebugAndroidTestApkListingFileRedirect UP-TO-DATE

BUILD SUCCESSFUL in 1s
77 actionable tasks: 3 executed, 74 up-to-date
Configuration cache entry reused.
Android batch 1/2 (graphics, 1 selector(s)).
> Task :app:preBuild UP-TO-DATE
> Task :app:preDebugBuild UP-TO-DATE
> Task :app:generateDebugBuildConfig UP-TO-DATE
> Task :app:generateDebugResValues UP-TO-DATE
> Task :app:generateDebugResources UP-TO-DATE
> Task :app:packageDebugResources UP-TO-DATE
> Task :app:processDebugNavigationResources UP-TO-DATE
> Task :app:parseDebugLocalResources UP-TO-DATE
> Task :app:generateDebugRFile UP-TO-DATE
> Task :app:kspDebugKotlin UP-TO-DATE
> Task :app:compileDebugKotlin UP-TO-DATE
> Task :app:javaPreCompileDebug UP-TO-DATE
> Task :app:compileDebugJavaWithJavac UP-TO-DATE
> Task :app:checkDebugAarMetadata UP-TO-DATE
> Task :app:mapDebugSourceSetPaths UP-TO-DATE
> Task :app:compileDebugNavigationResources UP-TO-DATE
> Task :app:mergeDebugResources UP-TO-DATE
> Task :app:createDebugCompatibleScreenManifests UP-TO-DATE
> Task :app:extractDeepLinksDebug UP-TO-DATE
> Task :app:processDebugMainManifest UP-TO-DATE
> Task :app:processDebugManifest UP-TO-DATE
> Task :app:processDebugManifestForPackage UP-TO-DATE
> Task :app:processDebugResources UP-TO-DATE
> Task :app:bundleDebugClassesToCompileJar UP-TO-DATE
> Task :app:preDebugAndroidTestBuild SKIPPED
> Task :app:mergeDebugAndroidTestManifest UP-TO-DATE
> Task :app:processDebugAndroidTestManifest UP-TO-DATE
> Task :app:generateDebugAndroidTestBuildConfig UP-TO-DATE
> Task :app:generateDebugAndroidTestResValues UP-TO-DATE
> Task :app:generateDebugAndroidTestResources UP-TO-DATE
> Task :app:packageDebugAndroidTestResources UP-TO-DATE
> Task :app:processDebugAndroidTestNavigationResources UP-TO-DATE
> Task :app:parseDebugAndroidTestLocalResources UP-TO-DATE
> Task :app:generateDebugAndroidTestRFile UP-TO-DATE
> Task :app:kspDebugAndroidTestKotlin SKIPPED
> Task :app:compileDebugAndroidTestKotlin UP-TO-DATE
> Task :app:javaPreCompileDebugAndroidTest UP-TO-DATE
> Task :app:compileDebugAndroidTestJavaWithJavac UP-TO-DATE
> Task :app:copyRoomSchemas NO-SOURCE
> Task :app:generateDebugAssets UP-TO-DATE
> Task :app:mergeDebugAssets UP-TO-DATE
> Task :app:compressDebugAssets UP-TO-DATE
> Task :app:generateDebugGlobalSynthetics UP-TO-DATE
> Task :app:generateDebugJacocoPropertiesFile UP-TO-DATE
> Task :app:processDebugJavaRes UP-TO-DATE
> Task :app:mergeDebugJavaResource UP-TO-DATE
> Task :app:checkDebugDuplicateClasses UP-TO-DATE
> Task :app:desugarDebugFileDependencies UP-TO-DATE
> Task :app:mergeExtDexDebug UP-TO-DATE
> Task :app:mergeLibDexDebug UP-TO-DATE
> Task :app:jacocoDebug UP-TO-DATE
> Task :app:dexBuilderDebug UP-TO-DATE
> Task :app:mergeProjectDexDebug UP-TO-DATE
> Task :app:mergeDebugJniLibFolders UP-TO-DATE
> Task :app:mergeDebugNativeLibs UP-TO-DATE
> Task :app:stripDebugDebugSymbols UP-TO-DATE
> Task :app:validateSigningDebug UP-TO-DATE
> Task :app:writeDebugAppMetadata UP-TO-DATE
> Task :app:writeDebugSigningConfigVersions UP-TO-DATE
> Task :app:packageDebug UP-TO-DATE
> Task :app:createDebugApkListingFileRedirect UP-TO-DATE
> Task :app:copyRoomSchemasToAndroidTestAssetsDebugAndroidTest UP-TO-DATE
> Task :app:generateDebugAndroidTestAssets UP-TO-DATE
> Task :app:mergeDebugAndroidTestAssets UP-TO-DATE
> Task :app:compressDebugAndroidTestAssets UP-TO-DATE
> Task :app:generateDebugAndroidTestGlobalSynthetics UP-TO-DATE
> Task :app:processDebugAndroidTestJavaRes UP-TO-DATE
> Task :app:mergeDebugAndroidTestJavaResource UP-TO-DATE
> Task :app:checkDebugAndroidTestDuplicateClasses UP-TO-DATE
> Task :app:desugarDebugAndroidTestFileDependencies UP-TO-DATE
> Task :app:mergeExtDexDebugAndroidTest UP-TO-DATE
> Task :app:mergeLibDexDebugAndroidTest UP-TO-DATE
> Task :app:checkDebugAndroidTestAarMetadata UP-TO-DATE
> Task :app:mapDebugAndroidTestSourceSetPaths UP-TO-DATE
> Task :app:compileDebugAndroidTestNavigationResources UP-TO-DATE
> Task :app:mergeDebugAndroidTestResources UP-TO-DATE
> Task :app:processDebugAndroidTestResources UP-TO-DATE
> Task :app:dexBuilderDebugAndroidTest UP-TO-DATE
> Task :app:mergeProjectDexDebugAndroidTest UP-TO-DATE
> Task :app:mergeDebugAndroidTestJniLibFolders UP-TO-DATE
> Task :app:mergeDebugAndroidTestNativeLibs NO-SOURCE
> Task :app:stripDebugAndroidTestDebugSymbols NO-SOURCE
> Task :app:validateSigningDebugAndroidTest UP-TO-DATE
> Task :app:writeDebugAndroidTestSigningConfigVersions UP-TO-DATE
> Task :app:packageDebugAndroidTest UP-TO-DATE
> Task :app:createDebugAndroidTestApkListingFileRedirect UP-TO-DATE
Starting 43 tests on whip_api34(AVD) - 14
whip_api34(AVD) - 14 Tests 6/43 completed. (0 skipped) (0 failed)
whip_api34(AVD) - 14 Tests 13/43 completed. (0 skipped) (0 failed)
> Task :app:connectedDebugAndroidTest

whip_api34(AVD) - 14 Tests 23/43 completed. (0 skipped) (0 failed)
whip_api34(AVD) - 14 Tests 34/43 completed. (0 skipped) (0 failed)
whip_api34(AVD) - 14 Tests 43/43 completed. (0 skipped) (0 failed)
Finished 43 tests on whip_api34(AVD) - 14

BUILD SUCCESSFUL in 55s
78 actionable tasks: 1 executed, 77 up-to-date
Android batch 1/2 accepted on emulator worker 1.
Android batch 2/2 (ordinary, 10 selector(s)).
> Task :app:preBuild UP-TO-DATE
> Task :app:preDebugBuild UP-TO-DATE
> Task :app:generateDebugBuildConfig UP-TO-DATE
> Task :app:generateDebugResValues UP-TO-DATE
> Task :app:generateDebugResources UP-TO-DATE
> Task :app:packageDebugResources UP-TO-DATE
> Task :app:processDebugNavigationResources UP-TO-DATE
> Task :app:parseDebugLocalResources UP-TO-DATE
> Task :app:generateDebugRFile UP-TO-DATE
> Task :app:kspDebugKotlin UP-TO-DATE
> Task :app:compileDebugKotlin UP-TO-DATE
> Task :app:javaPreCompileDebug UP-TO-DATE
> Task :app:compileDebugJavaWithJavac UP-TO-DATE
> Task :app:checkDebugAarMetadata UP-TO-DATE
> Task :app:mapDebugSourceSetPaths UP-TO-DATE
> Task :app:compileDebugNavigationResources UP-TO-DATE
> Task :app:mergeDebugResources UP-TO-DATE
> Task :app:createDebugCompatibleScreenManifests UP-TO-DATE
> Task :app:extractDeepLinksDebug UP-TO-DATE
> Task :app:processDebugMainManifest UP-TO-DATE
> Task :app:processDebugManifest UP-TO-DATE
> Task :app:processDebugManifestForPackage UP-TO-DATE
> Task :app:processDebugResources UP-TO-DATE
> Task :app:bundleDebugClassesToCompileJar UP-TO-DATE
> Task :app:preDebugAndroidTestBuild SKIPPED
> Task :app:mergeDebugAndroidTestManifest UP-TO-DATE
> Task :app:processDebugAndroidTestManifest UP-TO-DATE
> Task :app:generateDebugAndroidTestBuildConfig UP-TO-DATE
> Task :app:generateDebugAndroidTestResValues UP-TO-DATE
> Task :app:generateDebugAndroidTestResources UP-TO-DATE
> Task :app:packageDebugAndroidTestResources UP-TO-DATE
> Task :app:processDebugAndroidTestNavigationResources UP-TO-DATE
> Task :app:parseDebugAndroidTestLocalResources UP-TO-DATE
> Task :app:generateDebugAndroidTestRFile UP-TO-DATE
> Task :app:kspDebugAndroidTestKotlin SKIPPED
> Task :app:compileDebugAndroidTestKotlin UP-TO-DATE
> Task :app:javaPreCompileDebugAndroidTest UP-TO-DATE
> Task :app:compileDebugAndroidTestJavaWithJavac UP-TO-DATE
> Task :app:copyRoomSchemas NO-SOURCE
> Task :app:generateDebugAssets UP-TO-DATE
> Task :app:mergeDebugAssets UP-TO-DATE
> Task :app:compressDebugAssets UP-TO-DATE
> Task :app:generateDebugGlobalSynthetics UP-TO-DATE
> Task :app:generateDebugJacocoPropertiesFile UP-TO-DATE
> Task :app:processDebugJavaRes UP-TO-DATE
> Task :app:mergeDebugJavaResource UP-TO-DATE
> Task :app:checkDebugDuplicateClasses UP-TO-DATE
> Task :app:desugarDebugFileDependencies UP-TO-DATE
> Task :app:mergeExtDexDebug UP-TO-DATE
> Task :app:mergeLibDexDebug UP-TO-DATE
> Task :app:jacocoDebug UP-TO-DATE
> Task :app:dexBuilderDebug UP-TO-DATE
> Task :app:mergeProjectDexDebug UP-TO-DATE
> Task :app:mergeDebugJniLibFolders UP-TO-DATE
> Task :app:mergeDebugNativeLibs UP-TO-DATE
> Task :app:stripDebugDebugSymbols UP-TO-DATE
> Task :app:validateSigningDebug UP-TO-DATE
> Task :app:writeDebugAppMetadata UP-TO-DATE
> Task :app:writeDebugSigningConfigVersions UP-TO-DATE
> Task :app:packageDebug UP-TO-DATE
> Task :app:createDebugApkListingFileRedirect UP-TO-DATE
> Task :app:copyRoomSchemasToAndroidTestAssetsDebugAndroidTest UP-TO-DATE
> Task :app:generateDebugAndroidTestAssets UP-TO-DATE
> Task :app:mergeDebugAndroidTestAssets UP-TO-DATE
> Task :app:compressDebugAndroidTestAssets UP-TO-DATE
> Task :app:generateDebugAndroidTestGlobalSynthetics UP-TO-DATE
> Task :app:processDebugAndroidTestJavaRes UP-TO-DATE
> Task :app:mergeDebugAndroidTestJavaResource UP-TO-DATE
> Task :app:checkDebugAndroidTestDuplicateClasses UP-TO-DATE
> Task :app:desugarDebugAndroidTestFileDependencies UP-TO-DATE
> Task :app:mergeExtDexDebugAndroidTest UP-TO-DATE
> Task :app:mergeLibDexDebugAndroidTest UP-TO-DATE
> Task :app:checkDebugAndroidTestAarMetadata UP-TO-DATE
> Task :app:mapDebugAndroidTestSourceSetPaths UP-TO-DATE
> Task :app:compileDebugAndroidTestNavigationResources UP-TO-DATE
> Task :app:mergeDebugAndroidTestResources UP-TO-DATE
> Task :app:processDebugAndroidTestResources UP-TO-DATE
> Task :app:dexBuilderDebugAndroidTest UP-TO-DATE
> Task :app:mergeProjectDexDebugAndroidTest UP-TO-DATE
> Task :app:mergeDebugAndroidTestJniLibFolders UP-TO-DATE
> Task :app:mergeDebugAndroidTestNativeLibs NO-SOURCE
> Task :app:stripDebugAndroidTestDebugSymbols NO-SOURCE
> Task :app:validateSigningDebugAndroidTest UP-TO-DATE
> Task :app:writeDebugAndroidTestSigningConfigVersions UP-TO-DATE
> Task :app:packageDebugAndroidTest UP-TO-DATE
> Task :app:createDebugAndroidTestApkListingFileRedirect UP-TO-DATE
Starting 103 tests on whip_api34(AVD) - 14
whip_api34(AVD) - 14 Tests 9/103 completed. (0 skipped) (0 failed)
whip_api34(AVD) - 14 Tests 13/103 completed. (0 skipped) (0 failed)
> Task :app:connectedDebugAndroidTest

whip_api34(AVD) - 14 Tests 16/103 completed. (0 skipped) (0 failed)
whip_api34(AVD) - 14 Tests 19/103 completed. (0 skipped) (0 failed)
whip_api34(AVD) - 14 Tests 24/103 completed. (0 skipped) (0 failed)
whip_api34(AVD) - 14 Tests 30/103 completed. (0 skipped) (0 failed)
whip_api34(AVD) - 14 Tests 36/103 completed. (0 skipped) (0 failed)
whip_api34(AVD) - 14 Tests 38/103 completed. (0 skipped) (0 failed)
whip_api34(AVD) - 14 Tests 40/103 completed. (0 skipped) (0 failed)
whip_api34(AVD) - 14 Tests 43/103 completed. (0 skipped) (0 failed)

com.whip.app.SettingItemBuilderJourneyE2ETest > choicesSaveImmediatelyWhileTypedDraftsWaitForConfirmedSave[whip_api34(AVD) - 14] [31mFAILED [0m
	java.lang.AssertionError: Failed to assert the following: (Text + InputText + EditableText contains '3' (ignoreCase: false))
	Semantics of the node:
whip_api34(AVD) - 14 Tests 45/103 completed. (0 skipped) (1 failed)
whip_api34(AVD) - 14 Tests 47/103 completed. (0 skipped) (1 failed)
whip_api34(AVD) - 14 Tests 50/103 completed. (0 skipped) (1 failed)
whip_api34(AVD) - 14 Tests 53/103 completed. (0 skipped) (1 failed)
whip_api34(AVD) - 14 Tests 56/103 completed. (0 skipped) (1 failed)
whip_api34(AVD) - 14 Tests 60/103 completed. (0 skipped) (1 failed)
whip_api34(AVD) - 14 Tests 61/103 completed. (0 skipped) (1 failed)
whip_api34(AVD) - 14 Tests 65/103 completed. (0 skipped) (1 failed)
whip_api34(AVD) - 14 Tests 70/103 completed. (0 skipped) (1 failed)
whip_api34(AVD) - 14 Tests 75/103 completed. (0 skipped) (1 failed)
whip_api34(AVD) - 14 Tests 78/103 completed. (0 skipped) (1 failed)
whip_api34(AVD) - 14 Tests 85/103 completed. (0 skipped) (1 failed)
whip_api34(AVD) - 14 Tests 88/103 completed. (0 skipped) (1 failed)
whip_api34(AVD) - 14 Tests 91/103 completed. (0 skipped) (1 failed)
whip_api34(AVD) - 14 Tests 95/103 completed. (0 skipped) (1 failed)
whip_api34(AVD) - 14 Tests 101/103 completed. (0 skipped) (1 failed)
Tests on whip_api34(AVD) - 14 failed: There was 1 failure(s).
Finished 103 tests on whip_api34(AVD) - 14
Execute com.whip.app.SettingItemBuilderJourneyE2ETest.choicesSaveImmediatelyWhileTypedDraftsWaitForConfirmedSave: FAILED
java.lang.AssertionError: java.lang.AssertionError: Failed to assert the following: (Text + InputText + EditableText contains '3' (ignoreCase: false))
Semantics of the node:
Node #4109 at (l=63.0, t=1058.0, r=1017.0, b=1279.0)px, Tag: 'settings-field-default-decimal-precision-input'
ContentDataType = 'AndroidContentDataType(androidAutofillType=1)'
EditableText = '1'
FillableData = 'androidx.compose.ui.autofill.AndroidFillableData@9ccae03'
Focused = 'false'
ImeAction = 'Done'
InputText = '1'
IsEditable = 'true'
StateDescription = 'Matches saved value'
Text = '[Default decimal precision, Enter the value, then choose Save.]'
TextSelectionRange = 'TextRange(0, 0)'
Actions = [ClearTextSubstitution, GetTextLayoutResult, InsertTextAtCursor, OnClick, OnFillData, OnLongClick, PasteText, PerformImeAction, RequestFocus, SetSelection, SetText, SetTextSubstitution, ShowTextSubstitution]
MergeDescendants = 'true'
Selector used: (TestTag = 'settings-field-default-decimal-precision-input')

at androidx.compose.ui.test.AssertionsKt.assert(Assertions.kt:293)
at androidx.compose.ui.test.AssertionsKt.assert$default(Assertions.kt:283)
at androidx.compose.ui.test.AssertionsKt.assertTextContains(Assertions.kt:237)
at androidx.compose.ui.test.AssertionsKt.assertTextContains$default(Assertions.kt:233)
at com.whip.app.SettingItemBuilderJourneyE2ETest.choicesSaveImmediatelyWhileTypedDraftsWaitForConfirmedSave(SettingItemBuilderJourneyE2ETest.kt:53)

java.lang.AssertionError: Failed to assert the following: (Text + InputText + EditableText contains '3' (ignoreCase: false))
Semantics of the node:
Node #4109 at (l=63.0, t=1058.0, r=1017.0, b=1279.0)px, Tag: 'settings-field-default-decimal-precision-input'
ContentDataType = 'AndroidContentDataType(androidAutofillType=1)'
EditableText = '1'
FillableData = 'androidx.compose.ui.autofill.AndroidFillableData@9ccae03'
Focused = 'false'
ImeAction = 'Done'
InputText = '1'
IsEditable = 'true'
StateDescription = 'Matches saved value'
Text = '[Default decimal precision, Enter the value, then choose Save.]'
TextSelectionRange = 'TextRange(0, 0)'
Actions = [ClearTextSubstitution, GetTextLayoutResult, InsertTextAtCursor, OnClick, OnFillData, OnLongClick, PasteText, PerformImeAction, RequestFocus, SetSelection, SetText, SetTextSubstitution, ShowTextSubstitution]
MergeDescendants = 'true'
Selector used: (TestTag = 'settings-field-default-decimal-precision-input')

at androidx.compose.ui.test.AssertionsKt.assert(Assertions.kt:293)
at androidx.compose.ui.test.AssertionsKt.assert$default(Assertions.kt:283)
at androidx.compose.ui.test.AssertionsKt.assertTextContains(Assertions.kt:237)
at androidx.compose.ui.test.AssertionsKt.assertTextContains$default(Assertions.kt:233)
at com.whip.app.SettingItemBuilderJourneyE2ETest.choicesSaveImmediatelyWhileTypedDraftsWaitForConfirmedSave(SettingItemBuilderJourneyE2ETest.kt:53)

> Task :app:connectedDebugAndroidTest FAILED

FAILURE: Build failed with an exception.

* What went wrong:
Execution failed for task ':app:connectedDebugAndroidTest' (registered by plugin 'com.android.internal.application').
> There were failing tests. See the report at: file:///root/repos/whip/app/build/whip-android-workers/instrumentation-results-lhtqly-worker-1/reports/index.html

* Try:
> Run with --stacktrace option to get the stack trace.
> Run with --info or --debug option to get more log output.
> Run with --scan to get full insights from a Build Scan (powered by Develocity).
> Get more help at https://help.gradle.org.

BUILD FAILED in 4m 29s
78 actionable tasks: 1 executed, 77 up-to-date
error: Android batch 2 requires a successful Gradle task, nonzero tests, and zero failures/skips; got status/tests/failures/skips 1/103/1/0; results retained in /root/repos/whip/build/instrumentation-results-LHtQLy
