INSTRUMENTATION_STATUS: class=com.whip.app.TrackInsightsJourneyE2ETest
INSTRUMENTATION_STATUS: current=1
INSTRUMENTATION_STATUS: id=AndroidJUnitRunner
INSTRUMENTATION_STATUS: numtests=3
INSTRUMENTATION_STATUS: stream=
com.whip.app.TrackInsightsJourneyE2ETest:
INSTRUMENTATION_STATUS: test=temperatureAndFineScaleInsightsPreserveReadingsWithoutTotals
INSTRUMENTATION_STATUS_CODE: 1
INSTRUMENTATION_STATUS: class=com.whip.app.TrackInsightsJourneyE2ETest
INSTRUMENTATION_STATUS: current=1
INSTRUMENTATION_STATUS: id=AndroidJUnitRunner
INSTRUMENTATION_STATUS: numtests=3
INSTRUMENTATION_STATUS: stream=.
INSTRUMENTATION_STATUS: test=temperatureAndFineScaleInsightsPreserveReadingsWithoutTotals
INSTRUMENTATION_STATUS_CODE: 0
INSTRUMENTATION_STATUS: class=com.whip.app.TrackInsightsJourneyE2ETest
INSTRUMENTATION_STATUS: current=2
INSTRUMENTATION_STATUS: id=AndroidJUnitRunner
INSTRUMENTATION_STATUS: numtests=3
INSTRUMENTATION_STATUS: stream=
INSTRUMENTATION_STATUS: test=mixedDistanceUnitsUseTheFieldUnitAndPrecisionAcrossInsights
INSTRUMENTATION_STATUS_CODE: 1
INSTRUMENTATION_STATUS: class=com.whip.app.TrackInsightsJourneyE2ETest
INSTRUMENTATION_STATUS: current=2
INSTRUMENTATION_STATUS: id=AndroidJUnitRunner
INSTRUMENTATION_STATUS: numtests=3
INSTRUMENTATION_STATUS: stream=.
INSTRUMENTATION_STATUS: test=mixedDistanceUnitsUseTheFieldUnitAndPrecisionAcrossInsights
INSTRUMENTATION_STATUS_CODE: 0
INSTRUMENTATION_STATUS: class=com.whip.app.RecordItemBuilderJourneyE2ETest
INSTRUMENTATION_STATUS: current=3
INSTRUMENTATION_STATUS: id=AndroidJUnitRunner
INSTRUMENTATION_STATUS: numtests=3
INSTRUMENTATION_STATUS: stream=
com.whip.app.RecordItemBuilderJourneyE2ETest:
INSTRUMENTATION_STATUS: test=recordsKeepTheirReadingOrderAndExactActions
INSTRUMENTATION_STATUS_CODE: 1
INSTRUMENTATION_STATUS: class=com.whip.app.RecordItemBuilderJourneyE2ETest
INSTRUMENTATION_STATUS: current=3
INSTRUMENTATION_STATUS: id=AndroidJUnitRunner
INSTRUMENTATION_STATUS: numtests=3
INSTRUMENTATION_STATUS: stream=.
INSTRUMENTATION_STATUS: test=recordsKeepTheirReadingOrderAndExactActions
INSTRUMENTATION_STATUS_CODE: 0
INSTRUMENTATION_RESULT: stream=

Time: 37.954

OK (3 tests)


INSTRUMENTATION_CODE: -1
