INSTRUMENTATION_STATUS: class=com.whip.app.TrackInsightWindowJourneyE2ETest
INSTRUMENTATION_STATUS: current=1
INSTRUMENTATION_STATUS: id=AndroidJUnitRunner
INSTRUMENTATION_STATUS: numtests=6
INSTRUMENTATION_STATUS: stream=
com.whip.app.TrackInsightWindowJourneyE2ETest:
INSTRUMENTATION_STATUS: test=recentWindowsExcludeFutureEntriesWithoutChangingHistory
INSTRUMENTATION_STATUS_CODE: 1
INSTRUMENTATION_STATUS: class=com.whip.app.TrackInsightWindowJourneyE2ETest
INSTRUMENTATION_STATUS: current=1
INSTRUMENTATION_STATUS: id=AndroidJUnitRunner
INSTRUMENTATION_STATUS: numtests=6
INSTRUMENTATION_STATUS: stream=.
INSTRUMENTATION_STATUS: test=recentWindowsExcludeFutureEntriesWithoutChangingHistory
INSTRUMENTATION_STATUS_CODE: 0
INSTRUMENTATION_STATUS: class=com.whip.app.TrackInsightsJourneyE2ETest
INSTRUMENTATION_STATUS: current=2
INSTRUMENTATION_STATUS: id=AndroidJUnitRunner
INSTRUMENTATION_STATUS: numtests=6
INSTRUMENTATION_STATUS: stream=
com.whip.app.TrackInsightsJourneyE2ETest:
INSTRUMENTATION_STATUS: test=temperatureAndFineScaleInsightsPreserveReadingsWithoutTotals
INSTRUMENTATION_STATUS_CODE: 1
INSTRUMENTATION_STATUS: class=com.whip.app.TrackInsightsJourneyE2ETest
INSTRUMENTATION_STATUS: current=2
INSTRUMENTATION_STATUS: id=AndroidJUnitRunner
INSTRUMENTATION_STATUS: numtests=6
INSTRUMENTATION_STATUS: stack=java.lang.AssertionError: Assert failed: The component with Text + InputText + EditableText contains '50.0 °F' (ignoreCase: false) is not displayed!
	at androidx.compose.ui.test.AssertionsKt.assertIsDisplayed(Assertions.kt:34)
	at com.whip.app.TrackInsightsJourneyE2ETest.temperatureAndFineScaleInsightsPreserveReadingsWithoutTotals(TrackInsightsJourneyE2ETest.kt:139)

INSTRUMENTATION_STATUS: stream=
Error in temperatureAndFineScaleInsightsPreserveReadingsWithoutTotals(com.whip.app.TrackInsightsJourneyE2ETest):
java.lang.AssertionError: Assert failed: The component with Text + InputText + EditableText contains '50.0 °F' (ignoreCase: false) is not displayed!
	at androidx.compose.ui.test.AssertionsKt.assertIsDisplayed(Assertions.kt:34)
	at com.whip.app.TrackInsightsJourneyE2ETest.temperatureAndFineScaleInsightsPreserveReadingsWithoutTotals(TrackInsightsJourneyE2ETest.kt:139)

INSTRUMENTATION_STATUS: test=temperatureAndFineScaleInsightsPreserveReadingsWithoutTotals
INSTRUMENTATION_STATUS_CODE: -2
INSTRUMENTATION_STATUS: class=com.whip.app.TrackInsightsJourneyE2ETest
INSTRUMENTATION_STATUS: current=3
INSTRUMENTATION_STATUS: id=AndroidJUnitRunner
INSTRUMENTATION_STATUS: numtests=6
INSTRUMENTATION_STATUS: stream=
INSTRUMENTATION_STATUS: test=mixedDistanceUnitsUseTheFieldUnitAndPrecisionAcrossInsights
INSTRUMENTATION_STATUS_CODE: 1
INSTRUMENTATION_STATUS: class=com.whip.app.TrackInsightsJourneyE2ETest
INSTRUMENTATION_STATUS: current=3
INSTRUMENTATION_STATUS: id=AndroidJUnitRunner
INSTRUMENTATION_STATUS: numtests=6
INSTRUMENTATION_STATUS: stack=java.lang.AssertionError: Assert failed: The component with Text + InputText + EditableText contains '1.621 mi' (ignoreCase: false) is not displayed!
	at androidx.compose.ui.test.AssertionsKt.assertIsDisplayed(Assertions.kt:34)
	at com.whip.app.TrackInsightsJourneyE2ETest.assertNumberFullyVisible(TrackInsightsJourneyE2ETest.kt:178)
	at com.whip.app.TrackInsightsJourneyE2ETest.mixedDistanceUnitsUseTheFieldUnitAndPrecisionAcrossInsights(TrackInsightsJourneyE2ETest.kt:83)

INSTRUMENTATION_STATUS: stream=
Error in mixedDistanceUnitsUseTheFieldUnitAndPrecisionAcrossInsights(com.whip.app.TrackInsightsJourneyE2ETest):
java.lang.AssertionError: Assert failed: The component with Text + InputText + EditableText contains '1.621 mi' (ignoreCase: false) is not displayed!
	at androidx.compose.ui.test.AssertionsKt.assertIsDisplayed(Assertions.kt:34)
	at com.whip.app.TrackInsightsJourneyE2ETest.assertNumberFullyVisible(TrackInsightsJourneyE2ETest.kt:178)
	at com.whip.app.TrackInsightsJourneyE2ETest.mixedDistanceUnitsUseTheFieldUnitAndPrecisionAcrossInsights(TrackInsightsJourneyE2ETest.kt:83)

INSTRUMENTATION_STATUS: test=mixedDistanceUnitsUseTheFieldUnitAndPrecisionAcrossInsights
INSTRUMENTATION_STATUS_CODE: -2
INSTRUMENTATION_STATUS: class=com.whip.app.RecordItemBuilderJourneyE2ETest
INSTRUMENTATION_STATUS: current=4
INSTRUMENTATION_STATUS: id=AndroidJUnitRunner
INSTRUMENTATION_STATUS: numtests=6
INSTRUMENTATION_STATUS: stream=
com.whip.app.RecordItemBuilderJourneyE2ETest:
INSTRUMENTATION_STATUS: test=recordsKeepTheirReadingOrderAndExactActions
INSTRUMENTATION_STATUS_CODE: 1
INSTRUMENTATION_STATUS: class=com.whip.app.RecordItemBuilderJourneyE2ETest
INSTRUMENTATION_STATUS: current=4
INSTRUMENTATION_STATUS: id=AndroidJUnitRunner
INSTRUMENTATION_STATUS: numtests=6
INSTRUMENTATION_STATUS: stream=.
INSTRUMENTATION_STATUS: test=recordsKeepTheirReadingOrderAndExactActions
INSTRUMENTATION_STATUS_CODE: 0
INSTRUMENTATION_STATUS: class=com.whip.app.ui.WhipSummaryBuilderTest
INSTRUMENTATION_STATUS: current=5
INSTRUMENTATION_STATUS: id=AndroidJUnitRunner
INSTRUMENTATION_STATUS: numtests=6
INSTRUMENTATION_STATUS: stream=
com.whip.app.ui.WhipSummaryBuilderTest:
INSTRUMENTATION_STATUS: test=shortSeriesNamesZeroAndNonzeroEvidenceWithoutClickActions
INSTRUMENTATION_STATUS_CODE: 1
INSTRUMENTATION_STATUS: class=com.whip.app.ui.WhipSummaryBuilderTest
INSTRUMENTATION_STATUS: current=5
INSTRUMENTATION_STATUS: id=AndroidJUnitRunner
INSTRUMENTATION_STATUS: numtests=6
INSTRUMENTATION_STATUS: stream=.
INSTRUMENTATION_STATUS: test=shortSeriesNamesZeroAndNonzeroEvidenceWithoutClickActions
INSTRUMENTATION_STATUS_CODE: 0
INSTRUMENTATION_STATUS: class=com.whip.app.ui.WhipSummaryBuilderTest
INSTRUMENTATION_STATUS: current=6
INSTRUMENTATION_STATUS: id=AndroidJUnitRunner
INSTRUMENTATION_STATUS: numtests=6
INSTRUMENTATION_STATUS: stream=
INSTRUMENTATION_STATUS: test=metricsReflowWithoutLosingExactReadingsOrTheirLabels
INSTRUMENTATION_STATUS_CODE: 1
INSTRUMENTATION_STATUS: class=com.whip.app.ui.WhipSummaryBuilderTest
INSTRUMENTATION_STATUS: current=6
INSTRUMENTATION_STATUS: id=AndroidJUnitRunner
INSTRUMENTATION_STATUS: numtests=6
INSTRUMENTATION_STATUS: stream=.
INSTRUMENTATION_STATUS: test=metricsReflowWithoutLosingExactReadingsOrTheirLabels
INSTRUMENTATION_STATUS_CODE: 0
INSTRUMENTATION_RESULT: stream=

Time: 57.374
There were 2 failures:
1) temperatureAndFineScaleInsightsPreserveReadingsWithoutTotals(com.whip.app.TrackInsightsJourneyE2ETest)
java.lang.AssertionError: Assert failed: The component with Text + InputText + EditableText contains '50.0 °F' (ignoreCase: false) is not displayed!
	at androidx.compose.ui.test.AssertionsKt.assertIsDisplayed(Assertions.kt:34)
	at com.whip.app.TrackInsightsJourneyE2ETest.temperatureAndFineScaleInsightsPreserveReadingsWithoutTotals(TrackInsightsJourneyE2ETest.kt:139)
2) mixedDistanceUnitsUseTheFieldUnitAndPrecisionAcrossInsights(com.whip.app.TrackInsightsJourneyE2ETest)
java.lang.AssertionError: Assert failed: The component with Text + InputText + EditableText contains '1.621 mi' (ignoreCase: false) is not displayed!
	at androidx.compose.ui.test.AssertionsKt.assertIsDisplayed(Assertions.kt:34)
	at com.whip.app.TrackInsightsJourneyE2ETest.assertNumberFullyVisible(TrackInsightsJourneyE2ETest.kt:178)
	at com.whip.app.TrackInsightsJourneyE2ETest.mixedDistanceUnitsUseTheFieldUnitAndPrecisionAcrossInsights(TrackInsightsJourneyE2ETest.kt:83)

FAILURES!!!
Tests run: 6,  Failures: 2


INSTRUMENTATION_CODE: -1
