Reusing configuration cache.
> Task :app:preBuild UP-TO-DATE
> Task :app:preDebugBuild UP-TO-DATE
> Task :app:generateDebugResValues UP-TO-DATE
> Task :app:javaPreCompileDebug UP-TO-DATE
> Task :app:createDebugCompatibleScreenManifests UP-TO-DATE
> Task :app:preDebugAndroidTestBuild SKIPPED
> Task :app:generateDebugResources UP-TO-DATE
> Task :app:generateDebugBuildConfig UP-TO-DATE
> Task :app:mapDebugSourceSetPaths UP-TO-DATE
> Task :app:extractDeepLinksDebug UP-TO-DATE
> Task :app:generateDebugAndroidTestResValues UP-TO-DATE
> Task :app:processDebugAndroidTestNavigationResources UP-TO-DATE
> Task :app:generateDebugAndroidTestResources UP-TO-DATE
> Task :app:packageDebugResources UP-TO-DATE
> Task :app:packageDebugAndroidTestResources UP-TO-DATE
> Task :app:parseDebugAndroidTestLocalResources UP-TO-DATE
> Task :app:generateDebugAndroidTestRFile UP-TO-DATE
> Task :app:processDebugNavigationResources UP-TO-DATE
> Task :app:checkDebugAarMetadata UP-TO-DATE
> Task :app:parseDebugLocalResources UP-TO-DATE
> Task :app:compileDebugNavigationResources UP-TO-DATE
> Task :app:generateDebugRFile UP-TO-DATE
> Task :app:mergeDebugResources UP-TO-DATE
> Task :app:processDebugMainManifest UP-TO-DATE
> Task :app:mergeDebugAndroidTestManifest UP-TO-DATE
> Task :app:processDebugManifest UP-TO-DATE
> Task :app:processDebugAndroidTestManifest UP-TO-DATE
> Task :app:processDebugManifestForPackage UP-TO-DATE
> Task :app:generateDebugAndroidTestBuildConfig UP-TO-DATE
> Task :app:kspDebugKotlin UP-TO-DATE
> Task :app:compileDebugKotlin UP-TO-DATE
> Task :app:compileDebugJavaWithJavac UP-TO-DATE
> Task :app:processDebugResources UP-TO-DATE
> Task :app:bundleDebugClassesToCompileJar UP-TO-DATE
> Task :app:kspDebugAndroidTestKotlin SKIPPED
> Task :app:copyRoomSchemas NO-SOURCE
> Task :app:compileDebugAndroidTestKotlin

BUILD SUCCESSFUL in 1s
32 actionable tasks: 1 executed, 31 up-to-date
Configuration cache entry reused.
Targeted Android run 1/1.
Reusing configuration cache.
> Task :app:generateDebugAssets UP-TO-DATE
> Task :app:preBuild UP-TO-DATE
> Task :app:generateDebugAndroidTestAssets UP-TO-DATE
> Task :app:preDebugBuild UP-TO-DATE
> Task :app:preDebugAndroidTestBuild SKIPPED
> Task :app:copyRoomSchemasToAndroidTestAssetsDebugAndroidTest UP-TO-DATE
> Task :app:generateDebugAndroidTestResValues UP-TO-DATE
> Task :app:processDebugAndroidTestNavigationResources UP-TO-DATE
> Task :app:javaPreCompileDebugAndroidTest UP-TO-DATE
> Task :app:desugarDebugAndroidTestFileDependencies UP-TO-DATE
> Task :app:generateDebugAndroidTestGlobalSynthetics UP-TO-DATE
> Task :app:mapDebugAndroidTestSourceSetPaths UP-TO-DATE
> Task :app:generateDebugResValues UP-TO-DATE
> Task :app:generateDebugBuildConfig UP-TO-DATE
> Task :app:mergeDebugNativeDebugMetadata NO-SOURCE
> Task :app:generateDebugResources UP-TO-DATE
> Task :app:extractDeepLinksDebug UP-TO-DATE
> Task :app:generateDebugAndroidTestResources UP-TO-DATE
> Task :app:mapDebugSourceSetPaths UP-TO-DATE
> Task :app:generateDebugJacocoPropertiesFile UP-TO-DATE
> Task :app:generateDebugGlobalSynthetics UP-TO-DATE
> Task :app:desugarDebugFileDependencies UP-TO-DATE
> Task :app:createDebugCompatibleScreenManifests UP-TO-DATE
> Task :app:validateSigningDebug UP-TO-DATE
> Task :app:mergeDebugJniLibFolders UP-TO-DATE
> Task :app:packageDebugResources UP-TO-DATE
> Task :app:javaPreCompileDebug UP-TO-DATE
> Task :app:writeDebugSigningConfigVersions UP-TO-DATE
> Task :app:mergeDebugAndroidTestJniLibFolders UP-TO-DATE
> Task :app:packageDebugAndroidTestResources UP-TO-DATE
> Task :app:writeDebugAndroidTestSigningConfigVersions UP-TO-DATE
> Task :app:validateSigningDebugAndroidTest UP-TO-DATE
> Task :app:compileDebugAndroidTestNavigationResources UP-TO-DATE
> Task :app:writeDebugAppMetadata UP-TO-DATE
> Task :app:parseDebugAndroidTestLocalResources UP-TO-DATE
> Task :app:generateDebugAndroidTestRFile UP-TO-DATE
> Task :app:checkDebugAarMetadata UP-TO-DATE
> Task :app:mergeDebugAssets UP-TO-DATE
> Task :app:checkDebugAndroidTestAarMetadata UP-TO-DATE
> Task :app:checkDebugDuplicateClasses UP-TO-DATE
> Task :app:mergeDebugAndroidTestAssets UP-TO-DATE
> Task :app:compressDebugAssets UP-TO-DATE
> Task :app:processDebugNavigationResources UP-TO-DATE
> Task :app:mergeDebugResources UP-TO-DATE
> Task :app:parseDebugLocalResources UP-TO-DATE
> Task :app:mergeDebugAndroidTestResources UP-TO-DATE
> Task :app:compileDebugNavigationResources UP-TO-DATE
> Task :app:checkDebugAndroidTestDuplicateClasses UP-TO-DATE
> Task :app:generateDebugRFile UP-TO-DATE
> Task :app:compressDebugAndroidTestAssets UP-TO-DATE
> Task :app:processDebugMainManifest UP-TO-DATE
> Task :app:mergeDebugNativeLibs UP-TO-DATE
> Task :app:mergeLibDexDebug UP-TO-DATE
> Task :app:mergeDebugAndroidTestManifest UP-TO-DATE
> Task :app:processDebugManifest UP-TO-DATE
> Task :app:processDebugAndroidTestManifest UP-TO-DATE
> Task :app:processDebugManifestForPackage UP-TO-DATE
> Task :app:generateDebugAndroidTestBuildConfig UP-TO-DATE
> Task :app:mergeLibDexDebugAndroidTest UP-TO-DATE
> Task :app:stripDebugDebugSymbols UP-TO-DATE
> Task :app:kspDebugKotlin UP-TO-DATE
> Task :app:mergeDebugAndroidTestNativeLibs NO-SOURCE
> Task :app:stripDebugAndroidTestDebugSymbols NO-SOURCE
> Task :app:mergeExtDexDebug UP-TO-DATE
> Task :app:mergeExtDexDebugAndroidTest UP-TO-DATE
> Task :app:compileDebugKotlin UP-TO-DATE
> Task :app:processDebugResources UP-TO-DATE
> Task :app:processDebugAndroidTestResources UP-TO-DATE
> Task :app:compileDebugJavaWithJavac UP-TO-DATE
> Task :app:jacocoDebug UP-TO-DATE
> Task :app:bundleDebugClassesToCompileJar UP-TO-DATE
> Task :app:kspDebugAndroidTestKotlin SKIPPED
> Task :app:processDebugJavaRes UP-TO-DATE
> Task :app:dexBuilderDebug UP-TO-DATE
> Task :app:mergeProjectDexDebug UP-TO-DATE
> Task :app:mergeDebugJavaResource UP-TO-DATE
> Task :app:packageDebug UP-TO-DATE
> Task :app:assembleDebug UP-TO-DATE
> Task :app:createDebugApkListingFileRedirect UP-TO-DATE
> Task :app:compileDebugAndroidTestKotlin UP-TO-DATE
> Task :app:processDebugAndroidTestJavaRes UP-TO-DATE
> Task :app:mergeDebugAndroidTestJavaResource UP-TO-DATE
> Task :app:compileDebugAndroidTestJavaWithJavac UP-TO-DATE
> Task :app:copyRoomSchemas NO-SOURCE
> Task :app:dexBuilderDebugAndroidTest
> Task :app:mergeProjectDexDebugAndroidTest
> Task :app:packageDebugAndroidTest
> Task :app:assembleDebugAndroidTest
> Task :app:createDebugAndroidTestApkListingFileRedirect UP-TO-DATE

BUILD SUCCESSFUL in 1s
77 actionable tasks: 3 executed, 74 up-to-date
Configuration cache entry reused.
Android batch 1/1 (ordinary, 2 selector(s)).
> Task :app:preBuild UP-TO-DATE
> Task :app:preDebugBuild UP-TO-DATE
> Task :app:generateDebugBuildConfig UP-TO-DATE
> Task :app:generateDebugResValues UP-TO-DATE
> Task :app:generateDebugResources UP-TO-DATE
> Task :app:packageDebugResources UP-TO-DATE
> Task :app:processDebugNavigationResources UP-TO-DATE
> Task :app:parseDebugLocalResources UP-TO-DATE
> Task :app:generateDebugRFile UP-TO-DATE
> Task :app:kspDebugKotlin UP-TO-DATE
> Task :app:compileDebugKotlin UP-TO-DATE
> Task :app:javaPreCompileDebug UP-TO-DATE
> Task :app:compileDebugJavaWithJavac UP-TO-DATE
> Task :app:checkDebugAarMetadata UP-TO-DATE
> Task :app:mapDebugSourceSetPaths UP-TO-DATE
> Task :app:compileDebugNavigationResources UP-TO-DATE
> Task :app:mergeDebugResources UP-TO-DATE
> Task :app:createDebugCompatibleScreenManifests UP-TO-DATE
> Task :app:extractDeepLinksDebug UP-TO-DATE
> Task :app:processDebugMainManifest UP-TO-DATE
> Task :app:processDebugManifest UP-TO-DATE
> Task :app:processDebugManifestForPackage UP-TO-DATE
> Task :app:processDebugResources UP-TO-DATE
> Task :app:bundleDebugClassesToCompileJar UP-TO-DATE
> Task :app:preDebugAndroidTestBuild SKIPPED
> Task :app:mergeDebugAndroidTestManifest UP-TO-DATE
> Task :app:processDebugAndroidTestManifest UP-TO-DATE
> Task :app:generateDebugAndroidTestBuildConfig UP-TO-DATE
> Task :app:generateDebugAndroidTestResValues UP-TO-DATE
> Task :app:generateDebugAndroidTestResources UP-TO-DATE
> Task :app:packageDebugAndroidTestResources UP-TO-DATE
> Task :app:processDebugAndroidTestNavigationResources UP-TO-DATE
> Task :app:parseDebugAndroidTestLocalResources UP-TO-DATE
> Task :app:generateDebugAndroidTestRFile UP-TO-DATE
> Task :app:kspDebugAndroidTestKotlin SKIPPED
> Task :app:compileDebugAndroidTestKotlin UP-TO-DATE
> Task :app:javaPreCompileDebugAndroidTest UP-TO-DATE
> Task :app:compileDebugAndroidTestJavaWithJavac UP-TO-DATE
> Task :app:copyRoomSchemas NO-SOURCE
> Task :app:generateDebugAssets UP-TO-DATE
> Task :app:mergeDebugAssets UP-TO-DATE
> Task :app:compressDebugAssets UP-TO-DATE
> Task :app:generateDebugGlobalSynthetics UP-TO-DATE
> Task :app:generateDebugJacocoPropertiesFile UP-TO-DATE
> Task :app:processDebugJavaRes UP-TO-DATE
> Task :app:mergeDebugJavaResource UP-TO-DATE
> Task :app:checkDebugDuplicateClasses UP-TO-DATE
> Task :app:desugarDebugFileDependencies UP-TO-DATE
> Task :app:mergeExtDexDebug UP-TO-DATE
> Task :app:mergeLibDexDebug UP-TO-DATE
> Task :app:jacocoDebug UP-TO-DATE
> Task :app:dexBuilderDebug UP-TO-DATE
> Task :app:mergeProjectDexDebug UP-TO-DATE
> Task :app:mergeDebugJniLibFolders UP-TO-DATE
> Task :app:mergeDebugNativeLibs UP-TO-DATE
> Task :app:stripDebugDebugSymbols UP-TO-DATE
> Task :app:validateSigningDebug UP-TO-DATE
> Task :app:writeDebugAppMetadata UP-TO-DATE
> Task :app:writeDebugSigningConfigVersions UP-TO-DATE
> Task :app:packageDebug UP-TO-DATE
> Task :app:createDebugApkListingFileRedirect UP-TO-DATE
> Task :app:copyRoomSchemasToAndroidTestAssetsDebugAndroidTest UP-TO-DATE
> Task :app:generateDebugAndroidTestAssets UP-TO-DATE
> Task :app:mergeDebugAndroidTestAssets UP-TO-DATE
> Task :app:compressDebugAndroidTestAssets UP-TO-DATE
> Task :app:generateDebugAndroidTestGlobalSynthetics UP-TO-DATE
> Task :app:processDebugAndroidTestJavaRes UP-TO-DATE
> Task :app:mergeDebugAndroidTestJavaResource UP-TO-DATE
> Task :app:checkDebugAndroidTestDuplicateClasses UP-TO-DATE
> Task :app:desugarDebugAndroidTestFileDependencies UP-TO-DATE
> Task :app:mergeExtDexDebugAndroidTest UP-TO-DATE
> Task :app:mergeLibDexDebugAndroidTest UP-TO-DATE
> Task :app:checkDebugAndroidTestAarMetadata UP-TO-DATE
> Task :app:mapDebugAndroidTestSourceSetPaths UP-TO-DATE
> Task :app:compileDebugAndroidTestNavigationResources UP-TO-DATE
> Task :app:mergeDebugAndroidTestResources UP-TO-DATE
> Task :app:processDebugAndroidTestResources UP-TO-DATE
> Task :app:dexBuilderDebugAndroidTest UP-TO-DATE
> Task :app:mergeProjectDexDebugAndroidTest UP-TO-DATE
> Task :app:mergeDebugAndroidTestJniLibFolders UP-TO-DATE
> Task :app:mergeDebugAndroidTestNativeLibs NO-SOURCE
> Task :app:stripDebugAndroidTestDebugSymbols NO-SOURCE
> Task :app:validateSigningDebugAndroidTest UP-TO-DATE
> Task :app:writeDebugAndroidTestSigningConfigVersions UP-TO-DATE
> Task :app:packageDebugAndroidTest UP-TO-DATE
> Task :app:createDebugAndroidTestApkListingFileRedirect UP-TO-DATE
Starting 4 tests on whip_api34(AVD) - 14

com.whip.app.TrackInsightsJourneyE2ETest > temperatureAndFineScaleInsightsPreserveReadingsWithoutTotals[whip_api34(AVD) - 14] [31mFAILED [0m

Failed to retrieve additional test outputs from device.
com.android.ddmlib.AdbCommandRejectedException: device offline
	at com.android.ddmlib.AdbHelper.setDevice(AdbHelper.java:967)
	at com.android.ddmlib.AdbHelper.setDevice(AdbHelper.java:986)
	at com.android.ddmlib.internal.DeviceImpl.lambda$executeRemoteCommand$18(DeviceImpl.java:785)
	at com.android.ddmlib.internal.DeviceImpl.logRun1(DeviceImpl.java:1801)
	at com.android.ddmlib.internal.DeviceImpl.executeRemoteCommand(DeviceImpl.java:755)
	at com.android.ddmlib.internal.DeviceImpl.lambda$executeRemoteCommand$15(DeviceImpl.java:618)
	at com.android.ddmlib.internal.DeviceImpl.logRun1(DeviceImpl.java:1801)
	at com.android.ddmlib.internal.DeviceImpl.executeRemoteCommand(DeviceImpl.java:615)
	at com.android.ddmlib.internal.DeviceImpl.lambda$executeShellCommand$14(DeviceImpl.java:573)
	at com.android.ddmlib.internal.DeviceImpl.logRun1(DeviceImpl.java:1801)
	at com.android.ddmlib.internal.DeviceImpl.executeShellCommand(DeviceImpl.java:570)
	at com.android.tools.utp.plugins.deviceprovider.ddmlib.DdmlibAndroidDevice.executeShellCommand(DdmlibAndroidDevice.kt)
	at com.android.tools.utp.plugins.deviceprovider.ddmlib.DdmlibAndroidDeviceController$executeAsync$deferred$1.invokeSuspend(DdmlibAndroidDeviceController.kt:165)
	at kotlin.coroutines.jvm.internal.BaseContinuationImpl.resumeWith(ContinuationImpl.kt:34)
	at kotlinx.coroutines.DispatchedTask.run(DispatchedTask.kt:108)
	at java.base@17.0.20.1/java.util.concurrent.ThreadPoolExecutor.runWorker(ThreadPoolExecutor.java:1136)
	at java.base@17.0.20.1/java.util.concurrent.ThreadPoolExecutor$Worker.run(ThreadPoolExecutor.java:635)
	at java.base@17.0.20.1/java.lang.Thread.run(Thread.java:840)
Failed to retrieve test storage service outputs from device.
com.android.ddmlib.AdbCommandRejectedException: device offline
	at com.android.ddmlib.AdbHelper.setDevice(AdbHelper.java:967)
	at com.android.ddmlib.AdbHelper.setDevice(AdbHelper.java:986)
	at com.android.ddmlib.internal.DeviceImpl.lambda$executeRemoteCommand$18(DeviceImpl.java:785)
	at com.android.ddmlib.internal.DeviceImpl.logRun1(DeviceImpl.java:1801)
	at com.android.ddmlib.internal.DeviceImpl.executeRemoteCommand(DeviceImpl.java:755)
	at com.android.ddmlib.internal.DeviceImpl.lambda$executeRemoteCommand$15(DeviceImpl.java:618)
	at com.android.ddmlib.internal.DeviceImpl.logRun1(DeviceImpl.java:1801)
	at com.android.ddmlib.internal.DeviceImpl.executeRemoteCommand(DeviceImpl.java:615)
	at com.android.ddmlib.internal.DeviceImpl.lambda$executeShellCommand$14(DeviceImpl.java:573)
	at com.android.ddmlib.internal.DeviceImpl.logRun1(DeviceImpl.java:1801)
	at com.android.ddmlib.internal.DeviceImpl.executeShellCommand(DeviceImpl.java:570)
	at com.android.tools.utp.plugins.deviceprovider.ddmlib.DdmlibAndroidDevice.executeShellCommand(DdmlibAndroidDevice.kt)
	at com.android.tools.utp.plugins.deviceprovider.ddmlib.DdmlibAndroidDeviceController$executeAsync$deferred$1.invokeSuspend(DdmlibAndroidDeviceController.kt:165)
	at kotlin.coroutines.jvm.internal.BaseContinuationImpl.resumeWith(ContinuationImpl.kt:34)
	at kotlinx.coroutines.DispatchedTask.run(DispatchedTask.kt:108)
	at java.base@17.0.20.1/java.util.concurrent.ThreadPoolExecutor.runWorker(ThreadPoolExecutor.java:1136)
	at java.base@17.0.20.1/java.util.concurrent.ThreadPoolExecutor$Worker.run(ThreadPoolExecutor.java:635)
	at java.base@17.0.20.1/java.lang.Thread.run(Thread.java:840)
Failed to retrieve code coverage data from device.
com.android.ddmlib.AdbCommandRejectedException: device offline
	at com.android.ddmlib.AdbHelper.setDevice(AdbHelper.java:967)
	at com.android.ddmlib.AdbHelper.setDevice(AdbHelper.java:986)
	at com.android.ddmlib.internal.DeviceImpl.lambda$executeRemoteCommand$18(DeviceImpl.java:785)
	at com.android.ddmlib.internal.DeviceImpl.logRun1(DeviceImpl.java:1801)
	at com.android.ddmlib.internal.DeviceImpl.executeRemoteCommand(DeviceImpl.java:755)
	at com.android.ddmlib.internal.DeviceImpl.lambda$executeRemoteCommand$15(DeviceImpl.java:618)
	at com.android.ddmlib.internal.DeviceImpl.logRun1(DeviceImpl.java:1801)
	at com.android.ddmlib.internal.DeviceImpl.executeRemoteCommand(DeviceImpl.java:615)
	at com.android.ddmlib.internal.DeviceImpl.lambda$executeShellCommand$14(DeviceImpl.java:573)
	at com.android.ddmlib.internal.DeviceImpl.logRun1(DeviceImpl.java:1801)
	at com.android.ddmlib.internal.DeviceImpl.executeShellCommand(DeviceImpl.java:570)
	at com.android.tools.utp.plugins.deviceprovider.ddmlib.DdmlibAndroidDevice.executeShellCommand(DdmlibAndroidDevice.kt)
	at com.android.tools.utp.plugins.deviceprovider.ddmlib.DdmlibAndroidDeviceController$executeAsync$deferred$1.invokeSuspend(DdmlibAndroidDeviceController.kt:165)
	at kotlin.coroutines.jvm.internal.BaseContinuationImpl.resumeWith(ContinuationImpl.kt:34)
	at kotlinx.coroutines.DispatchedTask.run(DispatchedTask.kt:108)
	at java.base@17.0.20.1/java.util.concurrent.ThreadPoolExecutor.runWorker(ThreadPoolExecutor.java:1136)
	at java.base@17.0.20.1/java.util.concurrent.ThreadPoolExecutor$Worker.run(ThreadPoolExecutor.java:635)
	at java.base@17.0.20.1/java.lang.Thread.run(Thread.java:840)
whip_api34(AVD) - 14 Tests 1/4 completed. (0 skipped) (1 failed)
Failed to retrieve logcat for some test cases. We retrieved logcat for 0 test cases out of 1 tests.
Plugin com.android.tools.utp.plugins.host.apkinstaller.AndroidTestApkInstallerPlugin.afterAll failure: com.google.testing.platform.api.plugin.PluginException: ErrorName: PLUGIN_ERROR
NameSpace: com.google.testing.platform
ErrorCode: 2002
ErrorType: TEST
Message: Exception thrown during onAfterAll invocation of plugin AndroidTestApkInstallerPlugin: device 'emulator-5554' not found
	at com.google.testing.platform.plugin.PluginLifecycleKt.invokeOrThrow(PluginLifecycle.kt:561)
	at com.google.testing.platform.plugin.PluginLifecycleKt.invokeOrThrow$default(PluginLifecycle.kt:519)
	at com.google.testing.platform.plugin.PluginLifecycle$onAfterAll$1$1$1.invoke(PluginLifecycle.kt:388)
	at com.google.testing.platform.plugin.PluginLifecycle$onAfterAll$1$1$1.invoke(PluginLifecycle.kt:385)
	at com.google.testing.platform.lib.cancellation.ProcessCancellationContext.runWithTimeoutDuringCancellation(ProcessCancellationContext.kt:182)
	at com.google.testing.platform.plugin.PluginLifecycle$onAfterAll$1$1.invoke(PluginLifecycle.kt:385)
	at com.google.testing.platform.plugin.PluginLifecycle$onAfterAll$1$1.invoke(PluginLifecycle.kt:381)
	at com.google.testing.platform.core.telemetry.common.noop.NoopDiagnosticsScope.recordEvent(NoopDiagnosticsScope.kt:35)
	at com.google.testing.platform.core.telemetry.SequentialEventRecordRequest.record$java_com_google_testing_platform_core_telemetry_telemetry_api(EventRecordRequest.kt:71)
	at com.google.testing.platform.core.telemetry.DiagnosticsExtKt.record(DiagnosticsExt.kt:27)
	at com.google.testing.platform.core.telemetry.TelemetryKt.createEvent(Telemetry.kt:60)
	at com.google.testing.platform.plugin.PluginLifecycle.onAfterAll(PluginLifecycle.kt:378)
	at com.google.testing.platform.executor.SingleDeviceExecutor.execute(SingleDeviceExecutor.kt:190)
	at com.google.testing.platform.RunnerImpl.run(RunnerImpl.kt:132)
	at com.google.testing.platform.server.strategy.NonInteractiveServerStrategy$run$exitCode$1$2.invoke(NonInteractiveServerStrategy.kt:126)
	at com.google.testing.platform.server.strategy.NonInteractiveServerStrategy$run$exitCode$1$2.invoke(NonInteractiveServerStrategy.kt:126)
	at com.google.testing.platform.core.telemetry.common.noop.NoopDiagnosticsScope.recordEvent(NoopDiagnosticsScope.kt:35)
	at com.google.testing.platform.core.telemetry.SequentialEventRecordRequest.record$java_com_google_testing_platform_core_telemetry_telemetry_api(EventRecordRequest.kt:71)
	at com.google.testing.platform.core.telemetry.DiagnosticsExtKt.record(DiagnosticsExt.kt:27)
	at com.google.testing.platform.core.telemetry.TelemetryKt.createEvent(Telemetry.kt:60)
	at com.google.testing.platform.server.strategy.NonInteractiveServerStrategy.run(NonInteractiveServerStrategy.kt:123)
	at com.google.testing.platform.main.MainKt$main$3$1.invokeSuspend(Main.kt:80)
	at kotlin.coroutines.jvm.internal.BaseContinuationImpl.resumeWith(ContinuationImpl.kt:34)
	at kotlinx.coroutines.DispatchedTask.run(DispatchedTask.kt:108)
	at java.base/java.util.concurrent.ThreadPoolExecutor.runWorker(ThreadPoolExecutor.java:1136)
	at java.base/java.util.concurrent.ThreadPoolExecutor$Worker.run(ThreadPoolExecutor.java:635)
	at java.base/java.lang.Thread.run(Thread.java:840)
Caused by: com.android.ddmlib.AdbCommandRejectedException: device 'emulator-5554' not found
	at com.android.ddmlib.AdbHelper.setDevice(AdbHelper.java:967)
	at com.android.ddmlib.AdbHelper.setDevice(AdbHelper.java:986)
	at com.android.ddmlib.internal.DeviceImpl.lambda$executeRemoteCommand$18(DeviceImpl.java:785)
	at com.android.ddmlib.internal.DeviceImpl.logRun1(DeviceImpl.java:1801)
	at com.android.ddmlib.internal.DeviceImpl.executeRemoteCommand(DeviceImpl.java:755)
	at com.android.ddmlib.internal.DeviceImpl.lambda$executeRemoteCommand$15(DeviceImpl.java:618)
	at com.android.ddmlib.internal.DeviceImpl.logRun1(DeviceImpl.java:1801)
	at com.android.ddmlib.internal.DeviceImpl.executeRemoteCommand(DeviceImpl.java:615)
	at com.android.ddmlib.internal.DeviceImpl.lambda$executeShellCommand$14(DeviceImpl.java:573)
	at com.android.ddmlib.internal.DeviceImpl.logRun1(DeviceImpl.java:1801)
	at com.android.ddmlib.internal.DeviceImpl.executeShellCommand(DeviceImpl.java:570)
	at com.android.tools.utp.plugins.deviceprovider.ddmlib.DdmlibAndroidDevice.executeShellCommand(DdmlibAndroidDevice.kt)
	at com.android.tools.utp.plugins.deviceprovider.ddmlib.DdmlibAndroidDeviceController$executeAsync$deferred$1.invokeSuspend(DdmlibAndroidDeviceController.kt:165)
	... 5 more

Tests on whip_api34(AVD) - 14 failed: There was 1 failure(s).
Finished 1 tests on whip_api34(AVD) - 14
Execute com.whip.app.TrackInsightsJourneyE2ETest.temperatureAndFineScaleInsightsPreserveReadingsWithoutTotals: FAILED

> Task :app:connectedDebugAndroidTest FAILED
Exception thrown during onAfterAll invocation of plugin AndroidTestApkInstallerPlugin: device 'emulator-5554' not found
device 'emulator-5554' not found
com.android.ddmlib.AdbCommandRejectedException: device 'emulator-5554' not found
	at com.android.ddmlib.AdbHelper.setDevice(AdbHelper.java:967)
	at com.android.ddmlib.AdbHelper.setDevice(AdbHelper.java:986)
	at com.android.ddmlib.internal.DeviceImpl.lambda$executeRemoteCommand$18(DeviceImpl.java:785)
	at com.android.ddmlib.internal.DeviceImpl.logRun1(DeviceImpl.java:1801)
	at com.android.ddmlib.internal.DeviceImpl.executeRemoteCommand(DeviceImpl.java:755)
	at com.android.ddmlib.internal.DeviceImpl.lambda$executeRemoteCommand$15(DeviceImpl.java:618)
	at com.android.ddmlib.internal.DeviceImpl.logRun1(DeviceImpl.java:1801)
	at com.android.ddmlib.internal.DeviceImpl.executeRemoteCommand(DeviceImpl.java:615)
	at com.android.ddmlib.internal.DeviceImpl.lambda$executeShellCommand$14(DeviceImpl.java:573)
	at com.android.ddmlib.internal.DeviceImpl.logRun1(DeviceImpl.java:1801)
	at com.android.ddmlib.internal.DeviceImpl.executeShellCommand(DeviceImpl.java:570)
	at com.android.tools.utp.plugins.deviceprovider.ddmlib.DdmlibAndroidDevice.executeShellCommand(DdmlibAndroidDevice.kt)
	at com.android.tools.utp.plugins.deviceprovider.ddmlib.DdmlibAndroidDeviceController$executeAsync$deferred$1.invokeSuspend(DdmlibAndroidDeviceController.kt:165)
	at kotlin.coroutines.jvm.internal.BaseContinuationImpl.resumeWith(ContinuationImpl.kt:34)
	at kotlinx.coroutines.DispatchedTask.run(DispatchedTask.kt:108)
	at java.base/java.util.concurrent.ThreadPoolExecutor.runWorker(ThreadPoolExecutor.java:1136)
	at java.base/java.util.concurrent.ThreadPoolExecutor$Worker.run(ThreadPoolExecutor.java:635)
	at java.base/java.lang.Thread.run(Thread.java:840)

Test run failed to complete. Expected 4 tests, received 0

FAILURE: Build failed with an exception.

* What went wrong:
Execution failed for task ':app:connectedDebugAndroidTest' (registered by plugin 'com.android.internal.application').
> There were failing tests. See the report at: file:///root/repos/whip/app/build/whip-android-workers/instrumentation-results-fmniq7-worker-1/reports/index.html

* Try:
> Run with --stacktrace option to get the stack trace.
> Run with --info or --debug option to get more log output.
> Run with --scan to get full insights from a Build Scan (powered by Develocity).
> Get more help at https://help.gradle.org.

BUILD FAILED in 20s
78 actionable tasks: 1 executed, 77 up-to-date
--- /root/repos/whip/build/instrumentation-results-FmNIQ7/batch-1/expected-classes.txt	2026-09-10 17:32:53.954457460 -0400
+++ /root/repos/whip/build/instrumentation-results-FmNIQ7/batch-1/executed-classes.txt	2026-09-10 17:32:53.956341961 -0400
@@ -1,2 +1 @@
 com.whip.app.TrackInsightsJourneyE2ETest
-com.whip.app.ui.WhipSummaryBuilderTest
error: Android batch 1 executed a different class set than requested; results retained in /root/repos/whip/build/instrumentation-results-FmNIQ7
adb: device 'emulator-5554' not found
