INSTRUMENTATION_STATUS: class=com.whip.app.FiveThreeOneAuthorshipJourneyE2ETest
INSTRUMENTATION_STATUS: current=1
INSTRUMENTATION_STATUS: id=AndroidJUnitRunner
INSTRUMENTATION_STATUS: numtests=3
INSTRUMENTATION_STATUS: stream=
com.whip.app.FiveThreeOneAuthorshipJourneyE2ETest:
INSTRUMENTATION_STATUS: test=libraryCreationKeepsCustomOrderAndExerciseOwnedTrainingValues
INSTRUMENTATION_STATUS_CODE: 1
INSTRUMENTATION_STATUS: class=com.whip.app.FiveThreeOneAuthorshipJourneyE2ETest
INSTRUMENTATION_STATUS: current=1
INSTRUMENTATION_STATUS: id=AndroidJUnitRunner
INSTRUMENTATION_STATUS: numtests=3
INSTRUMENTATION_STATUS: stream=.
INSTRUMENTATION_STATUS: test=libraryCreationKeepsCustomOrderAndExerciseOwnedTrainingValues
INSTRUMENTATION_STATUS_CODE: 0
INSTRUMENTATION_STATUS: class=com.whip.app.RoutineBuilderUiTest
INSTRUMENTATION_STATUS: current=2
INSTRUMENTATION_STATUS: id=AndroidJUnitRunner
INSTRUMENTATION_STATUS: numtests=3
INSTRUMENTATION_STATUS: stream=
com.whip.app.RoutineBuilderUiTest:
INSTRUMENTATION_STATUS: test=supplementalChoiceBelongsToItsMainExerciseWhileEarlierTrainingMaxIsIncomplete
INSTRUMENTATION_STATUS_CODE: 1
INSTRUMENTATION_STATUS: class=com.whip.app.RoutineBuilderUiTest
INSTRUMENTATION_STATUS: current=2
INSTRUMENTATION_STATUS: id=AndroidJUnitRunner
INSTRUMENTATION_STATUS: numtests=3
INSTRUMENTATION_STATUS: stream=.
INSTRUMENTATION_STATUS: test=supplementalChoiceBelongsToItsMainExerciseWhileEarlierTrainingMaxIsIncomplete
INSTRUMENTATION_STATUS_CODE: 0
INSTRUMENTATION_STATUS: class=com.whip.app.RoutineBuilderUiTest
INSTRUMENTATION_STATUS: current=3
INSTRUMENTATION_STATUS: id=AndroidJUnitRunner
INSTRUMENTATION_STATUS: numtests=3
INSTRUMENTATION_STATUS: stream=
INSTRUMENTATION_STATUS: test=customFiveThreeOneBuildsBenchDeadliftAndZercherWithoutRequiringFourStandardExercises
INSTRUMENTATION_STATUS_CODE: 1
INSTRUMENTATION_STATUS: class=com.whip.app.RoutineBuilderUiTest
INSTRUMENTATION_STATUS: current=3
INSTRUMENTATION_STATUS: id=AndroidJUnitRunner
INSTRUMENTATION_STATUS: numtests=3
INSTRUMENTATION_STATUS: stream=.
INSTRUMENTATION_STATUS: test=customFiveThreeOneBuildsBenchDeadliftAndZercherWithoutRequiringFourStandardExercises
INSTRUMENTATION_STATUS_CODE: 0
INSTRUMENTATION_RESULT: stream=

Time: 87.414

OK (3 tests)


INSTRUMENTATION_CODE: -1
