INSTRUMENTATION_STATUS: class=com.whip.app.ui.ActivityActionLayoutUiTest
INSTRUMENTATION_STATUS: current=1
INSTRUMENTATION_STATUS: id=AndroidJUnitRunner
INSTRUMENTATION_STATUS: numtests=1
INSTRUMENTATION_STATUS: stream=
com.whip.app.ui.ActivityActionLayoutUiTest:
INSTRUMENTATION_STATUS: test=largeTextActivityButtonsShareSizeAndKeepFullLabels
INSTRUMENTATION_STATUS_CODE: 1
s_glBindAttribLocation: bind attrib 0 name position
s_glBindAttribLocation: bind attrib 1 name color
s_glBindAttribLocation: bind attrib 2 name localCoord
INSTRUMENTATION_STATUS: class=com.whip.app.ui.ActivityActionLayoutUiTest
INSTRUMENTATION_STATUS: current=1
INSTRUMENTATION_STATUS: id=AndroidJUnitRunner
INSTRUMENTATION_STATUS: numtests=1
INSTRUMENTATION_STATUS: stack=androidx.compose.ui.test.ComposeTimeoutException: Condition still not satisfied after 10000 ms
	at androidx.compose.ui.test.AndroidComposeUiTestEnvironment$AndroidComposeUiTestImpl.waitUntil(ComposeUiTest.android.kt:901)
	at androidx.compose.ui.test.junit4.AndroidComposeTestRule.waitUntil(AndroidComposeTestRule.android.kt:500)
	at com.whip.app.ui.ActivityActionLayoutUiTest.exerciseActionSizing(ActivityActionLayoutUiTest.kt:209)
	at com.whip.app.ui.ActivityActionLayoutUiTest.largeTextActivityButtonsShareSizeAndKeepFullLabels(ActivityActionLayoutUiTest.kt:165)

INSTRUMENTATION_STATUS: stream=
Error in largeTextActivityButtonsShareSizeAndKeepFullLabels(com.whip.app.ui.ActivityActionLayoutUiTest):
androidx.compose.ui.test.ComposeTimeoutException: Condition still not satisfied after 10000 ms
	at androidx.compose.ui.test.AndroidComposeUiTestEnvironment$AndroidComposeUiTestImpl.waitUntil(ComposeUiTest.android.kt:901)
	at androidx.compose.ui.test.junit4.AndroidComposeTestRule.waitUntil(AndroidComposeTestRule.android.kt:500)
	at com.whip.app.ui.ActivityActionLayoutUiTest.exerciseActionSizing(ActivityActionLayoutUiTest.kt:209)
	at com.whip.app.ui.ActivityActionLayoutUiTest.largeTextActivityButtonsShareSizeAndKeepFullLabels(ActivityActionLayoutUiTest.kt:165)

INSTRUMENTATION_STATUS: test=largeTextActivityButtonsShareSizeAndKeepFullLabels
INSTRUMENTATION_STATUS_CODE: -2
INSTRUMENTATION_RESULT: stream=

Time: 33.631
There was 1 failure:
1) largeTextActivityButtonsShareSizeAndKeepFullLabels(com.whip.app.ui.ActivityActionLayoutUiTest)
androidx.compose.ui.test.ComposeTimeoutException: Condition still not satisfied after 10000 ms
	at androidx.compose.ui.test.AndroidComposeUiTestEnvironment$AndroidComposeUiTestImpl.waitUntil(ComposeUiTest.android.kt:901)
	at androidx.compose.ui.test.junit4.AndroidComposeTestRule.waitUntil(AndroidComposeTestRule.android.kt:500)
	at com.whip.app.ui.ActivityActionLayoutUiTest.exerciseActionSizing(ActivityActionLayoutUiTest.kt:209)
	at com.whip.app.ui.ActivityActionLayoutUiTest.largeTextActivityButtonsShareSizeAndKeepFullLabels(ActivityActionLayoutUiTest.kt:165)

FAILURES!!!
Tests run: 1,  Failures: 1


INSTRUMENTATION_CODE: -1
