INSTRUMENTATION_STATUS: class=com.whip.app.RoutineRepositoryTest
INSTRUMENTATION_STATUS: current=1
INSTRUMENTATION_STATUS: id=AndroidJUnitRunner
INSTRUMENTATION_STATUS: numtests=1
INSTRUMENTATION_STATUS: stream=
com.whip.app.RoutineRepositoryTest:
INSTRUMENTATION_STATUS: test=filteredPhaseStartsWithCanonicalPlacementsAndOnlySurvivingGroups
INSTRUMENTATION_STATUS_CODE: 1
INSTRUMENTATION_STATUS: class=com.whip.app.RoutineRepositoryTest
INSTRUMENTATION_STATUS: current=1
INSTRUMENTATION_STATUS: id=AndroidJUnitRunner
INSTRUMENTATION_STATUS: numtests=1
INSTRUMENTATION_STATUS: stack=java.lang.AssertionError: expected:<[0]> but was:<[1]>
	at org.junit.Assert.fail(Assert.java:89)
	at org.junit.Assert.failNotEquals(Assert.java:835)
	at org.junit.Assert.assertEquals(Assert.java:120)
	at org.junit.Assert.assertEquals(Assert.java:146)
	at com.whip.app.RoutineRepositoryTest$filteredPhaseStartsWithCanonicalPlacementsAndOnlySurvivingGroups$1.invokeSuspend(RoutineRepositoryTest.kt:2836)
	at kotlin.coroutines.jvm.internal.BaseContinuationImpl.resumeWith(ContinuationImpl.kt:34)
	at kotlinx.coroutines.DispatchedTask.run(DispatchedTask.kt:99)
	at kotlinx.coroutines.EventLoopImplBase.processNextEvent(EventLoop.common.kt:263)
	at kotlinx.coroutines.BlockingCoroutine.joinBlocking(Builders.kt:95)
	at kotlinx.coroutines.BuildersKt__BuildersKt.runBlocking(Builders.kt:69)
	at kotlinx.coroutines.BuildersKt.runBlocking(Unknown Source:1)
	at kotlinx.coroutines.BuildersKt__BuildersKt.runBlocking$default(Builders.kt:47)
	at kotlinx.coroutines.BuildersKt.runBlocking$default(Unknown Source:1)
	at com.whip.app.RoutineRepositoryTest.filteredPhaseStartsWithCanonicalPlacementsAndOnlySurvivingGroups(RoutineRepositoryTest.kt:2805)

INSTRUMENTATION_STATUS: stream=
Error in filteredPhaseStartsWithCanonicalPlacementsAndOnlySurvivingGroups(com.whip.app.RoutineRepositoryTest):
java.lang.AssertionError: expected:<[0]> but was:<[1]>
	at org.junit.Assert.fail(Assert.java:89)
	at org.junit.Assert.failNotEquals(Assert.java:835)
	at org.junit.Assert.assertEquals(Assert.java:120)
	at org.junit.Assert.assertEquals(Assert.java:146)
	at com.whip.app.RoutineRepositoryTest$filteredPhaseStartsWithCanonicalPlacementsAndOnlySurvivingGroups$1.invokeSuspend(RoutineRepositoryTest.kt:2836)
	at kotlin.coroutines.jvm.internal.BaseContinuationImpl.resumeWith(ContinuationImpl.kt:34)
	at kotlinx.coroutines.DispatchedTask.run(DispatchedTask.kt:99)
	at kotlinx.coroutines.EventLoopImplBase.processNextEvent(EventLoop.common.kt:263)
	at kotlinx.coroutines.BlockingCoroutine.joinBlocking(Builders.kt:95)
	at kotlinx.coroutines.BuildersKt__BuildersKt.runBlocking(Builders.kt:69)
	at kotlinx.coroutines.BuildersKt.runBlocking(Unknown Source:1)
	at kotlinx.coroutines.BuildersKt__BuildersKt.runBlocking$default(Builders.kt:47)
	at kotlinx.coroutines.BuildersKt.runBlocking$default(Unknown Source:1)
	at com.whip.app.RoutineRepositoryTest.filteredPhaseStartsWithCanonicalPlacementsAndOnlySurvivingGroups(RoutineRepositoryTest.kt:2805)

INSTRUMENTATION_STATUS: test=filteredPhaseStartsWithCanonicalPlacementsAndOnlySurvivingGroups
INSTRUMENTATION_STATUS_CODE: -2
INSTRUMENTATION_RESULT: stream=

Time: 0.164
There was 1 failure:
1) filteredPhaseStartsWithCanonicalPlacementsAndOnlySurvivingGroups(com.whip.app.RoutineRepositoryTest)
java.lang.AssertionError: expected:<[0]> but was:<[1]>
	at org.junit.Assert.fail(Assert.java:89)
	at org.junit.Assert.failNotEquals(Assert.java:835)
	at org.junit.Assert.assertEquals(Assert.java:120)
	at org.junit.Assert.assertEquals(Assert.java:146)
	at com.whip.app.RoutineRepositoryTest$filteredPhaseStartsWithCanonicalPlacementsAndOnlySurvivingGroups$1.invokeSuspend(RoutineRepositoryTest.kt:2836)
	at kotlin.coroutines.jvm.internal.BaseContinuationImpl.resumeWith(ContinuationImpl.kt:34)
	at kotlinx.coroutines.DispatchedTask.run(DispatchedTask.kt:99)
	at kotlinx.coroutines.EventLoopImplBase.processNextEvent(EventLoop.common.kt:263)
	at kotlinx.coroutines.BlockingCoroutine.joinBlocking(Builders.kt:95)
	at kotlinx.coroutines.BuildersKt__BuildersKt.runBlocking(Builders.kt:69)
	at kotlinx.coroutines.BuildersKt.runBlocking(Unknown Source:1)
	at kotlinx.coroutines.BuildersKt__BuildersKt.runBlocking$default(Builders.kt:47)
	at kotlinx.coroutines.BuildersKt.runBlocking$default(Unknown Source:1)
	at com.whip.app.RoutineRepositoryTest.filteredPhaseStartsWithCanonicalPlacementsAndOnlySurvivingGroups(RoutineRepositoryTest.kt:2805)

FAILURES!!!
Tests run: 1,  Failures: 1


INSTRUMENTATION_CODE: -1
