INSTRUMENTATION_STATUS: numtests=4
INSTRUMENTATION_STATUS: stream=
com.whip.app.TrackHistoryControlsJourneyE2ETest:
INSTRUMENTATION_STATUS: id=AndroidJUnitRunner
INSTRUMENTATION_STATUS: test=removingSelectedSortFieldKeepsHistoryUsable
INSTRUMENTATION_STATUS: class=com.whip.app.TrackHistoryControlsJourneyE2ETest
INSTRUMENTATION_STATUS: current=1
INSTRUMENTATION_STATUS_CODE: 1
INSTRUMENTATION_STATUS: numtests=4
INSTRUMENTATION_STATUS: stream=.
INSTRUMENTATION_STATUS: id=AndroidJUnitRunner
INSTRUMENTATION_STATUS: test=removingSelectedSortFieldKeepsHistoryUsable
INSTRUMENTATION_STATUS: class=com.whip.app.TrackHistoryControlsJourneyE2ETest
INSTRUMENTATION_STATUS: current=1
INSTRUMENTATION_STATUS_CODE: 0
INSTRUMENTATION_STATUS: numtests=4
INSTRUMENTATION_STATUS: stream=
INSTRUMENTATION_STATUS: id=AndroidJUnitRunner
INSTRUMENTATION_STATUS: test=pagedHistoryCanCombineAndRecoverFiltersAtLargeText
INSTRUMENTATION_STATUS: class=com.whip.app.TrackHistoryControlsJourneyE2ETest
INSTRUMENTATION_STATUS: current=2
INSTRUMENTATION_STATUS_CODE: 1
INSTRUMENTATION_STATUS: numtests=4
INSTRUMENTATION_STATUS: stream=
Error in pagedHistoryCanCombineAndRecoverFiltersAtLargeText(com.whip.app.TrackHistoryControlsJourneyE2ETest):
java.lang.AssertionError: Action performScrollTo() failed.
Reason: Expected exactly '1' node but could not find any node that satisfies: (Text + InputText + EditableText contains 'Match Any' (ignoreCase: false))

	at androidx.compose.ui.test.SemanticsNodeInteraction.fetchOneOrThrow(SemanticsNodeInteraction.kt:178)
	at androidx.compose.ui.test.SemanticsNodeInteraction.fetchOneOrThrow$default(SemanticsNodeInteraction.kt:150)
	at androidx.compose.ui.test.SemanticsNodeInteraction.fetchSemanticsNode(SemanticsNodeInteraction.kt:84)
	at androidx.compose.ui.test.ActionsKt.performScrollTo(Actions.kt:82)
	at com.whip.app.TrackHistoryControlsJourneyE2ETest.filters(TrackHistoryControlsJourneyE2ETest.kt:82)
	at com.whip.app.TrackHistoryControlsJourneyE2ETest.pagedHistoryCanCombineAndRecoverFiltersAtLargeText(TrackHistoryControlsJourneyE2ETest.kt:34)

INSTRUMENTATION_STATUS: id=AndroidJUnitRunner
INSTRUMENTATION_STATUS: test=pagedHistoryCanCombineAndRecoverFiltersAtLargeText
INSTRUMENTATION_STATUS: class=com.whip.app.TrackHistoryControlsJourneyE2ETest
INSTRUMENTATION_STATUS: stack=java.lang.AssertionError: Action performScrollTo() failed.
Reason: Expected exactly '1' node but could not find any node that satisfies: (Text + InputText + EditableText contains 'Match Any' (ignoreCase: false))

	at androidx.compose.ui.test.SemanticsNodeInteraction.fetchOneOrThrow(SemanticsNodeInteraction.kt:178)
	at androidx.compose.ui.test.SemanticsNodeInteraction.fetchOneOrThrow$default(SemanticsNodeInteraction.kt:150)
	at androidx.compose.ui.test.SemanticsNodeInteraction.fetchSemanticsNode(SemanticsNodeInteraction.kt:84)
	at androidx.compose.ui.test.ActionsKt.performScrollTo(Actions.kt:82)
	at com.whip.app.TrackHistoryControlsJourneyE2ETest.filters(TrackHistoryControlsJourneyE2ETest.kt:82)
	at com.whip.app.TrackHistoryControlsJourneyE2ETest.pagedHistoryCanCombineAndRecoverFiltersAtLargeText(TrackHistoryControlsJourneyE2ETest.kt:34)

INSTRUMENTATION_STATUS: current=2
INSTRUMENTATION_STATUS_CODE: -2
INSTRUMENTATION_STATUS: numtests=4
INSTRUMENTATION_STATUS: stream=
INSTRUMENTATION_STATUS: id=AndroidJUnitRunner
INSTRUMENTATION_STATUS: test=removingSelectedSortFieldKeepsHistoryUsableAtLargeText
INSTRUMENTATION_STATUS: class=com.whip.app.TrackHistoryControlsJourneyE2ETest
INSTRUMENTATION_STATUS: current=3
INSTRUMENTATION_STATUS_CODE: 1
INSTRUMENTATION_STATUS: numtests=4
INSTRUMENTATION_STATUS: stream=.
INSTRUMENTATION_STATUS: id=AndroidJUnitRunner
INSTRUMENTATION_STATUS: test=removingSelectedSortFieldKeepsHistoryUsableAtLargeText
INSTRUMENTATION_STATUS: class=com.whip.app.TrackHistoryControlsJourneyE2ETest
INSTRUMENTATION_STATUS: current=3
INSTRUMENTATION_STATUS_CODE: 0
INSTRUMENTATION_STATUS: numtests=4
INSTRUMENTATION_STATUS: stream=
INSTRUMENTATION_STATUS: id=AndroidJUnitRunner
INSTRUMENTATION_STATUS: test=pagedHistoryCanCombineAndRecoverFilters
INSTRUMENTATION_STATUS: class=com.whip.app.TrackHistoryControlsJourneyE2ETest
INSTRUMENTATION_STATUS: current=4
INSTRUMENTATION_STATUS_CODE: 1
INSTRUMENTATION_STATUS: numtests=4
INSTRUMENTATION_STATUS: stream=.
INSTRUMENTATION_STATUS: id=AndroidJUnitRunner
INSTRUMENTATION_STATUS: test=pagedHistoryCanCombineAndRecoverFilters
INSTRUMENTATION_STATUS: class=com.whip.app.TrackHistoryControlsJourneyE2ETest
INSTRUMENTATION_STATUS: current=4
INSTRUMENTATION_STATUS_CODE: 0
INSTRUMENTATION_RESULT: stream=

Time: 55.627
There was 1 failure:
1) pagedHistoryCanCombineAndRecoverFiltersAtLargeText(com.whip.app.TrackHistoryControlsJourneyE2ETest)
java.lang.AssertionError: Action performScrollTo() failed.
Reason: Expected exactly '1' node but could not find any node that satisfies: (Text + InputText + EditableText contains 'Match Any' (ignoreCase: false))

	at androidx.compose.ui.test.SemanticsNodeInteraction.fetchOneOrThrow(SemanticsNodeInteraction.kt:178)
	at androidx.compose.ui.test.SemanticsNodeInteraction.fetchOneOrThrow$default(SemanticsNodeInteraction.kt:150)
	at androidx.compose.ui.test.SemanticsNodeInteraction.fetchSemanticsNode(SemanticsNodeInteraction.kt:84)
	at androidx.compose.ui.test.ActionsKt.performScrollTo(Actions.kt:82)
	at com.whip.app.TrackHistoryControlsJourneyE2ETest.filters(TrackHistoryControlsJourneyE2ETest.kt:82)
	at com.whip.app.TrackHistoryControlsJourneyE2ETest.pagedHistoryCanCombineAndRecoverFiltersAtLargeText(TrackHistoryControlsJourneyE2ETest.kt:34)

FAILURES!!!
Tests run: 4,  Failures: 1


INSTRUMENTATION_CODE: -1
