INSTRUMENTATION_STATUS: class=com.whip.app.TrackHistoryControlsJourneyE2ETest
INSTRUMENTATION_STATUS: current=1
INSTRUMENTATION_STATUS: id=AndroidJUnitRunner
INSTRUMENTATION_STATUS: numtests=2
INSTRUMENTATION_STATUS: stream=
com.whip.app.TrackHistoryControlsJourneyE2ETest:
INSTRUMENTATION_STATUS: test=removingSelectedSortFieldKeepsHistoryUsable
INSTRUMENTATION_STATUS_CODE: 1
INSTRUMENTATION_STATUS: class=com.whip.app.TrackHistoryControlsJourneyE2ETest
INSTRUMENTATION_STATUS: current=1
INSTRUMENTATION_STATUS: id=AndroidJUnitRunner
INSTRUMENTATION_STATUS: numtests=2
INSTRUMENTATION_STATUS: stream=.
INSTRUMENTATION_STATUS: test=removingSelectedSortFieldKeepsHistoryUsable
INSTRUMENTATION_STATUS_CODE: 0
INSTRUMENTATION_STATUS: class=com.whip.app.TrackHistoryControlsJourneyE2ETest
INSTRUMENTATION_STATUS: current=2
INSTRUMENTATION_STATUS: id=AndroidJUnitRunner
INSTRUMENTATION_STATUS: numtests=2
INSTRUMENTATION_STATUS: stream=
INSTRUMENTATION_STATUS: test=pagedHistoryCanCombineAndRecoverFilters
INSTRUMENTATION_STATUS_CODE: 1
INSTRUMENTATION_STATUS: class=com.whip.app.TrackHistoryControlsJourneyE2ETest
INSTRUMENTATION_STATUS: current=2
INSTRUMENTATION_STATUS: id=AndroidJUnitRunner
INSTRUMENTATION_STATUS: numtests=2
INSTRUMENTATION_STATUS: stream=.
INSTRUMENTATION_STATUS: test=pagedHistoryCanCombineAndRecoverFilters
INSTRUMENTATION_STATUS_CODE: 0
INSTRUMENTATION_RESULT: stream=

Time: 57.529

OK (2 tests)


INSTRUMENTATION_CODE: -1
