Reusing configuration cache.
> Task :app:preBuild UP-TO-DATE
> Task :app:preDebugBuild UP-TO-DATE
> Task :app:preDebugAndroidTestBuild SKIPPED
> Task :app:generateDebugResValues UP-TO-DATE
> Task :app:generateDebugBuildConfig UP-TO-DATE
> Task :app:javaPreCompileDebug UP-TO-DATE
> Task :app:generateDebugResources UP-TO-DATE
> Task :app:processDebugAndroidTestNavigationResources UP-TO-DATE
> Task :app:generateDebugAndroidTestResValues UP-TO-DATE
> Task :app:packageDebugResources UP-TO-DATE
> Task :app:generateDebugAndroidTestResources UP-TO-DATE
> Task :app:extractDeepLinksDebug UP-TO-DATE
> Task :app:createDebugCompatibleScreenManifests UP-TO-DATE
> Task :app:mapDebugSourceSetPaths UP-TO-DATE
> Task :app:packageDebugAndroidTestResources UP-TO-DATE
> Task :app:processDebugNavigationResources UP-TO-DATE
> Task :app:parseDebugAndroidTestLocalResources UP-TO-DATE
> Task :app:parseDebugLocalResources UP-TO-DATE
> Task :app:compileDebugNavigationResources UP-TO-DATE
> Task :app:mergeDebugResources UP-TO-DATE
> Task :app:checkDebugAarMetadata UP-TO-DATE
> Task :app:generateDebugRFile UP-TO-DATE
> Task :app:generateDebugAndroidTestRFile UP-TO-DATE
> Task :app:processDebugMainManifest UP-TO-DATE
> Task :app:mergeDebugAndroidTestManifest UP-TO-DATE
> Task :app:processDebugAndroidTestManifest UP-TO-DATE
> Task :app:processDebugManifest UP-TO-DATE
> Task :app:generateDebugAndroidTestBuildConfig UP-TO-DATE
> Task :app:processDebugManifestForPackage UP-TO-DATE
> Task :app:kspDebugKotlin UP-TO-DATE
> Task :app:compileDebugKotlin UP-TO-DATE
> Task :app:processDebugResources UP-TO-DATE
> Task :app:compileDebugJavaWithJavac UP-TO-DATE
> Task :app:bundleDebugClassesToCompileJar UP-TO-DATE
> Task :app:kspDebugAndroidTestKotlin SKIPPED
> Task :app:copyRoomSchemas NO-SOURCE
> Task :app:compileDebugAndroidTestKotlin

BUILD SUCCESSFUL in 1s
32 actionable tasks: 1 executed, 31 up-to-date
Configuration cache entry reused.
Targeted Android run 1/1.
Reusing configuration cache.
> Task :app:generateDebugAndroidTestAssets UP-TO-DATE
> Task :app:generateDebugAssets UP-TO-DATE
> Task :app:preBuild UP-TO-DATE
> Task :app:preDebugBuild UP-TO-DATE
> Task :app:copyRoomSchemasToAndroidTestAssetsDebugAndroidTest UP-TO-DATE
> Task :app:mergeDebugNativeDebugMetadata NO-SOURCE
> Task :app:generateDebugResValues UP-TO-DATE
> Task :app:createDebugCompatibleScreenManifests UP-TO-DATE
> Task :app:generateDebugJacocoPropertiesFile UP-TO-DATE
> Task :app:generateDebugGlobalSynthetics UP-TO-DATE
> Task :app:javaPreCompileDebug UP-TO-DATE
> Task :app:generateDebugBuildConfig UP-TO-DATE
> Task :app:preDebugAndroidTestBuild SKIPPED
> Task :app:generateDebugResources UP-TO-DATE
> Task :app:extractDeepLinksDebug UP-TO-DATE
> Task :app:writeDebugAppMetadata UP-TO-DATE
> Task :app:writeDebugSigningConfigVersions UP-TO-DATE
> Task :app:generateDebugAndroidTestResValues UP-TO-DATE
> Task :app:validateSigningDebug UP-TO-DATE
> Task :app:javaPreCompileDebugAndroidTest UP-TO-DATE
> Task :app:processDebugAndroidTestNavigationResources UP-TO-DATE
> Task :app:packageDebugResources UP-TO-DATE
> Task :app:mapDebugSourceSetPaths UP-TO-DATE
> Task :app:generateDebugAndroidTestResources UP-TO-DATE
> Task :app:mergeDebugJniLibFolders UP-TO-DATE
> Task :app:desugarDebugAndroidTestFileDependencies UP-TO-DATE
> Task :app:desugarDebugFileDependencies UP-TO-DATE
> Task :app:checkDebugDuplicateClasses UP-TO-DATE
> Task :app:mergeDebugAssets UP-TO-DATE
> Task :app:processDebugNavigationResources UP-TO-DATE
> Task :app:generateDebugAndroidTestGlobalSynthetics UP-TO-DATE
> Task :app:checkDebugAarMetadata UP-TO-DATE
> Task :app:compileDebugNavigationResources UP-TO-DATE
> Task :app:writeDebugAndroidTestSigningConfigVersions UP-TO-DATE
> Task :app:parseDebugLocalResources UP-TO-DATE
> Task :app:compressDebugAssets UP-TO-DATE
> Task :app:mergeLibDexDebug UP-TO-DATE
> Task :app:mergeDebugAndroidTestAssets UP-TO-DATE
> Task :app:mergeDebugAndroidTestJniLibFolders UP-TO-DATE
> Task :app:generateDebugRFile UP-TO-DATE
> Task :app:checkDebugAndroidTestDuplicateClasses UP-TO-DATE
> Task :app:validateSigningDebugAndroidTest UP-TO-DATE
> Task :app:mapDebugAndroidTestSourceSetPaths UP-TO-DATE
> Task :app:packageDebugAndroidTestResources UP-TO-DATE
> Task :app:checkDebugAndroidTestAarMetadata UP-TO-DATE
> Task :app:mergeLibDexDebugAndroidTest UP-TO-DATE
> Task :app:compileDebugAndroidTestNavigationResources UP-TO-DATE
> Task :app:compressDebugAndroidTestAssets UP-TO-DATE
> Task :app:parseDebugAndroidTestLocalResources UP-TO-DATE
> Task :app:mergeDebugResources UP-TO-DATE
> Task :app:mergeDebugAndroidTestResources UP-TO-DATE
> Task :app:mergeDebugNativeLibs UP-TO-DATE
> Task :app:generateDebugAndroidTestRFile UP-TO-DATE
> Task :app:stripDebugDebugSymbols UP-TO-DATE
> Task :app:kspDebugKotlin UP-TO-DATE
> Task :app:mergeDebugAndroidTestManifest UP-TO-DATE
> Task :app:processDebugMainManifest UP-TO-DATE
> Task :app:mergeDebugAndroidTestNativeLibs NO-SOURCE
> Task :app:processDebugManifest UP-TO-DATE
> Task :app:stripDebugAndroidTestDebugSymbols NO-SOURCE
> Task :app:processDebugAndroidTestManifest UP-TO-DATE
> Task :app:processDebugManifestForPackage UP-TO-DATE
> Task :app:mergeExtDexDebug UP-TO-DATE
> Task :app:generateDebugAndroidTestBuildConfig UP-TO-DATE
> Task :app:mergeExtDexDebugAndroidTest UP-TO-DATE
> Task :app:compileDebugKotlin UP-TO-DATE
> Task :app:processDebugResources UP-TO-DATE
> Task :app:processDebugJavaRes UP-TO-DATE
> Task :app:compileDebugJavaWithJavac UP-TO-DATE
> Task :app:processDebugAndroidTestResources UP-TO-DATE
> Task :app:bundleDebugClassesToCompileJar UP-TO-DATE
> Task :app:jacocoDebug UP-TO-DATE
> Task :app:kspDebugAndroidTestKotlin SKIPPED
> Task :app:dexBuilderDebug UP-TO-DATE
> Task :app:mergeDebugJavaResource UP-TO-DATE
> Task :app:mergeProjectDexDebug UP-TO-DATE
> Task :app:packageDebug UP-TO-DATE
> Task :app:assembleDebug UP-TO-DATE
> Task :app:createDebugApkListingFileRedirect UP-TO-DATE
> Task :app:compileDebugAndroidTestKotlin UP-TO-DATE
> Task :app:processDebugAndroidTestJavaRes UP-TO-DATE
> Task :app:mergeDebugAndroidTestJavaResource UP-TO-DATE
> Task :app:compileDebugAndroidTestJavaWithJavac UP-TO-DATE
> Task :app:copyRoomSchemas NO-SOURCE
> Task :app:dexBuilderDebugAndroidTest
> Task :app:mergeProjectDexDebugAndroidTest
> Task :app:packageDebugAndroidTest
> Task :app:assembleDebugAndroidTest
> Task :app:createDebugAndroidTestApkListingFileRedirect UP-TO-DATE

BUILD SUCCESSFUL in 1s
77 actionable tasks: 3 executed, 74 up-to-date
Configuration cache entry reused.
Android batch 1/1 (ordinary, 1 selector(s)).
> Task :app:preBuild UP-TO-DATE
> Task :app:preDebugBuild UP-TO-DATE
> Task :app:generateDebugBuildConfig UP-TO-DATE
> Task :app:generateDebugResValues UP-TO-DATE
> Task :app:generateDebugResources UP-TO-DATE
> Task :app:packageDebugResources UP-TO-DATE
> Task :app:processDebugNavigationResources UP-TO-DATE
> Task :app:parseDebugLocalResources UP-TO-DATE
> Task :app:generateDebugRFile UP-TO-DATE
> Task :app:kspDebugKotlin UP-TO-DATE
> Task :app:compileDebugKotlin UP-TO-DATE
> Task :app:javaPreCompileDebug UP-TO-DATE
> Task :app:compileDebugJavaWithJavac UP-TO-DATE
> Task :app:checkDebugAarMetadata UP-TO-DATE
> Task :app:mapDebugSourceSetPaths UP-TO-DATE
> Task :app:compileDebugNavigationResources UP-TO-DATE
> Task :app:mergeDebugResources UP-TO-DATE
> Task :app:createDebugCompatibleScreenManifests UP-TO-DATE
> Task :app:extractDeepLinksDebug UP-TO-DATE
> Task :app:processDebugMainManifest UP-TO-DATE
> Task :app:processDebugManifest UP-TO-DATE
> Task :app:processDebugManifestForPackage UP-TO-DATE
> Task :app:processDebugResources UP-TO-DATE
> Task :app:bundleDebugClassesToCompileJar UP-TO-DATE
> Task :app:preDebugAndroidTestBuild SKIPPED
> Task :app:mergeDebugAndroidTestManifest UP-TO-DATE
> Task :app:processDebugAndroidTestManifest UP-TO-DATE
> Task :app:generateDebugAndroidTestBuildConfig UP-TO-DATE
> Task :app:generateDebugAndroidTestResValues UP-TO-DATE
> Task :app:generateDebugAndroidTestResources UP-TO-DATE
> Task :app:packageDebugAndroidTestResources UP-TO-DATE
> Task :app:processDebugAndroidTestNavigationResources UP-TO-DATE
> Task :app:parseDebugAndroidTestLocalResources UP-TO-DATE
> Task :app:generateDebugAndroidTestRFile UP-TO-DATE
> Task :app:kspDebugAndroidTestKotlin SKIPPED
> Task :app:compileDebugAndroidTestKotlin UP-TO-DATE
> Task :app:javaPreCompileDebugAndroidTest UP-TO-DATE
> Task :app:compileDebugAndroidTestJavaWithJavac UP-TO-DATE
> Task :app:copyRoomSchemas NO-SOURCE
> Task :app:generateDebugAssets UP-TO-DATE
> Task :app:mergeDebugAssets UP-TO-DATE
> Task :app:compressDebugAssets UP-TO-DATE
> Task :app:generateDebugGlobalSynthetics UP-TO-DATE
> Task :app:generateDebugJacocoPropertiesFile UP-TO-DATE
> Task :app:processDebugJavaRes UP-TO-DATE
> Task :app:mergeDebugJavaResource UP-TO-DATE
> Task :app:checkDebugDuplicateClasses UP-TO-DATE
> Task :app:desugarDebugFileDependencies UP-TO-DATE
> Task :app:mergeExtDexDebug UP-TO-DATE
> Task :app:mergeLibDexDebug UP-TO-DATE
> Task :app:jacocoDebug UP-TO-DATE
> Task :app:dexBuilderDebug UP-TO-DATE
> Task :app:mergeProjectDexDebug UP-TO-DATE
> Task :app:mergeDebugJniLibFolders UP-TO-DATE
> Task :app:mergeDebugNativeLibs UP-TO-DATE
> Task :app:stripDebugDebugSymbols UP-TO-DATE
> Task :app:validateSigningDebug UP-TO-DATE
> Task :app:writeDebugAppMetadata UP-TO-DATE
> Task :app:writeDebugSigningConfigVersions UP-TO-DATE
> Task :app:packageDebug UP-TO-DATE
> Task :app:createDebugApkListingFileRedirect UP-TO-DATE
> Task :app:copyRoomSchemasToAndroidTestAssetsDebugAndroidTest UP-TO-DATE
> Task :app:generateDebugAndroidTestAssets UP-TO-DATE
> Task :app:mergeDebugAndroidTestAssets UP-TO-DATE
> Task :app:compressDebugAndroidTestAssets UP-TO-DATE
> Task :app:generateDebugAndroidTestGlobalSynthetics UP-TO-DATE
> Task :app:processDebugAndroidTestJavaRes UP-TO-DATE
> Task :app:mergeDebugAndroidTestJavaResource UP-TO-DATE
> Task :app:checkDebugAndroidTestDuplicateClasses UP-TO-DATE
> Task :app:desugarDebugAndroidTestFileDependencies UP-TO-DATE
> Task :app:mergeExtDexDebugAndroidTest UP-TO-DATE
> Task :app:mergeLibDexDebugAndroidTest UP-TO-DATE
> Task :app:checkDebugAndroidTestAarMetadata UP-TO-DATE
> Task :app:mapDebugAndroidTestSourceSetPaths UP-TO-DATE
> Task :app:compileDebugAndroidTestNavigationResources UP-TO-DATE
> Task :app:mergeDebugAndroidTestResources UP-TO-DATE
> Task :app:processDebugAndroidTestResources UP-TO-DATE
> Task :app:dexBuilderDebugAndroidTest UP-TO-DATE
> Task :app:mergeProjectDexDebugAndroidTest UP-TO-DATE
> Task :app:mergeDebugAndroidTestJniLibFolders UP-TO-DATE
> Task :app:mergeDebugAndroidTestNativeLibs NO-SOURCE
> Task :app:stripDebugAndroidTestDebugSymbols NO-SOURCE
> Task :app:validateSigningDebugAndroidTest UP-TO-DATE
> Task :app:writeDebugAndroidTestSigningConfigVersions UP-TO-DATE
> Task :app:packageDebugAndroidTest UP-TO-DATE
> Task :app:createDebugAndroidTestApkListingFileRedirect UP-TO-DATE
Starting 4 tests on whip_api34(AVD) - 14
whip_api34(AVD) - 14 Tests 0/4 completed. (0 skipped) (0 failed)
> Task :app:connectedDebugAndroidTest


com.whip.app.TrackHistoryControlsJourneyE2ETest > removingSelectedSortFieldKeepsHistoryUsable[whip_api34(AVD) - 14] [31mFAILED [0m
	java.util.NoSuchElementException: Collection contains no element matching the predicate.
	at com.whip.app.ui.TrackScreensKt.TrackEntriesPage(TrackScreens.kt:5272)
whip_api34(AVD) - 14 Tests 1/4 completed. (0 skipped) (1 failed)

com.whip.app.TrackHistoryControlsJourneyE2ETest > pagedHistoryCanCombineAndRecoverFiltersAtLargeText[whip_api34(AVD) - 14] [31mFAILED [0m
	java.lang.AssertionError: Semantic Node has no parent layout with a Scroll SemanticsAction
	at androidx.compose.ui.test.ActionsKt.scrollToNode(Actions.kt:98)
whip_api34(AVD) - 14 Tests 2/4 completed. (0 skipped) (2 failed)

com.whip.app.TrackHistoryControlsJourneyE2ETest > removingSelectedSortFieldKeepsHistoryUsableAtLargeText[whip_api34(AVD) - 14] [31mFAILED [0m
	java.util.NoSuchElementException: Collection contains no element matching the predicate.
	at com.whip.app.ui.TrackScreensKt.TrackEntriesPage(TrackScreens.kt:5272)
whip_api34(AVD) - 14 Tests 3/4 completed. (0 skipped) (3 failed)

com.whip.app.TrackHistoryControlsJourneyE2ETest > pagedHistoryCanCombineAndRecoverFilters[whip_api34(AVD) - 14] [31mFAILED [0m
	java.lang.AssertionError: Semantic Node has no parent layout with a Scroll SemanticsAction
	at androidx.compose.ui.test.ActionsKt.scrollToNode(Actions.kt:98)
whip_api34(AVD) - 14 Tests 4/4 completed. (0 skipped) (4 failed)
Tests on whip_api34(AVD) - 14 failed: There was 4 failure(s).
Finished 4 tests on whip_api34(AVD) - 14
Execute com.whip.app.TrackHistoryControlsJourneyE2ETest.removingSelectedSortFieldKeepsHistoryUsable: FAILED
java.util.NoSuchElementException: java.util.NoSuchElementException: Collection contains no element matching the predicate.
at com.whip.app.ui.TrackScreensKt.TrackEntriesPage(TrackScreens.kt:5272)
at com.whip.app.ui.TrackScreensKt.TrackDetailPage$lambda$1(TrackScreens.kt:1774)
at com.whip.app.ui.TrackScreensKt$$ExternalSyntheticLambda189.invoke(D8$$SyntheticClass:0)
at androidx.compose.runtime.internal.ComposableLambdaImpl.invoke(ComposableLambda.kt:131)
at androidx.compose.runtime.internal.ComposableLambdaImpl.invoke$lambda$0(ComposableLambda.kt:133)
at androidx.compose.runtime.internal.ComposableLambdaImpl$$ExternalSyntheticLambda9.invoke(D8$$SyntheticClass:0)
at androidx.compose.runtime.RecomposeScopeImpl.compose(RecomposeScopeImpl.kt:204)
at androidx.compose.runtime.GapComposer.recomposeToGroupEnd(GapComposer.kt:1678)
at androidx.compose.runtime.GapComposer.skipCurrentGroup(GapComposer.kt:2014)
at androidx.compose.runtime.GapComposer.doCompose-aFTiNEg(GapComposer.kt:2655)
at androidx.compose.runtime.GapComposer.recompose-aFTiNEg$runtime(GapComposer.kt:2577)
at androidx.compose.runtime.CompositionImpl.recompose(Composition.kt:1184)
at androidx.compose.runtime.Recomposer.performRecompose(Recomposer.kt:1318)
at androidx.compose.runtime.Recomposer.access$performRecompose(Recomposer.kt:191)
at androidx.compose.runtime.Recomposer$runRecomposeAndApplyChanges$2.invokeSuspend$lambda$2(Recomposer.kt:655)
at androidx.compose.runtime.Recomposer$runRecomposeAndApplyChanges$2$$ExternalSyntheticLambda1.invoke(D8$$SyntheticClass:0)
at androidx.compose.ui.test.TestMonotonicFrameClock$withFrameNanos$2$1$1.invoke(TestMonotonicFrameClock.jvmAndAndroid.kt:108)
at androidx.compose.ui.test.TestMonotonicFrameClock$withFrameNanos$2$1$1.invoke(TestMonotonicFrameClock.jvmAndAndroid.kt:108)
at androidx.compose.ui.test.TestMonotonicFrameClock.performFrame$lambda$0(TestMonotonicFrameClock.jvmAndAndroid.kt:153)
at androidx.compose.ui.test.TestMonotonicFrameClock$$ExternalSyntheticLambda1.invoke(D8$$SyntheticClass:0)
at androidx.compose.ui.test.FrameDeferringContinuationInterceptor.runWithoutResumingCoroutines(FrameDeferringContinuationInterceptor.jvmAndAndroid.kt:59)
at androidx.compose.ui.test.TestMonotonicFrameClock.performFrame(TestMonotonicFrameClock.jvmAndAndroid.kt:135)
at androidx.compose.ui.test.TestMonotonicFrameClock.access$performFrame(TestMonotonicFrameClock.jvmAndAndroid.kt:57)
at androidx.compose.ui.test.TestMonotonicFrameClock$withFrameNanos$2$1$2.invokeSuspend(TestMonotonicFrameClock.jvmAndAndroid.kt:113)
at kotlin.coroutines.jvm.internal.BaseContinuationImpl.resumeWith(ContinuationImpl.kt:34)
at kotlinx.coroutines.DispatchedTaskKt.resume(DispatchedTask.kt:221)
at kotlinx.coroutines.DispatchedTaskKt.dispatch(DispatchedTask.kt:154)
at kotlinx.coroutines.CancellableContinuationImpl.dispatchResume(CancellableContinuationImpl.kt:470)
at kotlinx.coroutines.CancellableContinuationImpl.resumeImpl$kotlinx_coroutines_core(CancellableContinuationImpl.kt:504)
at kotlinx.coroutines.CancellableContinuationImpl.resumeImpl$kotlinx_coroutines_core$default(CancellableContinuationImpl.kt:493)
at kotlinx.coroutines.CancellableContinuationImpl.resumeUndispatched(CancellableContinuationImpl.kt:596)
at kotlinx.coroutines.test.CancellableContinuationRunnable.run(TestDispatcher.kt:60)
at kotlinx.coroutines.test.TestDispatcher.processEvent$kotlinx_coroutines_test(TestDispatcher.kt:24)
at kotlinx.coroutines.test.TestCoroutineScheduler.runCurrent(TestCoroutineScheduler.kt:132)
at androidx.compose.ui.test.AbstractMainTestClock.advanceScheduler$lambda$0(AbstractMainTestClock.kt:105)
at androidx.compose.ui.test.AbstractMainTestClock$$ExternalSyntheticLambda0.invoke(D8$$SyntheticClass:0)
at androidx.compose.ui.test.AndroidSynchronization_androidKt.runOnUiThread(AndroidSynchronization.android.kt:35)
at androidx.compose.ui.test.MainTestClockImpl$1.invoke(MainTestClockImpl.android.kt:32)
at androidx.compose.ui.test.MainTestClockImpl$1.invoke(MainTestClockImpl.android.kt:32)
at androidx.compose.ui.test.AbstractMainTestClock.advanceScheduler(AbstractMainTestClock.kt:101)
at androidx.compose.ui.test.AbstractMainTestClock.advanceTimeByFrame(AbstractMainTestClock.kt:41)
at androidx.compose.ui.test.ComposeIdlingResource.isIdleNow(ComposeIdlingResource.android.kt:110)
at androidx.compose.ui.test.IdlingResourceRegistry.areAllResourcesIdle(IdlingResourceRegistry.jvmAndAndroid.kt:115)
at androidx.compose.ui.test.IdlingResourceRegistry.access$areAllResourcesIdle(IdlingResourceRegistry.jvmAndAndroid.kt:29)
at androidx.compose.ui.test.IdlingResourceRegistry$isIdleOrEnsurePolling$1$1$1.invokeSuspend(IdlingResourceRegistry.jvmAndAndroid.kt:99)
at kotlin.coroutines.jvm.internal.BaseContinuationImpl.resumeWith(ContinuationImpl.kt:34)
at kotlinx.coroutines.DispatchedTask.run(DispatchedTask.kt:101)
at android.os.Handler.handleCallback(Handler.java:958)
at android.os.Handler.dispatchMessage(Handler.java:99)
at androidx.test.espresso.base.TestLooperManagerCompat.execute(TestLooperManagerCompat.java:121)
at androidx.test.espresso.base.Interrogator.loopAndInterrogate(Interrogator.java:128)
at androidx.test.espresso.base.UiControllerImpl.loopUntil(UiControllerImpl.java:513)
at androidx.test.espresso.base.UiControllerImpl.loopMainThreadUntilIdle(UiControllerImpl.java:434)
at androidx.test.espresso.Espresso.lambda$onIdle$2(Espresso.java:340)
at androidx.test.espresso.Espresso$$ExternalSyntheticLambda1.call(D8$$SyntheticClass:0)
at java.util.concurrent.FutureTask.run(FutureTask.java:264)
at android.os.Handler.handleCallback(Handler.java:958)
at android.os.Handler.dispatchMessage(Handler.java:99)
at android.os.Looper.loopOnce(Looper.java:205)
at android.os.Looper.loop(Looper.java:294)
at android.app.ActivityThread.main(ActivityThread.java:8177)
at java.lang.reflect.Method.invoke(Native Method)
at com.android.internal.os.RuntimeInit$MethodAndArgsCaller.run(RuntimeInit.java:552)
at com.android.internal.os.ZygoteInit.main(ZygoteInit.java:971)

java.util.NoSuchElementException: Collection contains no element matching the predicate.
at com.whip.app.ui.TrackScreensKt.TrackEntriesPage(TrackScreens.kt:5272)
at com.whip.app.ui.TrackScreensKt.TrackDetailPage$lambda$1(TrackScreens.kt:1774)
at com.whip.app.ui.TrackScreensKt$$ExternalSyntheticLambda189.invoke(D8$$SyntheticClass:0)
at androidx.compose.runtime.internal.ComposableLambdaImpl.invoke(ComposableLambda.kt:131)
at androidx.compose.runtime.internal.ComposableLambdaImpl.invoke$lambda$0(ComposableLambda.kt:133)
at androidx.compose.runtime.internal.ComposableLambdaImpl$$ExternalSyntheticLambda9.invoke(D8$$SyntheticClass:0)
at androidx.compose.runtime.RecomposeScopeImpl.compose(RecomposeScopeImpl.kt:204)
at androidx.compose.runtime.GapComposer.recomposeToGroupEnd(GapComposer.kt:1678)
at androidx.compose.runtime.GapComposer.skipCurrentGroup(GapComposer.kt:2014)
at androidx.compose.runtime.GapComposer.doCompose-aFTiNEg(GapComposer.kt:2655)
at androidx.compose.runtime.GapComposer.recompose-aFTiNEg$runtime(GapComposer.kt:2577)
at androidx.compose.runtime.CompositionImpl.recompose(Composition.kt:1184)
at androidx.compose.runtime.Recomposer.performRecompose(Recomposer.kt:1318)
at androidx.compose.runtime.Recomposer.access$performRecompose(Recomposer.kt:191)
at androidx.compose.runtime.Recomposer$runRecomposeAndApplyChanges$2.invokeSuspend$lambda$2(Recomposer.kt:655)
at androidx.compose.runtime.Recomposer$runRecomposeAndApplyChanges$2$$ExternalSyntheticLambda1.invoke(D8$$SyntheticClass:0)
at androidx.compose.ui.test.TestMonotonicFrameClock$withFrameNanos$2$1$1.invoke(TestMonotonicFrameClock.jvmAndAndroid.kt:108)
at androidx.compose.ui.test.TestMonotonicFrameClock$withFrameNanos$2$1$1.invoke(TestMonotonicFrameClock.jvmAndAndroid.kt:108)
at androidx.compose.ui.test.TestMonotonicFrameClock.performFrame$lambda$0(TestMonotonicFrameClock.jvmAndAndroid.kt:153)
at androidx.compose.ui.test.TestMonotonicFrameClock$$ExternalSyntheticLambda1.invoke(D8$$SyntheticClass:0)
at androidx.compose.ui.test.FrameDeferringContinuationInterceptor.runWithoutResumingCoroutines(FrameDeferringContinuationInterceptor.jvmAndAndroid.kt:59)
at androidx.compose.ui.test.TestMonotonicFrameClock.performFrame(TestMonotonicFrameClock.jvmAndAndroid.kt:135)
at androidx.compose.ui.test.TestMonotonicFrameClock.access$performFrame(TestMonotonicFrameClock.jvmAndAndroid.kt:57)
at androidx.compose.ui.test.TestMonotonicFrameClock$withFrameNanos$2$1$2.invokeSuspend(TestMonotonicFrameClock.jvmAndAndroid.kt:113)
at kotlin.coroutines.jvm.internal.BaseContinuationImpl.resumeWith(ContinuationImpl.kt:34)
at kotlinx.coroutines.DispatchedTaskKt.resume(DispatchedTask.kt:221)
at kotlinx.coroutines.DispatchedTaskKt.dispatch(DispatchedTask.kt:154)
at kotlinx.coroutines.CancellableContinuationImpl.dispatchResume(CancellableContinuationImpl.kt:470)
at kotlinx.coroutines.CancellableContinuationImpl.resumeImpl$kotlinx_coroutines_core(CancellableContinuationImpl.kt:504)
at kotlinx.coroutines.CancellableContinuationImpl.resumeImpl$kotlinx_coroutines_core$default(CancellableContinuationImpl.kt:493)
at kotlinx.coroutines.CancellableContinuationImpl.resumeUndispatched(CancellableContinuationImpl.kt:596)
at kotlinx.coroutines.test.CancellableContinuationRunnable.run(TestDispatcher.kt:60)
at kotlinx.coroutines.test.TestDispatcher.processEvent$kotlinx_coroutines_test(TestDispatcher.kt:24)
at kotlinx.coroutines.test.TestCoroutineScheduler.runCurrent(TestCoroutineScheduler.kt:132)
at androidx.compose.ui.test.AbstractMainTestClock.advanceScheduler$lambda$0(AbstractMainTestClock.kt:105)
at androidx.compose.ui.test.AbstractMainTestClock$$ExternalSyntheticLambda0.invoke(D8$$SyntheticClass:0)
at androidx.compose.ui.test.AndroidSynchronization_androidKt.runOnUiThread(AndroidSynchronization.android.kt:35)
at androidx.compose.ui.test.MainTestClockImpl$1.invoke(MainTestClockImpl.android.kt:32)
at androidx.compose.ui.test.MainTestClockImpl$1.invoke(MainTestClockImpl.android.kt:32)
at androidx.compose.ui.test.AbstractMainTestClock.advanceScheduler(AbstractMainTestClock.kt:101)
at androidx.compose.ui.test.AbstractMainTestClock.advanceTimeByFrame(AbstractMainTestClock.kt:41)
at androidx.compose.ui.test.ComposeIdlingResource.isIdleNow(ComposeIdlingResource.android.kt:110)
at androidx.compose.ui.test.IdlingResourceRegistry.areAllResourcesIdle(IdlingResourceRegistry.jvmAndAndroid.kt:115)
at androidx.compose.ui.test.IdlingResourceRegistry.access$areAllResourcesIdle(IdlingResourceRegistry.jvmAndAndroid.kt:29)
at androidx.compose.ui.test.IdlingResourceRegistry$isIdleOrEnsurePolling$1$1$1.invokeSuspend(IdlingResourceRegistry.jvmAndAndroid.kt:99)
at kotlin.coroutines.jvm.internal.BaseContinuationImpl.resumeWith(ContinuationImpl.kt:34)
at kotlinx.coroutines.DispatchedTask.run(DispatchedTask.kt:101)
at android.os.Handler.handleCallback(Handler.java:958)
at android.os.Handler.dispatchMessage(Handler.java:99)
at androidx.test.espresso.base.TestLooperManagerCompat.execute(TestLooperManagerCompat.java:121)
at androidx.test.espresso.base.Interrogator.loopAndInterrogate(Interrogator.java:128)
at androidx.test.espresso.base.UiControllerImpl.loopUntil(UiControllerImpl.java:513)
at androidx.test.espresso.base.UiControllerImpl.loopMainThreadUntilIdle(UiControllerImpl.java:434)
at androidx.test.espresso.Espresso.lambda$onIdle$2(Espresso.java:340)
at androidx.test.espresso.Espresso$$ExternalSyntheticLambda1.call(D8$$SyntheticClass:0)
at java.util.concurrent.FutureTask.run(FutureTask.java:264)
at android.os.Handler.handleCallback(Handler.java:958)
at android.os.Handler.dispatchMessage(Handler.java:99)
at android.os.Looper.loopOnce(Looper.java:205)
at android.os.Looper.loop(Looper.java:294)
at android.app.ActivityThread.main(ActivityThread.java:8177)
at java.lang.reflect.Method.invoke(Native Method)
at com.android.internal.os.RuntimeInit$MethodAndArgsCaller.run(RuntimeInit.java:552)
at com.android.internal.os.ZygoteInit.main(ZygoteInit.java:971)
Execute com.whip.app.TrackHistoryControlsJourneyE2ETest.pagedHistoryCanCombineAndRecoverFiltersAtLargeText: FAILED
java.lang.AssertionError: java.lang.AssertionError: Semantic Node has no parent layout with a Scroll SemanticsAction
at androidx.compose.ui.test.ActionsKt.scrollToNode(Actions.kt:98)
at androidx.compose.ui.test.ActionsKt.performScrollTo(Actions.kt:83)
at com.whip.app.TrackHistoryControlsJourneyE2ETest.filters(TrackHistoryControlsJourneyE2ETest.kt:49)
at com.whip.app.TrackHistoryControlsJourneyE2ETest.pagedHistoryCanCombineAndRecoverFiltersAtLargeText(TrackHistoryControlsJourneyE2ETest.kt:32)

java.lang.AssertionError: Semantic Node has no parent layout with a Scroll SemanticsAction
at androidx.compose.ui.test.ActionsKt.scrollToNode(Actions.kt:98)
at androidx.compose.ui.test.ActionsKt.performScrollTo(Actions.kt:83)
at com.whip.app.TrackHistoryControlsJourneyE2ETest.filters(TrackHistoryControlsJourneyE2ETest.kt:49)
at com.whip.app.TrackHistoryControlsJourneyE2ETest.pagedHistoryCanCombineAndRecoverFiltersAtLargeText(TrackHistoryControlsJourneyE2ETest.kt:32)
Execute com.whip.app.TrackHistoryControlsJourneyE2ETest.removingSelectedSortFieldKeepsHistoryUsableAtLargeText: FAILED
java.util.NoSuchElementException: java.util.NoSuchElementException: Collection contains no element matching the predicate.
at com.whip.app.ui.TrackScreensKt.TrackEntriesPage(TrackScreens.kt:5272)
at com.whip.app.ui.TrackScreensKt.TrackDetailPage$lambda$1(TrackScreens.kt:1774)
at com.whip.app.ui.TrackScreensKt$$ExternalSyntheticLambda189.invoke(D8$$SyntheticClass:0)
at androidx.compose.runtime.internal.ComposableLambdaImpl.invoke(ComposableLambda.kt:131)
at androidx.compose.runtime.internal.ComposableLambdaImpl.invoke$lambda$0(ComposableLambda.kt:133)
at androidx.compose.runtime.internal.ComposableLambdaImpl$$ExternalSyntheticLambda9.invoke(D8$$SyntheticClass:0)
at androidx.compose.runtime.RecomposeScopeImpl.compose(RecomposeScopeImpl.kt:204)
at androidx.compose.runtime.GapComposer.recomposeToGroupEnd(GapComposer.kt:1678)
at androidx.compose.runtime.GapComposer.skipCurrentGroup(GapComposer.kt:2014)
at androidx.compose.runtime.GapComposer.doCompose-aFTiNEg(GapComposer.kt:2655)
at androidx.compose.runtime.GapComposer.recompose-aFTiNEg$runtime(GapComposer.kt:2577)
at androidx.compose.runtime.CompositionImpl.recompose(Composition.kt:1184)
at androidx.compose.runtime.Recomposer.performRecompose(Recomposer.kt:1318)
at androidx.compose.runtime.Recomposer.access$performRecompose(Recomposer.kt:191)
at androidx.compose.runtime.Recomposer$runRecomposeAndApplyChanges$2.invokeSuspend$lambda$2(Recomposer.kt:655)
at androidx.compose.runtime.Recomposer$runRecomposeAndApplyChanges$2$$ExternalSyntheticLambda1.invoke(D8$$SyntheticClass:0)
at androidx.compose.ui.test.TestMonotonicFrameClock$withFrameNanos$2$1$1.invoke(TestMonotonicFrameClock.jvmAndAndroid.kt:108)
at androidx.compose.ui.test.TestMonotonicFrameClock$withFrameNanos$2$1$1.invoke(TestMonotonicFrameClock.jvmAndAndroid.kt:108)
at androidx.compose.ui.test.TestMonotonicFrameClock.performFrame$lambda$0(TestMonotonicFrameClock.jvmAndAndroid.kt:153)
at androidx.compose.ui.test.TestMonotonicFrameClock$$ExternalSyntheticLambda1.invoke(D8$$SyntheticClass:0)
at androidx.compose.ui.test.FrameDeferringContinuationInterceptor.runWithoutResumingCoroutines(FrameDeferringContinuationInterceptor.jvmAndAndroid.kt:59)
at androidx.compose.ui.test.TestMonotonicFrameClock.performFrame(TestMonotonicFrameClock.jvmAndAndroid.kt:135)
at androidx.compose.ui.test.TestMonotonicFrameClock.access$performFrame(TestMonotonicFrameClock.jvmAndAndroid.kt:57)
at androidx.compose.ui.test.TestMonotonicFrameClock$withFrameNanos$2$1$2.invokeSuspend(TestMonotonicFrameClock.jvmAndAndroid.kt:113)
at kotlin.coroutines.jvm.internal.BaseContinuationImpl.resumeWith(ContinuationImpl.kt:34)
at kotlinx.coroutines.DispatchedTaskKt.resume(DispatchedTask.kt:221)
at kotlinx.coroutines.DispatchedTaskKt.dispatch(DispatchedTask.kt:154)
at kotlinx.coroutines.CancellableContinuationImpl.dispatchResume(CancellableContinuationImpl.kt:470)
at kotlinx.coroutines.CancellableContinuationImpl.resumeImpl$kotlinx_coroutines_core(CancellableContinuationImpl.kt:504)
at kotlinx.coroutines.CancellableContinuationImpl.resumeImpl$kotlinx_coroutines_core$default(CancellableContinuationImpl.kt:493)
at kotlinx.coroutines.CancellableContinuationImpl.resumeUndispatched(CancellableContinuationImpl.kt:596)
at kotlinx.coroutines.test.CancellableContinuationRunnable.run(TestDispatcher.kt:60)
at kotlinx.coroutines.test.TestDispatcher.processEvent$kotlinx_coroutines_test(TestDispatcher.kt:24)
at kotlinx.coroutines.test.TestCoroutineScheduler.runCurrent(TestCoroutineScheduler.kt:132)
at androidx.compose.ui.test.AbstractMainTestClock.advanceScheduler$lambda$0(AbstractMainTestClock.kt:105)
at androidx.compose.ui.test.AbstractMainTestClock$$ExternalSyntheticLambda0.invoke(D8$$SyntheticClass:0)
at androidx.compose.ui.test.AndroidSynchronization_androidKt.runOnUiThread(AndroidSynchronization.android.kt:35)
at androidx.compose.ui.test.MainTestClockImpl$1.invoke(MainTestClockImpl.android.kt:32)
at androidx.compose.ui.test.MainTestClockImpl$1.invoke(MainTestClockImpl.android.kt:32)
at androidx.compose.ui.test.AbstractMainTestClock.advanceScheduler(AbstractMainTestClock.kt:101)
at androidx.compose.ui.test.AbstractMainTestClock.advanceTimeByFrame(AbstractMainTestClock.kt:41)
at androidx.compose.ui.test.ComposeIdlingResource.isIdleNow(ComposeIdlingResource.android.kt:110)
at androidx.compose.ui.test.IdlingResourceRegistry.areAllResourcesIdle(IdlingResourceRegistry.jvmAndAndroid.kt:115)
at androidx.compose.ui.test.IdlingResourceRegistry.access$areAllResourcesIdle(IdlingResourceRegistry.jvmAndAndroid.kt:29)
at androidx.compose.ui.test.IdlingResourceRegistry$isIdleOrEnsurePolling$1$1$1.invokeSuspend(IdlingResourceRegistry.jvmAndAndroid.kt:99)
at kotlin.coroutines.jvm.internal.BaseContinuationImpl.resumeWith(ContinuationImpl.kt:34)
at kotlinx.coroutines.DispatchedTask.run(DispatchedTask.kt:101)
at android.os.Handler.handleCallback(Handler.java:958)
at android.os.Handler.dispatchMessage(Handler.java:99)
at androidx.test.espresso.base.TestLooperManagerCompat.execute(TestLooperManagerCompat.java:121)
at androidx.test.espresso.base.Interrogator.loopAndInterrogate(Interrogator.java:128)
at androidx.test.espresso.base.UiControllerImpl.loopUntil(UiControllerImpl.java:513)
at androidx.test.espresso.base.UiControllerImpl.loopMainThreadUntilIdle(UiControllerImpl.java:434)
at androidx.test.espresso.Espresso.lambda$onIdle$2(Espresso.java:340)
at androidx.test.espresso.Espresso$$ExternalSyntheticLambda1.call(D8$$SyntheticClass:0)
at java.util.concurrent.FutureTask.run(FutureTask.java:264)
at android.os.Handler.handleCallback(Handler.java:958)
at android.os.Handler.dispatchMessage(Handler.java:99)
at android.os.Looper.loopOnce(Looper.java:205)
at android.os.Looper.loop(Looper.java:294)
at android.app.ActivityThread.main(ActivityThread.java:8177)
at java.lang.reflect.Method.invoke(Native Method)
at com.android.internal.os.RuntimeInit$MethodAndArgsCaller.run(RuntimeInit.java:552)
at com.android.internal.os.ZygoteInit.main(ZygoteInit.java:971)

java.util.NoSuchElementException: Collection contains no element matching the predicate.
at com.whip.app.ui.TrackScreensKt.TrackEntriesPage(TrackScreens.kt:5272)
at com.whip.app.ui.TrackScreensKt.TrackDetailPage$lambda$1(TrackScreens.kt:1774)
at com.whip.app.ui.TrackScreensKt$$ExternalSyntheticLambda189.invoke(D8$$SyntheticClass:0)
at androidx.compose.runtime.internal.ComposableLambdaImpl.invoke(ComposableLambda.kt:131)
at androidx.compose.runtime.internal.ComposableLambdaImpl.invoke$lambda$0(ComposableLambda.kt:133)
at androidx.compose.runtime.internal.ComposableLambdaImpl$$ExternalSyntheticLambda9.invoke(D8$$SyntheticClass:0)
at androidx.compose.runtime.RecomposeScopeImpl.compose(RecomposeScopeImpl.kt:204)
at androidx.compose.runtime.GapComposer.recomposeToGroupEnd(GapComposer.kt:1678)
at androidx.compose.runtime.GapComposer.skipCurrentGroup(GapComposer.kt:2014)
at androidx.compose.runtime.GapComposer.doCompose-aFTiNEg(GapComposer.kt:2655)
at androidx.compose.runtime.GapComposer.recompose-aFTiNEg$runtime(GapComposer.kt:2577)
at androidx.compose.runtime.CompositionImpl.recompose(Composition.kt:1184)
at androidx.compose.runtime.Recomposer.performRecompose(Recomposer.kt:1318)
at androidx.compose.runtime.Recomposer.access$performRecompose(Recomposer.kt:191)
at androidx.compose.runtime.Recomposer$runRecomposeAndApplyChanges$2.invokeSuspend$lambda$2(Recomposer.kt:655)
at androidx.compose.runtime.Recomposer$runRecomposeAndApplyChanges$2$$ExternalSyntheticLambda1.invoke(D8$$SyntheticClass:0)
at androidx.compose.ui.test.TestMonotonicFrameClock$withFrameNanos$2$1$1.invoke(TestMonotonicFrameClock.jvmAndAndroid.kt:108)
at androidx.compose.ui.test.TestMonotonicFrameClock$withFrameNanos$2$1$1.invoke(TestMonotonicFrameClock.jvmAndAndroid.kt:108)
at androidx.compose.ui.test.TestMonotonicFrameClock.performFrame$lambda$0(TestMonotonicFrameClock.jvmAndAndroid.kt:153)
at androidx.compose.ui.test.TestMonotonicFrameClock$$ExternalSyntheticLambda1.invoke(D8$$SyntheticClass:0)
at androidx.compose.ui.test.FrameDeferringContinuationInterceptor.runWithoutResumingCoroutines(FrameDeferringContinuationInterceptor.jvmAndAndroid.kt:59)
at androidx.compose.ui.test.TestMonotonicFrameClock.performFrame(TestMonotonicFrameClock.jvmAndAndroid.kt:135)
at androidx.compose.ui.test.TestMonotonicFrameClock.access$performFrame(TestMonotonicFrameClock.jvmAndAndroid.kt:57)
at androidx.compose.ui.test.TestMonotonicFrameClock$withFrameNanos$2$1$2.invokeSuspend(TestMonotonicFrameClock.jvmAndAndroid.kt:113)
at kotlin.coroutines.jvm.internal.BaseContinuationImpl.resumeWith(ContinuationImpl.kt:34)
at kotlinx.coroutines.DispatchedTaskKt.resume(DispatchedTask.kt:221)
at kotlinx.coroutines.DispatchedTaskKt.dispatch(DispatchedTask.kt:154)
at kotlinx.coroutines.CancellableContinuationImpl.dispatchResume(CancellableContinuationImpl.kt:470)
at kotlinx.coroutines.CancellableContinuationImpl.resumeImpl$kotlinx_coroutines_core(CancellableContinuationImpl.kt:504)
at kotlinx.coroutines.CancellableContinuationImpl.resumeImpl$kotlinx_coroutines_core$default(CancellableContinuationImpl.kt:493)
at kotlinx.coroutines.CancellableContinuationImpl.resumeUndispatched(CancellableContinuationImpl.kt:596)
at kotlinx.coroutines.test.CancellableContinuationRunnable.run(TestDispatcher.kt:60)
at kotlinx.coroutines.test.TestDispatcher.processEvent$kotlinx_coroutines_test(TestDispatcher.kt:24)
at kotlinx.coroutines.test.TestCoroutineScheduler.runCurrent(TestCoroutineScheduler.kt:132)
at androidx.compose.ui.test.AbstractMainTestClock.advanceScheduler$lambda$0(AbstractMainTestClock.kt:105)
at androidx.compose.ui.test.AbstractMainTestClock$$ExternalSyntheticLambda0.invoke(D8$$SyntheticClass:0)
at androidx.compose.ui.test.AndroidSynchronization_androidKt.runOnUiThread(AndroidSynchronization.android.kt:35)
at androidx.compose.ui.test.MainTestClockImpl$1.invoke(MainTestClockImpl.android.kt:32)
at androidx.compose.ui.test.MainTestClockImpl$1.invoke(MainTestClockImpl.android.kt:32)
at androidx.compose.ui.test.AbstractMainTestClock.advanceScheduler(AbstractMainTestClock.kt:101)
at androidx.compose.ui.test.AbstractMainTestClock.advanceTimeByFrame(AbstractMainTestClock.kt:41)
at androidx.compose.ui.test.ComposeIdlingResource.isIdleNow(ComposeIdlingResource.android.kt:110)
at androidx.compose.ui.test.IdlingResourceRegistry.areAllResourcesIdle(IdlingResourceRegistry.jvmAndAndroid.kt:115)
at androidx.compose.ui.test.IdlingResourceRegistry.access$areAllResourcesIdle(IdlingResourceRegistry.jvmAndAndroid.kt:29)
at androidx.compose.ui.test.IdlingResourceRegistry$isIdleOrEnsurePolling$1$1$1.invokeSuspend(IdlingResourceRegistry.jvmAndAndroid.kt:99)
at kotlin.coroutines.jvm.internal.BaseContinuationImpl.resumeWith(ContinuationImpl.kt:34)
at kotlinx.coroutines.DispatchedTask.run(DispatchedTask.kt:101)
at android.os.Handler.handleCallback(Handler.java:958)
at android.os.Handler.dispatchMessage(Handler.java:99)
at androidx.test.espresso.base.TestLooperManagerCompat.execute(TestLooperManagerCompat.java:121)
at androidx.test.espresso.base.Interrogator.loopAndInterrogate(Interrogator.java:128)
at androidx.test.espresso.base.UiControllerImpl.loopUntil(UiControllerImpl.java:513)
at androidx.test.espresso.base.UiControllerImpl.loopMainThreadUntilIdle(UiControllerImpl.java:434)
at androidx.test.espresso.Espresso.lambda$onIdle$2(Espresso.java:340)
at androidx.test.espresso.Espresso$$ExternalSyntheticLambda1.call(D8$$SyntheticClass:0)
at java.util.concurrent.FutureTask.run(FutureTask.java:264)
at android.os.Handler.handleCallback(Handler.java:958)
at android.os.Handler.dispatchMessage(Handler.java:99)
at android.os.Looper.loopOnce(Looper.java:205)
at android.os.Looper.loop(Looper.java:294)
at android.app.ActivityThread.main(ActivityThread.java:8177)
at java.lang.reflect.Method.invoke(Native Method)
at com.android.internal.os.RuntimeInit$MethodAndArgsCaller.run(RuntimeInit.java:552)
at com.android.internal.os.ZygoteInit.main(ZygoteInit.java:971)
Execute com.whip.app.TrackHistoryControlsJourneyE2ETest.pagedHistoryCanCombineAndRecoverFilters: FAILED
java.lang.AssertionError: java.lang.AssertionError: Semantic Node has no parent layout with a Scroll SemanticsAction
at androidx.compose.ui.test.ActionsKt.scrollToNode(Actions.kt:98)
at androidx.compose.ui.test.ActionsKt.performScrollTo(Actions.kt:83)
at com.whip.app.TrackHistoryControlsJourneyE2ETest.filters(TrackHistoryControlsJourneyE2ETest.kt:49)
at com.whip.app.TrackHistoryControlsJourneyE2ETest.pagedHistoryCanCombineAndRecoverFilters(TrackHistoryControlsJourneyE2ETest.kt:30)

java.lang.AssertionError: Semantic Node has no parent layout with a Scroll SemanticsAction
at androidx.compose.ui.test.ActionsKt.scrollToNode(Actions.kt:98)
at androidx.compose.ui.test.ActionsKt.performScrollTo(Actions.kt:83)
at com.whip.app.TrackHistoryControlsJourneyE2ETest.filters(TrackHistoryControlsJourneyE2ETest.kt:49)
at com.whip.app.TrackHistoryControlsJourneyE2ETest.pagedHistoryCanCombineAndRecoverFilters(TrackHistoryControlsJourneyE2ETest.kt:30)

> Task :app:connectedDebugAndroidTest FAILED

FAILURE: Build failed with an exception.

* What went wrong:
Execution failed for task ':app:connectedDebugAndroidTest' (registered by plugin 'com.android.internal.application').
> There were failing tests. See the report at: file:///root/repos/whip/app/build/whip-android-workers/instrumentation-results-v3qv3g-worker-1/reports/index.html

* Try:
> Run with --stacktrace option to get the stack trace.
> Run with --info or --debug option to get more log output.
> Run with --scan to get full insights from a Build Scan (powered by Develocity).
> Get more help at https://help.gradle.org.

BUILD FAILED in 1m 46s
78 actionable tasks: 1 executed, 77 up-to-date
error: Android batch 1 requires a successful Gradle task, nonzero tests, and zero failures/skips; got status/tests/failures/skips 1/4/4/0; results retained in /root/repos/whip/build/instrumentation-results-v3QV3G
