com.whip.app.ui.SettingsResponsiveUiTest#deepDataOperationMakesItsSettledResultVisible
INSTRUMENTATION_STATUS: class=com.whip.app.ui.SettingsResponsiveUiTest
INSTRUMENTATION_STATUS: current=1
INSTRUMENTATION_STATUS: id=AndroidJUnitRunner
INSTRUMENTATION_STATUS: numtests=1
INSTRUMENTATION_STATUS: stream=
com.whip.app.ui.SettingsResponsiveUiTest:
INSTRUMENTATION_STATUS: test=deepDataOperationMakesItsSettledResultVisible
INSTRUMENTATION_STATUS_CODE: 1
s_glBindAttribLocation: bind attrib 0 name position
s_glBindAttribLocation: bind attrib 1 name color
s_glBindAttribLocation: bind attrib 2 name localCoord
INSTRUMENTATION_STATUS: class=com.whip.app.ui.SettingsResponsiveUiTest
INSTRUMENTATION_STATUS: current=1
INSTRUMENTATION_STATUS: id=AndroidJUnitRunner
INSTRUMENTATION_STATUS: numtests=1
INSTRUMENTATION_STATUS: stream=.
INSTRUMENTATION_STATUS: test=deepDataOperationMakesItsSettledResultVisible
INSTRUMENTATION_STATUS_CODE: 0
INSTRUMENTATION_RESULT: stream=

Time: 6.16

OK (1 test)


INSTRUMENTATION_CODE: -1
elapsed_ms=8557 exit=0
