com.whip.app.TaskDayPlannerUiTest#homeAndTodayOpenTheSameRestorablePlanDraft
INSTRUMENTATION_STATUS: class=com.whip.app.TaskDayPlannerUiTest
INSTRUMENTATION_STATUS: current=1
INSTRUMENTATION_STATUS: id=AndroidJUnitRunner
INSTRUMENTATION_STATUS: numtests=1
INSTRUMENTATION_STATUS: stream=
com.whip.app.TaskDayPlannerUiTest:
INSTRUMENTATION_STATUS: test=homeAndTodayOpenTheSameRestorablePlanDraft
INSTRUMENTATION_STATUS_CODE: 1
INSTRUMENTATION_STATUS: class=com.whip.app.TaskDayPlannerUiTest
INSTRUMENTATION_STATUS: current=1
INSTRUMENTATION_STATUS: id=AndroidJUnitRunner
INSTRUMENTATION_STATUS: numtests=1
INSTRUMENTATION_STATUS: stack=java.lang.NullPointerException: Attempt to invoke virtual method 'java.util.List android.view.accessibility.AccessibilityNodeInfo.findAccessibilityNodeInfosByText(java.lang.String)' on a null object reference
	at com.whip.app.TaskDayPlannerUiTest.assertApplyAboveSystemBars(TaskDayPlannerUiTest.kt:146)
	at com.whip.app.TaskDayPlannerUiTest.homeAndTodayOpenTheSameRestorablePlanDraft(TaskDayPlannerUiTest.kt:138)

INSTRUMENTATION_STATUS: stream=
Error in homeAndTodayOpenTheSameRestorablePlanDraft(com.whip.app.TaskDayPlannerUiTest):
java.lang.NullPointerException: Attempt to invoke virtual method 'java.util.List android.view.accessibility.AccessibilityNodeInfo.findAccessibilityNodeInfosByText(java.lang.String)' on a null object reference
	at com.whip.app.TaskDayPlannerUiTest.assertApplyAboveSystemBars(TaskDayPlannerUiTest.kt:146)
	at com.whip.app.TaskDayPlannerUiTest.homeAndTodayOpenTheSameRestorablePlanDraft(TaskDayPlannerUiTest.kt:138)

INSTRUMENTATION_STATUS: test=homeAndTodayOpenTheSameRestorablePlanDraft
INSTRUMENTATION_STATUS_CODE: -2
INSTRUMENTATION_RESULT: stream=

Time: 7.994
There was 1 failure:
1) homeAndTodayOpenTheSameRestorablePlanDraft(com.whip.app.TaskDayPlannerUiTest)
java.lang.NullPointerException: Attempt to invoke virtual method 'java.util.List android.view.accessibility.AccessibilityNodeInfo.findAccessibilityNodeInfosByText(java.lang.String)' on a null object reference
	at com.whip.app.TaskDayPlannerUiTest.assertApplyAboveSystemBars(TaskDayPlannerUiTest.kt:146)
	at com.whip.app.TaskDayPlannerUiTest.homeAndTodayOpenTheSameRestorablePlanDraft(TaskDayPlannerUiTest.kt:138)

FAILURES!!!
Tests run: 1,  Failures: 1


INSTRUMENTATION_CODE: -1
elapsed_ms=10248 exit=0
