com.whip.app.TaskDayPlannerUiTest#homeAndTodayOpenTheSameRestorablePlanDraft
INSTRUMENTATION_STATUS: class=com.whip.app.TaskDayPlannerUiTest
INSTRUMENTATION_STATUS: current=1
INSTRUMENTATION_STATUS: id=AndroidJUnitRunner
INSTRUMENTATION_STATUS: numtests=1
INSTRUMENTATION_STATUS: stream=
com.whip.app.TaskDayPlannerUiTest:
INSTRUMENTATION_STATUS: test=homeAndTodayOpenTheSameRestorablePlanDraft
INSTRUMENTATION_STATUS_CODE: 1
INSTRUMENTATION_STATUS: class=com.whip.app.TaskDayPlannerUiTest
INSTRUMENTATION_STATUS: current=1
INSTRUMENTATION_STATUS: id=AndroidJUnitRunner
INSTRUMENTATION_STATUS: numtests=1
INSTRUMENTATION_STATUS: stack=androidx.compose.ui.test.ComposeTimeoutException: Condition still not satisfied after 5000 ms
	at androidx.compose.ui.test.AndroidComposeUiTestEnvironment$AndroidComposeUiTestImpl.waitUntil(ComposeUiTest.android.kt:901)
	at androidx.compose.ui.test.junit4.AndroidComposeTestRule.waitUntil(AndroidComposeTestRule.android.kt:500)
	at com.whip.app.TaskDayPlannerUiTest.assertApplyAboveSystemBars(TaskDayPlannerUiTest.kt:146)
	at com.whip.app.TaskDayPlannerUiTest.homeAndTodayOpenTheSameRestorablePlanDraft(TaskDayPlannerUiTest.kt:138)

INSTRUMENTATION_STATUS: stream=
Error in homeAndTodayOpenTheSameRestorablePlanDraft(com.whip.app.TaskDayPlannerUiTest):
androidx.compose.ui.test.ComposeTimeoutException: Condition still not satisfied after 5000 ms
	at androidx.compose.ui.test.AndroidComposeUiTestEnvironment$AndroidComposeUiTestImpl.waitUntil(ComposeUiTest.android.kt:901)
	at androidx.compose.ui.test.junit4.AndroidComposeTestRule.waitUntil(AndroidComposeTestRule.android.kt:500)
	at com.whip.app.TaskDayPlannerUiTest.assertApplyAboveSystemBars(TaskDayPlannerUiTest.kt:146)
	at com.whip.app.TaskDayPlannerUiTest.homeAndTodayOpenTheSameRestorablePlanDraft(TaskDayPlannerUiTest.kt:138)

INSTRUMENTATION_STATUS: test=homeAndTodayOpenTheSameRestorablePlanDraft
INSTRUMENTATION_STATUS_CODE: -2
INSTRUMENTATION_RESULT: stream=

Time: 11.88
There was 1 failure:
1) homeAndTodayOpenTheSameRestorablePlanDraft(com.whip.app.TaskDayPlannerUiTest)
androidx.compose.ui.test.ComposeTimeoutException: Condition still not satisfied after 5000 ms
	at androidx.compose.ui.test.AndroidComposeUiTestEnvironment$AndroidComposeUiTestImpl.waitUntil(ComposeUiTest.android.kt:901)
	at androidx.compose.ui.test.junit4.AndroidComposeTestRule.waitUntil(AndroidComposeTestRule.android.kt:500)
	at com.whip.app.TaskDayPlannerUiTest.assertApplyAboveSystemBars(TaskDayPlannerUiTest.kt:146)
	at com.whip.app.TaskDayPlannerUiTest.homeAndTodayOpenTheSameRestorablePlanDraft(TaskDayPlannerUiTest.kt:138)

FAILURES!!!
Tests run: 1,  Failures: 1


INSTRUMENTATION_CODE: -1
elapsed_ms=14009 exit=0
