com.whip.app.ProductivityExperienceJourneyTest#goalMilestonesWorkInsideDetailsAndCompleteOnlyOnRequest
INSTRUMENTATION_STATUS: class=com.whip.app.ProductivityExperienceJourneyTest
INSTRUMENTATION_STATUS: current=1
INSTRUMENTATION_STATUS: id=AndroidJUnitRunner
INSTRUMENTATION_STATUS: numtests=1
INSTRUMENTATION_STATUS: stream=
com.whip.app.ProductivityExperienceJourneyTest:
INSTRUMENTATION_STATUS: test=goalMilestonesWorkInsideDetailsAndCompleteOnlyOnRequest
INSTRUMENTATION_STATUS_CODE: 1
s_glBindAttribLocation: bind attrib 0 name position
s_glBindAttribLocation: bind attrib 1 name color
s_glBindAttribLocation: bind attrib 2 name localCoord
INSTRUMENTATION_STATUS: class=com.whip.app.ProductivityExperienceJourneyTest
INSTRUMENTATION_STATUS: current=1
INSTRUMENTATION_STATUS: id=AndroidJUnitRunner
INSTRUMENTATION_STATUS: numtests=1
INSTRUMENTATION_STATUS: stack=java.lang.AssertionError: Failed to inject touch input.
Reason: Expected exactly '1' node but could not find any node that satisfies: (TestTag = 'goal-destination-Completed')

	at androidx.compose.ui.test.SemanticsNodeInteraction.fetchOneOrThrow(SemanticsNodeInteraction.kt:178)
	at androidx.compose.ui.test.SemanticsNodeInteraction.fetchOneOrThrow$default(SemanticsNodeInteraction.kt:150)
	at androidx.compose.ui.test.SemanticsNodeInteraction.fetchSemanticsNode(SemanticsNodeInteraction.kt:84)
	at androidx.compose.ui.test.ActionsKt.performTouchInput(Actions.kt:403)
	at androidx.compose.ui.test.AndroidActions.performClickImpl(Actions.android.kt:23)
	at androidx.compose.ui.test.ActionsKt.performClick(Actions.kt:61)
	at com.whip.app.ProductivityExperienceJourneyTest.goalMilestonesWorkInsideDetailsAndCompleteOnlyOnRequest(ProductivityExperienceJourneyTest.kt:59)

INSTRUMENTATION_STATUS: stream=
Error in goalMilestonesWorkInsideDetailsAndCompleteOnlyOnRequest(com.whip.app.ProductivityExperienceJourneyTest):
java.lang.AssertionError: Failed to inject touch input.
Reason: Expected exactly '1' node but could not find any node that satisfies: (TestTag = 'goal-destination-Completed')

	at androidx.compose.ui.test.SemanticsNodeInteraction.fetchOneOrThrow(SemanticsNodeInteraction.kt:178)
	at androidx.compose.ui.test.SemanticsNodeInteraction.fetchOneOrThrow$default(SemanticsNodeInteraction.kt:150)
	at androidx.compose.ui.test.SemanticsNodeInteraction.fetchSemanticsNode(SemanticsNodeInteraction.kt:84)
	at androidx.compose.ui.test.ActionsKt.performTouchInput(Actions.kt:403)
	at androidx.compose.ui.test.AndroidActions.performClickImpl(Actions.android.kt:23)
	at androidx.compose.ui.test.ActionsKt.performClick(Actions.kt:61)
	at com.whip.app.ProductivityExperienceJourneyTest.goalMilestonesWorkInsideDetailsAndCompleteOnlyOnRequest(ProductivityExperienceJourneyTest.kt:59)

INSTRUMENTATION_STATUS: test=goalMilestonesWorkInsideDetailsAndCompleteOnlyOnRequest
INSTRUMENTATION_STATUS_CODE: -2
INSTRUMENTATION_RESULT: stream=

Time: 10.427
There was 1 failure:
1) goalMilestonesWorkInsideDetailsAndCompleteOnlyOnRequest(com.whip.app.ProductivityExperienceJourneyTest)
java.lang.AssertionError: Failed to inject touch input.
Reason: Expected exactly '1' node but could not find any node that satisfies: (TestTag = 'goal-destination-Completed')

	at androidx.compose.ui.test.SemanticsNodeInteraction.fetchOneOrThrow(SemanticsNodeInteraction.kt:178)
	at androidx.compose.ui.test.SemanticsNodeInteraction.fetchOneOrThrow$default(SemanticsNodeInteraction.kt:150)
	at androidx.compose.ui.test.SemanticsNodeInteraction.fetchSemanticsNode(SemanticsNodeInteraction.kt:84)
	at androidx.compose.ui.test.ActionsKt.performTouchInput(Actions.kt:403)
	at androidx.compose.ui.test.AndroidActions.performClickImpl(Actions.android.kt:23)
	at androidx.compose.ui.test.ActionsKt.performClick(Actions.kt:61)
	at com.whip.app.ProductivityExperienceJourneyTest.goalMilestonesWorkInsideDetailsAndCompleteOnlyOnRequest(ProductivityExperienceJourneyTest.kt:59)

FAILURES!!!
Tests run: 1,  Failures: 1


INSTRUMENTATION_CODE: -1
elapsed_ms=12687 exit=0
