com.whip.app.ProductivityExperienceJourneyTest#trackHistoryChangesKeepLoadedOlderWindowAndSearchAcrossRecreation
INSTRUMENTATION_STATUS: class=com.whip.app.ProductivityExperienceJourneyTest
INSTRUMENTATION_STATUS: current=1
INSTRUMENTATION_STATUS: id=AndroidJUnitRunner
INSTRUMENTATION_STATUS: numtests=1
INSTRUMENTATION_STATUS: stream=
com.whip.app.ProductivityExperienceJourneyTest:
INSTRUMENTATION_STATUS: test=trackHistoryChangesKeepLoadedOlderWindowAndSearchAcrossRecreation
INSTRUMENTATION_STATUS_CODE: 1
s_glBindAttribLocation: bind attrib 0 name position
s_glBindAttribLocation: bind attrib 1 name color
s_glBindAttribLocation: bind attrib 2 name localCoord
INSTRUMENTATION_STATUS: class=com.whip.app.ProductivityExperienceJourneyTest
INSTRUMENTATION_STATUS: current=1
INSTRUMENTATION_STATUS: id=AndroidJUnitRunner
INSTRUMENTATION_STATUS: numtests=1
INSTRUMENTATION_STATUS: stack=java.lang.AssertionError: No node found that matches Text + InputText + EditableText contains 'Retain corrected' (ignoreCase: false) in scrollable container
Semantics of the node:
Node #3247 at (l=0.0, t=765.0, r=1080.0, b=2169.0)px, Tag: 'track-entry-list'
CollectionInfo = 'CollectionInfo(rowCount=3, columnCount=1)'
IsTraversalGroup = 'true'
Shape = 'androidx.compose.foundation.VerticalScrollableClipShape@a90402c'
VerticalScrollAxisRange = 'ScrollAxisRange(value=0.0, maxValue=0.0, reverseScrolling=false)'
Actions = [GetScrollViewportLength, IndexForKey, ScrollBy, ScrollByOffset, ScrollToIndex]
Has 5 children, 5 siblings
Selector used: (TestTag = 'track-entry-list')

	at androidx.compose.ui.test.ActionsKt.performScrollToNode(Actions.kt:258)
	at com.whip.app.ProductivityExperienceJourneyTest.trackHistoryChangesKeepLoadedOlderWindowAndSearchAcrossRecreation(ProductivityExperienceJourneyTest.kt:248)

INSTRUMENTATION_STATUS: stream=
Error in trackHistoryChangesKeepLoadedOlderWindowAndSearchAcrossRecreation(com.whip.app.ProductivityExperienceJourneyTest):
java.lang.AssertionError: No node found that matches Text + InputText + EditableText contains 'Retain corrected' (ignoreCase: false) in scrollable container
Semantics of the node:
Node #3247 at (l=0.0, t=765.0, r=1080.0, b=2169.0)px, Tag: 'track-entry-list'
CollectionInfo = 'CollectionInfo(rowCount=3, columnCount=1)'
IsTraversalGroup = 'true'
Shape = 'androidx.compose.foundation.VerticalScrollableClipShape@a90402c'
VerticalScrollAxisRange = 'ScrollAxisRange(value=0.0, maxValue=0.0, reverseScrolling=false)'
Actions = [GetScrollViewportLength, IndexForKey, ScrollBy, ScrollByOffset, ScrollToIndex]
Has 5 children, 5 siblings
Selector used: (TestTag = 'track-entry-list')

	at androidx.compose.ui.test.ActionsKt.performScrollToNode(Actions.kt:258)
	at com.whip.app.ProductivityExperienceJourneyTest.trackHistoryChangesKeepLoadedOlderWindowAndSearchAcrossRecreation(ProductivityExperienceJourneyTest.kt:248)

INSTRUMENTATION_STATUS: test=trackHistoryChangesKeepLoadedOlderWindowAndSearchAcrossRecreation
INSTRUMENTATION_STATUS_CODE: -2
INSTRUMENTATION_RESULT: stream=

Time: 23.062
There was 1 failure:
1) trackHistoryChangesKeepLoadedOlderWindowAndSearchAcrossRecreation(com.whip.app.ProductivityExperienceJourneyTest)
java.lang.AssertionError: No node found that matches Text + InputText + EditableText contains 'Retain corrected' (ignoreCase: false) in scrollable container
Semantics of the node:
Node #3247 at (l=0.0, t=765.0, r=1080.0, b=2169.0)px, Tag: 'track-entry-list'
CollectionInfo = 'CollectionInfo(rowCount=3, columnCount=1)'
IsTraversalGroup = 'true'
Shape = 'androidx.compose.foundation.VerticalScrollableClipShape@a90402c'
VerticalScrollAxisRange = 'ScrollAxisRange(value=0.0, maxValue=0.0, reverseScrolling=false)'
Actions = [GetScrollViewportLength, IndexForKey, ScrollBy, ScrollByOffset, ScrollToIndex]
Has 5 children, 5 siblings
Selector used: (TestTag = 'track-entry-list')

	at androidx.compose.ui.test.ActionsKt.performScrollToNode(Actions.kt:258)
	at com.whip.app.ProductivityExperienceJourneyTest.trackHistoryChangesKeepLoadedOlderWindowAndSearchAcrossRecreation(ProductivityExperienceJourneyTest.kt:248)

FAILURES!!!
Tests run: 1,  Failures: 1


INSTRUMENTATION_CODE: -1
elapsed_ms=25412 exit=0
