Reusing configuration cache.
> Task :app:preBuild UP-TO-DATE
> Task :app:generateDebugAssets UP-TO-DATE
> Task :app:generateDebugAndroidTestAssets UP-TO-DATE
> Task :app:preDebugBuild UP-TO-DATE
> Task :app:preDebugAndroidTestBuild SKIPPED
> Task :app:copyRoomSchemasToAndroidTestAssetsDebugAndroidTest UP-TO-DATE
> Task :app:generateDebugBuildConfig UP-TO-DATE
> Task :app:generateDebugAndroidTestResValues UP-TO-DATE
> Task :app:javaPreCompileDebugAndroidTest UP-TO-DATE
> Task :app:createDebugCompatibleScreenManifests UP-TO-DATE
> Task :app:javaPreCompileDebug UP-TO-DATE
> Task :app:writeDebugSigningConfigVersions UP-TO-DATE
> Task :app:validateSigningDebug UP-TO-DATE
> Task :app:desugarDebugFileDependencies UP-TO-DATE
> Task :app:generateDebugAndroidTestResources UP-TO-DATE
> Task :app:writeDebugAppMetadata UP-TO-DATE
> Task :app:generateDebugResValues UP-TO-DATE
> Task :app:mergeDebugJniLibFolders UP-TO-DATE
> Task :app:generateDebugJacocoPropertiesFile UP-TO-DATE
> Task :app:mergeDebugNativeDebugMetadata NO-SOURCE
> Task :app:desugarDebugAndroidTestFileDependencies UP-TO-DATE
> Task :app:generateDebugGlobalSynthetics UP-TO-DATE
> Task :app:generateDebugAndroidTestGlobalSynthetics UP-TO-DATE
> Task :app:checkDebugAarMetadata UP-TO-DATE
> Task :app:mapDebugAndroidTestSourceSetPaths UP-TO-DATE
> Task :app:processDebugAndroidTestNavigationResources UP-TO-DATE
> Task :app:checkDebugDuplicateClasses UP-TO-DATE
> Task :app:processDebugNavigationResources UP-TO-DATE
> Task :app:validateSigningDebugAndroidTest UP-TO-DATE
> Task :app:checkDebugAndroidTestAarMetadata UP-TO-DATE
> Task :app:mergeDebugAssets UP-TO-DATE
> Task :app:mergeDebugAndroidTestAssets UP-TO-DATE
> Task :app:checkDebugAndroidTestDuplicateClasses UP-TO-DATE
> Task :app:writeDebugAndroidTestSigningConfigVersions UP-TO-DATE
> Task :app:extractDeepLinksDebug UP-TO-DATE
> Task :app:mergeLibDexDebug UP-TO-DATE
> Task :app:mapDebugSourceSetPaths UP-TO-DATE
> Task :app:compressDebugAssets UP-TO-DATE
> Task :app:compileDebugAndroidTestNavigationResources UP-TO-DATE
> Task :app:mergeDebugAndroidTestJniLibFolders UP-TO-DATE
> Task :app:generateDebugResources UP-TO-DATE
> Task :app:mergeLibDexDebugAndroidTest UP-TO-DATE
> Task :app:compressDebugAndroidTestAssets UP-TO-DATE
> Task :app:packageDebugAndroidTestResources UP-TO-DATE
> Task :app:compileDebugNavigationResources UP-TO-DATE
> Task :app:mergeDebugNativeLibs UP-TO-DATE
> Task :app:mergeDebugAndroidTestResources UP-TO-DATE
> Task :app:parseDebugAndroidTestLocalResources UP-TO-DATE
> Task :app:stripDebugDebugSymbols UP-TO-DATE
> Task :app:packageDebugResources UP-TO-DATE
> Task :app:mergeDebugAndroidTestManifest UP-TO-DATE
> Task :app:mergeDebugResources UP-TO-DATE
> Task :app:processDebugMainManifest UP-TO-DATE
> Task :app:mergeExtDexDebug UP-TO-DATE
> Task :app:processDebugAndroidTestManifest UP-TO-DATE
> Task :app:generateDebugAndroidTestRFile UP-TO-DATE
> Task :app:processDebugManifest UP-TO-DATE
> Task :app:parseDebugLocalResources UP-TO-DATE
> Task :app:generateDebugAndroidTestBuildConfig UP-TO-DATE
> Task :app:processDebugManifestForPackage UP-TO-DATE
> Task :app:mergeExtDexDebugAndroidTest UP-TO-DATE
> Task :app:mergeDebugAndroidTestNativeLibs NO-SOURCE
> Task :app:generateDebugRFile UP-TO-DATE
> Task :app:stripDebugAndroidTestDebugSymbols NO-SOURCE
> Task :app:kspDebugKotlin UP-TO-DATE
> Task :app:processDebugResources UP-TO-DATE
> Task :app:processDebugAndroidTestResources UP-TO-DATE
> Task :app:compileDebugKotlin UP-TO-DATE
> Task :app:processDebugJavaRes UP-TO-DATE
> Task :app:compileDebugJavaWithJavac UP-TO-DATE
> Task :app:mergeDebugJavaResource UP-TO-DATE
> Task :app:bundleDebugClassesToCompileJar UP-TO-DATE
> Task :app:kspDebugAndroidTestKotlin SKIPPED
> Task :app:jacocoDebug UP-TO-DATE
> Task :app:dexBuilderDebug UP-TO-DATE
> Task :app:mergeProjectDexDebug UP-TO-DATE
> Task :app:packageDebug UP-TO-DATE
> Task :app:assembleDebug UP-TO-DATE
> Task :app:createDebugApkListingFileRedirect UP-TO-DATE
> Task :app:compileDebugAndroidTestKotlin
> Task :app:processDebugAndroidTestJavaRes UP-TO-DATE
> Task :app:mergeDebugAndroidTestJavaResource UP-TO-DATE
> Task :app:compileDebugAndroidTestJavaWithJavac UP-TO-DATE
> Task :app:copyRoomSchemas NO-SOURCE
> Task :app:dexBuilderDebugAndroidTest
> Task :app:mergeProjectDexDebugAndroidTest
> Task :app:packageDebugAndroidTest
> Task :app:assembleDebugAndroidTest
> Task :app:createDebugAndroidTestApkListingFileRedirect UP-TO-DATE

BUILD SUCCESSFUL in 4s
77 actionable tasks: 4 executed, 73 up-to-date
Configuration cache entry reused.
Android batch 1/18 (graphics, 1 selector(s)).
> Task :app:preBuild UP-TO-DATE
> Task :app:preDebugBuild UP-TO-DATE
> Task :app:generateDebugBuildConfig UP-TO-DATE
> Task :app:generateDebugResValues UP-TO-DATE
> Task :app:generateDebugResources UP-TO-DATE
> Task :app:packageDebugResources UP-TO-DATE
> Task :app:processDebugNavigationResources UP-TO-DATE
> Task :app:parseDebugLocalResources UP-TO-DATE
> Task :app:generateDebugRFile UP-TO-DATE
> Task :app:kspDebugKotlin UP-TO-DATE
> Task :app:compileDebugKotlin UP-TO-DATE
> Task :app:javaPreCompileDebug UP-TO-DATE
> Task :app:compileDebugJavaWithJavac UP-TO-DATE
> Task :app:checkDebugAarMetadata UP-TO-DATE
> Task :app:mapDebugSourceSetPaths UP-TO-DATE
> Task :app:compileDebugNavigationResources UP-TO-DATE
> Task :app:mergeDebugResources UP-TO-DATE
> Task :app:createDebugCompatibleScreenManifests UP-TO-DATE
> Task :app:extractDeepLinksDebug UP-TO-DATE
> Task :app:processDebugMainManifest UP-TO-DATE
> Task :app:processDebugManifest UP-TO-DATE
> Task :app:processDebugManifestForPackage UP-TO-DATE
> Task :app:processDebugResources UP-TO-DATE
> Task :app:bundleDebugClassesToCompileJar UP-TO-DATE
> Task :app:preDebugAndroidTestBuild SKIPPED
> Task :app:mergeDebugAndroidTestManifest UP-TO-DATE
> Task :app:processDebugAndroidTestManifest UP-TO-DATE
> Task :app:generateDebugAndroidTestBuildConfig UP-TO-DATE
> Task :app:generateDebugAndroidTestResValues UP-TO-DATE
> Task :app:generateDebugAndroidTestResources UP-TO-DATE
> Task :app:packageDebugAndroidTestResources UP-TO-DATE
> Task :app:processDebugAndroidTestNavigationResources UP-TO-DATE
> Task :app:parseDebugAndroidTestLocalResources UP-TO-DATE
> Task :app:generateDebugAndroidTestRFile UP-TO-DATE
> Task :app:kspDebugAndroidTestKotlin SKIPPED
> Task :app:compileDebugAndroidTestKotlin UP-TO-DATE
> Task :app:javaPreCompileDebugAndroidTest UP-TO-DATE
> Task :app:compileDebugAndroidTestJavaWithJavac UP-TO-DATE
> Task :app:copyRoomSchemas NO-SOURCE
> Task :app:generateDebugAssets UP-TO-DATE
> Task :app:mergeDebugAssets UP-TO-DATE
> Task :app:compressDebugAssets UP-TO-DATE
> Task :app:generateDebugGlobalSynthetics UP-TO-DATE
> Task :app:generateDebugJacocoPropertiesFile UP-TO-DATE
> Task :app:processDebugJavaRes UP-TO-DATE
> Task :app:mergeDebugJavaResource UP-TO-DATE
> Task :app:checkDebugDuplicateClasses UP-TO-DATE
> Task :app:desugarDebugFileDependencies UP-TO-DATE
> Task :app:mergeExtDexDebug UP-TO-DATE
> Task :app:mergeLibDexDebug UP-TO-DATE
> Task :app:jacocoDebug UP-TO-DATE
> Task :app:dexBuilderDebug UP-TO-DATE
> Task :app:mergeProjectDexDebug UP-TO-DATE
> Task :app:mergeDebugJniLibFolders UP-TO-DATE
> Task :app:mergeDebugNativeLibs UP-TO-DATE
> Task :app:stripDebugDebugSymbols UP-TO-DATE
> Task :app:validateSigningDebug UP-TO-DATE
> Task :app:writeDebugAppMetadata UP-TO-DATE
> Task :app:writeDebugSigningConfigVersions UP-TO-DATE
> Task :app:packageDebug UP-TO-DATE
> Task :app:createDebugApkListingFileRedirect UP-TO-DATE
> Task :app:copyRoomSchemasToAndroidTestAssetsDebugAndroidTest UP-TO-DATE
> Task :app:generateDebugAndroidTestAssets UP-TO-DATE
> Task :app:mergeDebugAndroidTestAssets UP-TO-DATE
> Task :app:compressDebugAndroidTestAssets UP-TO-DATE
> Task :app:generateDebugAndroidTestGlobalSynthetics UP-TO-DATE
> Task :app:processDebugAndroidTestJavaRes UP-TO-DATE
> Task :app:mergeDebugAndroidTestJavaResource UP-TO-DATE
> Task :app:checkDebugAndroidTestDuplicateClasses UP-TO-DATE
> Task :app:desugarDebugAndroidTestFileDependencies UP-TO-DATE
> Task :app:mergeExtDexDebugAndroidTest UP-TO-DATE
> Task :app:mergeLibDexDebugAndroidTest UP-TO-DATE
> Task :app:checkDebugAndroidTestAarMetadata UP-TO-DATE
> Task :app:mapDebugAndroidTestSourceSetPaths UP-TO-DATE
> Task :app:compileDebugAndroidTestNavigationResources UP-TO-DATE
> Task :app:mergeDebugAndroidTestResources UP-TO-DATE
> Task :app:processDebugAndroidTestResources UP-TO-DATE
> Task :app:dexBuilderDebugAndroidTest UP-TO-DATE
> Task :app:mergeProjectDexDebugAndroidTest UP-TO-DATE
> Task :app:mergeDebugAndroidTestJniLibFolders UP-TO-DATE
> Task :app:mergeDebugAndroidTestNativeLibs NO-SOURCE
> Task :app:stripDebugAndroidTestDebugSymbols NO-SOURCE
> Task :app:validateSigningDebugAndroidTest UP-TO-DATE
> Task :app:writeDebugAndroidTestSigningConfigVersions UP-TO-DATE
> Task :app:packageDebugAndroidTest UP-TO-DATE
> Task :app:createDebugAndroidTestApkListingFileRedirect UP-TO-DATE
Starting 44 tests on whip_api34(AVD) - 14
whip_api34(AVD) - 14 Tests 1/44 completed. (0 skipped) (0 failed)
whip_api34(AVD) - 14 Tests 4/44 completed. (0 skipped) (0 failed)
> Task :app:connectedDebugAndroidTest

whip_api34(AVD) - 14 Tests 7/44 completed. (0 skipped) (0 failed)
whip_api34(AVD) - 14 Tests 8/44 completed. (0 skipped) (0 failed)
whip_api34(AVD) - 14 Tests 12/44 completed. (0 skipped) (0 failed)
whip_api34(AVD) - 14 Tests 16/44 completed. (0 skipped) (0 failed)
whip_api34(AVD) - 14 Tests 20/44 completed. (0 skipped) (0 failed)
whip_api34(AVD) - 14 Tests 25/44 completed. (0 skipped) (0 failed)
whip_api34(AVD) - 14 Tests 29/44 completed. (0 skipped) (0 failed)
whip_api34(AVD) - 14 Tests 34/44 completed. (0 skipped) (0 failed)
whip_api34(AVD) - 14 Tests 38/44 completed. (0 skipped) (0 failed)
whip_api34(AVD) - 14 Tests 41/44 completed. (0 skipped) (0 failed)
Finished 44 tests on whip_api34(AVD) - 14

BUILD SUCCESSFUL in 2m 36s
78 actionable tasks: 1 executed, 77 up-to-date
Android batch 1/18 accepted on emulator worker 1.
Android batch 2/18 (ordinary, 10 selector(s)).
> Task :app:preBuild UP-TO-DATE
> Task :app:preDebugBuild UP-TO-DATE
> Task :app:generateDebugBuildConfig UP-TO-DATE
> Task :app:generateDebugResValues UP-TO-DATE
> Task :app:generateDebugResources UP-TO-DATE
> Task :app:packageDebugResources UP-TO-DATE
> Task :app:processDebugNavigationResources UP-TO-DATE
> Task :app:parseDebugLocalResources UP-TO-DATE
> Task :app:generateDebugRFile UP-TO-DATE
> Task :app:kspDebugKotlin UP-TO-DATE
> Task :app:compileDebugKotlin UP-TO-DATE
> Task :app:javaPreCompileDebug UP-TO-DATE
> Task :app:compileDebugJavaWithJavac UP-TO-DATE
> Task :app:checkDebugAarMetadata UP-TO-DATE
> Task :app:mapDebugSourceSetPaths UP-TO-DATE
> Task :app:compileDebugNavigationResources UP-TO-DATE
> Task :app:mergeDebugResources UP-TO-DATE
> Task :app:createDebugCompatibleScreenManifests UP-TO-DATE
> Task :app:extractDeepLinksDebug UP-TO-DATE
> Task :app:processDebugMainManifest UP-TO-DATE
> Task :app:processDebugManifest UP-TO-DATE
> Task :app:processDebugManifestForPackage UP-TO-DATE
> Task :app:processDebugResources UP-TO-DATE
> Task :app:bundleDebugClassesToCompileJar UP-TO-DATE
> Task :app:preDebugAndroidTestBuild SKIPPED
> Task :app:mergeDebugAndroidTestManifest UP-TO-DATE
> Task :app:processDebugAndroidTestManifest UP-TO-DATE
> Task :app:generateDebugAndroidTestBuildConfig UP-TO-DATE
> Task :app:generateDebugAndroidTestResValues UP-TO-DATE
> Task :app:generateDebugAndroidTestResources UP-TO-DATE
> Task :app:packageDebugAndroidTestResources UP-TO-DATE
> Task :app:processDebugAndroidTestNavigationResources UP-TO-DATE
> Task :app:parseDebugAndroidTestLocalResources UP-TO-DATE
> Task :app:generateDebugAndroidTestRFile UP-TO-DATE
> Task :app:kspDebugAndroidTestKotlin SKIPPED
> Task :app:compileDebugAndroidTestKotlin UP-TO-DATE
> Task :app:javaPreCompileDebugAndroidTest UP-TO-DATE
> Task :app:compileDebugAndroidTestJavaWithJavac UP-TO-DATE
> Task :app:copyRoomSchemas NO-SOURCE
> Task :app:generateDebugAssets UP-TO-DATE
> Task :app:mergeDebugAssets UP-TO-DATE
> Task :app:compressDebugAssets UP-TO-DATE
> Task :app:generateDebugGlobalSynthetics UP-TO-DATE
> Task :app:generateDebugJacocoPropertiesFile UP-TO-DATE
> Task :app:processDebugJavaRes UP-TO-DATE
> Task :app:mergeDebugJavaResource UP-TO-DATE
> Task :app:checkDebugDuplicateClasses UP-TO-DATE
> Task :app:desugarDebugFileDependencies UP-TO-DATE
> Task :app:mergeExtDexDebug UP-TO-DATE
> Task :app:mergeLibDexDebug UP-TO-DATE
> Task :app:jacocoDebug UP-TO-DATE
> Task :app:dexBuilderDebug UP-TO-DATE
> Task :app:mergeProjectDexDebug UP-TO-DATE
> Task :app:mergeDebugJniLibFolders UP-TO-DATE
> Task :app:mergeDebugNativeLibs UP-TO-DATE
> Task :app:stripDebugDebugSymbols UP-TO-DATE
> Task :app:validateSigningDebug UP-TO-DATE
> Task :app:writeDebugAppMetadata UP-TO-DATE
> Task :app:writeDebugSigningConfigVersions UP-TO-DATE
> Task :app:packageDebug UP-TO-DATE
> Task :app:createDebugApkListingFileRedirect UP-TO-DATE
> Task :app:copyRoomSchemasToAndroidTestAssetsDebugAndroidTest UP-TO-DATE
> Task :app:generateDebugAndroidTestAssets UP-TO-DATE
> Task :app:mergeDebugAndroidTestAssets UP-TO-DATE
> Task :app:compressDebugAndroidTestAssets UP-TO-DATE
> Task :app:generateDebugAndroidTestGlobalSynthetics UP-TO-DATE
> Task :app:processDebugAndroidTestJavaRes UP-TO-DATE
> Task :app:mergeDebugAndroidTestJavaResource UP-TO-DATE
> Task :app:checkDebugAndroidTestDuplicateClasses UP-TO-DATE
> Task :app:desugarDebugAndroidTestFileDependencies UP-TO-DATE
> Task :app:mergeExtDexDebugAndroidTest UP-TO-DATE
> Task :app:mergeLibDexDebugAndroidTest UP-TO-DATE
> Task :app:checkDebugAndroidTestAarMetadata UP-TO-DATE
> Task :app:mapDebugAndroidTestSourceSetPaths UP-TO-DATE
> Task :app:compileDebugAndroidTestNavigationResources UP-TO-DATE
> Task :app:mergeDebugAndroidTestResources UP-TO-DATE
> Task :app:processDebugAndroidTestResources UP-TO-DATE
> Task :app:dexBuilderDebugAndroidTest UP-TO-DATE
> Task :app:mergeProjectDexDebugAndroidTest UP-TO-DATE
> Task :app:mergeDebugAndroidTestJniLibFolders UP-TO-DATE
> Task :app:mergeDebugAndroidTestNativeLibs NO-SOURCE
> Task :app:stripDebugAndroidTestDebugSymbols NO-SOURCE
> Task :app:validateSigningDebugAndroidTest UP-TO-DATE
> Task :app:writeDebugAndroidTestSigningConfigVersions UP-TO-DATE
> Task :app:packageDebugAndroidTest UP-TO-DATE
> Task :app:createDebugAndroidTestApkListingFileRedirect UP-TO-DATE
Starting 126 tests on whip_api34(AVD) - 14
whip_api34(AVD) - 14 Tests 0/126 completed. (0 skipped) (0 failed)
> Task :app:connectedDebugAndroidTest

whip_api34(AVD) - 14 Tests 1/126 completed. (0 skipped) (0 failed)
whip_api34(AVD) - 14 Tests 2/126 completed. (0 skipped) (0 failed)
whip_api34(AVD) - 14 Tests 3/126 completed. (0 skipped) (0 failed)
whip_api34(AVD) - 14 Tests 4/126 completed. (0 skipped) (0 failed)
whip_api34(AVD) - 14 Tests 5/126 completed. (0 skipped) (0 failed)
whip_api34(AVD) - 14 Tests 7/126 completed. (0 skipped) (0 failed)
whip_api34(AVD) - 14 Tests 10/126 completed. (0 skipped) (0 failed)
whip_api34(AVD) - 14 Tests 11/126 completed. (0 skipped) (0 failed)
whip_api34(AVD) - 14 Tests 12/126 completed. (0 skipped) (0 failed)
whip_api34(AVD) - 14 Tests 13/126 completed. (0 skipped) (0 failed)
whip_api34(AVD) - 14 Tests 14/126 completed. (0 skipped) (0 failed)
whip_api34(AVD) - 14 Tests 15/126 completed. (0 skipped) (0 failed)
whip_api34(AVD) - 14 Tests 16/126 completed. (0 skipped) (0 failed)
whip_api34(AVD) - 14 Tests 17/126 completed. (0 skipped) (0 failed)
whip_api34(AVD) - 14 Tests 18/126 completed. (0 skipped) (0 failed)
whip_api34(AVD) - 14 Tests 19/126 completed. (0 skipped) (0 failed)
whip_api34(AVD) - 14 Tests 21/126 completed. (0 skipped) (0 failed)

com.whip.app.AdaptiveWhipScreenTest > bookFoldUsesHingeAwareSupportPaneAndPersistentNavigation[whip_api34(AVD) - 14] [31mFAILED [0m
	java.lang.AssertionError: Assert failed: The component with TestTag = 'page-title' is not displayed!
	at androidx.compose.ui.test.AssertionsKt.assertIsDisplayed(Assertions.kt:34)
whip_api34(AVD) - 14 Tests 23/126 completed. (0 skipped) (1 failed)
whip_api34(AVD) - 14 Tests 25/126 completed. (0 skipped) (1 failed)
whip_api34(AVD) - 14 Tests 27/126 completed. (0 skipped) (1 failed)
whip_api34(AVD) - 14 Tests 29/126 completed. (0 skipped) (1 failed)
whip_api34(AVD) - 14 Tests 31/126 completed. (0 skipped) (1 failed)
whip_api34(AVD) - 14 Tests 32/126 completed. (0 skipped) (1 failed)
whip_api34(AVD) - 14 Tests 33/126 completed. (0 skipped) (1 failed)
whip_api34(AVD) - 14 Tests 36/126 completed. (0 skipped) (1 failed)
whip_api34(AVD) - 14 Tests 37/126 completed. (0 skipped) (1 failed)
whip_api34(AVD) - 14 Tests 38/126 completed. (0 skipped) (1 failed)
whip_api34(AVD) - 14 Tests 39/126 completed. (0 skipped) (1 failed)
whip_api34(AVD) - 14 Tests 40/126 completed. (0 skipped) (1 failed)
whip_api34(AVD) - 14 Tests 41/126 completed. (0 skipped) (1 failed)

com.whip.app.AdaptiveWhipScreenTest > productivityAndGymWorkspaceNavigationStaysVisibleWhileLoadingOrFailed[whip_api34(AVD) - 14] [31mFAILED [0m
	java.lang.AssertionError: Failed to perform checkIsDisplayed check: Expected at most 1 node but found 2 nodes that satisfy (Text + InputText + EditableText contains 'Loading' (ignoreCase: false) as substring)
	at androidx.compose.ui.test.AndroidAssertions_androidKt.checkIsDisplayed(AndroidAssertions.android.kt:35)
whip_api34(AVD) - 14 Tests 43/126 completed. (0 skipped) (2 failed)
whip_api34(AVD) - 14 Tests 45/126 completed. (0 skipped) (2 failed)
whip_api34(AVD) - 14 Tests 47/126 completed. (0 skipped) (2 failed)
whip_api34(AVD) - 14 Tests 48/126 completed. (0 skipped) (2 failed)
whip_api34(AVD) - 14 Tests 49/126 completed. (0 skipped) (2 failed)
whip_api34(AVD) - 14 Tests 50/126 completed. (0 skipped) (2 failed)
whip_api34(AVD) - 14 Tests 51/126 completed. (0 skipped) (2 failed)
whip_api34(AVD) - 14 Tests 52/126 completed. (0 skipped) (2 failed)

com.whip.app.AdaptiveWhipScreenTest > taskDetailsStayInsideTheContentPaneOnAFlatBookFold[whip_api34(AVD) - 14] [31mFAILED [0m
	java.lang.AssertionError: Failed to perform OnClick action.
	Reason: Expected exactly '1' node but could not find any node that satisfies: (ContentDescription = 'Open task details for Pane-safe task' (ignoreCase: false))
whip_api34(AVD) - 14 Tests 54/126 completed. (0 skipped) (3 failed)
whip_api34(AVD) - 14 Tests 63/126 completed. (0 skipped) (3 failed)
whip_api34(AVD) - 14 Tests 65/126 completed. (0 skipped) (3 failed)
whip_api34(AVD) - 14 Tests 66/126 completed. (0 skipped) (3 failed)
whip_api34(AVD) - 14 Tests 67/126 completed. (0 skipped) (3 failed)
whip_api34(AVD) - 14 Tests 69/126 completed. (0 skipped) (3 failed)
whip_api34(AVD) - 14 Tests 71/126 completed. (0 skipped) (3 failed)
whip_api34(AVD) - 14 Tests 73/126 completed. (0 skipped) (3 failed)
whip_api34(AVD) - 14 Tests 74/126 completed. (0 skipped) (3 failed)
whip_api34(AVD) - 14 Tests 76/126 completed. (0 skipped) (3 failed)
whip_api34(AVD) - 14 Tests 77/126 completed. (0 skipped) (3 failed)
whip_api34(AVD) - 14 Tests 78/126 completed. (0 skipped) (3 failed)
whip_api34(AVD) - 14 Tests 79/126 completed. (0 skipped) (3 failed)
whip_api34(AVD) - 14 Tests 81/126 completed. (0 skipped) (3 failed)
whip_api34(AVD) - 14 Tests 83/126 completed. (0 skipped) (3 failed)
whip_api34(AVD) - 14 Tests 84/126 completed. (0 skipped) (3 failed)
whip_api34(AVD) - 14 Tests 85/126 completed. (0 skipped) (3 failed)
whip_api34(AVD) - 14 Tests 94/126 completed. (0 skipped) (3 failed)
whip_api34(AVD) - 14 Tests 112/126 completed. (0 skipped) (3 failed)
whip_api34(AVD) - 14 Tests 117/126 completed. (0 skipped) (3 failed)
whip_api34(AVD) - 14 Tests 118/126 completed. (0 skipped) (3 failed)

com.whip.app.CoreFeatureJourneyE2ETest > seededFeaturesRenderThroughRealRepositoriesAndSurviveActivityRecreation[whip_api34(AVD) - 14] [31mFAILED [0m
	androidx.compose.ui.test.ComposeTimeoutException: Condition still not satisfied after 5000 ms
	at androidx.compose.ui.test.AndroidComposeUiTestEnvironment$AndroidComposeUiTestImpl.waitUntil(ComposeUiTest.android.kt:901)
whip_api34(AVD) - 14 Tests 122/126 completed. (0 skipped) (4 failed)
Tests on whip_api34(AVD) - 14 failed: There was 4 failure(s).
Finished 126 tests on whip_api34(AVD) - 14
Execute com.whip.app.AdaptiveWhipScreenTest.bookFoldUsesHingeAwareSupportPaneAndPersistentNavigation: FAILED
java.lang.AssertionError: java.lang.AssertionError: Assert failed: The component with TestTag = 'page-title' is not displayed!
at androidx.compose.ui.test.AssertionsKt.assertIsDisplayed(Assertions.kt:34)
at com.whip.app.AdaptiveWhipScreenTest.bookFoldUsesHingeAwareSupportPaneAndPersistentNavigation(AdaptiveWhipScreenTest.kt:737)

java.lang.AssertionError: Assert failed: The component with TestTag = 'page-title' is not displayed!
at androidx.compose.ui.test.AssertionsKt.assertIsDisplayed(Assertions.kt:34)
at com.whip.app.AdaptiveWhipScreenTest.bookFoldUsesHingeAwareSupportPaneAndPersistentNavigation(AdaptiveWhipScreenTest.kt:737)
Execute com.whip.app.AdaptiveWhipScreenTest.productivityAndGymWorkspaceNavigationStaysVisibleWhileLoadingOrFailed: FAILED
java.lang.AssertionError: java.lang.AssertionError: Failed to perform checkIsDisplayed check: Expected at most 1 node but found 2 nodes that satisfy (Text + InputText + EditableText contains 'Loading' (ignoreCase: false) as substring)
at androidx.compose.ui.test.AndroidAssertions_androidKt.checkIsDisplayed(AndroidAssertions.android.kt:35)
at androidx.compose.ui.test.AssertionsKt.isDisplayed(Assertions.kt:380)
at androidx.compose.ui.test.AssertionsKt.assertIsDisplayed(Assertions.kt:33)
at com.whip.app.AdaptiveWhipScreenTest.productivityAndGymWorkspaceNavigationStaysVisibleWhileLoadingOrFailed(AdaptiveWhipScreenTest.kt:189)

java.lang.AssertionError: Failed to perform checkIsDisplayed check: Expected at most 1 node but found 2 nodes that satisfy (Text + InputText + EditableText contains 'Loading' (ignoreCase: false) as substring)
at androidx.compose.ui.test.AndroidAssertions_androidKt.checkIsDisplayed(AndroidAssertions.android.kt:35)
at androidx.compose.ui.test.AssertionsKt.isDisplayed(Assertions.kt:380)
at androidx.compose.ui.test.AssertionsKt.assertIsDisplayed(Assertions.kt:33)
at com.whip.app.AdaptiveWhipScreenTest.productivityAndGymWorkspaceNavigationStaysVisibleWhileLoadingOrFailed(AdaptiveWhipScreenTest.kt:189)
Execute com.whip.app.AdaptiveWhipScreenTest.taskDetailsStayInsideTheContentPaneOnAFlatBookFold: FAILED
java.lang.AssertionError: java.lang.AssertionError: Failed to perform OnClick action.
Reason: Expected exactly '1' node but could not find any node that satisfies: (ContentDescription = 'Open task details for Pane-safe task' (ignoreCase: false))

at androidx.compose.ui.test.SemanticsNodeInteraction.fetchOneOrThrow(SemanticsNodeInteraction.kt:178)
at androidx.compose.ui.test.SemanticsNodeInteraction.fetchOneOrThrow$default(SemanticsNodeInteraction.kt:150)
at androidx.compose.ui.test.SemanticsNodeInteraction.fetchSemanticsNode(SemanticsNodeInteraction.kt:84)
at androidx.compose.ui.test.ActionsKt.performSemanticsAction(Actions.kt:635)
at androidx.compose.ui.test.ActionsKt.performSemanticsAction(Actions.kt:671)
at com.whip.app.AdaptiveWhipScreenTest.taskDetailsStayInsideTheContentPaneOnAFlatBookFold(AdaptiveWhipScreenTest.kt:1084)

java.lang.AssertionError: Failed to perform OnClick action.
Reason: Expected exactly '1' node but could not find any node that satisfies: (ContentDescription = 'Open task details for Pane-safe task' (ignoreCase: false))

at androidx.compose.ui.test.SemanticsNodeInteraction.fetchOneOrThrow(SemanticsNodeInteraction.kt:178)
at androidx.compose.ui.test.SemanticsNodeInteraction.fetchOneOrThrow$default(SemanticsNodeInteraction.kt:150)
at androidx.compose.ui.test.SemanticsNodeInteraction.fetchSemanticsNode(SemanticsNodeInteraction.kt:84)
at androidx.compose.ui.test.ActionsKt.performSemanticsAction(Actions.kt:635)
at androidx.compose.ui.test.ActionsKt.performSemanticsAction(Actions.kt:671)
at com.whip.app.AdaptiveWhipScreenTest.taskDetailsStayInsideTheContentPaneOnAFlatBookFold(AdaptiveWhipScreenTest.kt:1084)
Execute com.whip.app.CoreFeatureJourneyE2ETest.seededFeaturesRenderThroughRealRepositoriesAndSurviveActivityRecreation: FAILED
androidx.compose.ui.test.ComposeTimeoutException: androidx.compose.ui.test.ComposeTimeoutException: Condition still not satisfied after 5000 ms
at androidx.compose.ui.test.AndroidComposeUiTestEnvironment$AndroidComposeUiTestImpl.waitUntil(ComposeUiTest.android.kt:901)
at androidx.compose.ui.test.junit4.AndroidComposeTestRule.waitUntil(AndroidComposeTestRule.android.kt:500)
at com.whip.app.CoreFeatureJourneyE2ETest.seededFeaturesRenderThroughRealRepositoriesAndSurviveActivityRecreation(CoreFeatureJourneyE2ETest.kt:107)

androidx.compose.ui.test.ComposeTimeoutException: Condition still not satisfied after 5000 ms
at androidx.compose.ui.test.AndroidComposeUiTestEnvironment$AndroidComposeUiTestImpl.waitUntil(ComposeUiTest.android.kt:901)
at androidx.compose.ui.test.junit4.AndroidComposeTestRule.waitUntil(AndroidComposeTestRule.android.kt:500)
at com.whip.app.CoreFeatureJourneyE2ETest.seededFeaturesRenderThroughRealRepositoriesAndSurviveActivityRecreation(CoreFeatureJourneyE2ETest.kt:107)

> Task :app:connectedDebugAndroidTest FAILED

FAILURE: Build failed with an exception.

* What went wrong:
Execution failed for task ':app:connectedDebugAndroidTest' (registered by plugin 'com.android.internal.application').
> There were failing tests. See the report at: file:///root/repos/whip/app/build/whip-android-workers/coverage-results-ph5irs-worker-1/reports/index.html

* Try:
> Run with --stacktrace option to get the stack trace.
> Run with --info or --debug option to get more log output.
> Run with --scan to get full insights from a Build Scan (powered by Develocity).
> Get more help at https://help.gradle.org.

BUILD FAILED in 16m 46s
78 actionable tasks: 1 executed, 77 up-to-date
error: Android test inputs or APKs changed during batch 2; discard this campaign
whip_api34_parallel(AVD) - 14 Tests 20/86 completed. (0 skipped) (5 failed)
whip_api34_parallel(AVD) - 14 Tests 21/86 completed. (0 skipped) (5 failed)

com.whip.app.DeepSharedJourneyTest > workspaceSearchAndSavedFilterChildRetainConsistentChrome[whip_api34_parallel(AVD) - 14] [31mFAILED [0m
	java.lang.AssertionError: Assert failed: The component with Text + InputText + EditableText contains 'Repair lookup' (ignoreCase: false) is not displayed!
	at androidx.compose.ui.test.AssertionsKt.assertIsDisplayed(Assertions.kt:34)
whip_api34_parallel(AVD) - 14 Tests 22/86 completed. (0 skipped) (6 failed)
whip_api34_parallel(AVD) - 14 Tests 23/86 completed. (0 skipped) (6 failed)
whip_api34_parallel(AVD) - 14 Tests 24/86 completed. (0 skipped) (6 failed)
whip_api34_parallel(AVD) - 14 Tests 54/86 completed. (0 skipped) (6 failed)
whip_api34_parallel(AVD) - 14 Tests 55/86 completed. (0 skipped) (6 failed)
whip_api34_parallel(AVD) - 14 Tests 56/86 completed. (0 skipped) (6 failed)
whip_api34_parallel(AVD) - 14 Tests 58/86 completed. (0 skipped) (6 failed)
whip_api34_parallel(AVD) - 14 Tests 59/86 completed. (0 skipped) (6 failed)

com.whip.app.ui.EditorDependencyUxTest > repeatSettingsStayBetweenScheduleChoiceAndPlanningFields[whip_api34_parallel(AVD) - 14] [31mFAILED [0m
	java.lang.AssertionError: Action performScrollTo() failed.
	Reason: Expected exactly '1' node but could not find any node that satisfies: (Text + InputText + EditableText contains 'Inbox keeps this Task unscheduled' (ignoreCase: false) as substring)
whip_api34_parallel(AVD) - 14 Tests 61/86 completed. (0 skipped) (7 failed)
whip_api34_parallel(AVD) - 14 Tests 64/86 completed. (0 skipped) (7 failed)

com.whip.app.ui.EditorDependencyUxTest > inboxPlacementIsVisibleAndCannotSaveHiddenReminderData[whip_api34_parallel(AVD) - 14] [31mFAILED [0m
	java.lang.AssertionError: Action performScrollTo() failed.
	Reason: Expected exactly '1' node but could not find any node that satisfies: (Text + InputText + EditableText contains 'Inbox keeps this Task unscheduled' (ignoreCase: false) as substring)
whip_api34_parallel(AVD) - 14 Tests 66/86 completed. (0 skipped) (8 failed)
whip_api34_parallel(AVD) - 14 Tests 67/86 completed. (0 skipped) (8 failed)

com.whip.app.ui.EditorDependencyUxTest > movingScheduledTaskToInboxPreviewsAndClearsConsequences[whip_api34_parallel(AVD) - 14] [31mFAILED [0m
	java.lang.AssertionError: Failed to inject touch input.
	Reason: Expected exactly '1' node but could not find any node that satisfies: (Text + InputText + EditableText contains 'Move to Inbox' (ignoreCase: false))
whip_api34_parallel(AVD) - 14 Tests 69/86 completed. (0 skipped) (9 failed)
whip_api34_parallel(AVD) - 14 Tests 71/86 completed. (0 skipped) (9 failed)
whip_api34_parallel(AVD) - 14 Tests 72/86 completed. (0 skipped) (9 failed)
whip_api34_parallel(AVD) - 14 Tests 73/86 completed. (0 skipped) (9 failed)
whip_api34_parallel(AVD) - 14 Tests 74/86 completed. (0 skipped) (9 failed)
whip_api34_parallel(AVD) - 14 Tests 75/86 completed. (0 skipped) (9 failed)
whip_api34_parallel(AVD) - 14 Tests 76/86 completed. (0 skipped) (9 failed)
whip_api34_parallel(AVD) - 14 Tests 77/86 completed. (0 skipped) (9 failed)
whip_api34_parallel(AVD) - 14 Tests 78/86 completed. (0 skipped) (9 failed)
whip_api34_parallel(AVD) - 14 Tests 79/86 completed. (0 skipped) (9 failed)
whip_api34_parallel(AVD) - 14 Tests 80/86 completed. (0 skipped) (9 failed)
whip_api34_parallel(AVD) - 14 Tests 81/86 completed. (0 skipped) (9 failed)
whip_api34_parallel(AVD) - 14 Tests 82/86 completed. (0 skipped) (9 failed)
whip_api34_parallel(AVD) - 14 Tests 83/86 completed. (0 skipped) (9 failed)
Tests on whip_api34_parallel(AVD) - 14 failed: There was 9 failure(s).
Finished 86 tests on whip_api34_parallel(AVD) - 14
Execute com.whip.app.DataPrivacyJourneyE2ETest.wrongBackupPassphraseExplainsFailureInsideDialogAndRetries: FAILED
java.lang.AssertionError: java.lang.AssertionError: Native document picker should open
at org.junit.Assert.fail(Assert.java:89)
at org.junit.Assert.assertTrue(Assert.java:42)
at com.whip.app.DataPrivacyJourneyE2ETest.awaitDocuments(DataPrivacyJourneyE2ETest.kt:432)
at com.whip.app.DataPrivacyJourneyE2ETest.selectFixture(DataPrivacyJourneyE2ETest.kt:307)
at com.whip.app.DataPrivacyJourneyE2ETest.wrongBackupPassphraseExplainsFailureInsideDialogAndRetries(DataPrivacyJourneyE2ETest.kt:277)

java.lang.AssertionError: Native document picker should open
at org.junit.Assert.fail(Assert.java:89)
at org.junit.Assert.assertTrue(Assert.java:42)
at com.whip.app.DataPrivacyJourneyE2ETest.awaitDocuments(DataPrivacyJourneyE2ETest.kt:432)
at com.whip.app.DataPrivacyJourneyE2ETest.selectFixture(DataPrivacyJourneyE2ETest.kt:307)
at com.whip.app.DataPrivacyJourneyE2ETest.wrongBackupPassphraseExplainsFailureInsideDialogAndRetries(DataPrivacyJourneyE2ETest.kt:277)
Execute com.whip.app.DataPrivacyJourneyE2ETest.backupChoicesRemainClearInLightTheme: FAILED
java.lang.AssertionError: java.lang.AssertionError: Failed to inject touch input.
Reason: Expected exactly '1' node but could not find any node that satisfies: (Text + InputText + EditableText contains 'Unscheduled' (ignoreCase: false))

at androidx.compose.ui.test.SemanticsNodeInteraction.fetchOneOrThrow(SemanticsNodeInteraction.kt:178)
at androidx.compose.ui.test.SemanticsNodeInteraction.fetchOneOrThrow$default(SemanticsNodeInteraction.kt:150)
at androidx.compose.ui.test.SemanticsNodeInteraction.fetchSemanticsNode(SemanticsNodeInteraction.kt:84)
at androidx.compose.ui.test.ActionsKt.performTouchInput(Actions.kt:403)
at androidx.compose.ui.test.AndroidActions.performClickImpl(Actions.android.kt:23)
at androidx.compose.ui.test.ActionsKt.performClick(Actions.kt:61)
at com.whip.app.DataPrivacyJourneyE2ETest.journey(DataPrivacyJourneyE2ETest.kt:421)
at com.whip.app.DataPrivacyJourneyE2ETest.backupChoicesRemainClearInLightTheme(DataPrivacyJourneyE2ETest.kt:58)

java.lang.AssertionError: Failed to inject touch input.
Reason: Expected exactly '1' node but could not find any node that satisfies: (Text + InputText + EditableText contains 'Unscheduled' (ignoreCase: false))

at androidx.compose.ui.test.SemanticsNodeInteraction.fetchOneOrThrow(SemanticsNodeInteraction.kt:178)
at androidx.compose.ui.test.SemanticsNodeInteraction.fetchOneOrThrow$default(SemanticsNodeInteraction.kt:150)
at androidx.compose.ui.test.SemanticsNodeInteraction.fetchSemanticsNode(SemanticsNodeInteraction.kt:84)
at androidx.compose.ui.test.ActionsKt.performTouchInput(Actions.kt:403)
at androidx.compose.ui.test.AndroidActions.performClickImpl(Actions.android.kt:23)
at androidx.compose.ui.test.ActionsKt.performClick(Actions.kt:61)
at com.whip.app.DataPrivacyJourneyE2ETest.journey(DataPrivacyJourneyE2ETest.kt:421)
at com.whip.app.DataPrivacyJourneyE2ETest.backupChoicesRemainClearInLightTheme(DataPrivacyJourneyE2ETest.kt:58)
Execute com.whip.app.DataPrivacyJourneyE2ETest.backupChoicesPreserveRecordsAndSettingsAfterReopening: FAILED
java.lang.AssertionError: java.lang.AssertionError: Failed to inject touch input.
Reason: Expected exactly '1' node but could not find any node that satisfies: (Text + InputText + EditableText contains 'Unscheduled' (ignoreCase: false))

at androidx.compose.ui.test.SemanticsNodeInteraction.fetchOneOrThrow(SemanticsNodeInteraction.kt:178)
at androidx.compose.ui.test.SemanticsNodeInteraction.fetchOneOrThrow$default(SemanticsNodeInteraction.kt:150)
at androidx.compose.ui.test.SemanticsNodeInteraction.fetchSemanticsNode(SemanticsNodeInteraction.kt:84)
at androidx.compose.ui.test.ActionsKt.performTouchInput(Actions.kt:403)
at androidx.compose.ui.test.AndroidActions.performClickImpl(Actions.android.kt:23)
at androidx.compose.ui.test.ActionsKt.performClick(Actions.kt:61)
at com.whip.app.DataPrivacyJourneyE2ETest.journey(DataPrivacyJourneyE2ETest.kt:421)
at com.whip.app.DataPrivacyJourneyE2ETest.backupChoicesPreserveRecordsAndSettingsAfterReopening(DataPrivacyJourneyE2ETest.kt:57)

java.lang.AssertionError: Failed to inject touch input.
Reason: Expected exactly '1' node but could not find any node that satisfies: (Text + InputText + EditableText contains 'Unscheduled' (ignoreCase: false))

at androidx.compose.ui.test.SemanticsNodeInteraction.fetchOneOrThrow(SemanticsNodeInteraction.kt:178)
at androidx.compose.ui.test.SemanticsNodeInteraction.fetchOneOrThrow$default(SemanticsNodeInteraction.kt:150)
at androidx.compose.ui.test.SemanticsNodeInteraction.fetchSemanticsNode(SemanticsNodeInteraction.kt:84)
at androidx.compose.ui.test.ActionsKt.performTouchInput(Actions.kt:403)
at androidx.compose.ui.test.AndroidActions.performClickImpl(Actions.android.kt:23)
at androidx.compose.ui.test.ActionsKt.performClick(Actions.kt:61)
at com.whip.app.DataPrivacyJourneyE2ETest.journey(DataPrivacyJourneyE2ETest.kt:421)
at com.whip.app.DataPrivacyJourneyE2ETest.backupChoicesPreserveRecordsAndSettingsAfterReopening(DataPrivacyJourneyE2ETest.kt:57)
Execute com.whip.app.DeepProductivityJourneyTest.habitAndGoalSearchUsesTheWorkspaceActionAndKeepsCollectionsClear: FAILED
java.lang.AssertionError: java.lang.AssertionError: Action performScrollTo() failed.
Reason: Expected exactly '1' node but could not find any node that satisfies: (TestTag = 'habit-card-13')

at androidx.compose.ui.test.SemanticsNodeInteraction.fetchOneOrThrow(SemanticsNodeInteraction.kt:178)
at androidx.compose.ui.test.SemanticsNodeInteraction.fetchOneOrThrow$default(SemanticsNodeInteraction.kt:150)
at androidx.compose.ui.test.SemanticsNodeInteraction.fetchSemanticsNode(SemanticsNodeInteraction.kt:84)
at androidx.compose.ui.test.ActionsKt.performScrollTo(Actions.kt:82)
at com.whip.app.DeepProductivityJourneyTest.habitAndGoalSearchUsesTheWorkspaceActionAndKeepsCollectionsClear(DeepProductivityJourneyTest.kt:164)

java.lang.AssertionError: Action performScrollTo() failed.
Reason: Expected exactly '1' node but could not find any node that satisfies: (TestTag = 'habit-card-13')

at androidx.compose.ui.test.SemanticsNodeInteraction.fetchOneOrThrow(SemanticsNodeInteraction.kt:178)
at androidx.compose.ui.test.SemanticsNodeInteraction.fetchOneOrThrow$default(SemanticsNodeInteraction.kt:150)
at androidx.compose.ui.test.SemanticsNodeInteraction.fetchSemanticsNode(SemanticsNodeInteraction.kt:84)
at androidx.compose.ui.test.ActionsKt.performScrollTo(Actions.kt:82)
at com.whip.app.DeepProductivityJourneyTest.habitAndGoalSearchUsesTheWorkspaceActionAndKeepsCollectionsClear(DeepProductivityJourneyTest.kt:164)
Execute com.whip.app.DeepProductivityJourneyTest.trackWorkspaceSearchAndSelectionShowConfiguredDetails: FAILED
java.lang.AssertionError: java.lang.AssertionError: No node found that matches ContentDescription = 'More Track Options' (ignoreCase: false) in scrollable container
Semantics of the node:
Node #11121 at (l=0.0, t=724.0, r=1080.0, b=1959.0)px, Tag: 'track-list'
CollectionInfo = 'CollectionInfo(rowCount=8, columnCount=1)'
IsTraversalGroup = 'true'
Shape = 'androidx.compose.foundation.VerticalScrollableClipShape@40bfb70'
VerticalScrollAxisRange = 'ScrollAxisRange(value=1724.0, maxValue=1724.0, reverseScrolling=false)'
Actions = [GetScrollViewportLength, IndexForKey, ScrollBy, ScrollByOffset, ScrollToIndex]
Has 5 children, 4 siblings
Selector used: (TestTag = 'track-list')

at androidx.compose.ui.test.ActionsKt.performScrollToNode(Actions.kt:258)
at com.whip.app.DeepProductivityJourneyTest.inList(DeepProductivityJourneyTest.kt:136)
at com.whip.app.DeepProductivityJourneyTest.trackWorkspaceSearchAndSelectionShowConfiguredDetails(DeepProductivityJourneyTest.kt:220)

java.lang.AssertionError: No node found that matches ContentDescription = 'More Track Options' (ignoreCase: false) in scrollable container
Semantics of the node:
Node #11121 at (l=0.0, t=724.0, r=1080.0, b=1959.0)px, Tag: 'track-list'
CollectionInfo = 'CollectionInfo(rowCount=8, columnCount=1)'
IsTraversalGroup = 'true'
Shape = 'androidx.compose.foundation.VerticalScrollableClipShape@40bfb70'
VerticalScrollAxisRange = 'ScrollAxisRange(value=1724.0, maxValue=1724.0, reverseScrolling=false)'
Actions = [GetScrollViewportLength, IndexForKey, ScrollBy, ScrollByOffset, ScrollToIndex]
Has 5 children, 4 siblings
Selector used: (TestTag = 'track-list')

at androidx.compose.ui.test.ActionsKt.performScrollToNode(Actions.kt:258)
at com.whip.app.DeepProductivityJourneyTest.inList(DeepProductivityJourneyTest.kt:136)
at com.whip.app.DeepProductivityJourneyTest.trackWorkspaceSearchAndSelectionShowConfiguredDetails(DeepProductivityJourneyTest.kt:220)
Execute com.whip.app.DeepSharedJourneyTest.workspaceSearchAndSavedFilterChildRetainConsistentChrome: FAILED
java.lang.AssertionError: java.lang.AssertionError: Assert failed: The component with Text + InputText + EditableText contains 'Repair lookup' (ignoreCase: false) is not displayed!
at androidx.compose.ui.test.AssertionsKt.assertIsDisplayed(Assertions.kt:34)
at com.whip.app.DeepSharedJourneyTest.workspaceSearchAndSavedFilterChildRetainConsistentChrome(DeepSharedJourneyTest.kt:125)

java.lang.AssertionError: Assert failed: The component with Text + InputText + EditableText contains 'Repair lookup' (ignoreCase: false) is not displayed!
at androidx.compose.ui.test.AssertionsKt.assertIsDisplayed(Assertions.kt:34)
at com.whip.app.DeepSharedJourneyTest.workspaceSearchAndSavedFilterChildRetainConsistentChrome(DeepSharedJourneyTest.kt:125)
Execute com.whip.app.ui.EditorDependencyUxTest.repeatSettingsStayBetweenScheduleChoiceAndPlanningFields: FAILED
java.lang.AssertionError: java.lang.AssertionError: Action performScrollTo() failed.
Reason: Expected exactly '1' node but could not find any node that satisfies: (Text + InputText + EditableText contains 'Inbox keeps this Task unscheduled' (ignoreCase: false) as substring)

at androidx.compose.ui.test.SemanticsNodeInteraction.fetchOneOrThrow(SemanticsNodeInteraction.kt:178)
at androidx.compose.ui.test.SemanticsNodeInteraction.fetchOneOrThrow$default(SemanticsNodeInteraction.kt:150)
at androidx.compose.ui.test.SemanticsNodeInteraction.fetchSemanticsNode(SemanticsNodeInteraction.kt:84)
at androidx.compose.ui.test.ActionsKt.performScrollTo(Actions.kt:82)
at com.whip.app.ui.EditorDependencyUxTest.repeatSettingsStayBetweenScheduleChoiceAndPlanningFields(EditorDependencyUxTest.kt:293)

java.lang.AssertionError: Action performScrollTo() failed.
Reason: Expected exactly '1' node but could not find any node that satisfies: (Text + InputText + EditableText contains 'Inbox keeps this Task unscheduled' (ignoreCase: false) as substring)

at androidx.compose.ui.test.SemanticsNodeInteraction.fetchOneOrThrow(SemanticsNodeInteraction.kt:178)
at androidx.compose.ui.test.SemanticsNodeInteraction.fetchOneOrThrow$default(SemanticsNodeInteraction.kt:150)
at androidx.compose.ui.test.SemanticsNodeInteraction.fetchSemanticsNode(SemanticsNodeInteraction.kt:84)
at androidx.compose.ui.test.ActionsKt.performScrollTo(Actions.kt:82)
at com.whip.app.ui.EditorDependencyUxTest.repeatSettingsStayBetweenScheduleChoiceAndPlanningFields(EditorDependencyUxTest.kt:293)
Execute com.whip.app.ui.EditorDependencyUxTest.inboxPlacementIsVisibleAndCannotSaveHiddenReminderData: FAILED
java.lang.AssertionError: java.lang.AssertionError: Action performScrollTo() failed.
Reason: Expected exactly '1' node but could not find any node that satisfies: (Text + InputText + EditableText contains 'Inbox keeps this Task unscheduled' (ignoreCase: false) as substring)

at androidx.compose.ui.test.SemanticsNodeInteraction.fetchOneOrThrow(SemanticsNodeInteraction.kt:178)
at androidx.compose.ui.test.SemanticsNodeInteraction.fetchOneOrThrow$default(SemanticsNodeInteraction.kt:150)
at androidx.compose.ui.test.SemanticsNodeInteraction.fetchSemanticsNode(SemanticsNodeInteraction.kt:84)
at androidx.compose.ui.test.ActionsKt.performScrollTo(Actions.kt:82)
at com.whip.app.ui.EditorDependencyUxTest.inboxPlacementIsVisibleAndCannotSaveHiddenReminderData(EditorDependencyUxTest.kt:356)

java.lang.AssertionError: Action performScrollTo() failed.
Reason: Expected exactly '1' node but could not find any node that satisfies: (Text + InputText + EditableText contains 'Inbox keeps this Task unscheduled' (ignoreCase: false) as substring)

at androidx.compose.ui.test.SemanticsNodeInteraction.fetchOneOrThrow(SemanticsNodeInteraction.kt:178)
at androidx.compose.ui.test.SemanticsNodeInteraction.fetchOneOrThrow$default(SemanticsNodeInteraction.kt:150)
at androidx.compose.ui.test.SemanticsNodeInteraction.fetchSemanticsNode(SemanticsNodeInteraction.kt:84)
at androidx.compose.ui.test.ActionsKt.performScrollTo(Actions.kt:82)
at com.whip.app.ui.EditorDependencyUxTest.inboxPlacementIsVisibleAndCannotSaveHiddenReminderData(EditorDependencyUxTest.kt:356)
Execute com.whip.app.ui.EditorDependencyUxTest.movingScheduledTaskToInboxPreviewsAndClearsConsequences: FAILED
java.lang.AssertionError: java.lang.AssertionError: Failed to inject touch input.
Reason: Expected exactly '1' node but could not find any node that satisfies: (Text + InputText + EditableText contains 'Move to Inbox' (ignoreCase: false))

at androidx.compose.ui.test.SemanticsNodeInteraction.fetchOneOrThrow(SemanticsNodeInteraction.kt:178)
at androidx.compose.ui.test.SemanticsNodeInteraction.fetchOneOrThrow$default(SemanticsNodeInteraction.kt:150)
at androidx.compose.ui.test.SemanticsNodeInteraction.fetchSemanticsNode(SemanticsNodeInteraction.kt:84)
at androidx.compose.ui.test.ActionsKt.performTouchInput(Actions.kt:403)
at androidx.compose.ui.test.AndroidActions.performClickImpl(Actions.android.kt:23)
at androidx.compose.ui.test.ActionsKt.performClick(Actions.kt:61)
at com.whip.app.ui.EditorDependencyUxTest.movingScheduledTaskToInboxPreviewsAndClearsConsequences(EditorDependencyUxTest.kt:413)

java.lang.AssertionError: Failed to inject touch input.
Reason: Expected exactly '1' node but could not find any node that satisfies: (Text + InputText + EditableText contains 'Move to Inbox' (ignoreCase: false))

at androidx.compose.ui.test.SemanticsNodeInteraction.fetchOneOrThrow(SemanticsNodeInteraction.kt:178)
at androidx.compose.ui.test.SemanticsNodeInteraction.fetchOneOrThrow$default(SemanticsNodeInteraction.kt:150)
at androidx.compose.ui.test.SemanticsNodeInteraction.fetchSemanticsNode(SemanticsNodeInteraction.kt:84)
at androidx.compose.ui.test.ActionsKt.performTouchInput(Actions.kt:403)
at androidx.compose.ui.test.AndroidActions.performClickImpl(Actions.android.kt:23)
at androidx.compose.ui.test.ActionsKt.performClick(Actions.kt:61)
at com.whip.app.ui.EditorDependencyUxTest.movingScheduledTaskToInboxPreviewsAndClearsConsequences(EditorDependencyUxTest.kt:413)

> Task :app:connectedDebugAndroidTest FAILED

FAILURE: Build failed with an exception.

* What went wrong:
Execution failed for task ':app:connectedDebugAndroidTest' (registered by plugin 'com.android.internal.application').
> There were failing tests. See the report at: file:///root/repos/whip/app/build/whip-android-workers/coverage-results-ph5irs-worker-2/reports/index.html

* Try:
> Run with --stacktrace option to get the stack trace.
> Run with --info or --debug option to get more log output.
> Run with --scan to get full insights from a Build Scan (powered by Develocity).
> Get more help at https://help.gradle.org.

BUILD FAILED in 19m 15s
78 actionable tasks: 1 executed, 77 up-to-date
error: Android test inputs or APKs changed during batch 3; discard this campaign
error: parallel Android worker failed; results retained in /root/repos/whip/build/coverage-results-PH5IrS
