--------- beginning of crash
09-29 07:44:05.460  2637  2637 E AndroidRuntime: FATAL EXCEPTION: main
09-29 07:44:05.460  2637  2637 E AndroidRuntime: PID: 2637
09-29 07:44:05.460  2637  2637 E AndroidRuntime: java.lang.IllegalStateException: UiAutomationService android.accessibilityservice.IAccessibilityServiceClient$Stub$Proxy@80bb44balready registered!
09-29 07:44:05.460  2637  2637 E AndroidRuntime: 	at android.os.Parcel.createExceptionOrNull(Parcel.java:3065)
09-29 07:44:05.460  2637  2637 E AndroidRuntime: 	at android.os.Parcel.createException(Parcel.java:3041)
09-29 07:44:05.460  2637  2637 E AndroidRuntime: 	at android.os.Parcel.readException(Parcel.java:3024)
09-29 07:44:05.460  2637  2637 E AndroidRuntime: 	at android.os.Parcel.readException(Parcel.java:2966)
09-29 07:44:05.460  2637  2637 E AndroidRuntime: 	at android.view.accessibility.IAccessibilityManager$Stub$Proxy.registerUiTestAutomationService(IAccessibilityManager.java:998)
09-29 07:44:05.460  2637  2637 E AndroidRuntime: 	at android.app.UiAutomationConnection.registerUiTestAutomationServiceLocked(UiAutomationConnection.java:576)
09-29 07:44:05.460  2637  2637 E AndroidRuntime: 	at android.app.UiAutomationConnection.connect(UiAutomationConnection.java:121)
09-29 07:44:05.460  2637  2637 E AndroidRuntime: 	at android.app.UiAutomation.connectWithTimeout(UiAutomation.java:381)
09-29 07:44:05.460  2637  2637 E AndroidRuntime: 	at android.app.UiAutomation.connect(UiAutomation.java:326)
09-29 07:44:05.460  2637  2637 E AndroidRuntime: 	at com.android.uiautomator.core.UiAutomationShellWrapper.connect(UiAutomationShellWrapper.java:31)
09-29 07:44:05.460  2637  2637 E AndroidRuntime: 	at com.android.commands.uiautomator.DumpCommand.run(DumpCommand.java:78)
09-29 07:44:05.460  2637  2637 E AndroidRuntime: 	at com.android.commands.uiautomator.Launcher.main(Launcher.java:83)
09-29 07:44:05.460  2637  2637 E AndroidRuntime: 	at com.android.internal.os.RuntimeInit.nativeFinishInit(Native Method)
09-29 07:44:05.460  2637  2637 E AndroidRuntime: 	at com.android.internal.os.RuntimeInit.main(RuntimeInit.java:359)
09-29 07:44:05.460  2637  2637 E AndroidRuntime: Caused by: android.os.RemoteException: Remote stack trace:
09-29 07:44:05.460  2637  2637 E AndroidRuntime: 	at com.android.server.accessibility.UiAutomationManager.registerUiTestAutomationServiceLocked(UiAutomationManager.java:103)
09-29 07:44:05.460  2637  2637 E AndroidRuntime: 	at com.android.server.accessibility.AccessibilityManagerService.registerUiTestAutomationService(AccessibilityManagerService.java:1422)
09-29 07:44:05.460  2637  2637 E AndroidRuntime: 	at android.view.accessibility.IAccessibilityManager$Stub.onTransact(IAccessibilityManager.java:501)
09-29 07:44:05.460  2637  2637 E AndroidRuntime: 	at android.os.Binder.execTransactInternal(Binder.java:1339)
09-29 07:44:05.460  2637  2637 E AndroidRuntime: 	at android.os.Binder.execTransact(Binder.java:1275)
09-29 07:44:05.460  2637  2637 E AndroidRuntime:
09-29 07:44:05.466  2637  2637 E AndroidRuntime: Error reporting crash
09-29 07:44:05.466  2637  2637 E AndroidRuntime: java.lang.RuntimeException: Bad file descriptor
09-29 07:44:05.466  2637  2637 E AndroidRuntime: 	at android.os.BinderProxy.transactNative(Native Method)
09-29 07:44:05.466  2637  2637 E AndroidRuntime: 	at android.os.BinderProxy.transact(BinderProxy.java:584)
09-29 07:44:05.466  2637  2637 E AndroidRuntime: 	at android.os.IServiceManager$Stub$Proxy.checkService(IServiceManager.java:443)
09-29 07:44:05.466  2637  2637 E AndroidRuntime: 	at android.os.ServiceManagerProxy.getService(ServiceManagerNative.java:63)
09-29 07:44:05.466  2637  2637 E AndroidRuntime: 	at android.os.ServiceManager.rawGetService(ServiceManager.java:378)
09-29 07:44:05.466  2637  2637 E AndroidRuntime: 	at android.os.ServiceManager.getService(ServiceManager.java:147)
09-29 07:44:05.466  2637  2637 E AndroidRuntime: 	at android.app.ActivityManager$3.create(ActivityManager.java:5214)
09-29 07:44:05.466  2637  2637 E AndroidRuntime: 	at android.app.ActivityManager$3.create(ActivityManager.java:5211)
09-29 07:44:05.466  2637  2637 E AndroidRuntime: 	at android.util.Singleton.get(Singleton.java:43)
09-29 07:44:05.466  2637  2637 E AndroidRuntime: 	at android.app.ActivityManager.getService(ActivityManager.java:5202)
09-29 07:44:05.466  2637  2637 E AndroidRuntime: 	at com.android.internal.os.RuntimeInit$KillApplicationHandler.uncaughtException(RuntimeInit.java:160)
09-29 07:44:05.466  2637  2637 E AndroidRuntime: 	at java.lang.ThreadGroup.uncaughtException(ThreadGroup.java:1071)
09-29 07:44:05.466  2637  2637 E AndroidRuntime: 	at java.lang.ThreadGroup.uncaughtException(ThreadGroup.java:1066)
09-29 07:44:05.466  2637  2637 E AndroidRuntime: 	at java.lang.Thread.dispatchUncaughtException(Thread.java:2306)
09-29 10:01:25.879 14507 14525 E AndroidRuntime: FATAL EXCEPTION: DefaultDispatcher-worker-1
09-29 10:01:25.879 14507 14525 E AndroidRuntime: Process: commvne.com.whip.app.benchmark, PID: 14507
09-29 10:01:25.879 14507 14525 E AndroidRuntime: android.database.sqlite.SQLiteBlobTooBigException: Row too big to fit into CursorWindow requiredPos=79546, totalRows=10000
09-29 10:01:25.879 14507 14525 E AndroidRuntime: 	at android.database.sqlite.SQLiteConnection.nativeExecuteForCursorWindow(Native Method)
09-29 10:01:25.879 14507 14525 E AndroidRuntime: 	at android.database.sqlite.SQLiteConnection.executeForCursorWindow(SQLiteConnection.java:1024)
09-29 10:01:25.879 14507 14525 E AndroidRuntime: 	at android.database.sqlite.SQLiteSession.executeForCursorWindow(SQLiteSession.java:838)
09-29 10:01:25.879 14507 14525 E AndroidRuntime: 	at android.database.sqlite.SQLiteQuery.fillWindow(SQLiteQuery.java:62)
09-29 10:01:25.879 14507 14525 E AndroidRuntime: 	at android.database.sqlite.SQLiteCursor.fillWindow(SQLiteCursor.java:153)
09-29 10:01:25.879 14507 14525 E AndroidRuntime: 	at android.database.sqlite.SQLiteCursor.onMove(SQLiteCursor.java:123)
09-29 10:01:25.879 14507 14525 E AndroidRuntime: 	at android.database.AbstractCursor.moveToPosition(AbstractCursor.java:255)
09-29 10:01:25.879 14507 14525 E AndroidRuntime: 	at android.database.AbstractCursor.moveToNext(AbstractCursor.java:287)
09-29 10:01:25.879 14507 14525 E AndroidRuntime: 	at androidx.sqlite.driver.SupportSQLiteStatement$RowSQLiteStatement.step(SupportSQLiteStatement.android.kt:405)
09-29 10:01:25.879 14507 14525 E AndroidRuntime: 	at com.whip.app.data.MeasurementDao_Impl.observeEntries$lambda$0(MeasurementDao_Impl.kt:437)
09-29 10:01:25.879 14507 14525 E AndroidRuntime: 	at com.whip.app.data.MeasurementDao_Impl$$ExternalSyntheticLambda14.invoke(D8$$SyntheticClass:0)
09-29 10:01:25.879 14507 14525 E AndroidRuntime: 	at androidx.room.util.DBUtil__DBUtil_androidKt$performSuspending$lambda$1$$inlined$internalPerform$1.invokeSuspend(DBUtil.kt:173)
09-29 10:01:25.879 14507 14525 E AndroidRuntime: 	at androidx.room.util.DBUtil__DBUtil_androidKt$performSuspending$lambda$1$$inlined$internalPerform$1.invoke(Unknown Source:8)
09-29 10:01:25.879 14507 14525 E AndroidRuntime: 	at androidx.room.util.DBUtil__DBUtil_androidKt$performSuspending$lambda$1$$inlined$internalPerform$1.invoke(Unknown Source:4)
09-29 10:01:25.879 14507 14525 E AndroidRuntime: 	at androidx.room.coroutines.PassthroughConnectionPool$useConnection$2.invokeSuspend(PassthroughConnectionPool.kt:59)
09-29 10:01:25.879 14507 14525 E AndroidRuntime: 	at androidx.room.coroutines.PassthroughConnectionPool$useConnection$2.invoke(Unknown Source:8)
09-29 10:01:25.879 14507 14525 E AndroidRuntime: 	at androidx.room.coroutines.PassthroughConnectionPool$useConnection$2.invoke(Unknown Source:4)
09-29 10:01:25.879 14507 14525 E AndroidRuntime: 	at kotlinx.coroutines.intrinsics.UndispatchedKt.startUndispatchedOrReturn(Undispatched.kt:42)
09-29 10:01:25.879 14507 14525 E AndroidRuntime: 	at kotlinx.coroutines.BuildersKt__Builders_commonKt.withContext(Builders.common.kt:164)
09-29 10:01:25.879 14507 14525 E AndroidRuntime: 	at kotlinx.coroutines.BuildersKt.withContext(Unknown Source:1)
09-29 10:01:25.879 14507 14525 E AndroidRuntime: 	at androidx.room.coroutines.PassthroughConnectionPool.useConnection(PassthroughConnectionPool.kt:59)
09-29 10:01:25.879 14507 14525 E AndroidRuntime: 	at androidx.room.RoomConnectionManager.useConnection(RoomConnectionManager.android.kt:138)
09-29 10:01:25.879 14507 14525 E AndroidRuntime: 	at androidx.room.RoomDatabase.useConnection(RoomDatabase.android.kt:619)
09-29 10:01:25.879 14507 14525 E AndroidRuntime: 	at androidx.room.util.DBUtil__DBUtil_androidKt$performSuspending$$inlined$compatCoroutineExecute$DBUtil__DBUtil_androidKt$1.invokeSuspend(DBUtil.android.kt:261)
09-29 10:01:25.879 14507 14525 E AndroidRuntime: 	at kotlin.coroutines.jvm.internal.BaseContinuationImpl.resumeWith(ContinuationImpl.kt:34)
09-29 10:01:25.879 14507 14525 E AndroidRuntime: 	at kotlinx.coroutines.DispatchedTask.run(DispatchedTask.kt:101)
09-29 10:01:25.879 14507 14525 E AndroidRuntime: 	at java.util.concurrent.ThreadPoolExecutor.runWorker(ThreadPoolExecutor.java:1145)
09-29 10:01:25.879 14507 14525 E AndroidRuntime: 	at java.util.concurrent.ThreadPoolExecutor$Worker.run(ThreadPoolExecutor.java:644)
09-29 10:01:25.879 14507 14525 E AndroidRuntime: 	at java.lang.Thread.run(Thread.java:1012)
09-29 10:01:25.879 14507 14525 E AndroidRuntime: 	Suppressed: kotlinx.coroutines.internal.DiagnosticCoroutineContextException: [StandaloneCoroutine{Cancelling}@3107aba, Dispatchers.Default]
