--------- beginning of crash
09-29 07:44:05.460  2637  2637 E AndroidRuntime: FATAL EXCEPTION: main
09-29 07:44:05.460  2637  2637 E AndroidRuntime: PID: 2637
09-29 07:44:05.460  2637  2637 E AndroidRuntime: java.lang.IllegalStateException: UiAutomationService android.accessibilityservice.IAccessibilityServiceClient$Stub$Proxy@80bb44balready registered!
09-29 07:44:05.460  2637  2637 E AndroidRuntime: 	at android.os.Parcel.createExceptionOrNull(Parcel.java:3065)
09-29 07:44:05.460  2637  2637 E AndroidRuntime: 	at android.os.Parcel.createException(Parcel.java:3041)
09-29 07:44:05.460  2637  2637 E AndroidRuntime: 	at android.os.Parcel.readException(Parcel.java:3024)
09-29 07:44:05.460  2637  2637 E AndroidRuntime: 	at android.os.Parcel.readException(Parcel.java:2966)
09-29 07:44:05.460  2637  2637 E AndroidRuntime: 	at android.view.accessibility.IAccessibilityManager$Stub$Proxy.registerUiTestAutomationService(IAccessibilityManager.java:998)
09-29 07:44:05.460  2637  2637 E AndroidRuntime: 	at android.app.UiAutomationConnection.registerUiTestAutomationServiceLocked(UiAutomationConnection.java:576)
09-29 07:44:05.460  2637  2637 E AndroidRuntime: 	at android.app.UiAutomationConnection.connect(UiAutomationConnection.java:121)
09-29 07:44:05.460  2637  2637 E AndroidRuntime: 	at android.app.UiAutomation.connectWithTimeout(UiAutomation.java:381)
09-29 07:44:05.460  2637  2637 E AndroidRuntime: 	at android.app.UiAutomation.connect(UiAutomation.java:326)
09-29 07:44:05.460  2637  2637 E AndroidRuntime: 	at com.android.uiautomator.core.UiAutomationShellWrapper.connect(UiAutomationShellWrapper.java:31)
09-29 07:44:05.460  2637  2637 E AndroidRuntime: 	at com.android.commands.uiautomator.DumpCommand.run(DumpCommand.java:78)
09-29 07:44:05.460  2637  2637 E AndroidRuntime: 	at com.android.commands.uiautomator.Launcher.main(Launcher.java:83)
09-29 07:44:05.460  2637  2637 E AndroidRuntime: 	at com.android.internal.os.RuntimeInit.nativeFinishInit(Native Method)
09-29 07:44:05.460  2637  2637 E AndroidRuntime: 	at com.android.internal.os.RuntimeInit.main(RuntimeInit.java:359)
09-29 07:44:05.460  2637  2637 E AndroidRuntime: Caused by: android.os.RemoteException: Remote stack trace:
09-29 07:44:05.460  2637  2637 E AndroidRuntime: 	at com.android.server.accessibility.UiAutomationManager.registerUiTestAutomationServiceLocked(UiAutomationManager.java:103)
09-29 07:44:05.460  2637  2637 E AndroidRuntime: 	at com.android.server.accessibility.AccessibilityManagerService.registerUiTestAutomationService(AccessibilityManagerService.java:1422)
09-29 07:44:05.460  2637  2637 E AndroidRuntime: 	at android.view.accessibility.IAccessibilityManager$Stub.onTransact(IAccessibilityManager.java:501)
09-29 07:44:05.460  2637  2637 E AndroidRuntime: 	at android.os.Binder.execTransactInternal(Binder.java:1339)
09-29 07:44:05.460  2637  2637 E AndroidRuntime: 	at android.os.Binder.execTransact(Binder.java:1275)
09-29 07:44:05.460  2637  2637 E AndroidRuntime:
09-29 07:44:05.466  2637  2637 E AndroidRuntime: Error reporting crash
09-29 07:44:05.466  2637  2637 E AndroidRuntime: java.lang.RuntimeException: Bad file descriptor
09-29 07:44:05.466  2637  2637 E AndroidRuntime: 	at android.os.BinderProxy.transactNative(Native Method)
09-29 07:44:05.466  2637  2637 E AndroidRuntime: 	at android.os.BinderProxy.transact(BinderProxy.java:584)
09-29 07:44:05.466  2637  2637 E AndroidRuntime: 	at android.os.IServiceManager$Stub$Proxy.checkService(IServiceManager.java:443)
09-29 07:44:05.466  2637  2637 E AndroidRuntime: 	at android.os.ServiceManagerProxy.getService(ServiceManagerNative.java:63)
09-29 07:44:05.466  2637  2637 E AndroidRuntime: 	at android.os.ServiceManager.rawGetService(ServiceManager.java:378)
09-29 07:44:05.466  2637  2637 E AndroidRuntime: 	at android.os.ServiceManager.getService(ServiceManager.java:147)
09-29 07:44:05.466  2637  2637 E AndroidRuntime: 	at android.app.ActivityManager$3.create(ActivityManager.java:5214)
09-29 07:44:05.466  2637  2637 E AndroidRuntime: 	at android.app.ActivityManager$3.create(ActivityManager.java:5211)
09-29 07:44:05.466  2637  2637 E AndroidRuntime: 	at android.util.Singleton.get(Singleton.java:43)
09-29 07:44:05.466  2637  2637 E AndroidRuntime: 	at android.app.ActivityManager.getService(ActivityManager.java:5202)
09-29 07:44:05.466  2637  2637 E AndroidRuntime: 	at com.android.internal.os.RuntimeInit$KillApplicationHandler.uncaughtException(RuntimeInit.java:160)
09-29 07:44:05.466  2637  2637 E AndroidRuntime: 	at java.lang.ThreadGroup.uncaughtException(ThreadGroup.java:1071)
09-29 07:44:05.466  2637  2637 E AndroidRuntime: 	at java.lang.ThreadGroup.uncaughtException(ThreadGroup.java:1066)
09-29 07:44:05.466  2637  2637 E AndroidRuntime: 	at java.lang.Thread.dispatchUncaughtException(Thread.java:2306)
09-29 10:01:25.879 14507 14525 E AndroidRuntime: FATAL EXCEPTION: DefaultDispatcher-worker-1
09-29 10:01:25.879 14507 14525 E AndroidRuntime: Process: commvne.com.whip.app.benchmark, PID: 14507
09-29 10:01:25.879 14507 14525 E AndroidRuntime: android.database.sqlite.SQLiteBlobTooBigException: Row too big to fit into CursorWindow requiredPos=79546, totalRows=10000
09-29 10:01:25.879 14507 14525 E AndroidRuntime: 	at android.database.sqlite.SQLiteConnection.nativeExecuteForCursorWindow(Native Method)
09-29 10:01:25.879 14507 14525 E AndroidRuntime: 	at android.database.sqlite.SQLiteConnection.executeForCursorWindow(SQLiteConnection.java:1024)
09-29 10:01:25.879 14507 14525 E AndroidRuntime: 	at android.database.sqlite.SQLiteSession.executeForCursorWindow(SQLiteSession.java:838)
09-29 10:01:25.879 14507 14525 E AndroidRuntime: 	at android.database.sqlite.SQLiteQuery.fillWindow(SQLiteQuery.java:62)
09-29 10:01:25.879 14507 14525 E AndroidRuntime: 	at android.database.sqlite.SQLiteCursor.fillWindow(SQLiteCursor.java:153)
09-29 10:01:25.879 14507 14525 E AndroidRuntime: 	at android.database.sqlite.SQLiteCursor.onMove(SQLiteCursor.java:123)
09-29 10:01:25.879 14507 14525 E AndroidRuntime: 	at android.database.AbstractCursor.moveToPosition(AbstractCursor.java:255)
09-29 10:01:25.879 14507 14525 E AndroidRuntime: 	at android.database.AbstractCursor.moveToNext(AbstractCursor.java:287)
09-29 10:01:25.879 14507 14525 E AndroidRuntime: 	at androidx.sqlite.driver.SupportSQLiteStatement$RowSQLiteStatement.step(SupportSQLiteStatement.android.kt:405)
09-29 10:01:25.879 14507 14525 E AndroidRuntime: 	at com.whip.app.data.MeasurementDao_Impl.observeEntries$lambda$0(MeasurementDao_Impl.kt:437)
09-29 10:01:25.879 14507 14525 E AndroidRuntime: 	at com.whip.app.data.MeasurementDao_Impl$$ExternalSyntheticLambda14.invoke(D8$$SyntheticClass:0)
09-29 10:01:25.879 14507 14525 E AndroidRuntime: 	at androidx.room.util.DBUtil__DBUtil_androidKt$performSuspending$lambda$1$$inlined$internalPerform$1.invokeSuspend(DBUtil.kt:173)
09-29 10:01:25.879 14507 14525 E AndroidRuntime: 	at androidx.room.util.DBUtil__DBUtil_androidKt$performSuspending$lambda$1$$inlined$internalPerform$1.invoke(Unknown Source:8)
09-29 10:01:25.879 14507 14525 E AndroidRuntime: 	at androidx.room.util.DBUtil__DBUtil_androidKt$performSuspending$lambda$1$$inlined$internalPerform$1.invoke(Unknown Source:4)
09-29 10:01:25.879 14507 14525 E AndroidRuntime: 	at androidx.room.coroutines.PassthroughConnectionPool$useConnection$2.invokeSuspend(PassthroughConnectionPool.kt:59)
09-29 10:01:25.879 14507 14525 E AndroidRuntime: 	at androidx.room.coroutines.PassthroughConnectionPool$useConnection$2.invoke(Unknown Source:8)
09-29 10:01:25.879 14507 14525 E AndroidRuntime: 	at androidx.room.coroutines.PassthroughConnectionPool$useConnection$2.invoke(Unknown Source:4)
09-29 10:01:25.879 14507 14525 E AndroidRuntime: 	at kotlinx.coroutines.intrinsics.UndispatchedKt.startUndispatchedOrReturn(Undispatched.kt:42)
09-29 10:01:25.879 14507 14525 E AndroidRuntime: 	at kotlinx.coroutines.BuildersKt__Builders_commonKt.withContext(Builders.common.kt:164)
09-29 10:01:25.879 14507 14525 E AndroidRuntime: 	at kotlinx.coroutines.BuildersKt.withContext(Unknown Source:1)
09-29 10:01:25.879 14507 14525 E AndroidRuntime: 	at androidx.room.coroutines.PassthroughConnectionPool.useConnection(PassthroughConnectionPool.kt:59)
09-29 10:01:25.879 14507 14525 E AndroidRuntime: 	at androidx.room.RoomConnectionManager.useConnection(RoomConnectionManager.android.kt:138)
09-29 10:01:25.879 14507 14525 E AndroidRuntime: 	at androidx.room.RoomDatabase.useConnection(RoomDatabase.android.kt:619)
09-29 10:01:25.879 14507 14525 E AndroidRuntime: 	at androidx.room.util.DBUtil__DBUtil_androidKt$performSuspending$$inlined$compatCoroutineExecute$DBUtil__DBUtil_androidKt$1.invokeSuspend(DBUtil.android.kt:261)
09-29 10:01:25.879 14507 14525 E AndroidRuntime: 	at kotlin.coroutines.jvm.internal.BaseContinuationImpl.resumeWith(ContinuationImpl.kt:34)
09-29 10:01:25.879 14507 14525 E AndroidRuntime: 	at kotlinx.coroutines.DispatchedTask.run(DispatchedTask.kt:101)
09-29 10:01:25.879 14507 14525 E AndroidRuntime: 	at java.util.concurrent.ThreadPoolExecutor.runWorker(ThreadPoolExecutor.java:1145)
09-29 10:01:25.879 14507 14525 E AndroidRuntime: 	at java.util.concurrent.ThreadPoolExecutor$Worker.run(ThreadPoolExecutor.java:644)
09-29 10:01:25.879 14507 14525 E AndroidRuntime: 	at java.lang.Thread.run(Thread.java:1012)
09-29 10:01:25.879 14507 14525 E AndroidRuntime: 	Suppressed: kotlinx.coroutines.internal.DiagnosticCoroutineContextException: [StandaloneCoroutine{Cancelling}@3107aba, Dispatchers.Default]
09-29 10:12:59.235 20455 20455 E AndroidRuntime: FATAL EXCEPTION: main
09-29 10:12:59.235 20455 20455 E AndroidRuntime: Process: commvne.com.whip.app.benchmark, PID: 20455
09-29 10:12:59.235 20455 20455 E AndroidRuntime: java.lang.OutOfMemoryError: Failed to allocate a 40 byte allocation with 1337696 free bytes and 1306KB until OOM, target footprint 201326592, growth limit 201326592; giving up on allocation because <1% of heap free after GC.
09-29 10:12:59.235 20455 20455 E AndroidRuntime: 	at android.database.sqlite.SQLiteConnection.nativeGetColumnName(Native Method)
09-29 10:12:59.235 20455 20455 E AndroidRuntime: 	at android.database.sqlite.SQLiteConnection.prepare(SQLiteConnection.java:686)
09-29 10:12:59.235 20455 20455 E AndroidRuntime: 	at android.database.sqlite.SQLiteSession.prepare(SQLiteSession.java:590)
09-29 10:12:59.235 20455 20455 E AndroidRuntime: 	at android.database.sqlite.SQLiteProgram.<init>(SQLiteProgram.java:62)
09-29 10:12:59.235 20455 20455 E AndroidRuntime: 	at android.database.sqlite.SQLiteQuery.<init>(SQLiteQuery.java:37)
09-29 10:12:59.235 20455 20455 E AndroidRuntime: 	at android.database.sqlite.SQLiteDirectCursorDriver.query(SQLiteDirectCursorDriver.java:46)
09-29 10:12:59.235 20455 20455 E AndroidRuntime: 	at android.database.sqlite.SQLiteDatabase.rawQueryWithFactory(SQLiteDatabase.java:1714)
09-29 10:12:59.235 20455 20455 E AndroidRuntime: 	at android.database.sqlite.SQLiteDatabase.rawQueryWithFactory(SQLiteDatabase.java:1689)
09-29 10:12:59.235 20455 20455 E AndroidRuntime: 	at androidx.sqlite.db.framework.FrameworkSQLiteDatabase.query(FrameworkSQLiteDatabase.android.kt:179)
09-29 10:12:59.235 20455 20455 E AndroidRuntime: 	at androidx.sqlite.driver.SupportSQLiteStatement$RowSQLiteStatement.ensureCursor(SupportSQLiteStatement.android.kt:463)
09-29 10:12:59.235 20455 20455 E AndroidRuntime: 	at androidx.sqlite.driver.SupportSQLiteStatement$RowSQLiteStatement.getColumnCount(SupportSQLiteStatement.android.kt:382)
09-29 10:12:59.235 20455 20455 E AndroidRuntime: 	at androidx.room.util.SQLiteStatementUtil__StatementUtilKt.columnIndexOfCommon(StatementUtil.kt:51)
09-29 10:12:59.235 20455 20455 E AndroidRuntime: 	at androidx.room.util.SQLiteStatementUtil.columnIndexOfCommon(Unknown Source:1)
09-29 10:12:59.235 20455 20455 E AndroidRuntime: 	at androidx.room.util.SQLiteStatementUtil__StatementUtil_androidKt.columnIndexOf(StatementUtil.android.kt:31)
09-29 10:12:59.235 20455 20455 E AndroidRuntime: 	at androidx.room.util.SQLiteStatementUtil.columnIndexOf(Unknown Source:1)
09-29 10:12:59.235 20455 20455 E AndroidRuntime: 	at androidx.room.util.SQLiteStatementUtil__StatementUtilKt.getColumnIndexOrThrow(StatementUtil.kt:33)
09-29 10:12:59.235 20455 20455 E AndroidRuntime: 	at androidx.room.util.SQLiteStatementUtil.getColumnIndexOrThrow(Unknown Source:1)
09-29 10:12:59.235 20455 20455 E AndroidRuntime: 	at com.whip.app.data.GymDao_Impl.getSession$lambda$0(GymDao_Impl.kt:3578)
09-29 10:12:59.235 20455 20455 E AndroidRuntime: 	at com.whip.app.data.GymDao_Impl$$ExternalSyntheticLambda51.invoke(D8$$SyntheticClass:0)
09-29 10:12:59.235 20455 20455 E AndroidRuntime: 	at androidx.room.util.DBUtil__DBUtil_androidKt$performSuspending$lambda$1$$inlined$internalPerform$1.invokeSuspend(DBUtil.kt:173)
09-29 10:12:59.235 20455 20455 E AndroidRuntime: 	at androidx.room.util.DBUtil__DBUtil_androidKt$performSuspending$lambda$1$$inlined$internalPerform$1.invoke(Unknown Source:8)
09-29 10:12:59.235 20455 20455 E AndroidRuntime: 	at androidx.room.util.DBUtil__DBUtil_androidKt$performSuspending$lambda$1$$inlined$internalPerform$1.invoke(Unknown Source:4)
09-29 10:12:59.235 20455 20455 E AndroidRuntime: 	at androidx.room.coroutines.PassthroughConnectionPool$useConnection$2.invokeSuspend(PassthroughConnectionPool.kt:59)
09-29 10:12:59.235 20455 20455 E AndroidRuntime: 	at androidx.room.coroutines.PassthroughConnectionPool$useConnection$2.invoke(Unknown Source:8)
09-29 10:12:59.235 20455 20455 E AndroidRuntime: 	at androidx.room.coroutines.PassthroughConnectionPool$useConnection$2.invoke(Unknown Source:4)
09-29 10:12:59.235 20455 20455 E AndroidRuntime: 	at kotlinx.coroutines.intrinsics.UndispatchedKt.startUndispatchedOrReturn(Undispatched.kt:42)
09-29 10:12:59.235 20455 20455 E AndroidRuntime: 	at kotlinx.coroutines.BuildersKt__Builders_commonKt.withContext(Builders.common.kt:164)
09-29 10:12:59.235 20455 20455 E AndroidRuntime: 	at kotlinx.coroutines.BuildersKt.withContext(Unknown Source:1)
09-29 10:12:59.235 20455 20455 E AndroidRuntime: 	at androidx.room.coroutines.PassthroughConnectionPool.useConnection(PassthroughConnectionPool.kt:59)
09-29 10:12:59.235 20455 20455 E AndroidRuntime: 	at androidx.room.RoomConnectionManager.useConnection(RoomConnectionManager.android.kt:138)
09-29 10:12:59.235 20455 20455 E AndroidRuntime: 	at androidx.room.RoomDatabase.useConnection(RoomDatabase.android.kt:619)
09-29 10:12:59.235 20455 20455 E AndroidRuntime: 	at androidx.room.util.DBUtil__DBUtil_androidKt.performSuspending(DBUtil.android.kt:262)
09-29 10:12:59.235 20455 20455 E AndroidRuntime: 	at androidx.room.util.DBUtil.performSuspending(Unknown Source:1)
09-29 10:12:59.235 20455 20455 E AndroidRuntime: 	at com.whip.app.data.GymDao_Impl.getSession(GymDao_Impl.kt:3573)
09-29 10:12:59.235 20455 20455 E AndroidRuntime: 	at com.whip.app.data.RoomRoutineRepository$rebuildPersonalRecords$2.invokeSuspend(RoutineRepository.kt:745)
09-29 10:12:59.235 20455 20455 E AndroidRuntime: 	at com.whip.app.data.RoomRoutineRepository$rebuildPersonalRecords$2.invoke(Unknown Source:8)
09-29 10:12:59.235 20455 20455 E AndroidRuntime: 	at com.whip.app.data.RoomRoutineRepository$rebuildPersonalRecords$2.invoke(Unknown Source:2)
09-29 10:12:59.235 20455 20455 E AndroidRuntime: 	at androidx.room.RoomDatabaseKt__RoomDatabase_androidKt$withTransaction$2.invokeSuspend(RoomDatabase.android.kt:2044)
09-29 10:12:59.235 20455 20455 E AndroidRuntime: 	at androidx.room.RoomDatabaseKt__RoomDatabase_androidKt$withTransaction$2.invoke(Unknown Source:8)
09-29 10:12:59.240 20455 20455 E AndroidRuntime: 	at androidx.room.RoomDatabaseKt__RoomDatabase_androidKt$withTransaction$2.invoke(Unknown Source:2)
09-29 10:12:59.240 20455 20455 E AndroidRuntime: 	at androidx.room.RoomDatabaseKt__RoomDatabase_androidKt$withTransactionContext$transactionBlock$1.invokeSuspend(RoomDatabase.android.kt:2058)
09-29 10:12:59.240 20455 20455 E AndroidRuntime: 	at androidx.room.RoomDatabaseKt__RoomDatabase_androidKt$withTransactionContext$transactionBlock$1.invoke(Unknown Source:8)
09-29 10:12:59.240 20455 20455 E AndroidRuntime: 	at androidx.room.RoomDatabaseKt__RoomDatabase_androidKt$withTransactionContext$transactionBlock$1.invoke(Unknown Source:4)
09-29 10:12:59.240 20455 20455 E AndroidRuntime: 	at kotlinx.coroutines.intrinsics.UndispatchedKt.startUndispatchedOrReturn(Undispatched.kt:42)
09-29 10:12:59.240 20455 20455 E AndroidRuntime: 	at kotlinx.coroutines.BuildersKt__Builders_commonKt.withContext(Builders.common.kt:164)
09-29 10:12:59.240 20455 20455 E AndroidRuntime: 	at kotlinx.coroutines.BuildersKt.withContext(Unknown Source:1)
09-29 10:12:59.240 20455 20455 E AndroidRuntime: 	at androidx.room.RoomDatabaseKt__RoomDatabase_androidKt$startTransactionCoroutine$2$1$1.invokeSuspend(RoomDatabase.android.kt:2087)
09-29 10:12:59.240 20455 20455 E AndroidRuntime: 	at kotlin.coroutines.jvm.internal.BaseContinuationImpl.resumeWith(ContinuationImpl.kt:34)
09-29 10:12:59.240 20455 20455 E AndroidRuntime: 	at kotlinx.coroutines.DispatchedTask.run(DispatchedTask.kt:101)
09-29 10:12:59.240 20455 20455 E AndroidRuntime: 	at kotlinx.coroutines.EventLoopImplBase.processNextEvent(EventLoop.common.kt:263)
09-29 10:12:59.240 20455 20455 E AndroidRuntime: 	at kotlinx.coroutines.BlockingCoroutine.joinBlocking(Builders.kt:95)
09-29 10:12:59.240 20455 20455 E AndroidRuntime: 	at kotlinx.coroutines.BuildersKt__BuildersKt.runBlocking(Builders.kt:69)
09-29 10:12:59.240 20455 20455 E AndroidRuntime: 	at kotlinx.coroutines.BuildersKt.runBlocking(Unknown Source:1)
09-29 10:12:59.240 20455 20455 E AndroidRuntime: 	at androidx.room.RoomDatabaseKt__RoomDatabase_androidKt$startTransactionCoroutine$2$1.run(RoomDatabase.android.kt:2084)
09-29 10:12:59.240 20455 20455 E AndroidRuntime: 	at androidx.room.TransactionExecutor.execute$lambda$1$lambda$0(TransactionExecutor.android.kt:38)
09-29 10:12:59.240 20455 20455 E AndroidRuntime: 	at androidx.room.TransactionExecutor$$ExternalSyntheticLambda0.run(D8$$SyntheticClass:0)
09-29 10:12:59.240 20455 20455 E AndroidRuntime: 	at java.util.concurrent.ThreadPoolExecutor.runWorker(ThreadPoolExecutor.java:1145)
09-29 10:12:59.240 20455 20455 E AndroidRuntime: 	at java.util.concurrent.ThreadPoolExecutor$Worker.run(ThreadPoolExecutor.java:644)
09-29 10:12:59.240 20455 20455 E AndroidRuntime: 	at java.lang.Thread.run(Thread.java:1012)
09-29 10:12:59.240 20455 20455 E AndroidRuntime: 	Suppressed: kotlinx.coroutines.internal.DiagnosticCoroutineContextException: [StandaloneCoroutine{Cancelling}@aac5ea6, Dispatchers.Main.immediate]
