> Task :app:preBuild UP-TO-DATE
> Task :benchmark:preBuild UP-TO-DATE
> Task :benchmark:preBenchmarkBuild UP-TO-DATE
> Task :app:preBenchmarkBuild UP-TO-DATE
> Task :benchmark:generateBenchmarkResources
> Task :benchmark:packageBenchmarkResources
> Task :app:mergeBenchmarkArtProfile UP-TO-DATE
> Task :app:desugarBenchmarkFileDependencies UP-TO-DATE
> Task :benchmark:processBenchmarkNavigationResources
> Task :app:generateBenchmarkBuildConfig UP-TO-DATE
> Task :app:generateBenchmarkResValues UP-TO-DATE
> Task :app:generateBenchmarkResources UP-TO-DATE
> Task :benchmark:javaPreCompileBenchmark
> Task :benchmark:generateBenchmarkAssets UP-TO-DATE
> Task :app:packageBenchmarkResources UP-TO-DATE
> Task :benchmark:parseBenchmarkLocalResources
> Task :app:processBenchmarkNavigationResources UP-TO-DATE
> Task :app:parseBenchmarkLocalResources UP-TO-DATE
> Task :app:generateBenchmarkRFile UP-TO-DATE
> Task :app:kspBenchmarkKotlin UP-TO-DATE
> Task :app:compileBenchmarkKotlin UP-TO-DATE
> Task :app:javaPreCompileBenchmark UP-TO-DATE
> Task :app:compileBenchmarkJavaWithJavac UP-TO-DATE
> Task :app:checkBenchmarkAarMetadata UP-TO-DATE
> Task :app:mapBenchmarkSourceSetPaths UP-TO-DATE
> Task :app:compileBenchmarkNavigationResources UP-TO-DATE
> Task :benchmark:mergeBenchmarkAssets
> Task :app:mergeBenchmarkResources UP-TO-DATE
> Task :app:createBenchmarkCompatibleScreenManifests UP-TO-DATE
> Task :app:extractDeepLinksBenchmark UP-TO-DATE
> Task :benchmark:generateBenchmarkRFile
> Task :app:processBenchmarkMainManifest UP-TO-DATE
> Task :app:processBenchmarkManifest UP-TO-DATE
> Task :app:processBenchmarkManifestForPackage UP-TO-DATE
> Task :app:processBenchmarkResources UP-TO-DATE
> Task :app:dexBuilderBenchmark UP-TO-DATE
> Task :app:mergeBenchmarkGlobalSynthetics UP-TO-DATE
> Task :app:checkBenchmarkDuplicateClasses UP-TO-DATE
> Task :app:mergeBenchmarkStartupProfile UP-TO-DATE
> Task :app:mergeExtDexBenchmark UP-TO-DATE
> Task :app:mergeDexBenchmark UP-TO-DATE
> Task :app:compileBenchmarkArtProfile UP-TO-DATE
> Task :app:copyRoomSchemas NO-SOURCE
> Task :app:generateBenchmarkAssets UP-TO-DATE
> Task :benchmark:extractProguardFiles
> Task :app:mergeBenchmarkAssets UP-TO-DATE
> Task :app:compressBenchmarkAssets UP-TO-DATE
> Task :app:extractBenchmarkVersionControlInfo UP-TO-DATE
> Task :app:extractProguardFiles UP-TO-DATE
> Task :benchmark:checkBenchmarkDuplicateClasses
> Task :app:generateBenchmarkLintVitalReportModel UP-TO-DATE
> Task :app:lintVitalAnalyzeBenchmark UP-TO-DATE
> Task :benchmark:mergeBenchmarkManifest
> Task :app:lintVitalReportBenchmark UP-TO-DATE
> Task :benchmark:processBenchmarkManifest
> Task :app:lintVitalBenchmark
> Task :app:processBenchmarkJavaRes UP-TO-DATE
> Task :benchmark:mapBenchmarkSourceSetPaths
> Task :app:mergeBenchmarkJavaResource UP-TO-DATE
> Task :benchmark:checkBenchmarkAarMetadata
> Task :app:optimizeBenchmarkResources UP-TO-DATE
> Task :app:collectBenchmarkDependencies UP-TO-DATE
> Task :app:sdkBenchmarkDependencyData UP-TO-DATE
> Task :app:mergeBenchmarkJniLibFolders UP-TO-DATE
> Task :app:mergeBenchmarkNativeLibs UP-TO-DATE
> Task :app:stripBenchmarkDebugSymbols UP-TO-DATE
> Task :benchmark:compileBenchmarkNavigationResources
> Task :app:validateSigningBenchmark UP-TO-DATE
> Task :app:writeBenchmarkAppMetadata UP-TO-DATE
> Task :app:writeBenchmarkSigningConfigVersions UP-TO-DATE
> Task :app:packageBenchmark UP-TO-DATE
> Task :app:createBenchmarkApkListingFileRedirect UP-TO-DATE
> Task :benchmark:mergeBenchmarkJniLibFolders
> Task :benchmark:validateSigningBenchmark
> Task :benchmark:writeBenchmarkSigningConfigVersions
> Task :benchmark:mergeBenchmarkResources
> Task :benchmark:mergeBenchmarkNativeLibs
> Task :benchmark:compressBenchmarkAssets
> Task :benchmark:compileBenchmarkKotlin
> Task :benchmark:compileBenchmarkJavaWithJavac NO-SOURCE
> Task :benchmark:processBenchmarkJavaRes

> Task :benchmark:stripBenchmarkDebugSymbols
Unable to strip the following libraries, packaging them as they are: libbenchmarkNative.so, libtracing_perfetto.so. Run with --info option to learn more.

> Task :benchmark:processBenchmarkResources
> Task :benchmark:mergeBenchmarkJavaResource
> Task :benchmark:minifyBenchmarkWithR8
> Task :benchmark:packageBenchmark
> Task :benchmark:createBenchmarkApkListingFileRedirect
Starting 2 tests on whip_release_api34(AVD) - 14
whip_release_api34(AVD) - 14 Tests 0/2 completed. (0 skipped) (0 failed)
> Task :benchmark:connectedBenchmarkAndroidTest


com.whip.benchmark.DenseDataBenchmark > goalAndGymGraphsWithOneHundredThousandPoints[whip_release_api34(AVD) - 14] [31mFAILED [0m
	java.lang.IllegalStateException: Benchmark UI did not provide a stable Gym navigation item
	<?xml version='1.0' encoding='UTF-8' standalone='yes' ?>
whip_release_api34(AVD) - 14 Tests 1/2 completed. (0 skipped) (1 failed)
Tests on whip_release_api34(AVD) - 14 failed: There was 1 failure(s).
Finished 2 tests on whip_release_api34(AVD) - 14
Execute com.whip.benchmark.DenseDataBenchmark.goalAndGymGraphsWithOneHundredThousandPoints: FAILED
java.lang.IllegalStateException: java.lang.IllegalStateException: Benchmark UI did not provide a stable Gym navigation item
<?xml version='1.0' encoding='UTF-8' standalone='yes' ?>
<hierarchy rotation="0">
<node index="0" text="" resource-id="" class="android.widget.FrameLayout" package="com.android.systemui" content-desc="" checkable="false" checked="false" clickable="false" enabled="true" focusable="false" focused="false" scrollable="false" long-clickable="false" password="false" selected="false" visible-to-user="true" bounds="[0,0][1080,132]" drawing-order="0" hint="" display-id="0">
<node index="0" text="" resource-id="com.android.systemui:id/status_bar_launch_animation_container" class="android.widget.FrameLayout" package="com.android.systemui" content-desc="" checkable="false" checked="false" clickable="false" enabled="true" focusable="false" focused="false" scrollable="false" long-clickable="false" password="false" selected="false" visible-to-user="true" bounds="[0,0][1080,132]" drawing-order="1" hint="" display-id="0" />
<node index="1" text="" resource-id="com.android.systemui:id/container" class="android.widget.FrameLayout" package="com.android.systemui" content-desc="" checkable="false" checked="false" clickable="false" enabled="true" focusable="false" focused="false" scrollable="false" long-clickable="false" password="false" selected="false" visible-to-user="true" bounds="[0,0][1080,132]" drawing-order="3" hint="" display-id="0" />
<node index="2" text="" resource-id="com.android.systemui:id/status_bar_container" class="android.widget.FrameLayout" package="com.android.systemui" content-desc="" checkable="false" checked="false" clickable="false" enabled="true" focusable="false" focused="false" scrollable="false" long-clickable="false" password="false" selected="false" visible-to-user="true" bounds="[0,0][1080,132]" drawing-order="2" hint="" display-id="0">
<node index="0" text="" resource-id="com.android.systemui:id/status_bar" class="android.widget.FrameLayout" package="com.android.systemui" content-desc="" checkable="false" checked="false" clickable="false" enabled="true" focusable="false" focused="false" scrollable="false" long-clickable="false" password="false" selected="false" visible-to-user="true" bounds="[0,0][1080,132]" drawing-order="1" hint="" display-id="0">
<node index="0" text="" resource-id="com.android.systemui:id/status_bar_contents" class="android.widget.LinearLayout" package="com.android.systemui" content-desc="" checkable="false" checked="false" clickable="false" enabled="true" focusable="false" focused="false" scrollable="false" long-clickable="false" password="false" selected="false" visible-to-user="true" bounds="[0,0][1027,132]" drawing-order="2" hint="" display-id="0">
<node index="0" text="" resource-id="com.android.systemui:id/status_bar_start_side_container" class="android.widget.FrameLayout" package="com.android.systemui" content-desc="" checkable="false" checked="false" clickable="false" enabled="true" focusable="false" focused="false" scrollable="false" long-clickable="false" password="false" selected="false" visible-to-user="true" bounds="[42,1][463,132]" drawing-order="1" hint="" display-id="0">
<node index="0" text="" resource-id="com.android.systemui:id/status_bar_start_side_content" class="android.widget.FrameLayout" package="com.android.systemui" content-desc="" checkable="false" checked="false" clickable="false" enabled="true" focusable="false" focused="false" scrollable="false" long-clickable="false" password="false" selected="false" visible-to-user="true" bounds="[42,1][208,132]" drawing-order="1" hint="" display-id="0">
<node index="0" text="" resource-id="com.android.systemui:id/status_bar_start_side_except_heads_up" class="android.widget.LinearLayout" package="com.android.systemui" content-desc="" checkable="false" checked="false" clickable="false" enabled="true" focusable="false" focused="false" scrollable="false" long-clickable="false" password="false" selected="false" visible-to-user="true" bounds="[42,1][208,132]" drawing-order="2" hint="" display-id="0">
<node index="0" text="10:46 " resource-id="com.android.systemui:id/clock" class="android.widget.TextView" package="com.android.systemui" content-desc="10:46 AM" checkable="false" checked="false" clickable="false" enabled="true" focusable="false" focused="false" scrollable="false" long-clickable="false" password="false" selected="false" visible-to-user="true" bounds="[42,1][150,132]" drawing-order="2" hint="" display-id="0" />
<node index="1" text="" resource-id="com.android.systemui:id/notification_icon_area" class="android.widget.FrameLayout" package="com.android.systemui" content-desc="" checkable="false" checked="false" clickable="false" enabled="true" focusable="false" focused="false" scrollable="false" long-clickable="false" password="false" selected="false" visible-to-user="true" bounds="[150,1][208,132]" drawing-order="4" hint="" display-id="0">
<node index="0" text="" resource-id="com.android.systemui:id/notificationIcons" class="android.view.ViewGroup" package="com.android.systemui" content-desc="" checkable="false" checked="false" clickable="false" enabled="true" focusable="false" focused="false" scrollable="false" long-clickable="false" password="false" selected="false" visible-to-user="true" bounds="[150,1][208,132]" drawing-order="1" hint="" display-id="0">
<node index="0" text="" resource-id="" class="android.widget.ImageView" package="com.android.systemui" content-desc="Android System notification: Serial console enabled" checkable="false" checked="false" clickable="false" enabled="true" focusable="false" focused="false" scrollable="false" long-clickable="false" password="false" selected="false" visible-to-user="true" bounds="[150,1][208,132]" drawing-order="1" hint="" display-id="0" />
</node>
</node>
</node>
</node>
</node>
<node index="1" text="" resource-id="com.android.systemui:id/cutout_space_view" class="android.view.View" package="com.android.systemui" content-desc="" checkable="false" checked="false" clickable="false" enabled="true" focusable="false" focused="false" scrollable="false" long-clickable="false" password="false" selected="false" visible-to-user="true" bounds="[463,1][585,132]" drawing-order="2" hint="" display-id="0" />
<node index="2" text="" resource-id="com.android.systemui:id/status_bar_end_side_container" class="android.widget.FrameLayout" package="com.android.systemui" content-desc="" checkable="false" checked="false" clickable="false" enabled="true" focusable="false" focused="false" scrollable="false" long-clickable="false" password="false" selected="false" visible-to-user="true" bounds="[585,1][1006,132]" drawing-order="3" hint="" display-id="0">
<node index="0" text="" resource-id="com.android.systemui:id/status_bar_end_side_content" class="android.widget.LinearLayout" package="com.android.systemui" content-desc="" checkable="false" checked="false" clickable="false" enabled="true" focusable="false" focused="false" scrollable="false" long-clickable="false" password="false" selected="false" visible-to-user="true" bounds="[885,1][1006,132]" drawing-order="1" hint="" display-id="0">
<node index="0" text="" resource-id="com.android.systemui:id/system_icons" class="android.widget.LinearLayout" package="com.android.systemui" content-desc="" checkable="false" checked="false" clickable="false" enabled="true" focusable="false" focused="false" scrollable="false" long-clickable="false" password="false" selected="false" visible-to-user="true" bounds="[885,1][1006,132]" drawing-order="2" hint="" display-id="0">
<node index="0" text="" resource-id="com.android.systemui:id/statusIcons" class="android.widget.LinearLayout" package="com.android.systemui" content-desc="" checkable="false" checked="false" clickable="false" enabled="true" focusable="false" focused="false" scrollable="false" long-clickable="false" password="false" selected="false" visible-to-user="true" bounds="[885,1][986,132]" drawing-order="1" hint="" display-id="0">
<node index="0" text="" resource-id="com.android.systemui:id/wifi_combo" class="android.widget.FrameLayout" package="com.android.systemui" content-desc="" checkable="false" checked="false" clickable="false" enabled="true" focusable="false" focused="false" scrollable="false" long-clickable="false" password="false" selected="false" visible-to-user="true" bounds="[885,37][931,95]" drawing-order="13" hint="" display-id="0">
<node index="0" text="" resource-id="com.android.systemui:id/wifi_group" class="android.widget.LinearLayout" package="com.android.systemui" content-desc="" checkable="false" checked="false" clickable="false" enabled="true" focusable="false" focused="false" scrollable="false" long-clickable="false" password="false" selected="false" visible-to-user="true" bounds="[892,37][931,95]" drawing-order="1" hint="" display-id="0">
<node index="0" text="" resource-id="com.android.systemui:id/wifi_combo" class="android.widget.FrameLayout" package="com.android.systemui" content-desc="" checkable="false" checked="false" clickable="false" enabled="true" focusable="false" focused="false" scrollable="false" long-clickable="false" password="false" selected="false" visible-to-user="true" bounds="[892,46][931,85]" drawing-order="2" hint="" display-id="0">
<node index="0" text="" resource-id="com.android.systemui:id/wifi_signal" class="android.widget.ImageView" package="com.android.systemui" content-desc="Wifi signal full." checkable="false" checked="false" clickable="false" enabled="true" focusable="false" focused="false" scrollable="false" long-clickable="false" password="false" selected="false" visible-to-user="true" bounds="[892,46][931,85]" drawing-order="1" hint="" display-id="0" />
</node>
</node>
</node>
<node index="1" text="" resource-id="com.android.systemui:id/mobile_combo" class="android.widget.FrameLayout" package="com.android.systemui" content-desc="Phone signal full." checkable="false" checked="false" clickable="false" enabled="true" focusable="false" focused="false" scrollable="false" long-clickable="false" password="false" selected="false" visible-to-user="true" bounds="[931,37][970,95]" drawing-order="15" hint="" display-id="0">
<node index="0" text="" resource-id="com.android.systemui:id/mobile_group" class="android.widget.LinearLayout" package="com.android.systemui" content-desc="" checkable="false" checked="false" clickable="false" enabled="true" focusable="false" focused="false" scrollable="false" long-clickable="false" password="false" selected="false" visible-to-user="true" bounds="[931,37][970,95]" drawing-order="1" hint="" display-id="0">
<node index="0" text="" resource-id="" class="android.widget.FrameLayout" package="com.android.systemui" content-desc="" checkable="false" checked="false" clickable="false" enabled="true" focusable="false" focused="false" scrollable="false" long-clickable="false" password="false" selected="false" visible-to-user="true" bounds="[931,46][970,85]" drawing-order="4" hint="" display-id="0">
<node index="0" text="" resource-id="com.android.systemui:id/mobile_signal" class="android.widget.ImageView" package="com.android.systemui" content-desc="" checkable="false" checked="false" clickable="false" enabled="true" focusable="false" focused="false" scrollable="false" long-clickable="false" password="false" selected="false" visible-to-user="true" bounds="[931,46][970,85]" drawing-order="1" hint="" display-id="0" />
</node>
</node>
</node>
</node>
<node index="1" text="" resource-id="com.android.systemui:id/battery" class="android.widget.LinearLayout" package="com.android.systemui" content-desc="Battery charging, 100 percent." checkable="false" checked="false" clickable="false" enabled="true" focusable="false" focused="false" scrollable="false" long-clickable="false" password="false" selected="false" visible-to-user="true" bounds="[986,1][1006,132]" drawing-order="2" hint="" display-id="0">
<node index="0" text="" resource-id="" class="android.widget.ImageView" package="com.android.systemui" content-desc="" checkable="false" checked="false" clickable="false" enabled="true" focusable="false" focused="false" scrollable="false" long-clickable="false" password="false" selected="false" visible-to-user="true" bounds="[986,49][1006,83]" drawing-order="1" hint="" display-id="0" />
</node>
</node>
</node>
</node>
</node>
</node>
</node>
</node>
<node index="0" text="" resource-id="" class="android.widget.FrameLayout" package="commvne.com.whip.app.benchmark" content-desc="" checkable="false" checked="false" clickable="false" enabled="true" focusable="false" focused="false" scrollable="false" long-clickable="false" password="false" selected="false" visible-to-user="true" bounds="[0,132][1080,2274]" drawing-order="0" hint="" display-id="0">
<node index="0" text="" resource-id="" class="android.widget.FrameLayout" package="commvne.com.whip.app.benchmark" content-desc="" checkable="false" checked="false" clickable="false" enabled="true" focusable="false" focused="false" scrollable="false" long-clickable="false" password="false" selected="false" visible-to-user="true" bounds="[0,132][1080,2274]" drawing-order="1" hint="" display-id="0">
<node index="0" text="" resource-id="android:id/content" class="android.widget.FrameLayout" package="commvne.com.whip.app.benchmark" content-desc="" checkable="false" checked="false" clickable="false" enabled="true" focusable="false" focused="false" scrollable="false" long-clickable="false" password="false" selected="false" visible-to-user="true" bounds="[0,132][1080,2274]" drawing-order="1" hint="" display-id="0">
<node index="0" text="" resource-id="" class="android.view.ViewGroup" package="commvne.com.whip.app.benchmark" content-desc="" checkable="false" checked="false" clickable="false" enabled="true" focusable="false" focused="false" scrollable="false" long-clickable="false" password="false" selected="false" visible-to-user="true" bounds="[0,132][1080,2274]" drawing-order="1" hint="" display-id="0">
<node index="0" text="" resource-id="" class="android.view.View" package="commvne.com.whip.app.benchmark" content-desc="" checkable="false" checked="false" clickable="false" enabled="true" focusable="false" focused="false" scrollable="false" long-clickable="false" password="false" selected="false" visible-to-user="true" bounds="[0,132][1080,2274]" drawing-order="0" hint="" display-id="0">
<node index="0" text="" resource-id="" class="android.view.View" package="commvne.com.whip.app.benchmark" content-desc="" checkable="false" checked="false" clickable="false" enabled="true" focusable="false" focused="false" scrollable="false" long-clickable="false" password="false" selected="false" visible-to-user="true" bounds="[0,132][1080,2274]" drawing-order="0" hint="" display-id="0">
<node index="0" text="" resource-id="" class="android.view.View" package="commvne.com.whip.app.benchmark" content-desc="" checkable="false" checked="false" clickable="false" enabled="true" focusable="false" focused="false" scrollable="false" long-clickable="false" password="false" selected="false" visible-to-user="true" bounds="[33,258][1048,2148]" drawing-order="0" hint="" display-id="0">
<node index="0" text="" resource-id="" class="android.view.View" package="commvne.com.whip.app.benchmark" content-desc="" checkable="false" checked="false" clickable="false" enabled="true" focusable="false" focused="false" scrollable="false" long-clickable="false" password="false" selected="false" visible-to-user="true" bounds="[33,258][1048,2148]" drawing-order="0" hint="" display-id="0">
<node index="0" text="" resource-id="" class="android.view.View" package="commvne.com.whip.app.benchmark" content-desc="" checkable="false" checked="false" clickable="false" enabled="true" focusable="false" focused="false" scrollable="false" long-clickable="false" password="false" selected="false" visible-to-user="true" bounds="[33,258][1048,498]" drawing-order="0" hint="" display-id="0">
<node index="0" text="" resource-id="" class="android.view.View" package="commvne.com.whip.app.benchmark" content-desc="" checkable="false" checked="false" clickable="false" enabled="true" focusable="false" focused="false" scrollable="false" long-clickable="false" password="false" selected="false" visible-to-user="true" bounds="[75,298][170,393]" drawing-order="0" hint="" display-id="0" />
<node index="1" text="100k point goal" resource-id="" class="android.widget.TextView" package="commvne.com.whip.app.benchmark" content-desc="" checkable="false" checked="false" clickable="false" enabled="true" focusable="false" focused="false" scrollable="false" long-clickable="false" password="false" selected="false" visible-to-user="true" bounds="[191,298][733,360]" drawing-order="1" hint="" display-id="0" />
<node index="2" text="Goal · Main" resource-id="" class="android.widget.TextView" package="commvne.com.whip.app.benchmark" content-desc="" checkable="false" checked="false" clickable="false" enabled="true" focusable="false" focused="false" scrollable="false" long-clickable="false" password="false" selected="false" visible-to-user="true" bounds="[191,368][348,405]" drawing-order="2" hint="" display-id="0" />
<node index="3" text="" resource-id="" class="android.view.View" package="commvne.com.whip.app.benchmark" content-desc="" checkable="false" checked="false" clickable="false" enabled="true" focusable="false" focused="false" scrollable="false" long-clickable="false" password="false" selected="false" visible-to-user="true" bounds="[191,413][320,466]" drawing-order="3" hint="" display-id="0">
<node index="0" text="Active" resource-id="" class="android.widget.TextView" package="commvne.com.whip.app.benchmark" content-desc="" checkable="false" checked="false" clickable="false" enabled="true" focusable="false" focused="false" scrollable="false" long-clickable="false" password="false" selected="false" visible-to-user="true" bounds="[212,421][299,458]" drawing-order="0" hint="" display-id="0" />
</node>
<node index="4" text="" resource-id="" class="android.widget.Button" package="commvne.com.whip.app.benchmark" content-desc="Edit Goal" checkable="false" checked="false" clickable="true" enabled="true" focusable="true" focused="false" scrollable="false" long-clickable="false" password="false" selected="false" visible-to-user="true" bounds="[754,290][880,416]" drawing-order="4" hint="" display-id="0" />
<node index="5" text="" resource-id="" class="android.widget.Button" package="commvne.com.whip.app.benchmark" content-desc="Close Goal details" checkable="false" checked="false" clickable="true" enabled="true" focusable="true" focused="false" scrollable="false" long-clickable="false" password="false" selected="false" visible-to-user="true" bounds="[901,290][1027,416]" drawing-order="5" hint="" display-id="0" />
</node>
<node index="1" text="" resource-id="" class="android.view.View" package="commvne.com.whip.app.benchmark" content-desc="" checkable="false" checked="false" clickable="false" enabled="true" focusable="false" focused="false" scrollable="false" long-clickable="false" password="false" selected="false" visible-to-user="true" bounds="[33,498][1048,649]" drawing-order="1" hint="" display-id="0">
<node index="0" text="" resource-id="" class="android.view.View" package="commvne.com.whip.app.benchmark" content-desc="" checkable="false" checked="false" clickable="false" enabled="true" focusable="false" focused="false" scrollable="false" long-clickable="false" password="false" selected="false" visible-to-user="true" bounds="[65,509][1016,635]" drawing-order="0" hint="" display-id="0">
<node index="0" text="" resource-id="" class="android.view.View" package="commvne.com.whip.app.benchmark" content-desc="" checkable="false" checked="false" clickable="false" enabled="true" focusable="true" focused="false" scrollable="false" long-clickable="false" password="false" selected="true" visible-to-user="true" bounds="[65,509][374,635]" drawing-order="0" hint="" display-id="0">
<node index="0" text="" resource-id="" class="android.view.View" package="commvne.com.whip.app.benchmark" content-desc="Overview" checkable="false" checked="false" clickable="false" enabled="true" focusable="false" focused="false" scrollable="false" long-clickable="false" password="false" selected="false" visible-to-user="true" bounds="[65,509][374,635]" drawing-order="0" hint="" display-id="0" />
<node index="1" text="" resource-id="" class="android.view.View" package="commvne.com.whip.app.benchmark" content-desc="" checkable="false" checked="false" clickable="false" enabled="true" focusable="false" focused="false" scrollable="false" long-clickable="false" password="false" selected="false" visible-to-user="true" bounds="[150,509][290,627]" drawing-order="1" hint="" display-id="0">
<node index="0" text="Overview" resource-id="" class="android.widget.TextView" package="commvne.com.whip.app.benchmark" content-desc="" checkable="false" checked="false" clickable="false" enabled="true" focusable="false" focused="false" scrollable="false" long-clickable="false" password="false" selected="false" visible-to-user="true" bounds="[150,548][290,588]" drawing-order="0" hint="" display-id="0" />
</node>
<node index="2" text="" resource-id="" class="android.view.View" package="commvne.com.whip.app.benchmark" content-desc="" checkable="false" checked="false" clickable="false" enabled="true" focusable="false" focused="false" scrollable="false" long-clickable="false" password="false" selected="false" visible-to-user="true" bounds="[65,509][374,635]" drawing-order="2" hint="" display-id="0" />
</node>
<node index="1" text="" resource-id="" class="android.view.View" package="commvne.com.whip.app.benchmark" content-desc="" checkable="false" checked="false" clickable="true" enabled="true" focusable="true" focused="false" scrollable="false" long-clickable="false" password="false" selected="false" visible-to-user="true" bounds="[385,509][695,635]" drawing-order="1" hint="" display-id="0">
<node index="0" text="" resource-id="" class="android.view.View" package="commvne.com.whip.app.benchmark" content-desc="History" checkable="false" checked="false" clickable="false" enabled="true" focusable="false" focused="false" scrollable="false" long-clickable="false" password="false" selected="false" visible-to-user="true" bounds="[385,509][695,635]" drawing-order="0" hint="" display-id="0" />
<node index="1" text="" resource-id="" class="android.view.View" package="commvne.com.whip.app.benchmark" content-desc="" checkable="false" checked="false" clickable="false" enabled="true" focusable="false" focused="false" scrollable="false" long-clickable="false" password="false" selected="false" visible-to-user="true" bounds="[485,509][595,627]" drawing-order="1" hint="" display-id="0">
<node index="0" text="History" resource-id="" class="android.widget.TextView" package="commvne.com.whip.app.benchmark" content-desc="" checkable="false" checked="false" clickable="false" enabled="true" focusable="false" focused="false" scrollable="false" long-clickable="false" password="false" selected="false" visible-to-user="true" bounds="[485,548][595,588]" drawing-order="0" hint="" display-id="0" />
</node>
<node index="2" text="" resource-id="" class="android.view.View" package="commvne.com.whip.app.benchmark" content-desc="" checkable="false" checked="false" clickable="false" enabled="true" focusable="false" focused="false" scrollable="false" long-clickable="false" password="false" selected="false" visible-to-user="true" bounds="[385,509][695,635]" drawing-order="2" hint="" display-id="0" />
</node>
<node index="2" text="" resource-id="" class="android.view.View" package="commvne.com.whip.app.benchmark" content-desc="" checkable="false" checked="false" clickable="true" enabled="true" focusable="true" focused="false" scrollable="false" long-clickable="false" password="false" selected="false" visible-to-user="true" bounds="[706,509][1016,635]" drawing-order="2" hint="" display-id="0">
<node index="0" text="" resource-id="" class="android.view.View" package="commvne.com.whip.app.benchmark" content-desc="Options" checkable="false" checked="false" clickable="false" enabled="true" focusable="false" focused="false" scrollable="false" long-clickable="false" password="false" selected="false" visible-to-user="true" bounds="[706,509][1016,635]" drawing-order="0" hint="" display-id="0" />
<node index="1" text="" resource-id="" class="android.view.View" package="commvne.com.whip.app.benchmark" content-desc="" checkable="false" checked="false" clickable="false" enabled="true" focusable="false" focused="false" scrollable="false" long-clickable="false" password="false" selected="false" visible-to-user="true" bounds="[802,509][920,627]" drawing-order="1" hint="" display-id="0">
<node index="0" text="Options" resource-id="" class="android.widget.TextView" package="commvne.com.whip.app.benchmark" content-desc="" checkable="false" checked="false" clickable="false" enabled="true" focusable="false" focused="false" scrollable="false" long-clickable="false" password="false" selected="false" visible-to-user="true" bounds="[802,548][920,588]" drawing-order="0" hint="" display-id="0" />
</node>
<node index="2" text="" resource-id="" class="android.view.View" package="commvne.com.whip.app.benchmark" content-desc="" checkable="false" checked="false" clickable="false" enabled="true" focusable="false" focused="false" scrollable="false" long-clickable="false" password="false" selected="false" visible-to-user="true" bounds="[706,509][1016,635]" drawing-order="2" hint="" display-id="0" />
</node>
</node>
</node>
<node index="2" text="" resource-id="" class="android.view.View" package="commvne.com.whip.app.benchmark" content-desc="" checkable="false" checked="false" clickable="false" enabled="true" focusable="false" focused="false" scrollable="false" long-clickable="false" password="false" selected="false" visible-to-user="true" bounds="[33,649][1048,1955]" drawing-order="2" hint="" display-id="0">
<node index="0" text="" resource-id="" class="android.view.View" package="commvne.com.whip.app.benchmark" content-desc="" checkable="false" checked="false" clickable="false" enabled="true" focusable="false" focused="false" scrollable="false" long-clickable="false" password="false" selected="false" visible-to-user="true" bounds="[86,691][995,1519]" drawing-order="0" hint="" display-id="0">
<node index="0" text="" resource-id="" class="android.view.View" package="commvne.com.whip.app.benchmark" content-desc="" checkable="false" checked="false" clickable="false" enabled="true" focusable="false" focused="false" scrollable="false" long-clickable="false" password="false" selected="false" visible-to-user="true" bounds="[86,691][995,902]" drawing-order="0" hint="" display-id="0">
<node index="0" text="Outcome" resource-id="" class="android.widget.TextView" package="commvne.com.whip.app.benchmark" content-desc="" checkable="false" checked="false" clickable="false" enabled="true" focusable="false" focused="false" scrollable="false" long-clickable="false" password="false" selected="false" visible-to-user="true" bounds="[128,733][274,776]" drawing-order="0" hint="" display-id="0" />
<node index="1" text="Current 0.0" resource-id="" class="android.widget.TextView" package="commvne.com.whip.app.benchmark" content-desc="" checkable="false" checked="false" clickable="false" enabled="true" focusable="false" focused="false" scrollable="false" long-clickable="false" password="false" selected="false" visible-to-user="true" bounds="[128,792][418,860]" drawing-order="1" hint="" display-id="0" />
</node>
<node index="1" text="" resource-id="" class="android.view.View" package="commvne.com.whip.app.benchmark" content-desc="" checkable="false" checked="false" clickable="false" enabled="true" focusable="false" focused="false" scrollable="false" long-clickable="false" password="false" selected="false" visible-to-user="true" bounds="[86,934][995,1519]" drawing-order="1" hint="" display-id="0">
<node index="0" text="Progress Insight" resource-id="" class="android.widget.TextView" package="commvne.com.whip.app.benchmark" content-desc="" checkable="false" checked="false" clickable="false" enabled="true" focusable="false" focused="false" scrollable="false" long-clickable="false" password="false" selected="false" visible-to-user="true" bounds="[128,976][393,1019]" drawing-order="0" hint="" display-id="0" />
<node index="1" text="Log on at least two days for a trend line." resource-id="" class="android.widget.TextView" package="commvne.com.whip.app.benchmark" content-desc="" checkable="false" checked="false" clickable="false" enabled="true" focusable="false" focused="false" scrollable="false" long-clickable="false" password="false" selected="false" visible-to-user="true" bounds="[128,1035][872,1098]" drawing-order="1" hint="" display-id="0" />
<node index="2" text="1 observed day · Insufficient evidence · 99990 excluded updates" resource-id="" class="android.widget.TextView" package="commvne.com.whip.app.benchmark" content-desc="" checkable="false" checked="false" clickable="false" enabled="true" focusable="false" focused="false" scrollable="false" long-clickable="false" password="false" selected="false" visible-to-user="true" bounds="[128,1114][953,1193]" drawing-order="2" hint="" display-id="0" />
<node index="3" text="" resource-id="" class="android.view.View" package="commvne.com.whip.app.benchmark" content-desc="" checkable="false" checked="false" clickable="true" enabled="true" focusable="true" focused="false" scrollable="false" long-clickable="false" password="false" selected="false" visible-to-user="true" bounds="[128,1209][559,1335]" drawing-order="3" hint="" display-id="0">
<node index="0" text="" resource-id="" class="android.view.View" package="commvne.com.whip.app.benchmark" content-desc="About This Data" checkable="false" checked="false" clickable="false" enabled="true" focusable="false" focused="false" scrollable="false" long-clickable="false" password="false" selected="false" visible-to-user="true" bounds="[128,1209][559,1335]" drawing-order="0" hint="" display-id="0" />
<node index="1" text="About This Data" resource-id="" class="android.widget.TextView" package="commvne.com.whip.app.benchmark" content-desc="" checkable="false" checked="false" clickable="false" enabled="true" focusable="false" focused="false" scrollable="false" long-clickable="false" password="false" selected="false" visible-to-user="true" bounds="[191,1248][433,1296]" drawing-order="1" hint="" display-id="0" />
<node index="2" text="" resource-id="" class="android.widget.Button" package="commvne.com.whip.app.benchmark" content-desc="" checkable="false" checked="false" clickable="false" enabled="true" focusable="false" focused="false" scrollable="false" long-clickable="false" password="false" selected="false" visible-to-user="true" bounds="[128,1209][559,1335]" drawing-order="2" hint="" display-id="0" />
</node>
<node index="4" text="" resource-id="" class="android.view.View" package="commvne.com.whip.app.benchmark" content-desc="" checkable="false" checked="false" clickable="true" enabled="true" focusable="true" focused="false" scrollable="false" long-clickable="false" password="false" selected="false" visible-to-user="true" bounds="[128,1351][573,1477]" drawing-order="4" hint="" display-id="0">
<node index="0" text="" resource-id="" class="android.view.View" package="commvne.com.whip.app.benchmark" content-desc="Trend Data Table" checkable="false" checked="false" clickable="false" enabled="true" focusable="false" focused="false" scrollable="false" long-clickable="false" password="false" selected="false" visible-to-user="true" bounds="[128,1351][573,1477]" drawing-order="0" hint="" display-id="0" />
<node index="1" text="Trend Data Table" resource-id="" class="android.widget.TextView" package="commvne.com.whip.app.benchmark" content-desc="" checkable="false" checked="false" clickable="false" enabled="true" focusable="false" focused="false" scrollable="false" long-clickable="false" password="false" selected="false" visible-to-user="true" bounds="[191,1390][447,1438]" drawing-order="1" hint="" display-id="0" />
<node index="2" text="" resource-id="" class="android.widget.Button" package="commvne.com.whip.app.benchmark" content-desc="" checkable="false" checked="false" clickable="false" enabled="true" focusable="false" focused="false" scrollable="false" long-clickable="false" password="false" selected="false" visible-to-user="true" bounds="[128,1351][573,1477]" drawing-order="2" hint="" display-id="0" />
</node>
</node>
</node>
</node>
<node index="3" text="" resource-id="" class="android.view.View" package="commvne.com.whip.app.benchmark" content-desc="" checkable="false" checked="false" clickable="false" enabled="true" focusable="false" focused="false" scrollable="false" long-clickable="false" password="false" selected="false" visible-to-user="true" bounds="[33,1958][1048,2148]" drawing-order="3" hint="" display-id="0">
<node index="0" text="" resource-id="" class="android.view.View" package="commvne.com.whip.app.benchmark" content-desc="" checkable="false" checked="false" clickable="true" enabled="true" focusable="true" focused="false" scrollable="false" long-clickable="false" password="false" selected="false" visible-to-user="true" bounds="[86,1990][995,2116]" drawing-order="0" hint="" display-id="0">
<node index="0" text="Log an Update" resource-id="" class="android.widget.TextView" package="commvne.com.whip.app.benchmark" content-desc="" checkable="false" checked="false" clickable="false" enabled="true" focusable="false" focused="false" scrollable="false" long-clickable="false" password="false" selected="false" visible-to-user="true" bounds="[433,2029][649,2077]" drawing-order="0" hint="" display-id="0" />
<node index="1" text="" resource-id="" class="android.widget.Button" package="commvne.com.whip.app.benchmark" content-desc="" checkable="false" checked="false" clickable="false" enabled="true" focusable="false" focused="false" scrollable="false" long-clickable="false" password="false" selected="false" visible-to-user="true" bounds="[86,1990][995,2116]" drawing-order="1" hint="" display-id="0" />
</node>
</node>
</node>
</node>
</node>
</node>
</node>
</node>
</node>
</node>
<node index="0" text="" resource-id="com.android.systemui:id/navigation_bar_frame" class="android.widget.FrameLayout" package="com.android.systemui" content-desc="" checkable="false" checked="false" clickable="false" enabled="true" focusable="false" focused="false" scrollable="false" long-clickable="false" password="false" selected="false" visible-to-user="true" bounds="[0,2274][1080,2400]" drawing-order="0" hint="" display-id="0">
<node index="0" text="" resource-id="com.android.systemui:id/navigation_bar_view" class="android.widget.FrameLayout" package="com.android.systemui" content-desc="" checkable="false" checked="false" clickable="false" enabled="true" focusable="false" focused="false" scrollable="false" long-clickable="false" password="false" selected="false" visible-to-user="true" bounds="[0,2274][1080,2400]" drawing-order="1" hint="" display-id="0">
<node index="0" text="" resource-id="com.android.systemui:id/navigation_inflater" class="android.widget.FrameLayout" package="com.android.systemui" content-desc="" checkable="false" checked="false" clickable="false" enabled="true" focusable="false" focused="false" scrollable="false" long-clickable="false" password="false" selected="false" visible-to-user="true" bounds="[0,2274][1080,2400]" drawing-order="1" hint="" display-id="0">
<node index="0" text="" resource-id="com.android.systemui:id/horizontal" class="android.widget.FrameLayout" package="com.android.systemui" content-desc="" checkable="false" checked="false" clickable="false" enabled="true" focusable="false" focused="false" scrollable="false" long-clickable="false" password="false" selected="false" visible-to-user="true" bounds="[0,2274][1080,2400]" drawing-order="1" hint="" display-id="0">
<node index="0" text="" resource-id="com.android.systemui:id/nav_buttons" class="android.widget.FrameLayout" package="com.android.systemui" content-desc="" checkable="false" checked="false" clickable="false" enabled="true" focusable="false" focused="false" scrollable="false" long-clickable="false" password="false" selected="false" visible-to-user="true" bounds="[21,2274][1059,2400]" drawing-order="1" hint="" display-id="0">
<node index="0" text="" resource-id="com.android.systemui:id/ends_group" class="android.widget.LinearLayout" package="com.android.systemui" content-desc="" checkable="false" checked="false" clickable="false" enabled="true" focusable="false" focused="false" scrollable="false" long-clickable="false" password="false" selected="false" visible-to-user="true" bounds="[21,2274][1059,2400]" drawing-order="1" hint="" display-id="0">
<node index="0" text="" resource-id="" class="android.widget.RelativeLayout" package="com.android.systemui" content-desc="" checkable="false" checked="false" clickable="false" enabled="true" focusable="false" focused="false" scrollable="false" long-clickable="false" password="false" selected="false" visible-to-user="true" bounds="[21,2274][124,2400]" drawing-order="1" hint="" display-id="0" />
<node index="1" text="" resource-id="" class="android.widget.RelativeLayout" package="com.android.systemui" content-desc="" checkable="false" checked="false" clickable="false" enabled="true" focusable="false" focused="false" scrollable="false" long-clickable="false" password="false" selected="false" visible-to-user="true" bounds="[124,2274][331,2400]" drawing-order="2" hint="" display-id="0">
<node index="0" text="" resource-id="com.android.systemui:id/back" class="android.widget.ImageView" package="com.android.systemui" content-desc="Back" checkable="false" checked="false" clickable="true" enabled="true" focusable="true" focused="false" scrollable="false" long-clickable="false" password="false" selected="false" visible-to-user="true" bounds="[124,2274][331,2400]" drawing-order="1" hint="" display-id="0" />
</node>
<node index="2" text="" resource-id="" class="android.widget.RelativeLayout" package="com.android.systemui" content-desc="" checkable="false" checked="false" clickable="false" enabled="true" focusable="false" focused="false" scrollable="false" long-clickable="false" password="false" selected="false" visible-to-user="true" bounds="[747,2274][955,2400]" drawing-order="4" hint="" display-id="0">
<node index="0" text="" resource-id="com.android.systemui:id/recent_apps" class="android.widget.ImageView" package="com.android.systemui" content-desc="Overview" checkable="false" checked="false" clickable="true" enabled="true" focusable="true" focused="false" scrollable="false" long-clickable="false" password="false" selected="false" visible-to-user="true" bounds="[747,2274][955,2400]" drawing-order="1" hint="" display-id="0" />
</node>
<node index="3" text="" resource-id="" class="android.widget.RelativeLayout" package="com.android.systemui" content-desc="" checkable="false" checked="false" clickable="false" enabled="true" focusable="false" focused="false" scrollable="false" long-clickable="false" password="false" selected="false" visible-to-user="true" bounds="[955,2274][1059,2400]" drawing-order="5" hint="" display-id="0" />
</node>
<node index="1" text="" resource-id="com.android.systemui:id/center_group" class="android.widget.LinearLayout" package="com.android.systemui" content-desc="" checkable="false" checked="false" clickable="false" enabled="true" focusable="false" focused="false" scrollable="false" long-clickable="false" password="false" selected="false" visible-to-user="true" bounds="[435,2274][645,2400]" drawing-order="2" hint="" display-id="0">
<node index="0" text="" resource-id="com.android.systemui:id/home" class="android.widget.ImageView" package="com.android.systemui" content-desc="Home" checkable="false" checked="false" clickable="true" enabled="true" focusable="true" focused="false" scrollable="false" long-clickable="true" password="false" selected="false" visible-to-user="true" bounds="[435,2274][645,2400]" drawing-order="1" hint="" display-id="0" />
</node>
</node>
</node>
</node>
</node>
</node>
</hierarchy>
at com.whip.benchmark.BenchmarkUiKt.clickObject(r8-map-id-16cae3ee30548099617b27ecb15e24549aa25509b0714065f5113dd0095b8597:112)
at com.whip.benchmark.BenchmarkUiKt.clickObject$default(r8-map-id-16cae3ee30548099617b27ecb15e24549aa25509b0714065f5113dd0095b8597:7)
at com.whip.benchmark.BenchmarkUiKt.clickPrimaryDestination(r8-map-id-16cae3ee30548099617b27ecb15e24549aa25509b0714065f5113dd0095b8597:82)
at com.whip.benchmark.DenseDataBenchmark.goalAndGymGraphsWithOneHundredThousandPoints$lambda$1(r8-map-id-16cae3ee30548099617b27ecb15e24549aa25509b0714065f5113dd0095b8597:59)
at com.whip.benchmark.DenseDataBenchmark.e(r8-map-id-16cae3ee30548099617b27ecb15e24549aa25509b0714065f5113dd0095b8597:1)
at n.invoke(r8-map-id-16cae3ee30548099617b27ecb15e24549aa25509b0714065f5113dd0095b8597:165)
at androidx.benchmark.macro.MacrobenchmarkPhaseKt.runPhase$lambda$18$lambda$12(r8-map-id-16cae3ee30548099617b27ecb15e24549aa25509b0714065f5113dd0095b8597:63)
at androidx.benchmark.macro.MacrobenchmarkPhaseKt.b(r8-map-id-16cae3ee30548099617b27ecb15e24549aa25509b0714065f5113dd0095b8597:1)
at u0.invoke(r8-map-id-16cae3ee30548099617b27ecb15e24549aa25509b0714065f5113dd0095b8597:11)
at androidx.benchmark.perfetto.PerfettoCaptureWrapper.record(r8-map-id-16cae3ee30548099617b27ecb15e24549aa25509b0714065f5113dd0095b8597:67)
at androidx.benchmark.perfetto.PerfettoCaptureWrapper.record$default(r8-map-id-16cae3ee30548099617b27ecb15e24549aa25509b0714065f5113dd0095b8597:17)
at androidx.benchmark.macro.MacrobenchmarkPhaseKt.runPhase(r8-map-id-16cae3ee30548099617b27ecb15e24549aa25509b0714065f5113dd0095b8597:246)
at androidx.benchmark.macro.MacrobenchmarkKt.macrobenchmark$lambda$6(r8-map-id-16cae3ee30548099617b27ecb15e24549aa25509b0714065f5113dd0095b8597:89)
at androidx.benchmark.macro.MacrobenchmarkKt.d(r8-map-id-16cae3ee30548099617b27ecb15e24549aa25509b0714065f5113dd0095b8597:1)
at r0.invoke(r8-map-id-16cae3ee30548099617b27ecb15e24549aa25509b0714065f5113dd0095b8597:49)
at androidx.benchmark.macro.TraceProcessorExtensionsKt.runServer(r8-map-id-16cae3ee30548099617b27ecb15e24549aa25509b0714065f5113dd0095b8597:15)
at androidx.benchmark.macro.TraceProcessorExtensionsKt.runServer$default(r8-map-id-16cae3ee30548099617b27ecb15e24549aa25509b0714065f5113dd0095b8597:9)
at androidx.benchmark.macro.MacrobenchmarkKt.macrobenchmark(r8-map-id-16cae3ee30548099617b27ecb15e24549aa25509b0714065f5113dd0095b8597:22)
at androidx.benchmark.macro.MacrobenchmarkKt.macrobenchmarkWithStartupMode(r8-map-id-16cae3ee30548099617b27ecb15e24549aa25509b0714065f5113dd0095b8597:131)
at androidx.benchmark.macro.junit4.MacrobenchmarkRule.measureRepeated(r8-map-id-16cae3ee30548099617b27ecb15e24549aa25509b0714065f5113dd0095b8597:95)
at androidx.benchmark.macro.junit4.MacrobenchmarkRule.measureRepeated$default(r8-map-id-16cae3ee30548099617b27ecb15e24549aa25509b0714065f5113dd0095b8597:45)
at com.whip.benchmark.DenseDataBenchmark.goalAndGymGraphsWithOneHundredThousandPoints(r8-map-id-16cae3ee30548099617b27ecb15e24549aa25509b0714065f5113dd0095b8597:48)

java.lang.IllegalStateException: Benchmark UI did not provide a stable Gym navigation item
<?xml version='1.0' encoding='UTF-8' standalone='yes' ?>
<hierarchy rotation="0">
<node index="0" text="" resource-id="" class="android.widget.FrameLayout" package="com.android.systemui" content-desc="" checkable="false" checked="false" clickable="false" enabled="true" focusable="false" focused="false" scrollable="false" long-clickable="false" password="false" selected="false" visible-to-user="true" bounds="[0,0][1080,132]" drawing-order="0" hint="" display-id="0">
<node index="0" text="" resource-id="com.android.systemui:id/status_bar_launch_animation_container" class="android.widget.FrameLayout" package="com.android.systemui" content-desc="" checkable="false" checked="false" clickable="false" enabled="true" focusable="false" focused="false" scrollable="false" long-clickable="false" password="false" selected="false" visible-to-user="true" bounds="[0,0][1080,132]" drawing-order="1" hint="" display-id="0" />
<node index="1" text="" resource-id="com.android.systemui:id/container" class="android.widget.FrameLayout" package="com.android.systemui" content-desc="" checkable="false" checked="false" clickable="false" enabled="true" focusable="false" focused="false" scrollable="false" long-clickable="false" password="false" selected="false" visible-to-user="true" bounds="[0,0][1080,132]" drawing-order="3" hint="" display-id="0" />
<node index="2" text="" resource-id="com.android.systemui:id/status_bar_container" class="android.widget.FrameLayout" package="com.android.systemui" content-desc="" checkable="false" checked="false" clickable="false" enabled="true" focusable="false" focused="false" scrollable="false" long-clickable="false" password="false" selected="false" visible-to-user="true" bounds="[0,0][1080,132]" drawing-order="2" hint="" display-id="0">
<node index="0" text="" resource-id="com.android.systemui:id/status_bar" class="android.widget.FrameLayout" package="com.android.systemui" content-desc="" checkable="false" checked="false" clickable="false" enabled="true" focusable="false" focused="false" scrollable="false" long-clickable="false" password="false" selected="false" visible-to-user="true" bounds="[0,0][1080,132]" drawing-order="1" hint="" display-id="0">
<node index="0" text="" resource-id="com.android.systemui:id/status_bar_contents" class="android.widget.LinearLayout" package="com.android.systemui" content-desc="" checkable="false" checked="false" clickable="false" enabled="true" focusable="false" focused="false" scrollable="false" long-clickable="false" password="false" selected="false" visible-to-user="true" bounds="[0,0][1027,132]" drawing-order="2" hint="" display-id="0">
<node index="0" text="" resource-id="com.android.systemui:id/status_bar_start_side_container" class="android.widget.FrameLayout" package="com.android.systemui" content-desc="" checkable="false" checked="false" clickable="false" enabled="true" focusable="false" focused="false" scrollable="false" long-clickable="false" password="false" selected="false" visible-to-user="true" bounds="[42,1][463,132]" drawing-order="1" hint="" display-id="0">
<node index="0" text="" resource-id="com.android.systemui:id/status_bar_start_side_content" class="android.widget.FrameLayout" package="com.android.systemui" content-desc="" checkable="false" checked="false" clickable="false" enabled="true" focusable="false" focused="false" scrollable="false" long-clickable="false" password="false" selected="false" visible-to-user="true" bounds="[42,1][208,132]" drawing-order="1" hint="" display-id="0">
<node index="0" text="" resource-id="com.android.systemui:id/status_bar_start_side_except_heads_up" class="android.widget.LinearLayout" package="com.android.systemui" content-desc="" checkable="false" checked="false" clickable="false" enabled="true" focusable="false" focused="false" scrollable="false" long-clickable="false" password="false" selected="false" visible-to-user="true" bounds="[42,1][208,132]" drawing-order="2" hint="" display-id="0">
<node index="0" text="10:46 " resource-id="com.android.systemui:id/clock" class="android.widget.TextView" package="com.android.systemui" content-desc="10:46 AM" checkable="false" checked="false" clickable="false" enabled="true" focusable="false" focused="false" scrollable="false" long-clickable="false" password="false" selected="false" visible-to-user="true" bounds="[42,1][150,132]" drawing-order="2" hint="" display-id="0" />
<node index="1" text="" resource-id="com.android.systemui:id/notification_icon_area" class="android.widget.FrameLayout" package="com.android.systemui" content-desc="" checkable="false" checked="false" clickable="false" enabled="true" focusable="false" focused="false" scrollable="false" long-clickable="false" password="false" selected="false" visible-to-user="true" bounds="[150,1][208,132]" drawing-order="4" hint="" display-id="0">
<node index="0" text="" resource-id="com.android.systemui:id/notificationIcons" class="android.view.ViewGroup" package="com.android.systemui" content-desc="" checkable="false" checked="false" clickable="false" enabled="true" focusable="false" focused="false" scrollable="false" long-clickable="false" password="false" selected="false" visible-to-user="true" bounds="[150,1][208,132]" drawing-order="1" hint="" display-id="0">
<node index="0" text="" resource-id="" class="android.widget.ImageView" package="com.android.systemui" content-desc="Android System notification: Serial console enabled" checkable="false" checked="false" clickable="false" enabled="true" focusable="false" focused="false" scrollable="false" long-clickable="false" password="false" selected="false" visible-to-user="true" bounds="[150,1][208,132]" drawing-order="1" hint="" display-id="0" />
</node>
</node>
</node>
</node>
</node>
<node index="1" text="" resource-id="com.android.systemui:id/cutout_space_view" class="android.view.View" package="com.android.systemui" content-desc="" checkable="false" checked="false" clickable="false" enabled="true" focusable="false" focused="false" scrollable="false" long-clickable="false" password="false" selected="false" visible-to-user="true" bounds="[463,1][585,132]" drawing-order="2" hint="" display-id="0" />
<node index="2" text="" resource-id="com.android.systemui:id/status_bar_end_side_container" class="android.widget.FrameLayout" package="com.android.systemui" content-desc="" checkable="false" checked="false" clickable="false" enabled="true" focusable="false" focused="false" scrollable="false" long-clickable="false" password="false" selected="false" visible-to-user="true" bounds="[585,1][1006,132]" drawing-order="3" hint="" display-id="0">
<node index="0" text="" resource-id="com.android.systemui:id/status_bar_end_side_content" class="android.widget.LinearLayout" package="com.android.systemui" content-desc="" checkable="false" checked="false" clickable="false" enabled="true" focusable="false" focused="false" scrollable="false" long-clickable="false" password="false" selected="false" visible-to-user="true" bounds="[885,1][1006,132]" drawing-order="1" hint="" display-id="0">
<node index="0" text="" resource-id="com.android.systemui:id/system_icons" class="android.widget.LinearLayout" package="com.android.systemui" content-desc="" checkable="false" checked="false" clickable="false" enabled="true" focusable="false" focused="false" scrollable="false" long-clickable="false" password="false" selected="false" visible-to-user="true" bounds="[885,1][1006,132]" drawing-order="2" hint="" display-id="0">
<node index="0" text="" resource-id="com.android.systemui:id/statusIcons" class="android.widget.LinearLayout" package="com.android.systemui" content-desc="" checkable="false" checked="false" clickable="false" enabled="true" focusable="false" focused="false" scrollable="false" long-clickable="false" password="false" selected="false" visible-to-user="true" bounds="[885,1][986,132]" drawing-order="1" hint="" display-id="0">
<node index="0" text="" resource-id="com.android.systemui:id/wifi_combo" class="android.widget.FrameLayout" package="com.android.systemui" content-desc="" checkable="false" checked="false" clickable="false" enabled="true" focusable="false" focused="false" scrollable="false" long-clickable="false" password="false" selected="false" visible-to-user="true" bounds="[885,37][931,95]" drawing-order="13" hint="" display-id="0">
<node index="0" text="" resource-id="com.android.systemui:id/wifi_group" class="android.widget.LinearLayout" package="com.android.systemui" content-desc="" checkable="false" checked="false" clickable="false" enabled="true" focusable="false" focused="false" scrollable="false" long-clickable="false" password="false" selected="false" visible-to-user="true" bounds="[892,37][931,95]" drawing-order="1" hint="" display-id="0">
<node index="0" text="" resource-id="com.android.systemui:id/wifi_combo" class="android.widget.FrameLayout" package="com.android.systemui" content-desc="" checkable="false" checked="false" clickable="false" enabled="true" focusable="false" focused="false" scrollable="false" long-clickable="false" password="false" selected="false" visible-to-user="true" bounds="[892,46][931,85]" drawing-order="2" hint="" display-id="0">
<node index="0" text="" resource-id="com.android.systemui:id/wifi_signal" class="android.widget.ImageView" package="com.android.systemui" content-desc="Wifi signal full." checkable="false" checked="false" clickable="false" enabled="true" focusable="false" focused="false" scrollable="false" long-clickable="false" password="false" selected="false" visible-to-user="true" bounds="[892,46][931,85]" drawing-order="1" hint="" display-id="0" />
</node>
</node>
</node>
<node index="1" text="" resource-id="com.android.systemui:id/mobile_combo" class="android.widget.FrameLayout" package="com.android.systemui" content-desc="Phone signal full." checkable="false" checked="false" clickable="false" enabled="true" focusable="false" focused="false" scrollable="false" long-clickable="false" password="false" selected="false" visible-to-user="true" bounds="[931,37][970,95]" drawing-order="15" hint="" display-id="0">
<node index="0" text="" resource-id="com.android.systemui:id/mobile_group" class="android.widget.LinearLayout" package="com.android.systemui" content-desc="" checkable="false" checked="false" clickable="false" enabled="true" focusable="false" focused="false" scrollable="false" long-clickable="false" password="false" selected="false" visible-to-user="true" bounds="[931,37][970,95]" drawing-order="1" hint="" display-id="0">
<node index="0" text="" resource-id="" class="android.widget.FrameLayout" package="com.android.systemui" content-desc="" checkable="false" checked="false" clickable="false" enabled="true" focusable="false" focused="false" scrollable="false" long-clickable="false" password="false" selected="false" visible-to-user="true" bounds="[931,46][970,85]" drawing-order="4" hint="" display-id="0">
<node index="0" text="" resource-id="com.android.systemui:id/mobile_signal" class="android.widget.ImageView" package="com.android.systemui" content-desc="" checkable="false" checked="false" clickable="false" enabled="true" focusable="false" focused="false" scrollable="false" long-clickable="false" password="false" selected="false" visible-to-user="true" bounds="[931,46][970,85]" drawing-order="1" hint="" display-id="0" />
</node>
</node>
</node>
</node>
<node index="1" text="" resource-id="com.android.systemui:id/battery" class="android.widget.LinearLayout" package="com.android.systemui" content-desc="Battery charging, 100 percent." checkable="false" checked="false" clickable="false" enabled="true" focusable="false" focused="false" scrollable="false" long-clickable="false" password="false" selected="false" visible-to-user="true" bounds="[986,1][1006,132]" drawing-order="2" hint="" display-id="0">
<node index="0" text="" resource-id="" class="android.widget.ImageView" package="com.android.systemui" content-desc="" checkable="false" checked="false" clickable="false" enabled="true" focusable="false" focused="false" scrollable="false" long-clickable="false" password="false" selected="false" visible-to-user="true" bounds="[986,49][1006,83]" drawing-order="1" hint="" display-id="0" />
</node>
</node>
</node>
</node>
</node>
</node>
</node>
</node>
<node index="0" text="" resource-id="" class="android.widget.FrameLayout" package="commvne.com.whip.app.benchmark" content-desc="" checkable="false" checked="false" clickable="false" enabled="true" focusable="false" focused="false" scrollable="false" long-clickable="false" password="false" selected="false" visible-to-user="true" bounds="[0,132][1080,2274]" drawing-order="0" hint="" display-id="0">
<node index="0" text="" resource-id="" class="android.widget.FrameLayout" package="commvne.com.whip.app.benchmark" content-desc="" checkable="false" checked="false" clickable="false" enabled="true" focusable="false" focused="false" scrollable="false" long-clickable="false" password="false" selected="false" visible-to-user="true" bounds="[0,132][1080,2274]" drawing-order="1" hint="" display-id="0">
<node index="0" text="" resource-id="android:id/content" class="android.widget.FrameLayout" package="commvne.com.whip.app.benchmark" content-desc="" checkable="false" checked="false" clickable="false" enabled="true" focusable="false" focused="false" scrollable="false" long-clickable="false" password="false" selected="false" visible-to-user="true" bounds="[0,132][1080,2274]" drawing-order="1" hint="" display-id="0">
<node index="0" text="" resource-id="" class="android.view.ViewGroup" package="commvne.com.whip.app.benchmark" content-desc="" checkable="false" checked="false" clickable="false" enabled="true" focusable="false" focused="false" scrollable="false" long-clickable="false" password="false" selected="false" visible-to-user="true" bounds="[0,132][1080,2274]" drawing-order="1" hint="" display-id="0">
<node index="0" text="" resource-id="" class="android.view.View" package="commvne.com.whip.app.benchmark" content-desc="" checkable="false" checked="false" clickable="false" enabled="true" focusable="false" focused="false" scrollable="false" long-clickable="false" password="false" selected="false" visible-to-user="true" bounds="[0,132][1080,2274]" drawing-order="0" hint="" display-id="0">
<node index="0" text="" resource-id="" class="android.view.View" package="commvne.com.whip.app.benchmark" content-desc="" checkable="false" checked="false" clickable="false" enabled="true" focusable="false" focused="false" scrollable="false" long-clickable="false" password="false" selected="false" visible-to-user="true" bounds="[0,132][1080,2274]" drawing-order="0" hint="" display-id="0">
<node index="0" text="" resource-id="" class="android.view.View" package="commvne.com.whip.app.benchmark" content-desc="" checkable="false" checked="false" clickable="false" enabled="true" focusable="false" focused="false" scrollable="false" long-clickable="false" password="false" selected="false" visible-to-user="true" bounds="[33,258][1048,2148]" drawing-order="0" hint="" display-id="0">
<node index="0" text="" resource-id="" class="android.view.View" package="commvne.com.whip.app.benchmark" content-desc="" checkable="false" checked="false" clickable="false" enabled="true" focusable="false" focused="false" scrollable="false" long-clickable="false" password="false" selected="false" visible-to-user="true" bounds="[33,258][1048,2148]" drawing-order="0" hint="" display-id="0">
<node index="0" text="" resource-id="" class="android.view.View" package="commvne.com.whip.app.benchmark" content-desc="" checkable="false" checked="false" clickable="false" enabled="true" focusable="false" focused="false" scrollable="false" long-clickable="false" password="false" selected="false" visible-to-user="true" bounds="[33,258][1048,498]" drawing-order="0" hint="" display-id="0">
<node index="0" text="" resource-id="" class="android.view.View" package="commvne.com.whip.app.benchmark" content-desc="" checkable="false" checked="false" clickable="false" enabled="true" focusable="false" focused="false" scrollable="false" long-clickable="false" password="false" selected="false" visible-to-user="true" bounds="[75,298][170,393]" drawing-order="0" hint="" display-id="0" />
<node index="1" text="100k point goal" resource-id="" class="android.widget.TextView" package="commvne.com.whip.app.benchmark" content-desc="" checkable="false" checked="false" clickable="false" enabled="true" focusable="false" focused="false" scrollable="false" long-clickable="false" password="false" selected="false" visible-to-user="true" bounds="[191,298][733,360]" drawing-order="1" hint="" display-id="0" />
<node index="2" text="Goal · Main" resource-id="" class="android.widget.TextView" package="commvne.com.whip.app.benchmark" content-desc="" checkable="false" checked="false" clickable="false" enabled="true" focusable="false" focused="false" scrollable="false" long-clickable="false" password="false" selected="false" visible-to-user="true" bounds="[191,368][348,405]" drawing-order="2" hint="" display-id="0" />
<node index="3" text="" resource-id="" class="android.view.View" package="commvne.com.whip.app.benchmark" content-desc="" checkable="false" checked="false" clickable="false" enabled="true" focusable="false" focused="false" scrollable="false" long-clickable="false" password="false" selected="false" visible-to-user="true" bounds="[191,413][320,466]" drawing-order="3" hint="" display-id="0">
<node index="0" text="Active" resource-id="" class="android.widget.TextView" package="commvne.com.whip.app.benchmark" content-desc="" checkable="false" checked="false" clickable="false" enabled="true" focusable="false" focused="false" scrollable="false" long-clickable="false" password="false" selected="false" visible-to-user="true" bounds="[212,421][299,458]" drawing-order="0" hint="" display-id="0" />
</node>
<node index="4" text="" resource-id="" class="android.widget.Button" package="commvne.com.whip.app.benchmark" content-desc="Edit Goal" checkable="false" checked="false" clickable="true" enabled="true" focusable="true" focused="false" scrollable="false" long-clickable="false" password="false" selected="false" visible-to-user="true" bounds="[754,290][880,416]" drawing-order="4" hint="" display-id="0" />
<node index="5" text="" resource-id="" class="android.widget.Button" package="commvne.com.whip.app.benchmark" content-desc="Close Goal details" checkable="false" checked="false" clickable="true" enabled="true" focusable="true" focused="false" scrollable="false" long-clickable="false" password="false" selected="false" visible-to-user="true" bounds="[901,290][1027,416]" drawing-order="5" hint="" display-id="0" />
</node>
<node index="1" text="" resource-id="" class="android.view.View" package="commvne.com.whip.app.benchmark" content-desc="" checkable="false" checked="false" clickable="false" enabled="true" focusable="false" focused="false" scrollable="false" long-clickable="false" password="false" selected="false" visible-to-user="true" bounds="[33,498][1048,649]" drawing-order="1" hint="" display-id="0">
<node index="0" text="" resource-id="" class="android.view.View" package="commvne.com.whip.app.benchmark" content-desc="" checkable="false" checked="false" clickable="false" enabled="true" focusable="false" focused="false" scrollable="false" long-clickable="false" password="false" selected="false" visible-to-user="true" bounds="[65,509][1016,635]" drawing-order="0" hint="" display-id="0">
<node index="0" text="" resource-id="" class="android.view.View" package="commvne.com.whip.app.benchmark" content-desc="" checkable="false" checked="false" clickable="false" enabled="true" focusable="true" focused="false" scrollable="false" long-clickable="false" password="false" selected="true" visible-to-user="true" bounds="[65,509][374,635]" drawing-order="0" hint="" display-id="0">
<node index="0" text="" resource-id="" class="android.view.View" package="commvne.com.whip.app.benchmark" content-desc="Overview" checkable="false" checked="false" clickable="false" enabled="true" focusable="false" focused="false" scrollable="false" long-clickable="false" password="false" selected="false" visible-to-user="true" bounds="[65,509][374,635]" drawing-order="0" hint="" display-id="0" />
<node index="1" text="" resource-id="" class="android.view.View" package="commvne.com.whip.app.benchmark" content-desc="" checkable="false" checked="false" clickable="false" enabled="true" focusable="false" focused="false" scrollable="false" long-clickable="false" password="false" selected="false" visible-to-user="true" bounds="[150,509][290,627]" drawing-order="1" hint="" display-id="0">
<node index="0" text="Overview" resource-id="" class="android.widget.TextView" package="commvne.com.whip.app.benchmark" content-desc="" checkable="false" checked="false" clickable="false" enabled="true" focusable="false" focused="false" scrollable="false" long-clickable="false" password="false" selected="false" visible-to-user="true" bounds="[150,548][290,588]" drawing-order="0" hint="" display-id="0" />
</node>
<node index="2" text="" resource-id="" class="android.view.View" package="commvne.com.whip.app.benchmark" content-desc="" checkable="false" checked="false" clickable="false" enabled="true" focusable="false" focused="false" scrollable="false" long-clickable="false" password="false" selected="false" visible-to-user="true" bounds="[65,509][374,635]" drawing-order="2" hint="" display-id="0" />
</node>
<node index="1" text="" resource-id="" class="android.view.View" package="commvne.com.whip.app.benchmark" content-desc="" checkable="false" checked="false" clickable="true" enabled="true" focusable="true" focused="false" scrollable="false" long-clickable="false" password="false" selected="false" visible-to-user="true" bounds="[385,509][695,635]" drawing-order="1" hint="" display-id="0">
<node index="0" text="" resource-id="" class="android.view.View" package="commvne.com.whip.app.benchmark" content-desc="History" checkable="false" checked="false" clickable="false" enabled="true" focusable="false" focused="false" scrollable="false" long-clickable="false" password="false" selected="false" visible-to-user="true" bounds="[385,509][695,635]" drawing-order="0" hint="" display-id="0" />
<node index="1" text="" resource-id="" class="android.view.View" package="commvne.com.whip.app.benchmark" content-desc="" checkable="false" checked="false" clickable="false" enabled="true" focusable="false" focused="false" scrollable="false" long-clickable="false" password="false" selected="false" visible-to-user="true" bounds="[485,509][595,627]" drawing-order="1" hint="" display-id="0">
<node index="0" text="History" resource-id="" class="android.widget.TextView" package="commvne.com.whip.app.benchmark" content-desc="" checkable="false" checked="false" clickable="false" enabled="true" focusable="false" focused="false" scrollable="false" long-clickable="false" password="false" selected="false" visible-to-user="true" bounds="[485,548][595,588]" drawing-order="0" hint="" display-id="0" />
</node>
<node index="2" text="" resource-id="" class="android.view.View" package="commvne.com.whip.app.benchmark" content-desc="" checkable="false" checked="false" clickable="false" enabled="true" focusable="false" focused="false" scrollable="false" long-clickable="false" password="false" selected="false" visible-to-user="true" bounds="[385,509][695,635]" drawing-order="2" hint="" display-id="0" />
</node>
<node index="2" text="" resource-id="" class="android.view.View" package="commvne.com.whip.app.benchmark" content-desc="" checkable="false" checked="false" clickable="true" enabled="true" focusable="true" focused="false" scrollable="false" long-clickable="false" password="false" selected="false" visible-to-user="true" bounds="[706,509][1016,635]" drawing-order="2" hint="" display-id="0">
<node index="0" text="" resource-id="" class="android.view.View" package="commvne.com.whip.app.benchmark" content-desc="Options" checkable="false" checked="false" clickable="false" enabled="true" focusable="false" focused="false" scrollable="false" long-clickable="false" password="false" selected="false" visible-to-user="true" bounds="[706,509][1016,635]" drawing-order="0" hint="" display-id="0" />
<node index="1" text="" resource-id="" class="android.view.View" package="commvne.com.whip.app.benchmark" content-desc="" checkable="false" checked="false" clickable="false" enabled="true" focusable="false" focused="false" scrollable="false" long-clickable="false" password="false" selected="false" visible-to-user="true" bounds="[802,509][920,627]" drawing-order="1" hint="" display-id="0">
<node index="0" text="Options" resource-id="" class="android.widget.TextView" package="commvne.com.whip.app.benchmark" content-desc="" checkable="false" checked="false" clickable="false" enabled="true" focusable="false" focused="false" scrollable="false" long-clickable="false" password="false" selected="false" visible-to-user="true" bounds="[802,548][920,588]" drawing-order="0" hint="" display-id="0" />
</node>
<node index="2" text="" resource-id="" class="android.view.View" package="commvne.com.whip.app.benchmark" content-desc="" checkable="false" checked="false" clickable="false" enabled="true" focusable="false" focused="false" scrollable="false" long-clickable="false" password="false" selected="false" visible-to-user="true" bounds="[706,509][1016,635]" drawing-order="2" hint="" display-id="0" />
</node>
</node>
</node>
<node index="2" text="" resource-id="" class="android.view.View" package="commvne.com.whip.app.benchmark" content-desc="" checkable="false" checked="false" clickable="false" enabled="true" focusable="false" focused="false" scrollable="false" long-clickable="false" password="false" selected="false" visible-to-user="true" bounds="[33,649][1048,1955]" drawing-order="2" hint="" display-id="0">
<node index="0" text="" resource-id="" class="android.view.View" package="commvne.com.whip.app.benchmark" content-desc="" checkable="false" checked="false" clickable="false" enabled="true" focusable="false" focused="false" scrollable="false" long-clickable="false" password="false" selected="false" visible-to-user="true" bounds="[86,691][995,1519]" drawing-order="0" hint="" display-id="0">
<node index="0" text="" resource-id="" class="android.view.View" package="commvne.com.whip.app.benchmark" content-desc="" checkable="false" checked="false" clickable="false" enabled="true" focusable="false" focused="false" scrollable="false" long-clickable="false" password="false" selected="false" visible-to-user="true" bounds="[86,691][995,902]" drawing-order="0" hint="" display-id="0">
<node index="0" text="Outcome" resource-id="" class="android.widget.TextView" package="commvne.com.whip.app.benchmark" content-desc="" checkable="false" checked="false" clickable="false" enabled="true" focusable="false" focused="false" scrollable="false" long-clickable="false" password="false" selected="false" visible-to-user="true" bounds="[128,733][274,776]" drawing-order="0" hint="" display-id="0" />
<node index="1" text="Current 0.0" resource-id="" class="android.widget.TextView" package="commvne.com.whip.app.benchmark" content-desc="" checkable="false" checked="false" clickable="false" enabled="true" focusable="false" focused="false" scrollable="false" long-clickable="false" password="false" selected="false" visible-to-user="true" bounds="[128,792][418,860]" drawing-order="1" hint="" display-id="0" />
</node>
<node index="1" text="" resource-id="" class="android.view.View" package="commvne.com.whip.app.benchmark" content-desc="" checkable="false" checked="false" clickable="false" enabled="true" focusable="false" focused="false" scrollable="false" long-clickable="false" password="false" selected="false" visible-to-user="true" bounds="[86,934][995,1519]" drawing-order="1" hint="" display-id="0">
<node index="0" text="Progress Insight" resource-id="" class="android.widget.TextView" package="commvne.com.whip.app.benchmark" content-desc="" checkable="false" checked="false" clickable="false" enabled="true" focusable="false" focused="false" scrollable="false" long-clickable="false" password="false" selected="false" visible-to-user="true" bounds="[128,976][393,1019]" drawing-order="0" hint="" display-id="0" />
<node index="1" text="Log on at least two days for a trend line." resource-id="" class="android.widget.TextView" package="commvne.com.whip.app.benchmark" content-desc="" checkable="false" checked="false" clickable="false" enabled="true" focusable="false" focused="false" scrollable="false" long-clickable="false" password="false" selected="false" visible-to-user="true" bounds="[128,1035][872,1098]" drawing-order="1" hint="" display-id="0" />
<node index="2" text="1 observed day · Insufficient evidence · 99990 excluded updates" resource-id="" class="android.widget.TextView" package="commvne.com.whip.app.benchmark" content-desc="" checkable="false" checked="false" clickable="false" enabled="true" focusable="false" focused="false" scrollable="false" long-clickable="false" password="false" selected="false" visible-to-user="true" bounds="[128,1114][953,1193]" drawing-order="2" hint="" display-id="0" />
<node index="3" text="" resource-id="" class="android.view.View" package="commvne.com.whip.app.benchmark" content-desc="" checkable="false" checked="false" clickable="true" enabled="true" focusable="true" focused="false" scrollable="false" long-clickable="false" password="false" selected="false" visible-to-user="true" bounds="[128,1209][559,1335]" drawing-order="3" hint="" display-id="0">
<node index="0" text="" resource-id="" class="android.view.View" package="commvne.com.whip.app.benchmark" content-desc="About This Data" checkable="false" checked="false" clickable="false" enabled="true" focusable="false" focused="false" scrollable="false" long-clickable="false" password="false" selected="false" visible-to-user="true" bounds="[128,1209][559,1335]" drawing-order="0" hint="" display-id="0" />
<node index="1" text="About This Data" resource-id="" class="android.widget.TextView" package="commvne.com.whip.app.benchmark" content-desc="" checkable="false" checked="false" clickable="false" enabled="true" focusable="false" focused="false" scrollable="false" long-clickable="false" password="false" selected="false" visible-to-user="true" bounds="[191,1248][433,1296]" drawing-order="1" hint="" display-id="0" />
<node index="2" text="" resource-id="" class="android.widget.Button" package="commvne.com.whip.app.benchmark" content-desc="" checkable="false" checked="false" clickable="false" enabled="true" focusable="false" focused="false" scrollable="false" long-clickable="false" password="false" selected="false" visible-to-user="true" bounds="[128,1209][559,1335]" drawing-order="2" hint="" display-id="0" />
</node>
<node index="4" text="" resource-id="" class="android.view.View" package="commvne.com.whip.app.benchmark" content-desc="" checkable="false" checked="false" clickable="true" enabled="true" focusable="true" focused="false" scrollable="false" long-clickable="false" password="false" selected="false" visible-to-user="true" bounds="[128,1351][573,1477]" drawing-order="4" hint="" display-id="0">
<node index="0" text="" resource-id="" class="android.view.View" package="commvne.com.whip.app.benchmark" content-desc="Trend Data Table" checkable="false" checked="false" clickable="false" enabled="true" focusable="false" focused="false" scrollable="false" long-clickable="false" password="false" selected="false" visible-to-user="true" bounds="[128,1351][573,1477]" drawing-order="0" hint="" display-id="0" />
<node index="1" text="Trend Data Table" resource-id="" class="android.widget.TextView" package="commvne.com.whip.app.benchmark" content-desc="" checkable="false" checked="false" clickable="false" enabled="true" focusable="false" focused="false" scrollable="false" long-clickable="false" password="false" selected="false" visible-to-user="true" bounds="[191,1390][447,1438]" drawing-order="1" hint="" display-id="0" />
<node index="2" text="" resource-id="" class="android.widget.Button" package="commvne.com.whip.app.benchmark" content-desc="" checkable="false" checked="false" clickable="false" enabled="true" focusable="false" focused="false" scrollable="false" long-clickable="false" password="false" selected="false" visible-to-user="true" bounds="[128,1351][573,1477]" drawing-order="2" hint="" display-id="0" />
</node>
</node>
</node>
</node>
<node index="3" text="" resource-id="" class="android.view.View" package="commvne.com.whip.app.benchmark" content-desc="" checkable="false" checked="false" clickable="false" enabled="true" focusable="false" focused="false" scrollable="false" long-clickable="false" password="false" selected="false" visible-to-user="true" bounds="[33,1958][1048,2148]" drawing-order="3" hint="" display-id="0">
<node index="0" text="" resource-id="" class="android.view.View" package="commvne.com.whip.app.benchmark" content-desc="" checkable="false" checked="false" clickable="true" enabled="true" focusable="true" focused="false" scrollable="false" long-clickable="false" password="false" selected="false" visible-to-user="true" bounds="[86,1990][995,2116]" drawing-order="0" hint="" display-id="0">
<node index="0" text="Log an Update" resource-id="" class="android.widget.TextView" package="commvne.com.whip.app.benchmark" content-desc="" checkable="false" checked="false" clickable="false" enabled="true" focusable="false" focused="false" scrollable="false" long-clickable="false" password="false" selected="false" visible-to-user="true" bounds="[433,2029][649,2077]" drawing-order="0" hint="" display-id="0" />
<node index="1" text="" resource-id="" class="android.widget.Button" package="commvne.com.whip.app.benchmark" content-desc="" checkable="false" checked="false" clickable="false" enabled="true" focusable="false" focused="false" scrollable="false" long-clickable="false" password="false" selected="false" visible-to-user="true" bounds="[86,1990][995,2116]" drawing-order="1" hint="" display-id="0" />
</node>
</node>
</node>
</node>
</node>
</node>
</node>
</node>
</node>
</node>
<node index="0" text="" resource-id="com.android.systemui:id/navigation_bar_frame" class="android.widget.FrameLayout" package="com.android.systemui" content-desc="" checkable="false" checked="false" clickable="false" enabled="true" focusable="false" focused="false" scrollable="false" long-clickable="false" password="false" selected="false" visible-to-user="true" bounds="[0,2274][1080,2400]" drawing-order="0" hint="" display-id="0">
<node index="0" text="" resource-id="com.android.systemui:id/navigation_bar_view" class="android.widget.FrameLayout" package="com.android.systemui" content-desc="" checkable="false" checked="false" clickable="false" enabled="true" focusable="false" focused="false" scrollable="false" long-clickable="false" password="false" selected="false" visible-to-user="true" bounds="[0,2274][1080,2400]" drawing-order="1" hint="" display-id="0">
<node index="0" text="" resource-id="com.android.systemui:id/navigation_inflater" class="android.widget.FrameLayout" package="com.android.systemui" content-desc="" checkable="false" checked="false" clickable="false" enabled="true" focusable="false" focused="false" scrollable="false" long-clickable="false" password="false" selected="false" visible-to-user="true" bounds="[0,2274][1080,2400]" drawing-order="1" hint="" display-id="0">
<node index="0" text="" resource-id="com.android.systemui:id/horizontal" class="android.widget.FrameLayout" package="com.android.systemui" content-desc="" checkable="false" checked="false" clickable="false" enabled="true" focusable="false" focused="false" scrollable="false" long-clickable="false" password="false" selected="false" visible-to-user="true" bounds="[0,2274][1080,2400]" drawing-order="1" hint="" display-id="0">
<node index="0" text="" resource-id="com.android.systemui:id/nav_buttons" class="android.widget.FrameLayout" package="com.android.systemui" content-desc="" checkable="false" checked="false" clickable="false" enabled="true" focusable="false" focused="false" scrollable="false" long-clickable="false" password="false" selected="false" visible-to-user="true" bounds="[21,2274][1059,2400]" drawing-order="1" hint="" display-id="0">
<node index="0" text="" resource-id="com.android.systemui:id/ends_group" class="android.widget.LinearLayout" package="com.android.systemui" content-desc="" checkable="false" checked="false" clickable="false" enabled="true" focusable="false" focused="false" scrollable="false" long-clickable="false" password="false" selected="false" visible-to-user="true" bounds="[21,2274][1059,2400]" drawing-order="1" hint="" display-id="0">
<node index="0" text="" resource-id="" class="android.widget.RelativeLayout" package="com.android.systemui" content-desc="" checkable="false" checked="false" clickable="false" enabled="true" focusable="false" focused="false" scrollable="false" long-clickable="false" password="false" selected="false" visible-to-user="true" bounds="[21,2274][124,2400]" drawing-order="1" hint="" display-id="0" />
<node index="1" text="" resource-id="" class="android.widget.RelativeLayout" package="com.android.systemui" content-desc="" checkable="false" checked="false" clickable="false" enabled="true" focusable="false" focused="false" scrollable="false" long-clickable="false" password="false" selected="false" visible-to-user="true" bounds="[124,2274][331,2400]" drawing-order="2" hint="" display-id="0">
<node index="0" text="" resource-id="com.android.systemui:id/back" class="android.widget.ImageView" package="com.android.systemui" content-desc="Back" checkable="false" checked="false" clickable="true" enabled="true" focusable="true" focused="false" scrollable="false" long-clickable="false" password="false" selected="false" visible-to-user="true" bounds="[124,2274][331,2400]" drawing-order="1" hint="" display-id="0" />
</node>
<node index="2" text="" resource-id="" class="android.widget.RelativeLayout" package="com.android.systemui" content-desc="" checkable="false" checked="false" clickable="false" enabled="true" focusable="false" focused="false" scrollable="false" long-clickable="false" password="false" selected="false" visible-to-user="true" bounds="[747,2274][955,2400]" drawing-order="4" hint="" display-id="0">
<node index="0" text="" resource-id="com.android.systemui:id/recent_apps" class="android.widget.ImageView" package="com.android.systemui" content-desc="Overview" checkable="false" checked="false" clickable="true" enabled="true" focusable="true" focused="false" scrollable="false" long-clickable="false" password="false" selected="false" visible-to-user="true" bounds="[747,2274][955,2400]" drawing-order="1" hint="" display-id="0" />
</node>
<node index="3" text="" resource-id="" class="android.widget.RelativeLayout" package="com.android.systemui" content-desc="" checkable="false" checked="false" clickable="false" enabled="true" focusable="false" focused="false" scrollable="false" long-clickable="false" password="false" selected="false" visible-to-user="true" bounds="[955,2274][1059,2400]" drawing-order="5" hint="" display-id="0" />
</node>
<node index="1" text="" resource-id="com.android.systemui:id/center_group" class="android.widget.LinearLayout" package="com.android.systemui" content-desc="" checkable="false" checked="false" clickable="false" enabled="true" focusable="false" focused="false" scrollable="false" long-clickable="false" password="false" selected="false" visible-to-user="true" bounds="[435,2274][645,2400]" drawing-order="2" hint="" display-id="0">
<node index="0" text="" resource-id="com.android.systemui:id/home" class="android.widget.ImageView" package="com.android.systemui" content-desc="Home" checkable="false" checked="false" clickable="true" enabled="true" focusable="true" focused="false" scrollable="false" long-clickable="true" password="false" selected="false" visible-to-user="true" bounds="[435,2274][645,2400]" drawing-order="1" hint="" display-id="0" />
</node>
</node>
</node>
</node>
</node>
</node>
</hierarchy>
at com.whip.benchmark.BenchmarkUiKt.clickObject(r8-map-id-16cae3ee30548099617b27ecb15e24549aa25509b0714065f5113dd0095b8597:112)
at com.whip.benchmark.BenchmarkUiKt.clickObject$default(r8-map-id-16cae3ee30548099617b27ecb15e24549aa25509b0714065f5113dd0095b8597:7)
at com.whip.benchmark.BenchmarkUiKt.clickPrimaryDestination(r8-map-id-16cae3ee30548099617b27ecb15e24549aa25509b0714065f5113dd0095b8597:82)
at com.whip.benchmark.DenseDataBenchmark.goalAndGymGraphsWithOneHundredThousandPoints$lambda$1(r8-map-id-16cae3ee30548099617b27ecb15e24549aa25509b0714065f5113dd0095b8597:59)
at com.whip.benchmark.DenseDataBenchmark.e(r8-map-id-16cae3ee30548099617b27ecb15e24549aa25509b0714065f5113dd0095b8597:1)
at n.invoke(r8-map-id-16cae3ee30548099617b27ecb15e24549aa25509b0714065f5113dd0095b8597:165)
at androidx.benchmark.macro.MacrobenchmarkPhaseKt.runPhase$lambda$18$lambda$12(r8-map-id-16cae3ee30548099617b27ecb15e24549aa25509b0714065f5113dd0095b8597:63)
at androidx.benchmark.macro.MacrobenchmarkPhaseKt.b(r8-map-id-16cae3ee30548099617b27ecb15e24549aa25509b0714065f5113dd0095b8597:1)
at u0.invoke(r8-map-id-16cae3ee30548099617b27ecb15e24549aa25509b0714065f5113dd0095b8597:11)
at androidx.benchmark.perfetto.PerfettoCaptureWrapper.record(r8-map-id-16cae3ee30548099617b27ecb15e24549aa25509b0714065f5113dd0095b8597:67)
at androidx.benchmark.perfetto.PerfettoCaptureWrapper.record$default(r8-map-id-16cae3ee30548099617b27ecb15e24549aa25509b0714065f5113dd0095b8597:17)
at androidx.benchmark.macro.MacrobenchmarkPhaseKt.runPhase(r8-map-id-16cae3ee30548099617b27ecb15e24549aa25509b0714065f5113dd0095b8597:246)
at androidx.benchmark.macro.MacrobenchmarkKt.macrobenchmark$lambda$6(r8-map-id-16cae3ee30548099617b27ecb15e24549aa25509b0714065f5113dd0095b8597:89)
at androidx.benchmark.macro.MacrobenchmarkKt.d(r8-map-id-16cae3ee30548099617b27ecb15e24549aa25509b0714065f5113dd0095b8597:1)
at r0.invoke(r8-map-id-16cae3ee30548099617b27ecb15e24549aa25509b0714065f5113dd0095b8597:49)
at androidx.benchmark.macro.TraceProcessorExtensionsKt.runServer(r8-map-id-16cae3ee30548099617b27ecb15e24549aa25509b0714065f5113dd0095b8597:15)
at androidx.benchmark.macro.TraceProcessorExtensionsKt.runServer$default(r8-map-id-16cae3ee30548099617b27ecb15e24549aa25509b0714065f5113dd0095b8597:9)
at androidx.benchmark.macro.MacrobenchmarkKt.macrobenchmark(r8-map-id-16cae3ee30548099617b27ecb15e24549aa25509b0714065f5113dd0095b8597:22)
at androidx.benchmark.macro.MacrobenchmarkKt.macrobenchmarkWithStartupMode(r8-map-id-16cae3ee30548099617b27ecb15e24549aa25509b0714065f5113dd0095b8597:131)
at androidx.benchmark.macro.junit4.MacrobenchmarkRule.measureRepeated(r8-map-id-16cae3ee30548099617b27ecb15e24549aa25509b0714065f5113dd0095b8597:95)
at androidx.benchmark.macro.junit4.MacrobenchmarkRule.measureRepeated$default(r8-map-id-16cae3ee30548099617b27ecb15e24549aa25509b0714065f5113dd0095b8597:45)
at com.whip.benchmark.DenseDataBenchmark.goalAndGymGraphsWithOneHundredThousandPoints(r8-map-id-16cae3ee30548099617b27ecb15e24549aa25509b0714065f5113dd0095b8597:48)

> Task :benchmark:connectedBenchmarkAndroidTest FAILED

FAILURE: Build failed with an exception.

* What went wrong:
Execution failed for task ':benchmark:connectedBenchmarkAndroidTest' (registered by plugin 'com.android.internal.test').
> There were failing tests. See the report at: file:///tmp/whip-history-probe/benchmark/build/reports/androidTests/connected/benchmark/index.html

* Try:
> Run with --stacktrace option to get the stack trace.
> Run with --info or --debug option to get more log output.
> Run with --scan to get full insights from a Build Scan (powered by Develocity).
> Get more help at https://help.gradle.org.

BUILD FAILED in 4m 46s
80 actionable tasks: 30 executed, 50 up-to-date
