Starting a Gradle Daemon, 1 busy and 6 stopped Daemons could not be reused, use --status for details
> Task :app:preBuild UP-TO-DATE
> Task :benchmark:preBuild UP-TO-DATE
> Task :app:preBenchmarkBuild UP-TO-DATE
> Task :benchmark:preBenchmarkBuild UP-TO-DATE
> Task :benchmark:generateBenchmarkResources UP-TO-DATE
> Task :benchmark:packageBenchmarkResources UP-TO-DATE
> Task :benchmark:processBenchmarkNavigationResources UP-TO-DATE
> Task :benchmark:parseBenchmarkLocalResources UP-TO-DATE
> Task :benchmark:generateBenchmarkRFile UP-TO-DATE
> Task :app:mergeBenchmarkArtProfile UP-TO-DATE
> Task :app:desugarBenchmarkFileDependencies UP-TO-DATE
> Task :app:generateBenchmarkBuildConfig UP-TO-DATE
> Task :app:generateBenchmarkResValues UP-TO-DATE
> Task :app:generateBenchmarkResources UP-TO-DATE
> Task :app:packageBenchmarkResources UP-TO-DATE
> Task :app:processBenchmarkNavigationResources UP-TO-DATE
> Task :app:parseBenchmarkLocalResources UP-TO-DATE
> Task :app:generateBenchmarkRFile UP-TO-DATE
> Task :app:kspBenchmarkKotlin UP-TO-DATE
> Task :benchmark:javaPreCompileBenchmark UP-TO-DATE
> Task :benchmark:generateBenchmarkAssets UP-TO-DATE
> Task :benchmark:mergeBenchmarkAssets UP-TO-DATE
> Task :benchmark:compressBenchmarkAssets UP-TO-DATE
> Task :benchmark:checkBenchmarkDuplicateClasses UP-TO-DATE
> Task :benchmark:extractProguardFiles UP-TO-DATE
> Task :app:compileBenchmarkKotlin UP-TO-DATE
> Task :benchmark:mergeBenchmarkManifest UP-TO-DATE
> Task :app:javaPreCompileBenchmark UP-TO-DATE
> Task :benchmark:processBenchmarkManifest UP-TO-DATE
> Task :benchmark:checkBenchmarkAarMetadata UP-TO-DATE
> Task :benchmark:mapBenchmarkSourceSetPaths UP-TO-DATE
> Task :benchmark:compileBenchmarkNavigationResources UP-TO-DATE
> Task :app:compileBenchmarkJavaWithJavac UP-TO-DATE
> Task :app:checkBenchmarkAarMetadata UP-TO-DATE
> Task :app:mapBenchmarkSourceSetPaths UP-TO-DATE
> Task :app:compileBenchmarkNavigationResources UP-TO-DATE
> Task :benchmark:mergeBenchmarkResources UP-TO-DATE
> Task :benchmark:processBenchmarkResources UP-TO-DATE
> Task :benchmark:mergeBenchmarkJniLibFolders UP-TO-DATE
> Task :app:mergeBenchmarkResources UP-TO-DATE
> Task :app:createBenchmarkCompatibleScreenManifests UP-TO-DATE
> Task :app:extractDeepLinksBenchmark UP-TO-DATE
> Task :benchmark:mergeBenchmarkNativeLibs UP-TO-DATE
> Task :benchmark:stripBenchmarkDebugSymbols UP-TO-DATE
> Task :benchmark:validateSigningBenchmark UP-TO-DATE
> Task :benchmark:writeBenchmarkSigningConfigVersions UP-TO-DATE
> Task :app:processBenchmarkMainManifest UP-TO-DATE
> Task :app:processBenchmarkManifest UP-TO-DATE
> Task :app:processBenchmarkManifestForPackage UP-TO-DATE
> Task :app:processBenchmarkResources UP-TO-DATE
> Task :app:dexBuilderBenchmark UP-TO-DATE
> Task :app:mergeBenchmarkGlobalSynthetics UP-TO-DATE
> Task :app:checkBenchmarkDuplicateClasses UP-TO-DATE
> Task :app:mergeBenchmarkStartupProfile UP-TO-DATE
> Task :app:mergeExtDexBenchmark UP-TO-DATE
> Task :app:mergeDexBenchmark UP-TO-DATE
> Task :app:compileBenchmarkArtProfile UP-TO-DATE
> Task :app:copyRoomSchemas NO-SOURCE
> Task :app:generateBenchmarkAssets UP-TO-DATE
> Task :app:mergeBenchmarkAssets UP-TO-DATE
> Task :app:compressBenchmarkAssets UP-TO-DATE
> Task :app:extractBenchmarkVersionControlInfo UP-TO-DATE
> Task :app:extractProguardFiles UP-TO-DATE
> Task :app:generateBenchmarkLintVitalReportModel UP-TO-DATE
> Task :app:lintVitalAnalyzeBenchmark UP-TO-DATE
> Task :app:lintVitalReportBenchmark UP-TO-DATE
> Task :app:lintVitalBenchmark
> Task :benchmark:compileBenchmarkKotlin
> Task :benchmark:compileBenchmarkJavaWithJavac NO-SOURCE
> Task :benchmark:processBenchmarkJavaRes UP-TO-DATE
> Task :app:processBenchmarkJavaRes UP-TO-DATE
> Task :benchmark:mergeBenchmarkJavaResource UP-TO-DATE
> Task :app:mergeBenchmarkJavaResource UP-TO-DATE
> Task :app:optimizeBenchmarkResources UP-TO-DATE
> Task :app:collectBenchmarkDependencies UP-TO-DATE
> Task :app:sdkBenchmarkDependencyData UP-TO-DATE
> Task :app:mergeBenchmarkJniLibFolders UP-TO-DATE
> Task :app:mergeBenchmarkNativeLibs UP-TO-DATE
> Task :app:stripBenchmarkDebugSymbols UP-TO-DATE
> Task :app:validateSigningBenchmark UP-TO-DATE
> Task :app:writeBenchmarkAppMetadata UP-TO-DATE
> Task :app:writeBenchmarkSigningConfigVersions UP-TO-DATE
> Task :app:packageBenchmark UP-TO-DATE
> Task :app:createBenchmarkApkListingFileRedirect UP-TO-DATE
> Task :benchmark:minifyBenchmarkWithR8
> Task :benchmark:packageBenchmark
> Task :benchmark:createBenchmarkApkListingFileRedirect UP-TO-DATE
Starting 1 tests on whip_release_api34(AVD) - 14
whip_release_api34(AVD) - 14 Tests 0/1 completed. (0 skipped) (0 failed)
> Task :benchmark:connectedBenchmarkAndroidTest

Finished 1 tests on whip_release_api34(AVD) - 14

BUILD SUCCESSFUL in 4m 6s
80 actionable tasks: 5 executed, 75 up-to-date
