UI source discovery changed; review the catalog and refresh the source snapshot:
--- /root/repos/whip/docs/quality/ui-source-snapshot.tsv	2026-09-29 07:40:25.750583065 -0400
+++ /tmp/tmp.ar58gtvUgu	2026-09-29 09:55:52.745344378 -0400
@@ -1,10 +1,10 @@
 family	discovered_owners	sha256
-goals	15	af467d470e410db93d5fbe9c0cf7fa15fd617feebf8c8ec69a3ba4df23992f56
+goals	14	41806c17cc9f03dc8651072ac566b0af2d5713ff030ea52a55ad444a1fc576cf
 gym	70	c276d09ebfabcb98df37a7a54820c5c7b9c0c82ddd49ecb81401d8109fb8d344
-habits	20	6c72347e764708dff47e55202c753fcd468f206c610da25ff819b38dc96c763a
+habits	19	e62c9352a2b3a30d53e1fadd8c914d179e54a9f3e58a333d4228eec0fd29cead
 organization	27	662b445458d0eff8aef45d84b40d5d034699ae2f11909b8718cfeced72d00a94
 settings	10	57cbe65ec4b6392769f19011841157eedbc9874292fba69d9bfa29914104e4b0
-shared	36	f504efeb84b1a6343b7f42a4bbf34fad3ba1d9a6950f8e279d77609817044d0f
-tasks	39	be3b136d242d36694a7b6320f2f3e1fa63dde8a94b628c2339e6ed5f7dbccc15
-tracks	34	1d8c9835e5c8e79ce935500fd89a918673c257b15915fc3ba5135047d5494187
-all	251	7a17f4320f7c191884a9269bcde53f8e628753a10a79325c20897cb2da261e72
+shared	37	35c4c8d4092bd995f424203f1a474fd38bb43931663949f9a1800d449b2d15ca
+tasks	42	8e278a8ead9bb1e3fa6e9e866cc990090f8197706dabe51f5fde9225fd798eb7
+tracks	35	a946d94b906375148f304c63dea5df9287ccf19484b1dbc35118e4686174a37e
+all	254	3513b217e5b0c2d45957a5c043a4c4102f69389a4c95ca4547486800d98b9d4e
