INFO         | Android emulator version 37.1.11.0 (build_id 15917651) (CL:N/A)
INFO         | Graphics backend: gfxstream
INFO         | Found systemPath /root/Android/Sdk/system-images/android-34/google_apis/x86_64/
INFO         | Increasing RAM size to 2560MB
INFO         | Guest GLES Driver: Auto (ext controls)
INFO         | emuglConfig_init: vulkan_mode_selected:swiftshader gles_mode_selected:swiftshader
INFO         | Checking system compatibility:
INFO         |   Checking: hasSufficientDiskSpace
INFO         |      Ok: Disk space requirements to run avd: `whip_api34_parallel` are met
INFO         |   Checking: hasSufficientHwGpu
INFO         |      Ok: Hardware GPU compatibility checks are not required
INFO         |   Checking: hasSufficientSystem
INFO         |      Ok: System requirements to run avd: `whip_api34_parallel` are met
WARNING      | Feature QuickbootFileBacked is disabled due to stability issues, if you really want that, the environment variable ANDROID_EMU_FORCE_QUICKBOOT_FILE_BACKED need to set to 1
INFO         | Storing crashdata in: /tmp/android-root/emu-crash-37.1.11.db, detection is enabled for process: 2136975
INFO         | Initializing gfxstream backend
INFO         | startOpenglesRendererImpl: gpu info
INFO         |
INFO         | initIcdPaths: ICD set to 'swiftshader', using Swiftshader ICD
INFO         | Setting ICD filenames for the loader = /root/Android/Sdk/emulator/lib64/vulkan/vk_swiftshader_icd.json
INFO         | SharedLibrary::open for [/root/Android/Sdk/emulator/qemu/linux-x86_64/lib64/vulkan/libvulkan.so]
INFO         | SharedLibrary::open for [/root/Android/Sdk/emulator/qemu/linux-x86_64/lib64/vulkan/libvulkan.so.1]
INFO         | SharedLibrary::open for [/root/Android/Sdk/emulator/lib64/vulkan/libvulkan.so]
INFO         | Added library: /root/Android/Sdk/emulator/lib64/vulkan/libvulkan.so
INFO         | Selecting Vulkan device: SwiftShader Device (Subzero), Version: 1.3.0
INFO         | Using Vulkan externalMemoryMode: OpaqueFd for VkEmulation
INFO         | SharedLibrary::open for [libX11]
INFO         | SharedLibrary::open for [libX11-xcb]
INFO         | Initializing VkEmulation features:
INFO         |     glInteropSupported: false
INFO         |     useDeferredCommands: true
INFO         |     createResourceWithRequirements: true
INFO         |     useVulkanComposition: false
INFO         |     useVulkanNativeSwapchain: false
INFO         |     enable guestRenderDoc: false
INFO         |     ASTC LDR emulation mode: Gpu
INFO         |     enable ETC2 emulation: true
INFO         |     enable Ycbcr emulation: false
INFO         |     guestVulkanOnly: false
INFO         |     useDedicatedAllocations: false
INFO         |     guestVulkanMaxApiVersion: 1.3.0
INFO         |     enableProtectedMemoryEmulation: false
INFO         | Graphics Adapter Vendor Google (Google Inc.)
INFO         | Graphics Adapter Android Emulator OpenGL ES Translator (Google SwiftShader)
INFO         | Graphics API Version OpenGL ES 3.0 (OpenGL ES 3.0 SwiftShader 4.0.0.1)
INFO         | Graphics API Extensions GL_OES_EGL_sync GL_OES_EGL_image GL_OES_EGL_image_external GL_OES_depth24 GL_OES_depth32 GL_OES_element_index_uint GL_OES_texture_float GL_OES_texture_float_linear GL_OES_compressed_paletted_texture GL_OES_compressed_ETC1_RGB8_texture GL_OES_depth_texture GL_OES_texture_half_float GL_OES_texture_half_float_linear GL_OES_packed_depth_stencil GL_OES_vertex_half_float GL_OES_standard_derivatives GL_OES_texture_npot GL_OES_rgb8_rgba8 GL_EXT_color_buffer_float GL_EXT_color_buffer_half_float GL_EXT_texture_format_BGRA8888 GL_APPLE_texture_format_BGRA8888
INFO         | Graphics Device Extensions N/A
INFO         | Disabling sparse binding feature support
INFO         | Sending adb public key [QAAAAAuF1wRd4RLFmG52eSZ+VqODP5OpmdR+1qGzSvzs0bm4Zs5w9/6ir+C6gW4qgF/KpTAgfr8quPmkWVjvQ2rHnWVKE5y5NuwOWFJMfkV7SvDsfFgZzp+IWoZiujU6CH2sgMQhNLGUrl5r1UQzR0DkePYb7ArfWpvkhVR5MaRRIv0Ms7ErdM5Uo+/Cw3c7hZ8Z4wFZjDHj0l6U9m/7cAQlvK/lpWZ0yGCgyH69KFj64vFMvzgImJGoAZa0HrjQEUI9UJWnrv9q1ktwxBhbKhZEe2b4N5zLkwpB8tUPdIUjXCkWs+asQUvkQAUxxQreJAHWdlIvWII4NuD4KVDL75FncGiGGr28nviB7XPKl0TDLA8bSiZCUxR0VA9hVz28rmfp2kswc1FGZBhL3ubTN/QIE7kJc9NO1nKluUYMqiQjRdRz1c6rDd5Kti1FPlq7wxkWVZiGjciAzi+Y/Ad3DvC1hNz3GKPEVprEQ61a3mBo62eYSqLCee/wW8bhA3tPor1qeO9oVZP8cPAMdDzWIpQdgNJsd0CfMSsvYsjWKbWyyO4yZrMwqtmQ7Wa5oZI4PZa+CY18PJgupdac975z62zlXpIuqGWs2WFg7ggS47zPynrm5IqGy2G49tXbLyjpXQHUJOcn+IYpEb3P9R4RBtOp+X+vE5uvF4c3P0hdhc8BLk538iEhjQEAAQA= root@unknown]
INFO         | Userspace boot properties:
INFO         |   androidboot.boot_devices=pci0000:00/0000:00:03.0 pci0000:00/0000:00:06.0
INFO         |   androidboot.dalvik.vm.heapsize=576m
INFO         |   androidboot.debug.hwui.renderer=skiagl
INFO         |   androidboot.debug.sf.nobootanimation=1
INFO         |   androidboot.hardware=ranchu
INFO         |   androidboot.hardware.gltransport=pipe
INFO         |   androidboot.hardware.vulkan=ranchu
INFO         |   androidboot.logcat=*:V
INFO         |   androidboot.opengles.version=196608
INFO         |   androidboot.qemu=1
INFO         |   androidboot.qemu.adb.pubkey=QAAAAAuF1wRd4RLFmG52eSZ+VqODP5OpmdR+1qGzSvzs0bm4Zs5w9/6ir+C6gW4qgF/KpTAgfr8quPmkWVjvQ2rHnWVKE5y5NuwOWFJMfkV7SvDsfFgZzp+IWoZiujU6CH2sgMQhNLGUrl5r1UQzR0DkePYb7ArfWpvkhVR5MaRRIv0Ms7ErdM5Uo+/Cw3c7hZ8Z4wFZjDHj0l6U9m/7cAQlvK/lpWZ0yGCgyH69KFj64vFMvzgImJGoAZa0HrjQEUI9UJWnrv9q1ktwxBhbKhZEe2b4N5zLkwpB8tUPdIUjXCkWs+asQUvkQAUxxQreJAHWdlIvWII4NuD4KVDL75FncGiGGr28nviB7XPKl0TDLA8bSiZCUxR0VA9hVz28rmfp2kswc1FGZBhL3ubTN/QIE7kJc9NO1nKluUYMqiQjRdRz1c6rDd5Kti1FPlq7wxkWVZiGjciAzi+Y/Ad3DvC1hNz3GKPEVprEQ61a3mBo62eYSqLCee/wW8bhA3tPor1qeO9oVZP8cPAMdDzWIpQdgNJsd0CfMSsvYsjWKbWyyO4yZrMwqtmQ7Wa5oZI4PZa+CY18PJgupdac975z62zlXpIuqGWs2WFg7ggS47zPynrm5IqGy2G49tXbLyjpXQHUJOcn+IYpEb3P9R4RBtOp+X+vE5uvF4c3P0hdhc8BLk538iEhjQEAAQA= root@unknown
INFO         |   androidboot.qemu.avd_name=whip_api34_parallel
INFO         |   androidboot.qemu.camera_hq_edge_processing=0
INFO         |   androidboot.qemu.camera_protocol_ver=1
INFO         |   androidboot.qemu.cpuvulkan.version=4206592
INFO         |   androidboot.qemu.gltransport.drawFlushInterval=800
INFO         |   androidboot.qemu.gltransport.name=pipe
INFO         |   androidboot.qemu.hwcodec.avcdec=2
INFO         |   androidboot.qemu.hwcodec.hevcdec=2
INFO         |   androidboot.qemu.hwcodec.vpxdec=2
INFO         |   androidboot.qemu.settings.system.screen_off_timeout=2147483647
INFO         |   androidboot.qemu.skin=1080x2400
INFO         |   androidboot.qemu.virtiowifi=1
INFO         |   androidboot.qemu.vsync=60
INFO         |   androidboot.serialno=EMULATOR37X1X11X0
INFO         |   androidboot.vbmeta.digest=451e57ed688ff746d2c636d52169ade253e2bc5bb30a5c3ff23679ca15d3bcd3
INFO         |   androidboot.vbmeta.hash_alg=sha256
INFO         |   androidboot.vbmeta.size=6656
INFO         |   androidboot.veritymode=enforcing
INFO         | Activated packet streamer for bluetooth emulation
WARNING: cannnot unmap ptr 0x7bb644e01000 as it is in the protected range from 0x7bb5a4e00000 to 0x7bb645000000
INFO         | Monitoring duration of emulator setup.
INFO         | Successfully initialized netsim WiFi
INFO         | Setting display: 0 configuration to: 1080x2400, dpi: 420x420
INFO         | setDisplayActiveConfig: id:0, 1080x2400
INFO         | emulatorSetupEnvironment: Environment scene is not required
USER_INFO    | Emulator is performing a full startup. This may take upto two minutes, or more.
INFO         | Boot completed in 28654 ms
INFO         | Increasing screen off timeout, logcat buffer size to 2M.
ERROR        | Failed to find ColorBuffer: 7101
