Play Store assets verified: 512x512 icon, 1024x500 feature graphic, and 5 phone screenshots
Calculating task graph as configuration cache cannot be reused because file 'app/build.gradle.kts' has changed.
> Task :app:generateDebugAssets UP-TO-DATE
> Task :benchmark:generateBenchmarkAssets UP-TO-DATE
> Task :app:preBuild UP-TO-DATE
> Task :benchmark:preBuild UP-TO-DATE
> Task :app:generateReleaseAssets UP-TO-DATE
> Task :benchmark:preBenchmarkBuild UP-TO-DATE
> Task :app:preDebugAndroidTestBuild SKIPPED
> Task :app:preReleaseBuild UP-TO-DATE
> Task :app:preDebugUnitTestBuild UP-TO-DATE
> Task :app:preDebugBuild UP-TO-DATE
> Task :app:extractProguardFiles UP-TO-DATE
> Task :benchmark:extractProguardFiles UP-TO-DATE
> Task :benchmark:validateSigningBenchmark UP-TO-DATE
> Task :benchmark:generateBenchmarkResources UP-TO-DATE
> Task :app:generateDebugAndroidTestResValues UP-TO-DATE
> Task :app:mergeDebugNativeDebugMetadata NO-SOURCE
> Task :app:generateDebugJacocoPropertiesFile UP-TO-DATE
> Task :app:generateDebugResValues UP-TO-DATE
> Task :app:generateDebugGlobalSynthetics UP-TO-DATE
> Task :app:javaPreCompileDebug UP-TO-DATE
> Task :app:writeDebugAppMetadata UP-TO-DATE
> Task :app:mergeDebugJniLibFolders UP-TO-DATE
> Task :app:generateReleaseBuildConfig UP-TO-DATE
> Task :app:createDebugCompatibleScreenManifests
> Task :app:javaPreCompileDebugUnitTest UP-TO-DATE
> Task :app:processDebugAndroidTestNavigationResources UP-TO-DATE
> Task :app:validateSigningDebug UP-TO-DATE
> Task :app:javaPreCompileRelease UP-TO-DATE
> Task :app:generateReleaseResValues UP-TO-DATE
> Task :app:mergeReleaseJniLibFolders UP-TO-DATE
> Task :app:generateDebugBuildConfig
> Task :app:generateDebugAndroidTestResources UP-TO-DATE
> Task :app:processReleaseNavigationResources UP-TO-DATE
> Task :app:mergeDebugAssets UP-TO-DATE
> Task :app:desugarDebugFileDependencies UP-TO-DATE
> Task :app:generateDebugResources UP-TO-DATE
> Task :app:generateReleaseResources UP-TO-DATE
> Task :app:extractDeepLinksDebug UP-TO-DATE
> Task :app:checkDebugAarMetadata UP-TO-DATE
> Task :app:checkReleaseDuplicateClasses UP-TO-DATE
> Task :app:processDebugNavigationResources UP-TO-DATE
> Task :app:compressDebugAssets UP-TO-DATE
> Task :app:mapDebugSourceSetPaths
> Task :app:mapReleaseSourceSetPaths UP-TO-DATE
> Task :app:checkReleaseAarMetadata UP-TO-DATE
> Task :app:checkDebugDuplicateClasses UP-TO-DATE
> Task :app:extractDeepLinksRelease UP-TO-DATE
> Task :app:mergeReleaseArtProfile UP-TO-DATE
> Task :app:createReleaseCompatibleScreenManifests
> Task :app:writeDebugSigningConfigVersions UP-TO-DATE
> Task :app:mergeDebugNativeLibs UP-TO-DATE
> Task :app:compileDebugNavigationResources UP-TO-DATE
> Task :app:mergeLibDexDebug UP-TO-DATE
> Task :app:packageReleaseResources UP-TO-DATE
> Task :app:packageDebugResources UP-TO-DATE
> Task :app:writeReleaseAppMetadata UP-TO-DATE
> Task :app:packageDebugAndroidTestResources UP-TO-DATE
> Task :app:parseDebugLocalResources UP-TO-DATE
> Task :app:writeReleaseSigningConfigVersions UP-TO-DATE
> Task :app:compileReleaseNavigationResources UP-TO-DATE
> Task :app:parseReleaseIntegrityConfig UP-TO-DATE
> Task :app:extractReleaseVersionControlInfo
> Task :app:mergeReleaseNativeLibs UP-TO-DATE
> Task :app:parseReleaseLocalResources UP-TO-DATE
> Task :app:mergeReleaseResources UP-TO-DATE
> Task :app:collectReleaseDependencies UP-TO-DATE
> Task :app:stripDebugDebugSymbols UP-TO-DATE
> Task :app:mergeReleaseAssets UP-TO-DATE
> Task :app:mergeReleaseStartupProfile UP-TO-DATE
> Task :app:sdkReleaseDependencyData UP-TO-DATE
> Task :benchmark:packageBenchmarkResources UP-TO-DATE
> Task :app:compressReleaseAssets UP-TO-DATE
> Task :app:stripReleaseDebugSymbols UP-TO-DATE
> Task :benchmark:javaPreCompileBenchmark UP-TO-DATE
> Task :app:extractReleaseNativeSymbolTables UP-TO-DATE
> Task :benchmark:mapBenchmarkSourceSetPaths UP-TO-DATE
> Task :benchmark:writeBenchmarkSigningConfigVersions UP-TO-DATE
> Task :app:mergeReleaseNativeDebugMetadata NO-SOURCE
> Task :benchmark:mergeBenchmarkJniLibFolders UP-TO-DATE
> Task :app:generateReleaseRFile UP-TO-DATE
> Task :app:parseDebugAndroidTestLocalResources UP-TO-DATE
> Task :app:configureReleaseDependencies UP-TO-DATE
> Task :app:processReleaseMainManifest UP-TO-DATE
> Task :app:generateDebugRFile UP-TO-DATE
> Task :app:generateDebugAndroidTestRFile UP-TO-DATE
> Task :app:processReleaseManifest
> Task :app:processReleaseManifestForPackage UP-TO-DATE
> Task :app:kspReleaseKotlin UP-TO-DATE
> Task :app:compileReleaseKotlin UP-TO-DATE
> Task :app:compileReleaseJavaWithJavac UP-TO-DATE
> Task :app:mergeDebugAndroidTestManifest UP-TO-DATE
> Task :app:processDebugAndroidTestManifest UP-TO-DATE
> Task :app:generateDebugAndroidTestBuildConfig UP-TO-DATE
> Task :app:processReleaseJavaRes UP-TO-DATE
> Task :app:mergeExtDexDebug UP-TO-DATE
> Task :app:processDebugMainManifest
> Task :app:mergeReleaseJavaResource UP-TO-DATE
> Task :app:generateReleaseLintVitalReportModel UP-TO-DATE
> Task :benchmark:checkBenchmarkDuplicateClasses UP-TO-DATE
> Task :app:lintVitalAnalyzeRelease UP-TO-DATE
> Task :app:processDebugManifest
> Task :benchmark:checkBenchmarkAarMetadata UP-TO-DATE
> Task :benchmark:processBenchmarkNavigationResources UP-TO-DATE
> Task :benchmark:mergeBenchmarkAssets UP-TO-DATE
> Task :app:lintVitalReportRelease UP-TO-DATE
> Task :benchmark:compileBenchmarkNavigationResources UP-TO-DATE
> Task :benchmark:mergeBenchmarkNativeLibs UP-TO-DATE
> Task :app:lintVitalRelease
> Task :benchmark:parseBenchmarkLocalResources UP-TO-DATE
> Task :app:processDebugManifestForPackage
> Task :benchmark:stripBenchmarkDebugSymbols UP-TO-DATE
> Task :benchmark:compressBenchmarkAssets UP-TO-DATE
> Task :benchmark:mergeBenchmarkManifest UP-TO-DATE
> Task :benchmark:mergeBenchmarkResources UP-TO-DATE
> Task :benchmark:processBenchmarkManifest UP-TO-DATE
> Task :benchmark:generateBenchmarkRFile UP-TO-DATE
> Task :benchmark:processBenchmarkResources UP-TO-DATE
> Task :benchmark:compileBenchmarkKotlin UP-TO-DATE
> Task :benchmark:compileBenchmarkJavaWithJavac NO-SOURCE
> Task :benchmark:processBenchmarkJavaRes UP-TO-DATE
> Task :benchmark:mergeBenchmarkJavaResource UP-TO-DATE
> Task :benchmark:minifyBenchmarkWithR8 UP-TO-DATE
> Task :benchmark:packageBenchmark UP-TO-DATE
> Task :benchmark:assembleBenchmark UP-TO-DATE
> Task :benchmark:createBenchmarkApkListingFileRedirect UP-TO-DATE
> Task :app:processReleaseResources
> Task :app:mergeReleaseGeneratedProguardFiles UP-TO-DATE
> Task :app:expandReleaseArtProfileWildcards UP-TO-DATE
> Task :app:produceReleaseComposeMapping UP-TO-DATE
> Task :app:reportReleaseComposeMappingErrors
> Task :app:mergeDebugResources
> Task :app:processDebugResources
> Task :app:kspDebugKotlin
> Task :app:compileDebugKotlin
> Task :app:processDebugJavaRes
> Task :app:mergeDebugJavaResource
> Task :app:compileDebugJavaWithJavac
> Task :app:generateDebugLintReportModel
> Task :app:bundleDebugClassesToCompileJar
> Task :app:kspDebugUnitTestKotlin SKIPPED
> Task :app:kspDebugAndroidTestKotlin SKIPPED
> Task :app:bundleDebugClassesToRuntimeJar
> Task :app:generateDebugAndroidTestLintModel
> Task :app:generateDebugUnitTestLintModel
> Task :app:compileDebugUnitTestKotlin
> Task :app:compileDebugUnitTestJavaWithJavac NO-SOURCE
> Task :app:processDebugUnitTestJavaRes UP-TO-DATE
> Task :app:copyRoomSchemas NO-SOURCE

> Task :app:compileDebugAndroidTestKotlin
e: file:///root/repos/whip/app/src/androidTest/java/com/whip/app/TrackWorkspaceUiTest.kt:11:33 Unresolved reference 'assertDoesNotExist'.

> Task :app:compileDebugAndroidTestKotlin FAILED
> Task :app:jacocoDebug

> Task :app:testDebugUnitTest

InteractionConsistencyTest > gymNavigationHasFourPrimaryDestinationsAndAnExhaustiveLibrary FAILED
    java.lang.AssertionError at InteractionConsistencyTest.kt:105

SurfaceRoleArchitectureTest > ordinaryInformationAndCollectionRowsUseTheirSemanticSurfaceRoles FAILED
    java.lang.AssertionError at SurfaceRoleArchitectureTest.kt:32

UiDesignArchitectureTest > editorHierarchyAndLocalizedChromeRemainFirstClassPatterns FAILED
    java.lang.AssertionError at UiDesignArchitectureTest.kt:92

WhipVisualLanguageTest > workspaceDefinitionsRetainAllPeerDestinationsAsDirectNavigation FAILED
    java.lang.AssertionError at WhipVisualLanguageTest.kt:132

724 tests completed, 4 failed

> Task :app:testDebugUnitTest FAILED
> Task :app:minifyReleaseWithR8
> Task :app:lintAnalyzeDebug
> Task :app:lintAnalyzeDebugAndroidTest
> Task :app:lintAnalyzeDebugUnitTest
