Calculating task graph as no cached configuration is available for tasks: :app:assembleBenchmark
> Task :app:generateBenchmarkAssets UP-TO-DATE
> Task :app:preBuild UP-TO-DATE
> Task :app:preBenchmarkBuild UP-TO-DATE
> Task :app:mergeBenchmarkStartupProfile
> Task :app:writeBenchmarkAppMetadata
> Task :app:createBenchmarkCompatibleScreenManifests
> Task :app:extractProguardFiles
> Task :app:validateSigningBenchmark
> Task :app:writeBenchmarkSigningConfigVersions
> Task :app:mergeBenchmarkJniLibFolders
> Task :app:generateBenchmarkResValues
> Task :app:desugarBenchmarkFileDependencies
> Task :app:generateBenchmarkBuildConfig
> Task :app:mergeBenchmarkAssets
> Task :app:extractDeepLinksBenchmark
> Task :app:generateBenchmarkResources FROM-CACHE
> Task :app:javaPreCompileBenchmark
> Task :app:processBenchmarkNavigationResources
> Task :app:compressBenchmarkAssets
> Task :app:mapBenchmarkSourceSetPaths
> Task :app:compileBenchmarkNavigationResources
> Task :app:checkBenchmarkDuplicateClasses
> Task :app:mergeBenchmarkArtProfile
> Task :app:extractBenchmarkVersionControlInfo
> Task :app:checkBenchmarkAarMetadata
> Task :app:mergeBenchmarkNativeLibs
> Task :app:collectBenchmarkDependencies

> Task :app:stripBenchmarkDebugSymbols
Unable to strip the following libraries, packaging them as they are: libandroidx.graphics.path.so. Run with --info option to learn more.

> Task :app:packageBenchmarkResources
> Task :app:extractBenchmarkNativeSymbolTables
> Task :app:mergeBenchmarkNativeDebugMetadata NO-SOURCE
> Task :app:sdkBenchmarkDependencyData
> Task :app:processBenchmarkMainManifest
> Task :app:processBenchmarkManifest
> Task :app:processBenchmarkManifestForPackage
> Task :app:parseBenchmarkLocalResources FROM-CACHE
> Task :app:generateBenchmarkRFile
> Task :app:mergeBenchmarkResources
> Task :app:processBenchmarkResources
> Task :app:optimizeBenchmarkResources
> Task :app:mergeExtDexBenchmark
> Task :app:kspBenchmarkKotlin
> Task :app:compileBenchmarkKotlin
w: file:///tmp/whip-history-probe/app/src/main/java/com/whip/app/ui/GoalScreens.kt:1591:54 Unnecessary safe call on a non-null receiver of type 'GoalProjection'.
w: file:///tmp/whip-history-probe/app/src/main/java/com/whip/app/ui/RoutineBuilder.kt:3174:77 Unnecessary safe call on a non-null receiver of type 'Exercise'.
w: file:///tmp/whip-history-probe/app/src/main/java/com/whip/app/ui/RoutineBuilder.kt:3177:29 Unnecessary safe call on a non-null receiver of type 'Exercise'.
w: file:///tmp/whip-history-probe/app/src/main/java/com/whip/app/ui/RoutineBuilder.kt:3178:89 Unnecessary safe call on a non-null receiver of type 'Exercise'.
w: file:///tmp/whip-history-probe/app/src/main/java/com/whip/app/ui/RoutineBuilder.kt:3209:45 Unnecessary safe call on a non-null receiver of type 'Exercise'.
w: file:///tmp/whip-history-probe/app/src/main/java/com/whip/app/ui/RoutineBuilder.kt:3210:124 Unnecessary safe call on a non-null receiver of type 'Exercise'.
w: file:///tmp/whip-history-probe/app/src/main/java/com/whip/app/ui/RoutineBuilder.kt:3211:119 Unnecessary safe call on a non-null receiver of type 'Exercise'.
w: file:///tmp/whip-history-probe/app/src/main/java/com/whip/app/ui/TrackEntryDeleteCandidate.kt:9:47 Non-public primary constructor is exposed via the generated 'copy()' method of the 'data' class.

The generated 'copy()' will change its visibility in future releases.

To suppress the warning do one of the following:
- Annotate the data class with the '@ConsistentCopyVisibility' annotation.
- Use the '-Xconsistent-data-class-copy-visibility' compiler flag.
- Annotate the data class with the '@ExposedCopyVisibility' annotation
  (Discouraged, but can be used to keep binary compatibility).

To learn more, see the documentation of the '@ConsistentCopyVisibility' and '@ExposedCopyVisibility' annotations.

This will become an error in language version 2.5. See https://youtrack.jetbrains.com/issue/KT-11914.
w: file:///tmp/whip-history-probe/app/src/main/java/com/whip/app/ui/WhipManagementHeader.kt:63:38 Unnecessary safe call on a non-null receiver of type 'WhipManagementAction'.
w: file:///tmp/whip-history-probe/app/src/main/java/com/whip/app/widget/WhipWidgetProvider.kt:54:31 'fun notifyAppWidgetViewDataChanged(p0: Int, p1: Int): Unit' is deprecated. Deprecated in Java.
w: file:///tmp/whip-history-probe/app/src/main/java/com/whip/app/widget/WhipWidgetProvider.kt:103:55 'fun notifyAppWidgetViewDataChanged(p0: Int, p1: Int): Unit' is deprecated. Deprecated in Java.
w: file:///tmp/whip-history-probe/app/src/main/java/com/whip/app/widget/WhipWidgetProvider.kt:116:55 'fun notifyAppWidgetViewDataChanged(p0: Int, p1: Int): Unit' is deprecated. Deprecated in Java.
w: file:///tmp/whip-history-probe/app/src/main/java/com/whip/app/widget/WhipWidgetProvider.kt:361:55 'fun notifyAppWidgetViewDataChanged(p0: Int, p1: Int): Unit' is deprecated. Deprecated in Java.
w: file:///tmp/whip-history-probe/app/src/main/java/com/whip/app/widget/WhipWidgetProvider.kt:374:55 'fun notifyAppWidgetViewDataChanged(p0: Int, p1: Int): Unit' is deprecated. Deprecated in Java.
w: file:///tmp/whip-history-probe/app/src/main/java/com/whip/app/widget/WhipWidgetProvider.kt:582:13 'fun setRemoteAdapter(p0: Int, p1: Intent!): Unit' is deprecated. Deprecated in Java.
w: file:///tmp/whip-history-probe/app/src/main/java/com/whip/app/widget/WhipWidgetProvider.kt:588:17 'fun notifyAppWidgetViewDataChanged(p0: Int, p1: Int): Unit' is deprecated. Deprecated in Java.
w: file:///tmp/whip-history-probe/app/src/main/java/com/whip/app/widget/WhipWidgetProvider.kt:682:13 'fun setRemoteAdapter(p0: Int, p1: Intent!): Unit' is deprecated. Deprecated in Java.
w: file:///tmp/whip-history-probe/app/src/main/java/com/whip/app/widget/WhipWidgetProvider.kt:699:17 'fun notifyAppWidgetViewDataChanged(p0: Int, p1: Int): Unit' is deprecated. Deprecated in Java.

> Task :app:processBenchmarkJavaRes
> Task :app:mergeBenchmarkJavaResource
> Task :app:compileBenchmarkJavaWithJavac
> Task :app:copyRoomSchemas NO-SOURCE
> Task :app:generateBenchmarkLintVitalReportModel
> Task :app:dexBuilderBenchmark
> Task :app:mergeBenchmarkGlobalSynthetics
> Task :app:mergeDexBenchmark
> Task :app:compileBenchmarkArtProfile
> Task :app:lintVitalAnalyzeBenchmark
> Task :app:lintVitalReportBenchmark
> Task :app:lintVitalBenchmark
> Task :app:packageBenchmark
> Task :app:assembleBenchmark
> Task :app:createBenchmarkApkListingFileRedirect

[Incubating] Problems report is available at: file:///tmp/whip-history-probe/build/reports/problems/problems-report.html

BUILD SUCCESSFUL in 2m 57s
52 actionable tasks: 50 executed, 2 from cache
Configuration cache entry stored.
