Reusing configuration cache.
> Task :app:preBuild UP-TO-DATE
> Task :app:preDebugBuild UP-TO-DATE
> Task :app:preDebugAndroidTestBuild SKIPPED
> Task :app:generateDebugBuildConfig UP-TO-DATE
> Task :app:createDebugCompatibleScreenManifests UP-TO-DATE
> Task :app:generateDebugResValues UP-TO-DATE
> Task :app:javaPreCompileDebug UP-TO-DATE
> Task :app:processDebugAndroidTestNavigationResources UP-TO-DATE
> Task :app:generateDebugAndroidTestResValues UP-TO-DATE
> Task :app:mapDebugSourceSetPaths UP-TO-DATE
> Task :app:generateDebugResources UP-TO-DATE
> Task :app:generateDebugAndroidTestResources UP-TO-DATE
> Task :app:extractDeepLinksDebug UP-TO-DATE
> Task :app:packageDebugResources UP-TO-DATE
> Task :app:packageDebugAndroidTestResources UP-TO-DATE
> Task :app:parseDebugAndroidTestLocalResources UP-TO-DATE
> Task :app:generateDebugAndroidTestRFile UP-TO-DATE
> Task :app:checkDebugAarMetadata UP-TO-DATE
> Task :app:processDebugNavigationResources UP-TO-DATE
> Task :app:mergeDebugResources UP-TO-DATE
> Task :app:compileDebugNavigationResources UP-TO-DATE
> Task :app:parseDebugLocalResources UP-TO-DATE
> Task :app:generateDebugRFile UP-TO-DATE
> Task :app:processDebugMainManifest UP-TO-DATE
> Task :app:mergeDebugAndroidTestManifest UP-TO-DATE
> Task :app:processDebugManifest UP-TO-DATE
> Task :app:processDebugManifestForPackage UP-TO-DATE
> Task :app:processDebugAndroidTestManifest UP-TO-DATE
> Task :app:generateDebugAndroidTestBuildConfig UP-TO-DATE
> Task :app:processDebugResources UP-TO-DATE
> Task :app:kspDebugKotlin
> Task :app:compileDebugKotlin
> Task :app:compileDebugJavaWithJavac UP-TO-DATE
> Task :app:bundleDebugClassesToCompileJar
> Task :app:kspDebugAndroidTestKotlin SKIPPED
> Task :app:copyRoomSchemas NO-SOURCE
> Task :app:compileDebugAndroidTestKotlin

BUILD SUCCESSFUL in 10s
32 actionable tasks: 4 executed, 28 up-to-date
Configuration cache entry reused.
Targeted Android run 1/1.
Reusing configuration cache.
> Task :app:preBuild UP-TO-DATE
> Task :app:generateDebugAndroidTestAssets UP-TO-DATE
> Task :app:preDebugBuild UP-TO-DATE
> Task :app:generateDebugAssets UP-TO-DATE
> Task :app:copyRoomSchemasToAndroidTestAssetsDebugAndroidTest UP-TO-DATE
> Task :app:generateDebugBuildConfig UP-TO-DATE
> Task :app:mergeDebugNativeDebugMetadata NO-SOURCE
> Task :app:generateDebugResValues UP-TO-DATE
> Task :app:generateDebugResources UP-TO-DATE
> Task :app:preDebugAndroidTestBuild SKIPPED
> Task :app:mapDebugSourceSetPaths UP-TO-DATE
> Task :app:extractDeepLinksDebug UP-TO-DATE
> Task :app:javaPreCompileDebugAndroidTest UP-TO-DATE
> Task :app:createDebugCompatibleScreenManifests UP-TO-DATE
> Task :app:javaPreCompileDebug UP-TO-DATE
> Task :app:generateDebugAndroidTestResValues UP-TO-DATE
> Task :app:generateDebugGlobalSynthetics UP-TO-DATE
> Task :app:generateDebugJacocoPropertiesFile UP-TO-DATE
> Task :app:processDebugAndroidTestNavigationResources UP-TO-DATE
> Task :app:validateSigningDebug UP-TO-DATE
> Task :app:generateDebugAndroidTestResources UP-TO-DATE
> Task :app:mergeDebugJniLibFolders UP-TO-DATE
> Task :app:desugarDebugFileDependencies UP-TO-DATE
> Task :app:writeDebugSigningConfigVersions UP-TO-DATE
> Task :app:packageDebugResources UP-TO-DATE
> Task :app:generateDebugAndroidTestGlobalSynthetics UP-TO-DATE
> Task :app:mergeDebugAndroidTestJniLibFolders UP-TO-DATE
> Task :app:desugarDebugAndroidTestFileDependencies UP-TO-DATE
> Task :app:validateSigningDebugAndroidTest UP-TO-DATE
> Task :app:packageDebugAndroidTestResources UP-TO-DATE
> Task :app:writeDebugAppMetadata UP-TO-DATE
> Task :app:writeDebugAndroidTestSigningConfigVersions UP-TO-DATE
> Task :app:mapDebugAndroidTestSourceSetPaths UP-TO-DATE
> Task :app:compileDebugAndroidTestNavigationResources UP-TO-DATE
> Task :app:parseDebugAndroidTestLocalResources UP-TO-DATE
> Task :app:generateDebugAndroidTestRFile UP-TO-DATE
> Task :app:mergeDebugResources UP-TO-DATE
> Task :app:mergeDebugAndroidTestResources UP-TO-DATE
> Task :app:mergeDebugAssets UP-TO-DATE
> Task :app:mergeDebugAndroidTestAssets UP-TO-DATE
> Task :app:compressDebugAssets UP-TO-DATE
> Task :app:checkDebugAarMetadata UP-TO-DATE
> Task :app:checkDebugAndroidTestAarMetadata UP-TO-DATE
> Task :app:checkDebugDuplicateClasses UP-TO-DATE
> Task :app:processDebugNavigationResources UP-TO-DATE
> Task :app:compressDebugAndroidTestAssets UP-TO-DATE
> Task :app:mergeDebugNativeLibs UP-TO-DATE
> Task :app:checkDebugAndroidTestDuplicateClasses UP-TO-DATE
> Task :app:compileDebugNavigationResources UP-TO-DATE
> Task :app:processDebugMainManifest UP-TO-DATE
> Task :app:parseDebugLocalResources UP-TO-DATE
> Task :app:mergeDebugAndroidTestManifest UP-TO-DATE
> Task :app:mergeLibDexDebug UP-TO-DATE
> Task :app:processDebugManifest UP-TO-DATE
> Task :app:processDebugManifestForPackage UP-TO-DATE
> Task :app:processDebugAndroidTestManifest UP-TO-DATE
> Task :app:generateDebugRFile UP-TO-DATE
> Task :app:generateDebugAndroidTestBuildConfig UP-TO-DATE
> Task :app:stripDebugDebugSymbols UP-TO-DATE
> Task :app:mergeLibDexDebugAndroidTest UP-TO-DATE
> Task :app:mergeDebugAndroidTestNativeLibs NO-SOURCE
> Task :app:stripDebugAndroidTestDebugSymbols NO-SOURCE
> Task :app:kspDebugKotlin UP-TO-DATE
> Task :app:mergeExtDexDebug UP-TO-DATE
> Task :app:mergeExtDexDebugAndroidTest UP-TO-DATE
> Task :app:processDebugResources UP-TO-DATE
> Task :app:processDebugAndroidTestResources UP-TO-DATE
> Task :app:compileDebugKotlin UP-TO-DATE
> Task :app:compileDebugJavaWithJavac UP-TO-DATE
> Task :app:bundleDebugClassesToCompileJar UP-TO-DATE
> Task :app:kspDebugAndroidTestKotlin SKIPPED
> Task :app:processDebugJavaRes UP-TO-DATE
> Task :app:mergeDebugJavaResource UP-TO-DATE
> Task :app:compileDebugAndroidTestKotlin UP-TO-DATE
> Task :app:processDebugAndroidTestJavaRes UP-TO-DATE
> Task :app:mergeDebugAndroidTestJavaResource UP-TO-DATE
> Task :app:compileDebugAndroidTestJavaWithJavac UP-TO-DATE
> Task :app:copyRoomSchemas NO-SOURCE
> Task :app:dexBuilderDebugAndroidTest
> Task :app:mergeProjectDexDebugAndroidTest
> Task :app:packageDebugAndroidTest
> Task :app:assembleDebugAndroidTest
> Task :app:createDebugAndroidTestApkListingFileRedirect UP-TO-DATE
> Task :app:jacocoDebug
> Task :app:dexBuilderDebug
> Task :app:mergeProjectDexDebug
> Task :app:packageDebug
> Task :app:assembleDebug
> Task :app:createDebugApkListingFileRedirect UP-TO-DATE

BUILD SUCCESSFUL in 13s
77 actionable tasks: 7 executed, 70 up-to-date
Configuration cache entry reused.
Android batch 1/1 (ordinary, 2 selector(s)).
> Task :app:preBuild UP-TO-DATE
> Task :app:preDebugBuild UP-TO-DATE
> Task :app:generateDebugBuildConfig UP-TO-DATE
> Task :app:generateDebugResValues UP-TO-DATE
> Task :app:generateDebugResources UP-TO-DATE
> Task :app:packageDebugResources UP-TO-DATE
> Task :app:processDebugNavigationResources UP-TO-DATE
> Task :app:parseDebugLocalResources UP-TO-DATE
> Task :app:generateDebugRFile UP-TO-DATE
> Task :app:kspDebugKotlin UP-TO-DATE
> Task :app:compileDebugKotlin UP-TO-DATE
> Task :app:javaPreCompileDebug UP-TO-DATE
> Task :app:compileDebugJavaWithJavac UP-TO-DATE
> Task :app:checkDebugAarMetadata UP-TO-DATE
> Task :app:mapDebugSourceSetPaths UP-TO-DATE
> Task :app:compileDebugNavigationResources UP-TO-DATE
> Task :app:mergeDebugResources UP-TO-DATE
> Task :app:createDebugCompatibleScreenManifests UP-TO-DATE
> Task :app:extractDeepLinksDebug UP-TO-DATE
> Task :app:processDebugMainManifest UP-TO-DATE
> Task :app:processDebugManifest UP-TO-DATE
> Task :app:processDebugManifestForPackage UP-TO-DATE
> Task :app:processDebugResources UP-TO-DATE
> Task :app:bundleDebugClassesToCompileJar UP-TO-DATE
> Task :app:preDebugAndroidTestBuild SKIPPED
> Task :app:mergeDebugAndroidTestManifest UP-TO-DATE
> Task :app:processDebugAndroidTestManifest UP-TO-DATE
> Task :app:generateDebugAndroidTestBuildConfig UP-TO-DATE
> Task :app:generateDebugAndroidTestResValues UP-TO-DATE
> Task :app:generateDebugAndroidTestResources UP-TO-DATE
> Task :app:packageDebugAndroidTestResources UP-TO-DATE
> Task :app:processDebugAndroidTestNavigationResources UP-TO-DATE
> Task :app:parseDebugAndroidTestLocalResources UP-TO-DATE
> Task :app:generateDebugAndroidTestRFile UP-TO-DATE
> Task :app:kspDebugAndroidTestKotlin SKIPPED
> Task :app:compileDebugAndroidTestKotlin UP-TO-DATE
> Task :app:javaPreCompileDebugAndroidTest UP-TO-DATE
> Task :app:compileDebugAndroidTestJavaWithJavac UP-TO-DATE
> Task :app:copyRoomSchemas NO-SOURCE
> Task :app:generateDebugAssets UP-TO-DATE
> Task :app:mergeDebugAssets UP-TO-DATE
> Task :app:compressDebugAssets UP-TO-DATE
> Task :app:generateDebugGlobalSynthetics UP-TO-DATE
> Task :app:generateDebugJacocoPropertiesFile UP-TO-DATE
> Task :app:processDebugJavaRes UP-TO-DATE
> Task :app:mergeDebugJavaResource UP-TO-DATE
> Task :app:checkDebugDuplicateClasses UP-TO-DATE
> Task :app:desugarDebugFileDependencies UP-TO-DATE
> Task :app:mergeExtDexDebug UP-TO-DATE
> Task :app:mergeLibDexDebug UP-TO-DATE
> Task :app:jacocoDebug UP-TO-DATE
> Task :app:dexBuilderDebug UP-TO-DATE
> Task :app:mergeProjectDexDebug UP-TO-DATE
> Task :app:mergeDebugJniLibFolders UP-TO-DATE
> Task :app:mergeDebugNativeLibs UP-TO-DATE
> Task :app:stripDebugDebugSymbols UP-TO-DATE
> Task :app:validateSigningDebug UP-TO-DATE
> Task :app:writeDebugAppMetadata UP-TO-DATE
> Task :app:writeDebugSigningConfigVersions UP-TO-DATE
> Task :app:packageDebug UP-TO-DATE
> Task :app:createDebugApkListingFileRedirect UP-TO-DATE
> Task :app:copyRoomSchemasToAndroidTestAssetsDebugAndroidTest UP-TO-DATE
> Task :app:generateDebugAndroidTestAssets UP-TO-DATE
> Task :app:mergeDebugAndroidTestAssets UP-TO-DATE
> Task :app:compressDebugAndroidTestAssets UP-TO-DATE
> Task :app:generateDebugAndroidTestGlobalSynthetics UP-TO-DATE
> Task :app:processDebugAndroidTestJavaRes UP-TO-DATE
> Task :app:mergeDebugAndroidTestJavaResource UP-TO-DATE
> Task :app:checkDebugAndroidTestDuplicateClasses UP-TO-DATE
> Task :app:desugarDebugAndroidTestFileDependencies UP-TO-DATE
> Task :app:mergeExtDexDebugAndroidTest UP-TO-DATE
> Task :app:mergeLibDexDebugAndroidTest UP-TO-DATE
> Task :app:checkDebugAndroidTestAarMetadata UP-TO-DATE
> Task :app:mapDebugAndroidTestSourceSetPaths UP-TO-DATE
> Task :app:compileDebugAndroidTestNavigationResources UP-TO-DATE
> Task :app:mergeDebugAndroidTestResources UP-TO-DATE
> Task :app:processDebugAndroidTestResources UP-TO-DATE
> Task :app:dexBuilderDebugAndroidTest UP-TO-DATE
> Task :app:mergeProjectDexDebugAndroidTest UP-TO-DATE
> Task :app:mergeDebugAndroidTestJniLibFolders UP-TO-DATE
> Task :app:mergeDebugAndroidTestNativeLibs NO-SOURCE
> Task :app:stripDebugAndroidTestDebugSymbols NO-SOURCE
> Task :app:validateSigningDebugAndroidTest UP-TO-DATE
> Task :app:writeDebugAndroidTestSigningConfigVersions UP-TO-DATE
> Task :app:packageDebugAndroidTest UP-TO-DATE
> Task :app:createDebugAndroidTestApkListingFileRedirect UP-TO-DATE
Starting 2 tests on whip_api34(AVD) - 14
whip_api34(AVD) - 14 Tests 0/2 completed. (0 skipped) (0 failed)
> Task :app:connectedDebugAndroidTest


com.whip.app.FiveThreeOneCycleJourneyE2ETest > fullCycleReviewsExplicitlyAndNextCycleKeepsOriginalPerformedHistory[whip_api34(AVD) - 14] [31mFAILED [0m
	java.lang.AssertionError: expected:<{4=WorkoutSession(id=4, uuid=599e303f-66d5-43fb-9197-96480e5996f8, name=Custom 5/3/1, notes=, startedAt=2026-09-10T19:23:12.432Z, endedAt=2026-09-10T19:23:20.238Z, localDate=2026-09-10, zoneId=America/Toronto, state=Finished, keepScreenAwake=false, restTimerDeadlineMillis=null, restTimerDurationSeconds=null, archived=false, createdAtMillis=1789068192432, updatedAtMillis=1789068200238, sourceRoutineId=1, sourceRoutineDayId=1, sourceRoutineProgramKind=FiveThreeOne, sourceRoutinePhaseIndex=3, sourceRoutineCycle=1, sourceRoutineDayPosition=0, sourceRoutineDayProgressionIndex=null, programProgressAdvanced=true, requiredMainWorkInvalidated=false, invalidatedMainExerciseIds=[], sourceRoutinePhaseLabel=7th Week · Deload, sourceRoutinePhaseRole=Deload, workoutRevision=5, restTimerRevision=1, restTimerCleanupPending=true), 3=WorkoutSession(id=3, uuid=b47ef02e-a5e3-4946-a42e-dd012966ee12, name=Custom 5/3/1, notes=, startedAt=2026-09-10T19:23:08.203Z, endedAt=2026-09-10T19:23:11.631Z, localDate=2026-09-10, zoneId=America/Toronto, state=Finished, keepScreenAwake=false, restTimerDeadlineMillis=null, restTimerDurationSeconds=null, archived=false, createdAtMillis=1789068188203, updatedAtMillis=1789068191631, sourceRoutineId=1, sourceRoutineDayId=1, sourceRoutineProgramKind=FiveThreeOne, sourceRoutinePhaseIndex=2, sourceRoutineCycle=1, sourceRoutineDayPosition=0, sourceRoutineDayProgressionIndex=null, programProgressAdvanced=true, requiredMainWorkInvalidated=false, invalidatedMainExerciseIds=[], sourceRoutinePhaseLabel=5/3/1 Week, sourceRoutinePhaseRole=Standard, workoutRevision=9, restTimerRevision=1, restTimerCleanupPending=false), 2=WorkoutSession(id=2, uuid=89f3e44e-82bc-42c8-ace8-ceba66838662, name=Custom 5/3/1, notes=, startedAt=2026-09-10T19:23:04.364Z, endedAt=2026-09-10T19:23:07.539Z, localDate=2026-09-10, zoneId=America/Toronto, state=Finished, keepScreenAwake=false, restTimerDeadlineMillis=null, restTimerDurationSeconds=null, archived=false, createdAtMillis=1789068184364, updatedAtMillis=1789068187539, sourceRoutineId=1, sourceRoutineDayId=1, sourceRoutineProgramKind=FiveThreeOne, sourceRoutinePhaseIndex=1, sourceRoutineCycle=1, sourceRoutineDayPosition=0, sourceRoutineDayProgressionIndex=null, programProgressAdvanced=true, requiredMainWorkInvalidated=false, invalidatedMainExerciseIds=[], sourceRoutinePhaseLabel=3s Week, sourceRoutinePhaseRole=Standard, workoutRevision=9, restTimerRevision=1, restTimerCleanupPending=false), 1=WorkoutSession(id=1, uuid=f697afe1-cadb-4066-a156-7b1b6a622b78, name=Custom 5/3/1, notes=, startedAt=2026-09-10T19:22:58.045Z, endedAt=2026-09-10T19:23:03.658Z, localDate=2026-09-10, zoneId=America/Toronto, state=Finished, keepScreenAwake=false, restTimerDeadlineMillis=null, restTimerDurationSeconds=null, archived=false, createdAtMillis=1789068178045, updatedAtMillis=1789068183658, sourceRoutineId=1, sourceRoutineDayId=1, sourceRoutineProgramKind=FiveThreeOne, sourceRoutinePhaseIndex=0, sourceRoutineCycle=1, sourceRoutineDayPosition=0, sourceRoutineDayProgressionIndex=null, programProgressAdvanced=true, requiredMainWorkInvalidated=false, invalidatedMainExerciseIds=[], sourceRoutinePhaseLabel=5s Week, sourceRoutinePhaseRole=Standard, workoutRevision=8, restTimerRevision=1, restTimerCleanupPending=false)}> but was:<{4=WorkoutSession(id=4, uuid=599e303f-66d5-43fb-9197-96480e5996f8, name=Custom 5/3/1, notes=, startedAt=2026-09-10T19:23:12.432Z, endedAt=2026-09-10T19:23:20.238Z, localDate=2026-09-10, zoneId=America/Toronto, state=Finished, keepScreenAwake=false, restTimerDeadlineMillis=null, restTimerDurationSeconds=null, archived=false, createdAtMillis=1789068192432, updatedAtMillis=1789068200238, sourceRoutineId=1, sourceRoutineDayId=1, sourceRoutineProgramKind=FiveThreeOne, sourceRoutinePhaseIndex=3, sourceRoutineCycle=1, sourceRoutineDayPosition=0, sourceRoutineDayProgressionIndex=null, programProgressAdvanced=true, requiredMainWorkInvalidated=false, invalidatedMainExerciseIds=[], sourceRoutinePhaseLabel=7th Week · Deload, sourceRoutinePhaseRole=Deload, workoutRevision=5, restTimerRevision=1, restTimerCleanupPending=false), 3=WorkoutSession(id=3, uuid=b47ef02e-a5e3-4946-a42e-dd012966ee12, name=Custom 5/3/1, notes=, startedAt=2026-09-10T19:23:08.203Z, endedAt=2026-09-10T19:23:11.631Z, localDate=2026-09-10, zoneId=America/Toronto, state=Finished, keepScreenAwake=false, restTimerDeadlineMillis=null, restTimerDurationSeconds=null, archived=false, createdAtMillis=1789068188203, updatedAtMillis=1789068191631, sourceRoutineId=1, sourceRoutineDayId=1, sourceRoutineProgramKind=FiveThreeOne, sourceRoutinePhaseIndex=2, sourceRoutineCycle=1, sourceRoutineDayPosition=0, sourceRoutineDayProgressionIndex=null, programProgressAdvanced=true, requiredMainWorkInvalidated=false, invalidatedMainExerciseIds=[], sourceRoutinePhaseLabel=5/3/1 Week, sourceRoutinePhaseRole=Standard, workoutRevision=9, restTimerRevision=1, restTimerCleanupPending=false), 2=WorkoutSession(id=2, uuid=89f3e44e-82bc-42c8-ace8-ceba66838662, name=Custom 5/3/1, notes=, startedAt=2026-09-10T19:23:04.364Z, endedAt=2026-09-10T19:23:07.539Z, localDate=2026-09-10, zoneId=America/Toronto, state=Finished, keepScreenAwake=false, restTimerDeadlineMillis=null, restTimerDurationSeconds=null, archived=false, createdAtMillis=1789068184364, updatedAtMillis=1789068187539, sourceRoutineId=1, sourceRoutineDayId=1, sourceRoutineProgramKind=FiveThreeOne, sourceRoutinePhaseIndex=1, sourceRoutineCycle=1, sourceRoutineDayPosition=0, sourceRoutineDayProgressionIndex=null, programProgressAdvanced=true, requiredMainWorkInvalidated=false, invalidatedMainExerciseIds=[], sourceRoutinePhaseLabel=3s Week, sourceRoutinePhaseRole=Standard, workoutRevision=9, restTimerRevision=1, restTimerCleanupPending=false), 1=WorkoutSession(id=1, uuid=f697afe1-cadb-4066-a156-7b1b6a622b78, name=Custom 5/3/1, notes=, startedAt=2026-09-10T19:22:58.045Z, endedAt=2026-09-10T19:23:03.658Z, localDate=2026-09-10, zoneId=America/Toronto, state=Finished, keepScreenAwake=false, restTimerDeadlineMillis=null, restTimerDurationSeconds=null, archived=false, createdAtMillis=1789068178045, updatedAtMillis=1789068183658, sourceRoutineId=1, sourceRoutineDayId=1, sourceRoutineProgramKind=FiveThreeOne, sourceRoutinePhaseIndex=0, sourceRoutineCycle=1, sourceRoutineDayPosition=0, sourceRoutineDayProgressionIndex=null, programProgressAdvanced=true, requiredMainWorkInvalidated=false, invalidatedMainExerciseIds=[], sourceRoutinePhaseLabel=5s Week, sourceRoutinePhaseRole=Standard, workoutRevision=8, restTimerRevision=1, restTimerCleanupPending=false)}>
	at org.junit.Assert.fail(Assert.java:89)
whip_api34(AVD) - 14 Tests 1/2 completed. (0 skipped) (1 failed)

com.whip.app.WorkoutRestJourneyE2ETest > restFollowsTheNextSetAndOverridesCanReturnToPrescriptions[whip_api34(AVD) - 14] [31mFAILED [0m
	java.lang.IllegalStateException: Visual catalog hierarchy for gym.rest-journey.automatic contains an unlabeled interactive node
	at com.whip.app.VisualCatalogCaptureKt.captureVisualCatalogSurface(VisualCatalogCapture.kt:95)
Tests on whip_api34(AVD) - 14 failed: There was 2 failure(s).
Finished 2 tests on whip_api34(AVD) - 14
Execute com.whip.app.FiveThreeOneCycleJourneyE2ETest.fullCycleReviewsExplicitlyAndNextCycleKeepsOriginalPerformedHistory: FAILED
java.lang.AssertionError: java.lang.AssertionError: expected:<{4=WorkoutSession(id=4, uuid=599e303f-66d5-43fb-9197-96480e5996f8, name=Custom 5/3/1, notes=, startedAt=2026-09-10T19:23:12.432Z, endedAt=2026-09-10T19:23:20.238Z, localDate=2026-09-10, zoneId=America/Toronto, state=Finished, keepScreenAwake=false, restTimerDeadlineMillis=null, restTimerDurationSeconds=null, archived=false, createdAtMillis=1789068192432, updatedAtMillis=1789068200238, sourceRoutineId=1, sourceRoutineDayId=1, sourceRoutineProgramKind=FiveThreeOne, sourceRoutinePhaseIndex=3, sourceRoutineCycle=1, sourceRoutineDayPosition=0, sourceRoutineDayProgressionIndex=null, programProgressAdvanced=true, requiredMainWorkInvalidated=false, invalidatedMainExerciseIds=[], sourceRoutinePhaseLabel=7th Week · Deload, sourceRoutinePhaseRole=Deload, workoutRevision=5, restTimerRevision=1, restTimerCleanupPending=true), 3=WorkoutSession(id=3, uuid=b47ef02e-a5e3-4946-a42e-dd012966ee12, name=Custom 5/3/1, notes=, startedAt=2026-09-10T19:23:08.203Z, endedAt=2026-09-10T19:23:11.631Z, localDate=2026-09-10, zoneId=America/Toronto, state=Finished, keepScreenAwake=false, restTimerDeadlineMillis=null, restTimerDurationSeconds=null, archived=false, createdAtMillis=1789068188203, updatedAtMillis=1789068191631, sourceRoutineId=1, sourceRoutineDayId=1, sourceRoutineProgramKind=FiveThreeOne, sourceRoutinePhaseIndex=2, sourceRoutineCycle=1, sourceRoutineDayPosition=0, sourceRoutineDayProgressionIndex=null, programProgressAdvanced=true, requiredMainWorkInvalidated=false, invalidatedMainExerciseIds=[], sourceRoutinePhaseLabel=5/3/1 Week, sourceRoutinePhaseRole=Standard, workoutRevision=9, restTimerRevision=1, restTimerCleanupPending=false), 2=WorkoutSession(id=2, uuid=89f3e44e-82bc-42c8-ace8-ceba66838662, name=Custom 5/3/1, notes=, startedAt=2026-09-10T19:23:04.364Z, endedAt=2026-09-10T19:23:07.539Z, localDate=2026-09-10, zoneId=America/Toronto, state=Finished, keepScreenAwake=false, restTimerDeadlineMillis=null, restTimerDurationSeconds=null, archived=false, createdAtMillis=1789068184364, updatedAtMillis=1789068187539, sourceRoutineId=1, sourceRoutineDayId=1, sourceRoutineProgramKind=FiveThreeOne, sourceRoutinePhaseIndex=1, sourceRoutineCycle=1, sourceRoutineDayPosition=0, sourceRoutineDayProgressionIndex=null, programProgressAdvanced=true, requiredMainWorkInvalidated=false, invalidatedMainExerciseIds=[], sourceRoutinePhaseLabel=3s Week, sourceRoutinePhaseRole=Standard, workoutRevision=9, restTimerRevision=1, restTimerCleanupPending=false), 1=WorkoutSession(id=1, uuid=f697afe1-cadb-4066-a156-7b1b6a622b78, name=Custom 5/3/1, notes=, startedAt=2026-09-10T19:22:58.045Z, endedAt=2026-09-10T19:23:03.658Z, localDate=2026-09-10, zoneId=America/Toronto, state=Finished, keepScreenAwake=false, restTimerDeadlineMillis=null, restTimerDurationSeconds=null, archived=false, createdAtMillis=1789068178045, updatedAtMillis=1789068183658, sourceRoutineId=1, sourceRoutineDayId=1, sourceRoutineProgramKind=FiveThreeOne, sourceRoutinePhaseIndex=0, sourceRoutineCycle=1, sourceRoutineDayPosition=0, sourceRoutineDayProgressionIndex=null, programProgressAdvanced=true, requiredMainWorkInvalidated=false, invalidatedMainExerciseIds=[], sourceRoutinePhaseLabel=5s Week, sourceRoutinePhaseRole=Standard, workoutRevision=8, restTimerRevision=1, restTimerCleanupPending=false)}> but was:<{4=WorkoutSession(id=4, uuid=599e303f-66d5-43fb-9197-96480e5996f8, name=Custom 5/3/1, notes=, startedAt=2026-09-10T19:23:12.432Z, endedAt=2026-09-10T19:23:20.238Z, localDate=2026-09-10, zoneId=America/Toronto, state=Finished, keepScreenAwake=false, restTimerDeadlineMillis=null, restTimerDurationSeconds=null, archived=false, createdAtMillis=1789068192432, updatedAtMillis=1789068200238, sourceRoutineId=1, sourceRoutineDayId=1, sourceRoutineProgramKind=FiveThreeOne, sourceRoutinePhaseIndex=3, sourceRoutineCycle=1, sourceRoutineDayPosition=0, sourceRoutineDayProgressionIndex=null, programProgressAdvanced=true, requiredMainWorkInvalidated=false, invalidatedMainExerciseIds=[], sourceRoutinePhaseLabel=7th Week · Deload, sourceRoutinePhaseRole=Deload, workoutRevision=5, restTimerRevision=1, restTimerCleanupPending=false), 3=WorkoutSession(id=3, uuid=b47ef02e-a5e3-4946-a42e-dd012966ee12, name=Custom 5/3/1, notes=, startedAt=2026-09-10T19:23:08.203Z, endedAt=2026-09-10T19:23:11.631Z, localDate=2026-09-10, zoneId=America/Toronto, state=Finished, keepScreenAwake=false, restTimerDeadlineMillis=null, restTimerDurationSeconds=null, archived=false, createdAtMillis=1789068188203, updatedAtMillis=1789068191631, sourceRoutineId=1, sourceRoutineDayId=1, sourceRoutineProgramKind=FiveThreeOne, sourceRoutinePhaseIndex=2, sourceRoutineCycle=1, sourceRoutineDayPosition=0, sourceRoutineDayProgressionIndex=null, programProgressAdvanced=true, requiredMainWorkInvalidated=false, invalidatedMainExerciseIds=[], sourceRoutinePhaseLabel=5/3/1 Week, sourceRoutinePhaseRole=Standard, workoutRevision=9, restTimerRevision=1, restTimerCleanupPending=false), 2=WorkoutSession(id=2, uuid=89f3e44e-82bc-42c8-ace8-ceba66838662, name=Custom 5/3/1, notes=, startedAt=2026-09-10T19:23:04.364Z, endedAt=2026-09-10T19:23:07.539Z, localDate=2026-09-10, zoneId=America/Toronto, state=Finished, keepScreenAwake=false, restTimerDeadlineMillis=null, restTimerDurationSeconds=null, archived=false, createdAtMillis=1789068184364, updatedAtMillis=1789068187539, sourceRoutineId=1, sourceRoutineDayId=1, sourceRoutineProgramKind=FiveThreeOne, sourceRoutinePhaseIndex=1, sourceRoutineCycle=1, sourceRoutineDayPosition=0, sourceRoutineDayProgressionIndex=null, programProgressAdvanced=true, requiredMainWorkInvalidated=false, invalidatedMainExerciseIds=[], sourceRoutinePhaseLabel=3s Week, sourceRoutinePhaseRole=Standard, workoutRevision=9, restTimerRevision=1, restTimerCleanupPending=false), 1=WorkoutSession(id=1, uuid=f697afe1-cadb-4066-a156-7b1b6a622b78, name=Custom 5/3/1, notes=, startedAt=2026-09-10T19:22:58.045Z, endedAt=2026-09-10T19:23:03.658Z, localDate=2026-09-10, zoneId=America/Toronto, state=Finished, keepScreenAwake=false, restTimerDeadlineMillis=null, restTimerDurationSeconds=null, archived=false, createdAtMillis=1789068178045, updatedAtMillis=1789068183658, sourceRoutineId=1, sourceRoutineDayId=1, sourceRoutineProgramKind=FiveThreeOne, sourceRoutinePhaseIndex=0, sourceRoutineCycle=1, sourceRoutineDayPosition=0, sourceRoutineDayProgressionIndex=null, programProgressAdvanced=true, requiredMainWorkInvalidated=false, invalidatedMainExerciseIds=[], sourceRoutinePhaseLabel=5s Week, sourceRoutinePhaseRole=Standard, workoutRevision=8, restTimerRevision=1, restTimerCleanupPending=false)}>
at org.junit.Assert.fail(Assert.java:89)
at org.junit.Assert.failNotEquals(Assert.java:835)
at org.junit.Assert.assertEquals(Assert.java:120)
at org.junit.Assert.assertEquals(Assert.java:146)
at com.whip.app.FiveThreeOneCycleJourneyE2ETest.fullCycleReviewsExplicitlyAndNextCycleKeepsOriginalPerformedHistory(FiveThreeOneCycleJourneyE2ETest.kt:139)

java.lang.AssertionError: expected:<{4=WorkoutSession(id=4, uuid=599e303f-66d5-43fb-9197-96480e5996f8, name=Custom 5/3/1, notes=, startedAt=2026-09-10T19:23:12.432Z, endedAt=2026-09-10T19:23:20.238Z, localDate=2026-09-10, zoneId=America/Toronto, state=Finished, keepScreenAwake=false, restTimerDeadlineMillis=null, restTimerDurationSeconds=null, archived=false, createdAtMillis=1789068192432, updatedAtMillis=1789068200238, sourceRoutineId=1, sourceRoutineDayId=1, sourceRoutineProgramKind=FiveThreeOne, sourceRoutinePhaseIndex=3, sourceRoutineCycle=1, sourceRoutineDayPosition=0, sourceRoutineDayProgressionIndex=null, programProgressAdvanced=true, requiredMainWorkInvalidated=false, invalidatedMainExerciseIds=[], sourceRoutinePhaseLabel=7th Week · Deload, sourceRoutinePhaseRole=Deload, workoutRevision=5, restTimerRevision=1, restTimerCleanupPending=true), 3=WorkoutSession(id=3, uuid=b47ef02e-a5e3-4946-a42e-dd012966ee12, name=Custom 5/3/1, notes=, startedAt=2026-09-10T19:23:08.203Z, endedAt=2026-09-10T19:23:11.631Z, localDate=2026-09-10, zoneId=America/Toronto, state=Finished, keepScreenAwake=false, restTimerDeadlineMillis=null, restTimerDurationSeconds=null, archived=false, createdAtMillis=1789068188203, updatedAtMillis=1789068191631, sourceRoutineId=1, sourceRoutineDayId=1, sourceRoutineProgramKind=FiveThreeOne, sourceRoutinePhaseIndex=2, sourceRoutineCycle=1, sourceRoutineDayPosition=0, sourceRoutineDayProgressionIndex=null, programProgressAdvanced=true, requiredMainWorkInvalidated=false, invalidatedMainExerciseIds=[], sourceRoutinePhaseLabel=5/3/1 Week, sourceRoutinePhaseRole=Standard, workoutRevision=9, restTimerRevision=1, restTimerCleanupPending=false), 2=WorkoutSession(id=2, uuid=89f3e44e-82bc-42c8-ace8-ceba66838662, name=Custom 5/3/1, notes=, startedAt=2026-09-10T19:23:04.364Z, endedAt=2026-09-10T19:23:07.539Z, localDate=2026-09-10, zoneId=America/Toronto, state=Finished, keepScreenAwake=false, restTimerDeadlineMillis=null, restTimerDurationSeconds=null, archived=false, createdAtMillis=1789068184364, updatedAtMillis=1789068187539, sourceRoutineId=1, sourceRoutineDayId=1, sourceRoutineProgramKind=FiveThreeOne, sourceRoutinePhaseIndex=1, sourceRoutineCycle=1, sourceRoutineDayPosition=0, sourceRoutineDayProgressionIndex=null, programProgressAdvanced=true, requiredMainWorkInvalidated=false, invalidatedMainExerciseIds=[], sourceRoutinePhaseLabel=3s Week, sourceRoutinePhaseRole=Standard, workoutRevision=9, restTimerRevision=1, restTimerCleanupPending=false), 1=WorkoutSession(id=1, uuid=f697afe1-cadb-4066-a156-7b1b6a622b78, name=Custom 5/3/1, notes=, startedAt=2026-09-10T19:22:58.045Z, endedAt=2026-09-10T19:23:03.658Z, localDate=2026-09-10, zoneId=America/Toronto, state=Finished, keepScreenAwake=false, restTimerDeadlineMillis=null, restTimerDurationSeconds=null, archived=false, createdAtMillis=1789068178045, updatedAtMillis=1789068183658, sourceRoutineId=1, sourceRoutineDayId=1, sourceRoutineProgramKind=FiveThreeOne, sourceRoutinePhaseIndex=0, sourceRoutineCycle=1, sourceRoutineDayPosition=0, sourceRoutineDayProgressionIndex=null, programProgressAdvanced=true, requiredMainWorkInvalidated=false, invalidatedMainExerciseIds=[], sourceRoutinePhaseLabel=5s Week, sourceRoutinePhaseRole=Standard, workoutRevision=8, restTimerRevision=1, restTimerCleanupPending=false)}> but was:<{4=WorkoutSession(id=4, uuid=599e303f-66d5-43fb-9197-96480e5996f8, name=Custom 5/3/1, notes=, startedAt=2026-09-10T19:23:12.432Z, endedAt=2026-09-10T19:23:20.238Z, localDate=2026-09-10, zoneId=America/Toronto, state=Finished, keepScreenAwake=false, restTimerDeadlineMillis=null, restTimerDurationSeconds=null, archived=false, createdAtMillis=1789068192432, updatedAtMillis=1789068200238, sourceRoutineId=1, sourceRoutineDayId=1, sourceRoutineProgramKind=FiveThreeOne, sourceRoutinePhaseIndex=3, sourceRoutineCycle=1, sourceRoutineDayPosition=0, sourceRoutineDayProgressionIndex=null, programProgressAdvanced=true, requiredMainWorkInvalidated=false, invalidatedMainExerciseIds=[], sourceRoutinePhaseLabel=7th Week · Deload, sourceRoutinePhaseRole=Deload, workoutRevision=5, restTimerRevision=1, restTimerCleanupPending=false), 3=WorkoutSession(id=3, uuid=b47ef02e-a5e3-4946-a42e-dd012966ee12, name=Custom 5/3/1, notes=, startedAt=2026-09-10T19:23:08.203Z, endedAt=2026-09-10T19:23:11.631Z, localDate=2026-09-10, zoneId=America/Toronto, state=Finished, keepScreenAwake=false, restTimerDeadlineMillis=null, restTimerDurationSeconds=null, archived=false, createdAtMillis=1789068188203, updatedAtMillis=1789068191631, sourceRoutineId=1, sourceRoutineDayId=1, sourceRoutineProgramKind=FiveThreeOne, sourceRoutinePhaseIndex=2, sourceRoutineCycle=1, sourceRoutineDayPosition=0, sourceRoutineDayProgressionIndex=null, programProgressAdvanced=true, requiredMainWorkInvalidated=false, invalidatedMainExerciseIds=[], sourceRoutinePhaseLabel=5/3/1 Week, sourceRoutinePhaseRole=Standard, workoutRevision=9, restTimerRevision=1, restTimerCleanupPending=false), 2=WorkoutSession(id=2, uuid=89f3e44e-82bc-42c8-ace8-ceba66838662, name=Custom 5/3/1, notes=, startedAt=2026-09-10T19:23:04.364Z, endedAt=2026-09-10T19:23:07.539Z, localDate=2026-09-10, zoneId=America/Toronto, state=Finished, keepScreenAwake=false, restTimerDeadlineMillis=null, restTimerDurationSeconds=null, archived=false, createdAtMillis=1789068184364, updatedAtMillis=1789068187539, sourceRoutineId=1, sourceRoutineDayId=1, sourceRoutineProgramKind=FiveThreeOne, sourceRoutinePhaseIndex=1, sourceRoutineCycle=1, sourceRoutineDayPosition=0, sourceRoutineDayProgressionIndex=null, programProgressAdvanced=true, requiredMainWorkInvalidated=false, invalidatedMainExerciseIds=[], sourceRoutinePhaseLabel=3s Week, sourceRoutinePhaseRole=Standard, workoutRevision=9, restTimerRevision=1, restTimerCleanupPending=false), 1=WorkoutSession(id=1, uuid=f697afe1-cadb-4066-a156-7b1b6a622b78, name=Custom 5/3/1, notes=, startedAt=2026-09-10T19:22:58.045Z, endedAt=2026-09-10T19:23:03.658Z, localDate=2026-09-10, zoneId=America/Toronto, state=Finished, keepScreenAwake=false, restTimerDeadlineMillis=null, restTimerDurationSeconds=null, archived=false, createdAtMillis=1789068178045, updatedAtMillis=1789068183658, sourceRoutineId=1, sourceRoutineDayId=1, sourceRoutineProgramKind=FiveThreeOne, sourceRoutinePhaseIndex=0, sourceRoutineCycle=1, sourceRoutineDayPosition=0, sourceRoutineDayProgressionIndex=null, programProgressAdvanced=true, requiredMainWorkInvalidated=false, invalidatedMainExerciseIds=[], sourceRoutinePhaseLabel=5s Week, sourceRoutinePhaseRole=Standard, workoutRevision=8, restTimerRevision=1, restTimerCleanupPending=false)}>
at org.junit.Assert.fail(Assert.java:89)
at org.junit.Assert.failNotEquals(Assert.java:835)
at org.junit.Assert.assertEquals(Assert.java:120)
at org.junit.Assert.assertEquals(Assert.java:146)
at com.whip.app.FiveThreeOneCycleJourneyE2ETest.fullCycleReviewsExplicitlyAndNextCycleKeepsOriginalPerformedHistory(FiveThreeOneCycleJourneyE2ETest.kt:139)
Execute com.whip.app.WorkoutRestJourneyE2ETest.restFollowsTheNextSetAndOverridesCanReturnToPrescriptions: FAILED
java.lang.IllegalStateException: java.lang.IllegalStateException: Visual catalog hierarchy for gym.rest-journey.automatic contains an unlabeled interactive node
at com.whip.app.VisualCatalogCaptureKt.captureVisualCatalogSurface(VisualCatalogCapture.kt:95)
at com.whip.app.VisualCatalogCaptureKt.captureVisualCatalogSurface$default(VisualCatalogCapture.kt:26)
at com.whip.app.WorkoutRestJourneyE2ETest.capture(WorkoutRestJourneyE2ETest.kt:151)
at com.whip.app.WorkoutRestJourneyE2ETest.restFollowsTheNextSetAndOverridesCanReturnToPrescriptions(WorkoutRestJourneyE2ETest.kt:87)

java.lang.IllegalStateException: Visual catalog hierarchy for gym.rest-journey.automatic contains an unlabeled interactive node
at com.whip.app.VisualCatalogCaptureKt.captureVisualCatalogSurface(VisualCatalogCapture.kt:95)
at com.whip.app.VisualCatalogCaptureKt.captureVisualCatalogSurface$default(VisualCatalogCapture.kt:26)
at com.whip.app.WorkoutRestJourneyE2ETest.capture(WorkoutRestJourneyE2ETest.kt:151)
at com.whip.app.WorkoutRestJourneyE2ETest.restFollowsTheNextSetAndOverridesCanReturnToPrescriptions(WorkoutRestJourneyE2ETest.kt:87)

> Task :app:connectedDebugAndroidTest FAILED

FAILURE: Build failed with an exception.

* What went wrong:
Execution failed for task ':app:connectedDebugAndroidTest' (registered by plugin 'com.android.internal.application').
> There were failing tests. See the report at: file:///root/repos/whip/app/build/whip-android-workers/instrumentation-results-twde9w-worker-1/reports/index.html

* Try:
> Run with --stacktrace option to get the stack trace.
> Run with --info or --debug option to get more log output.
> Run with --scan to get full insights from a Build Scan (powered by Develocity).
> Get more help at https://help.gradle.org.

BUILD FAILED in 50s
78 actionable tasks: 1 executed, 77 up-to-date
error: Android batch 1 requires a successful Gradle task, nonzero tests, and zero failures/skips; got status/tests/failures/skips 1/2/2/0; results retained in /root/repos/whip/build/instrumentation-results-TWDe9W
