INSTRUMENTATION_STATUS: class=com.whip.app.FiveThreeOneCycleJourneyE2ETest
INSTRUMENTATION_STATUS: current=1
INSTRUMENTATION_STATUS: id=AndroidJUnitRunner
INSTRUMENTATION_STATUS: numtests=3
INSTRUMENTATION_STATUS: stream=
com.whip.app.FiveThreeOneCycleJourneyE2ETest:
INSTRUMENTATION_STATUS: test=fullCycleReviewsExplicitlyAndNextCycleKeepsOriginalPerformedHistory
INSTRUMENTATION_STATUS_CODE: 1
INSTRUMENTATION_STATUS: class=com.whip.app.FiveThreeOneCycleJourneyE2ETest
INSTRUMENTATION_STATUS: current=1
INSTRUMENTATION_STATUS: id=AndroidJUnitRunner
INSTRUMENTATION_STATUS: numtests=3
INSTRUMENTATION_STATUS: stream=.
INSTRUMENTATION_STATUS: test=fullCycleReviewsExplicitlyAndNextCycleKeepsOriginalPerformedHistory
INSTRUMENTATION_STATUS_CODE: 0
INSTRUMENTATION_STATUS: class=com.whip.app.WorkoutRestJourneyE2ETest
INSTRUMENTATION_STATUS: current=2
INSTRUMENTATION_STATUS: id=AndroidJUnitRunner
INSTRUMENTATION_STATUS: numtests=3
INSTRUMENTATION_STATUS: stream=
com.whip.app.WorkoutRestJourneyE2ETest:
INSTRUMENTATION_STATUS: test=restFollowsTheNextSetAndOverridesCanReturnToPrescriptions
INSTRUMENTATION_STATUS_CODE: 1
INSTRUMENTATION_STATUS: class=com.whip.app.WorkoutRestJourneyE2ETest
INSTRUMENTATION_STATUS: current=2
INSTRUMENTATION_STATUS: id=AndroidJUnitRunner
INSTRUMENTATION_STATUS: numtests=3
INSTRUMENTATION_STATUS: stream=.
INSTRUMENTATION_STATUS: test=restFollowsTheNextSetAndOverridesCanReturnToPrescriptions
INSTRUMENTATION_STATUS_CODE: 0
INSTRUMENTATION_STATUS: class=com.whip.app.ExecutionItemBuilderJourneyE2ETest
INSTRUMENTATION_STATUS: current=3
INSTRUMENTATION_STATUS: id=AndroidJUnitRunner
INSTRUMENTATION_STATUS: numtests=3
INSTRUMENTATION_STATUS: stream=
com.whip.app.ExecutionItemBuilderJourneyE2ETest:
INSTRUMENTATION_STATUS: test=skippedSetKeepsItsMeaningThenRestoresLogsAndReopensInHistory
INSTRUMENTATION_STATUS_CODE: 1
INSTRUMENTATION_STATUS: class=com.whip.app.ExecutionItemBuilderJourneyE2ETest
INSTRUMENTATION_STATUS: current=3
INSTRUMENTATION_STATUS: id=AndroidJUnitRunner
INSTRUMENTATION_STATUS: numtests=3
INSTRUMENTATION_STATUS: stream=.
INSTRUMENTATION_STATUS: test=skippedSetKeepsItsMeaningThenRestoresLogsAndReopensInHistory
INSTRUMENTATION_STATUS_CODE: 0
INSTRUMENTATION_RESULT: stream=

Time: 141.139

OK (3 tests)


INSTRUMENTATION_CODE: -1
